build tps 8dee5e824 gate 5000ae0d15338862
moe stream [load] lane-8 peer byte-integrity probe PASS: 1 boundaries, 10 copies, ladder [16384, 65536, 524288, 1048576, 67108864] bytes, 466.4ms MOE stream REPLAY_VARIANTS rank0=[228, 304, 74, 2] rank1=[228, 304, 74, 2] (ordinary, commit, c4, c4+c128) captures=[3, 1] PASS: 304 replayed steps from position 400 to 704 bit-identical to eager (token, logits, cache and hidden digests); tokens_sha256=112c2fc66fe1f76029c4ff1a8ce3446af91c1570df6594bce9311533650f02ce TIME rep=0 eager_ms_per_token=16.120 replay_ms_per_token=12.366 eager_tok_s=62.03 replay_tok_s=80.87 speedup=1.304 TIME rep=1 eager_ms_per_token=16.122 replay_ms_per_token=12.366 eager_tok_s=62.03 replay_tok_s=80.86 speedup=1.304 TIME rep=2 eager_ms_per_token=16.122 replay_ms_per_token=12.386 eager_tok_s=62.03 replay_tok_s=80.74 speedup=1.302 GATE_DONE rc=0 utc=2026-09-24T18:31:36Z 
moe sktail [load] lane-8 peer byte-integrity probe PASS: 1 boundaries, 10 copies, ladder [16384, 65536, 524288, 1048576, 67108864] bytes, 486.5ms MOE sktail REPLAY_VARIANTS rank0=[228, 304, 74, 2] rank1=[228, 304, 74, 2] (ordinary, commit, c4, c4+c128) captures=[3, 1] PASS: 304 replayed steps from position 400 to 704 bit-identical to eager (token, logits, cache and hidden digests); tokens_sha256=112c2fc66fe1f76029c4ff1a8ce3446af91c1570df6594bce9311533650f02ce TIME rep=0 eager_ms_per_token=19.115 replay_ms_per_token=15.572 eager_tok_s=52.31 replay_tok_s=64.22 speedup=1.228 TIME rep=1 eager_ms_per_token=19.120 replay_ms_per_token=15.586 eager_tok_s=52.30 replay_tok_s=64.16 speedup=1.227 TIME rep=2 eager_ms_per_token=19.125 replay_ms_per_token=15.601 eager_tok_s=52.29 replay_tok_s=64.10 speedup=1.226 GATE_DONE rc=0 utc=2026-09-24T18:36:38Z 
PAIR11_DONE
