build push 54c91dbde SERVER_EXIT=0 ENGINE_EXIT=0  server ceeedc23a978d3a5
serve r1 P rc=0 CELL greedy-c1 c=1 ok=8/8 agg=77.77 tok/s decode_p50=81.71 tok/s ttft_p50=166 ms tpot_p50=12.24 ms errs=[] CELL greedy-c4-a c=4 ok=8/8 agg=135.51 tok/s decode_p50=35.78 tok/s ttft_p50=426 ms tpot_p50=27.95 ms errs=[] CELL greedy-c4-b c=4 ok=8/8 agg=135.71 tok/s decode_p50=35.89 tok/s ttft_p50=424 ms tpot_p50=27.86 ms errs=[] CELL greedy-c4-c c=4 ok=8/8 agg=135.44 tok/s decode_p50=35.81 tok/s ttft_p50=434 ms tpot_p50=27.93 ms errs=[] CELL greedy-c4-d c=4 ok=8/8 agg=135.40 tok/s decode_p50=35.80 tok/s ttft_p50=430 ms tpot_p50=27.93 ms errs=[] CELL greedy-c4-e c=4 ok=8/8 agg=135.45 tok/s decode_p50=35.81 tok/s ttft_p50=415 ms tpot_p50=27.92 ms errs=[] CELL greedy-c2 c=2 ok=8/8 agg=106.48 tok/s decode_p50=55.95 tok/s ttft_p50=245 ms tpot_p50=17.87 ms errs=[] 
serve r2 Q rc=0 CELL greedy-c1 c=1 ok=8/8 agg=73.29 tok/s decode_p50=76.37 tok/s ttft_p50=167 ms tpot_p50=13.09 ms errs=[] CELL greedy-c4-a c=4 ok=8/8 agg=131.08 tok/s decode_p50=34.61 tok/s ttft_p50=440 ms tpot_p50=28.90 ms errs=[] CELL greedy-c4-b c=4 ok=8/8 agg=131.40 tok/s decode_p50=34.60 tok/s ttft_p50=429 ms tpot_p50=28.90 ms errs=[] CELL greedy-c4-c c=4 ok=8/8 agg=129.84 tok/s decode_p50=33.99 tok/s ttft_p50=367 ms tpot_p50=29.42 ms errs=[] CELL greedy-c4-d c=4 ok=8/8 agg=129.67 tok/s decode_p50=34.48 tok/s ttft_p50=439 ms tpot_p50=29.00 ms errs=[] CELL greedy-c4-e c=4 ok=8/8 agg=131.09 tok/s decode_p50=34.57 tok/s ttft_p50=431 ms tpot_p50=28.93 ms errs=[] CELL greedy-c2 c=2 ok=8/8 agg=100.38 tok/s decode_p50=52.56 tok/s ttft_p50=248 ms tpot_p50=19.02 ms errs=[] 
serve r3 Q rc=0 CELL greedy-c1 c=1 ok=8/8 agg=73.19 tok/s decode_p50=76.37 tok/s ttft_p50=168 ms tpot_p50=13.09 ms errs=[] CELL greedy-c4-a c=4 ok=8/8 agg=130.33 tok/s decode_p50=34.44 tok/s ttft_p50=445 ms tpot_p50=29.03 ms errs=[] CELL greedy-c4-b c=4 ok=8/8 agg=130.94 tok/s decode_p50=34.63 tok/s ttft_p50=430 ms tpot_p50=28.88 ms errs=[] CELL greedy-c4-c c=4 ok=8/8 agg=131.01 tok/s decode_p50=34.58 tok/s ttft_p50=427 ms tpot_p50=28.92 ms errs=[] CELL greedy-c4-d c=4 ok=8/8 agg=130.75 tok/s decode_p50=34.64 tok/s ttft_p50=430 ms tpot_p50=28.87 ms errs=[] CELL greedy-c4-e c=4 ok=8/8 agg=130.77 tok/s decode_p50=34.49 tok/s ttft_p50=426 ms tpot_p50=28.99 ms errs=[] CELL greedy-c2 c=2 ok=8/8 agg=100.14 tok/s decode_p50=52.43 tok/s ttft_p50=247 ms tpot_p50=19.07 ms errs=[] 
serve r4 P rc=0 CELL greedy-c1 c=1 ok=8/8 agg=77.43 tok/s decode_p50=80.88 tok/s ttft_p50=167 ms tpot_p50=12.36 ms errs=[] CELL greedy-c4-a c=4 ok=8/8 agg=134.69 tok/s decode_p50=35.68 tok/s ttft_p50=437 ms tpot_p50=28.02 ms errs=[] CELL greedy-c4-b c=4 ok=8/8 agg=135.13 tok/s decode_p50=35.76 tok/s ttft_p50=421 ms tpot_p50=27.96 ms errs=[] CELL greedy-c4-c c=4 ok=8/8 agg=134.89 tok/s decode_p50=35.68 tok/s ttft_p50=437 ms tpot_p50=28.03 ms errs=[] CELL greedy-c4-d c=4 ok=8/8 agg=134.90 tok/s decode_p50=35.65 tok/s ttft_p50=426 ms tpot_p50=28.05 ms errs=[] CELL greedy-c4-e c=4 ok=8/8 agg=134.90 tok/s decode_p50=35.69 tok/s ttft_p50=435 ms tpot_p50=28.02 ms errs=[] CELL greedy-c2 c=2 ok=8/8 agg=106.37 tok/s decode_p50=55.89 tok/s ttft_p50=247 ms tpot_p50=17.89 ms errs=[] 
serve r5 P rc=0 CELL greedy-c1 c=1 ok=8/8 agg=77.57 tok/s decode_p50=81.11 tok/s ttft_p50=167 ms tpot_p50=12.33 ms errs=[] CELL greedy-c4-a c=4 ok=8/8 agg=135.08 tok/s decode_p50=35.64 tok/s ttft_p50=423 ms tpot_p50=28.06 ms errs=[] CELL greedy-c4-b c=4 ok=8/8 agg=135.25 tok/s decode_p50=35.81 tok/s ttft_p50=416 ms tpot_p50=27.93 ms errs=[] CELL greedy-c4-c c=4 ok=8/8 agg=135.19 tok/s decode_p50=35.73 tok/s ttft_p50=420 ms tpot_p50=27.99 ms errs=[] CELL greedy-c4-d c=4 ok=8/8 agg=134.86 tok/s decode_p50=35.70 tok/s ttft_p50=431 ms tpot_p50=28.01 ms errs=[] CELL greedy-c4-e c=4 ok=8/8 agg=134.76 tok/s decode_p50=35.55 tok/s ttft_p50=431 ms tpot_p50=28.13 ms errs=[] CELL greedy-c2 c=2 ok=8/8 agg=106.21 tok/s decode_p50=55.74 tok/s ttft_p50=247 ms tpot_p50=17.94 ms errs=[] 
serve r6 Q rc=0 CELL greedy-c1 c=1 ok=8/8 agg=73.21 tok/s decode_p50=76.46 tok/s ttft_p50=168 ms tpot_p50=13.08 ms errs=[] CELL greedy-c4-a c=4 ok=8/8 agg=130.76 tok/s decode_p50=34.51 tok/s ttft_p50=439 ms tpot_p50=28.98 ms errs=[] CELL greedy-c4-b c=4 ok=8/8 agg=131.30 tok/s decode_p50=34.67 tok/s ttft_p50=426 ms tpot_p50=28.85 ms errs=[] CELL greedy-c4-c c=4 ok=8/8 agg=131.07 tok/s decode_p50=34.49 tok/s ttft_p50=425 ms tpot_p50=29.00 ms errs=[] CELL greedy-c4-d c=4 ok=8/8 agg=130.73 tok/s decode_p50=34.61 tok/s ttft_p50=437 ms tpot_p50=28.89 ms errs=[] CELL greedy-c4-e c=4 ok=8/8 agg=130.75 tok/s decode_p50=34.51 tok/s ttft_p50=425 ms tpot_p50=28.97 ms errs=[] CELL greedy-c2 c=2 ok=8/8 agg=100.17 tok/s decode_p50=52.48 tok/s ttft_p50=249 ms tpot_p50=19.06 ms errs=[] 
serve r7 Q rc=0 CELL greedy-c1 c=1 ok=8/8 agg=73.12 tok/s decode_p50=76.01 tok/s ttft_p50=169 ms tpot_p50=13.16 ms errs=[] CELL greedy-c4-a c=4 ok=8/8 agg=129.85 tok/s decode_p50=34.27 tok/s ttft_p50=435 ms tpot_p50=29.18 ms errs=[] CELL greedy-c4-b c=4 ok=8/8 agg=130.69 tok/s decode_p50=34.59 tok/s ttft_p50=439 ms tpot_p50=28.91 ms errs=[] CELL greedy-c4-c c=4 ok=8/8 agg=130.83 tok/s decode_p50=34.54 tok/s ttft_p50=434 ms tpot_p50=28.95 ms errs=[] CELL greedy-c4-d c=4 ok=8/8 agg=129.51 tok/s decode_p50=34.20 tok/s ttft_p50=440 ms tpot_p50=29.24 ms errs=[] CELL greedy-c4-e c=4 ok=8/8 agg=130.73 tok/s decode_p50=34.54 tok/s ttft_p50=426 ms tpot_p50=28.95 ms errs=[] CELL greedy-c2 c=2 ok=8/8 agg=100.07 tok/s decode_p50=52.44 tok/s ttft_p50=247 ms tpot_p50=19.07 ms errs=[] 
serve r8 P rc=0 CELL greedy-c1 c=1 ok=8/8 agg=77.55 tok/s decode_p50=80.97 tok/s ttft_p50=166 ms tpot_p50=12.35 ms errs=[] CELL greedy-c4-a c=4 ok=8/8 agg=134.51 tok/s decode_p50=35.62 tok/s ttft_p50=436 ms tpot_p50=28.08 ms errs=[] CELL greedy-c4-b c=4 ok=8/8 agg=135.22 tok/s decode_p50=35.73 tok/s ttft_p50=418 ms tpot_p50=27.99 ms errs=[] CELL greedy-c4-c c=4 ok=8/8 agg=134.86 tok/s decode_p50=35.74 tok/s ttft_p50=432 ms tpot_p50=27.98 ms errs=[] CELL greedy-c4-d c=4 ok=8/8 agg=135.12 tok/s decode_p50=35.67 tok/s ttft_p50=419 ms tpot_p50=28.04 ms errs=[] CELL greedy-c4-e c=4 ok=8/8 agg=134.78 tok/s decode_p50=35.59 tok/s ttft_p50=431 ms tpot_p50=28.10 ms errs=[] CELL greedy-c2 c=2 ok=8/8 agg=105.89 tok/s decode_p50=55.64 tok/s ttft_p50=248 ms tpot_p50=17.97 ms errs=[] 
V5P_DONE 54c91dbde
