=== lane/step35-chunkfix tickinv 20260807T022010Z commit=c809181d lane/step35-chunkfix (step35 SWA arm keyed on seq_end; chunkinv35 gate + MEMRA_STEP35_SWA_TKV seam)
=== rebuild (adds the tickinv probe mode; bin-only change, no engine edit)
warning: memra-engine@0.71.0: nvcc auto-detected CUDA 13.2 at /usr/local/cuda-13.2/bin/nvcc (newest of 4; also saw 13.0 @ /usr/local/cuda-13.0/bin/nvcc, 12.9 @ /usr/local/cuda-12.9/bin/nvcc, 12.8 @ /usr/local/cuda-12.8/bin/nvcc)
warning: memra-engine@0.71.0: MEMRA_CUDA_ARCH auto-detected 120a (compute_cap 12.0); set MEMRA_CUDA_ARCH to override
   Compiling memra-engine v0.71.0 (/home/ubuntu/step37/memra/crates/memra-engine)
    Finished `release` profile [optimized] target(s) in 1.95s
BUILD_RC=0
lock acquired 2026-08-07T02:20:12Z

########## A: T=4883 (past win=512), budgets 0,1024,513,512,256,64 ##########
[pp] cross-device transport: stage0=dev0 stage1=dev1 (cudaMemcpyPeerAsync per cross boundary; peer + default-pool access granted all pairs over [0, 1]; weight home: per-stage (sharded loader))
[moe] resident-experts decision: experts 101.07GB + trunk 3.92GB vs free 100.88GB (expert budget 94.96GB) -> SLRU cache
[fa] v4 decode family disabled: gqa 12 > fa_v4_smem capacity 8 (v3 lane serves)
loaded step35 (45 layers)
tickinv: T=4883 chat=false budgets=[0, 1024, 513, 512, 256, 64] steps=24 PRIME_MIN_T=16 (budget 0 = single monolithic call)
ref budget=0 calls=1 argmax=128799
 budget | calls | logits | first_div_row | maxdiff   | argmax | stream_div
   1024 |     5 | EXACT |            -1 | 0.000e0 | - | identical
    513 |    10 | EXACT |            -1 | 0.000e0 | - | identical
    512 |    10 | DIFFER |             0 | 1.813e0 | - | step 6
    256 |    20 | DIFFER |             0 | 1.813e0 | - | step 6
     64 |    77 | DIFFER |             0 | 1.813e0 | - | step 6
tickinv verdict: *** TICK-DEPENDENT: prefill logits move with the per-tick prefill budget (MEMRA_PREFILL_TICK / _JUDGE / _HARVEST) ***
tickinv long exit=0

########## B: CONTROL T=402 (below win), budgets 0,1024,256,64 ##########
[pp] cross-device transport: stage0=dev0 stage1=dev1 (cudaMemcpyPeerAsync per cross boundary; peer + default-pool access granted all pairs over [0, 1]; weight home: per-stage (sharded loader))
[moe] resident-experts decision: experts 101.07GB + trunk 3.92GB vs free 100.88GB (expert budget 94.96GB) -> SLRU cache
[fa] v4 decode family disabled: gqa 12 > fa_v4_smem capacity 8 (v3 lane serves)
loaded step35 (45 layers)
tickinv: T=402 chat=false budgets=[0, 1024, 256, 64] steps=24 PRIME_MIN_T=16 (budget 0 = single monolithic call)
ref budget=0 calls=1 argmax=128799
 budget | calls | logits | first_div_row | maxdiff   | argmax | stream_div
   1024 |     1 | EXACT |            -1 | 0.000e0 | - | identical
    256 |     2 | EXACT |            -1 | 0.000e0 | - | identical
     64 |     7 | EXACT |            -1 | 0.000e0 | - | identical
tickinv verdict: TICK-INVARIANT — prefill logits bit-identical at every per-tick prefill budget
tickinv control exit=0

########## C: T=4883, budgets 0,1024,256 with MEMRA_PRIME_CHUNK=64 ##########
[pp] cross-device transport: stage0=dev0 stage1=dev1 (cudaMemcpyPeerAsync per cross boundary; peer + default-pool access granted all pairs over [0, 1]; weight home: per-stage (sharded loader))
[moe] resident-experts decision: experts 101.07GB + trunk 3.92GB vs free 100.88GB (expert budget 94.96GB) -> SLRU cache
[fa] v4 decode family disabled: gqa 12 > fa_v4_smem capacity 8 (v3 lane serves)
loaded step35 (45 layers)
tickinv: T=4883 chat=false budgets=[0, 1024, 256] steps=24 PRIME_MIN_T=16 (budget 0 = single monolithic call)
ref budget=0 calls=1 argmax=128799
 budget | calls | logits | first_div_row | maxdiff   | argmax | stream_div
   1024 |     5 | EXACT |            -1 | 0.000e0 | - | identical
    256 |    20 | DIFFER |             0 | 1.813e0 | - | step 6
tickinv verdict: *** TICK-DEPENDENT: prefill logits move with the per-tick prefill budget (MEMRA_PREFILL_TICK / _JUDGE / _HARVEST) ***
tickinv nested exit=0
0, 0 MiB
1, 0 MiB
lock released 2026-08-07T02:30:36Z
=== tickinv35 rc=0
=== done 2026-08-07T02:30:36Z
