[server] build: memra-0.138.0-4b5204187329 (id: source-tree, git: 25bbb91f5443)
[server] starting; models config = [("dsv4f", "/data/dsv4f/nvfp4", None)]
[gpu-watch] Xid source: journalctl -k -f (/dev/kmsg unreadable — kernel.dmesg_restrict)
[worker-affinity] off (MEMRA_WORKER_CPUSET / MEMRA_WORKER_AFFINITY unset or =0)
[gpu-watch] on: every 60s, probe deadline 10s, fatal after 3 consecutive misses (MEMRA_GPU_PROBE_MISSES), fatal Xid [48, 64, 79, 94, 95, 119, 120]
[worker] Engine ready (device=0, MEMRA_FAST=true)
[spec-gate] policy placement=single-or-non-pp2 LOW=2 HIGH=4 source=placement-default spec-admission=on
[spec-k] automatic table: prompt<1024 -> K=3; cold-long -> K=3; prompt>= 1024 and cached>= 1024 -> K=2 (K=5 when the loaded MTP head is rank-trimmed)
[worker] loading model "dsv4f" <- /data/dsv4f/nvfp4
[load] plain sampler: Host
[load] sampled candidate order: Radix
[load] placement: split_at=22 trunk_layers=43 dspark_tail_reserve=0.00 GiB
[load] expert arm: Native | decode path: Device { host_math: false } | dots arm: f32x (dots + sink/norm/indexer chains)
[load] topology: PpEp | layers=43 per-rank-resident=PP-owned
[load] indexer score: Scalar
[load] prefill head: All
[load] prefill DSpark prime: All
[load] sampled DSpark proposal: Greedy
[load] prefill MoE: reference
[load] dspark exit-head dots arm: f32x (rung-4c fork; drafts only, never the emitted stream)
[load] dspark selected-expert dispatch: per-expert reference
[load] dense arm: fp8 (iteration-5; fp8 = FP8-blk linears as-stored on the device decode/verify paths, bit-identical twins)
[load] lane-8 peer byte-integrity probe PASS: 1 boundaries, 10 copies, ladder [16384, 65536, 524288, 1048576, 67108864] bytes, 471.5ms
[load] lane-8 peer transport enabled (1 boundaries)
[load] layer 3 -> 1 rank copies done t=11s
[load] layer 7 -> 1 rank copies done t=22s
[load] layer 11 -> 1 rank copies done t=34s
[load] layer 15 -> 1 rank copies done t=45s
[load] layer 19 -> 1 rank copies done t=56s
[load] layer 23 -> 1 rank copies done t=68s
[load] layer 27 -> 1 rank copies done t=79s
[load] layer 31 -> 1 rank copies done t=90s
[load] layer 35 -> 1 rank copies done t=101s
[load] layer 39 -> 1 rank copies done t=113s
[load] layer 42 -> 1 rank copies done t=121s
[load] drafter: 3 DSpark block(s) (mtp.0.e_proj absent) — GPU drafter path off (set MEMRA_DSV4_DRAFTER=dspark); trunk-only
[load] sink score: Scalar
[load] expert program: matrix (grouped ModelOpt split-plane executor via dsv4_grouped; tensor-core MMA class, the loaded default since 2026-09-11), EP off
[dsv4-doors] program=loaded door="replay cadence" env=MEMRA_DSV4_REPLAY_CADENCE merged=#374 declared_default=On resolved=NoServingCaller("full-token replay is armed per request by a gate binary only; no serving or eager request arms it, so the cadence choice has no caller") disposition=ReclassifyAsGateInput
[dsv4-doors] program=loaded door="dense exact-tail transport" env=MEMRA_DSV4_DENSE_EXACT_TAIL merged=#374 declared_default=On resolved=On(DecodeOnlyM1) disposition=Engaged
[dsv4-doors] program=loaded door="dense-fast" env=MEMRA_DSV4_DENSE_FAST merged=#404 declared_default=On resolved=On(DecodeOnlyM1) disposition=Engaged
[dsv4-doors] program=loaded door="HC dot split S16" env=MEMRA_DSV4_HC_DOT_SPLIT merged=#418 declared_default=On resolved=On(AllRoutedShapes) disposition=Engaged
[dsv4-serve] dsv4f: loaded on devices [0, 1], contract RefFp8Round, max_seq 1048576, drafter absent (plain only), parked-host-cache OFF (MEMRA_DSV4_KV_HOST_MB=0), chunked-prefill 512 tokens, active-C4-host-budget 0 bytes (0=OFF; separate from parked cache)
[admit-mem] route=dsv4-thread model="dsv4f" calibrated fixed_plain=0:4085465240,1:4090882200 fixed_spec=0:4085465240,1:4090882200 ceiling=0:15057228656,1:18812634420 defer_budget_ms=8000
[route-contract] model="dsv4f" route=dsv4-thread capacity=serial implemented=[capacity,occupancy,progress,fault-ownership,shutdown-ownership,memory-cost,service-metrics] refused=[rewrite-qualification: the route consumes no MEMRA_REWRITE_BUNDLE and none of its programs is a plan rewrite (memra#449); prime-fairness: no worker Session exists for a dsv4 request; the prime is one synchronous chunked call on the serving thread (memra#535 P4)]
[prefix-cache] WARNING: derived budget is 0 B after the boot free-VRAM reserve clamp; prefix caching disabled
[admit-mem] door=OFF open_output_tokens=8192 defer_budget_ms=8000 (admission charges prompt+output, the reclaim flush demotes to the host tier before dropping, and a memory defer past the budget refuses 429 instead of queueing past the client's deadline)
[server] worker ready; serving models: ["dsv4f"]
[server] listening on http://127.0.0.1:42069
[meter] admit id=chatcmpl-974b7f93eaa3d9348fcd69ea99c8f6a5 tenant=default lane=interactive model="dsv4f"
[admit-mem] id=chatcmpl-974b7f93eaa3d9348fcd69ea99c8f6a5 model="dsv4f" route=dsv4-thread verdict=admit capacity=71 spec=false need=0:4120798360,1:4125030040 ceiling=0:15057228656,1:18812634420 host_need=0 short=- waited_ms=0 reclaimed=0 retry_after_s=-
[dsv4-prefill-f16g] ENGAGED: t=1 pairs=6 expert_groups=256 max_rows_bound=6 device_routes=true FP8-QAT-mirrored half, split-plane ModelOpt NVFP4
[moe-sk-form] dev=0 qt=108 sms=188 occ128=1 occ32=7 occt=3 cross=2147483647 xcross=2147483647 bdb=0 in_f=4096 out_f=2048 n_active=256 max_m=228
[meter] admit id=chatcmpl-edfb083f17f502f08ef37b37f5e3e2e2 tenant=default lane=interactive model="dsv4f"
[admit-mem] id=chatcmpl-edfb083f17f502f08ef37b37f5e3e2e2 model="dsv4f" route=dsv4-thread verdict=admit capacity=295 spec=false need=0:4122272920,1:4126647960 ceiling=0:15057228656,1:18812634420 host_need=0 short=- waited_ms=0 reclaimed=0 retry_after_s=-
[meter] admit id=chatcmpl-8face76b58d10cca4ec17db610c70cd5 tenant=default lane=interactive model="dsv4f"
[admit-mem] id=chatcmpl-8face76b58d10cca4ec17db610c70cd5 model="dsv4f" route=dsv4-thread verdict=admit capacity=293 spec=false need=0:4122272920,1:4126647960 ceiling=0:15057228656,1:18812634420 host_need=0 short=- waited_ms=0 reclaimed=0 retry_after_s=-
[meter] admit id=chatcmpl-1baf9e09fb13b5109499b2887f26b180 tenant=default lane=interactive model="dsv4f"
[admit-mem] id=chatcmpl-1baf9e09fb13b5109499b2887f26b180 model="dsv4f" route=dsv4-thread verdict=admit capacity=295 spec=false need=0:4122272920,1:4126647960 ceiling=0:15057228656,1:18812634420 host_need=0 short=- waited_ms=0 reclaimed=0 retry_after_s=-
[meter] admit id=chatcmpl-e27191170c12f0911d49901969bd0bab tenant=default lane=interactive model="dsv4f"
[admit-mem] id=chatcmpl-e27191170c12f0911d49901969bd0bab model="dsv4f" route=dsv4-thread verdict=admit capacity=294 spec=false need=0:4122272920,1:4126647960 ceiling=0:15057228656,1:18812634420 host_need=0 short=- waited_ms=0 reclaimed=0 retry_after_s=-
[meter] admit id=chatcmpl-07434a3253abe15fccbba45881a8a917 tenant=default lane=interactive model="dsv4f"
[admit-mem] id=chatcmpl-07434a3253abe15fccbba45881a8a917 model="dsv4f" route=dsv4-thread verdict=admit capacity=290 spec=false need=0:4122247320,1:4126619800 ceiling=0:15057228656,1:18812634420 host_need=0 short=- waited_ms=0 reclaimed=0 retry_after_s=-
[meter] admit id=chatcmpl-edd7a9324a01c2d42052f89433a99dfc tenant=default lane=interactive model="dsv4f"
[admit-mem] id=chatcmpl-edd7a9324a01c2d42052f89433a99dfc model="dsv4f" route=dsv4-thread verdict=admit capacity=293 spec=false need=0:4122272920,1:4126647960 ceiling=0:15057228656,1:18812634420 host_need=0 short=- waited_ms=0 reclaimed=0 retry_after_s=-
[meter] admit id=chatcmpl-caf7b7afffd15e202194a5ab56f9e503 tenant=default lane=interactive model="dsv4f"
[admit-mem] id=chatcmpl-caf7b7afffd15e202194a5ab56f9e503 model="dsv4f" route=dsv4-thread verdict=admit capacity=296 spec=false need=0:4122298520,1:4126676120 ceiling=0:15057228656,1:18812634420 host_need=0 short=- waited_ms=0 reclaimed=0 retry_after_s=-
[meter] admit id=chatcmpl-e93b40445d82762973aa45a365b62b18 tenant=default lane=interactive model="dsv4f"
[admit-mem] id=chatcmpl-e93b40445d82762973aa45a365b62b18 model="dsv4f" route=dsv4-thread verdict=admit capacity=290 spec=false need=0:4122247320,1:4126619800 ceiling=0:15057228656,1:18812634420 host_need=0 short=- waited_ms=0 reclaimed=0 retry_after_s=-
[meter] admit id=chatcmpl-f3a21f7421dfe55422f9a1fc08640a74 tenant=default lane=interactive model="dsv4f"
[admit-mem] id=chatcmpl-f3a21f7421dfe55422f9a1fc08640a74 model="dsv4f" route=dsv4-thread verdict=admit capacity=295 spec=false need=0:4122272920,1:4126647960 ceiling=0:15057228656,1:18812634420 host_need=0 short=- waited_ms=0 reclaimed=0 retry_after_s=-
[meter] admit id=chatcmpl-278c3ae3224116e40845e0e85594a671 tenant=default lane=interactive model="dsv4f"
[admit-mem] id=chatcmpl-278c3ae3224116e40845e0e85594a671 model="dsv4f" route=dsv4-thread verdict=admit capacity=293 spec=false need=0:4122272920,1:4126647960 ceiling=0:15057228656,1:18812634420 host_need=0 short=- waited_ms=0 reclaimed=0 retry_after_s=-
[meter] admit id=chatcmpl-f549b509df4783f7d3ec2caf71917674 tenant=default lane=interactive model="dsv4f"
[admit-mem] id=chatcmpl-f549b509df4783f7d3ec2caf71917674 model="dsv4f" route=dsv4-thread verdict=admit capacity=295 spec=false need=0:4122272920,1:4126647960 ceiling=0:15057228656,1:18812634420 host_need=0 short=- waited_ms=0 reclaimed=0 retry_after_s=-
[meter] admit id=chatcmpl-ed0d3f1d7f55a635367edd1556923a50 tenant=default lane=interactive model="dsv4f"
[admit-mem] id=chatcmpl-ed0d3f1d7f55a635367edd1556923a50 model="dsv4f" route=dsv4-thread verdict=admit capacity=294 spec=false need=0:4122272920,1:4126647960 ceiling=0:15057228656,1:18812634420 host_need=0 short=- waited_ms=0 reclaimed=0 retry_after_s=-
[meter] admit id=chatcmpl-0df578ae25056a5c55bedd1b3a209520 tenant=default lane=interactive model="dsv4f"
[admit-mem] id=chatcmpl-0df578ae25056a5c55bedd1b3a209520 model="dsv4f" route=dsv4-thread verdict=admit capacity=290 spec=false need=0:4122247320,1:4126619800 ceiling=0:15057228656,1:18812634420 host_need=0 short=- waited_ms=0 reclaimed=0 retry_after_s=-
[meter] admit id=chatcmpl-21c3bc41c1a6a293ef578b8c8711493f tenant=default lane=interactive model="dsv4f"
[admit-mem] id=chatcmpl-21c3bc41c1a6a293ef578b8c8711493f model="dsv4f" route=dsv4-thread verdict=admit capacity=293 spec=false need=0:4122272920,1:4126647960 ceiling=0:15057228656,1:18812634420 host_need=0 short=- waited_ms=0 reclaimed=0 retry_after_s=-
[meter] admit id=chatcmpl-1d8e148323a98424fe4acc0b92db2d5d tenant=default lane=interactive model="dsv4f"
[admit-mem] id=chatcmpl-1d8e148323a98424fe4acc0b92db2d5d model="dsv4f" route=dsv4-thread verdict=admit capacity=296 spec=false need=0:4122298520,1:4126676120 ceiling=0:15057228656,1:18812634420 host_need=0 short=- waited_ms=0 reclaimed=0 retry_after_s=-
[meter] admit id=chatcmpl-b16bd5a2df2728a0c464afef88134e82 tenant=default lane=interactive model="dsv4f"
[admit-mem] id=chatcmpl-b16bd5a2df2728a0c464afef88134e82 model="dsv4f" route=dsv4-thread verdict=admit capacity=290 spec=false need=0:4122247320,1:4126619800 ceiling=0:15057228656,1:18812634420 host_need=0 short=- waited_ms=0 reclaimed=0 retry_after_s=-
[meter] admit id=chatcmpl-761b7cf20102a8e74b2274f7aaa86f84 tenant=default lane=interactive model="dsv4f"
[admit-mem] id=chatcmpl-761b7cf20102a8e74b2274f7aaa86f84 model="dsv4f" route=dsv4-thread verdict=admit capacity=295 spec=false need=0:4122272920,1:4126647960 ceiling=0:15057228656,1:18812634420 host_need=0 short=- waited_ms=0 reclaimed=0 retry_after_s=-
[meter] admit id=chatcmpl-890929776636099d0b891409d77ab083 tenant=default lane=interactive model="dsv4f"
[admit-mem] id=chatcmpl-890929776636099d0b891409d77ab083 model="dsv4f" route=dsv4-thread verdict=admit capacity=293 spec=false need=0:4122272920,1:4126647960 ceiling=0:15057228656,1:18812634420 host_need=0 short=- waited_ms=0 reclaimed=0 retry_after_s=-
[meter] admit id=chatcmpl-339d59d802b8f3e4ea38bad40acd3e62 tenant=default lane=interactive model="dsv4f"
[admit-mem] id=chatcmpl-339d59d802b8f3e4ea38bad40acd3e62 model="dsv4f" route=dsv4-thread verdict=admit capacity=295 spec=false need=0:4122272920,1:4126647960 ceiling=0:15057228656,1:18812634420 host_need=0 short=- waited_ms=0 reclaimed=0 retry_after_s=-
[meter] admit id=chatcmpl-77c8a22841c5c35df0efe2840125b24b tenant=default lane=interactive model="dsv4f"
[admit-mem] id=chatcmpl-77c8a22841c5c35df0efe2840125b24b model="dsv4f" route=dsv4-thread verdict=admit capacity=294 spec=false need=0:4122272920,1:4126647960 ceiling=0:15057228656,1:18812634420 host_need=0 short=- waited_ms=0 reclaimed=0 retry_after_s=-
[server] SIGTERM: draining (0 in flight, deadline 30s)
[server] drain complete in 0.0s; exiting
[server] GPU worker shutdown complete
