glm5-spec-ppn-gate config: stages=2 streams=per-stage overlap=1(double-buffered) devices=default(primary) splits=default(even) shard=per-stage
[loader-law] WARNING: token_embd.weight loads as 2D Float ne=[128, 32] (src F32) — a Float matmul weight rides cuBLAS f32 GEMV and poisons all-or-nothing q8-fast predicates (uses_q8_1_fast/mixer_in_q8_1_fast). If matmul-class: Q8_0-encode at load (model.rs ssm arm / source.rs BF16+F8 gates). If deliberately Float: add it to float_2d_audited with the audit rationale.
[loader-law] WARNING: blk.*.kda_q.weight loads as 2D Float ne=[128, 128] (src F32) — a Float matmul weight rides cuBLAS f32 GEMV and poisons all-or-nothing q8-fast predicates (uses_q8_1_fast/mixer_in_q8_1_fast). If matmul-class: Q8_0-encode at load (model.rs ssm arm / source.rs BF16+F8 gates). If deliberately Float: add it to float_2d_audited with the audit rationale.
[loader-law] WARNING: blk.*.kda_k.weight loads as 2D Float ne=[128, 128] (src F32) — a Float matmul weight rides cuBLAS f32 GEMV and poisons all-or-nothing q8-fast predicates (uses_q8_1_fast/mixer_in_q8_1_fast). If matmul-class: Q8_0-encode at load (model.rs ssm arm / source.rs BF16+F8 gates). If deliberately Float: add it to float_2d_audited with the audit rationale.
[loader-law] WARNING: blk.*.kda_v.weight loads as 2D Float ne=[128, 128] (src F32) — a Float matmul weight rides cuBLAS f32 GEMV and poisons all-or-nothing q8-fast predicates (uses_q8_1_fast/mixer_in_q8_1_fast). If matmul-class: Q8_0-encode at load (model.rs ssm arm / source.rs BF16+F8 gates). If deliberately Float: add it to float_2d_audited with the audit rationale.
[loader-law] WARNING: blk.*.kda_f_a.weight loads as 2D Float ne=[128, 128] (src F32) — a Float matmul weight rides cuBLAS f32 GEMV and poisons all-or-nothing q8-fast predicates (uses_q8_1_fast/mixer_in_q8_1_fast). If matmul-class: Q8_0-encode at load (model.rs ssm arm / source.rs BF16+F8 gates). If deliberately Float: add it to float_2d_audited with the audit rationale.
[loader-law] WARNING: blk.*.kda_f_b.weight loads as 2D Float ne=[128, 128] (src F32) — a Float matmul weight rides cuBLAS f32 GEMV and poisons all-or-nothing q8-fast predicates (uses_q8_1_fast/mixer_in_q8_1_fast). If matmul-class: Q8_0-encode at load (model.rs ssm arm / source.rs BF16+F8 gates). If deliberately Float: add it to float_2d_audited with the audit rationale.
[loader-law] WARNING: blk.*.kda_g_a.weight loads as 2D Float ne=[128, 128] (src F32) — a Float matmul weight rides cuBLAS f32 GEMV and poisons all-or-nothing q8-fast predicates (uses_q8_1_fast/mixer_in_q8_1_fast). If matmul-class: Q8_0-encode at load (model.rs ssm arm / source.rs BF16+F8 gates). If deliberately Float: add it to float_2d_audited with the audit rationale.
[loader-law] WARNING: blk.*.kda_g_b.weight loads as 2D Float ne=[128, 128] (src F32) — a Float matmul weight rides cuBLAS f32 GEMV and poisons all-or-nothing q8-fast predicates (uses_q8_1_fast/mixer_in_q8_1_fast). If matmul-class: Q8_0-encode at load (model.rs ssm arm / source.rs BF16+F8 gates). If deliberately Float: add it to float_2d_audited with the audit rationale.
[loader-law] WARNING: blk.*.kda_out.weight loads as 2D Float ne=[128, 128] (src F32) — a Float matmul weight rides cuBLAS f32 GEMV and poisons all-or-nothing q8-fast predicates (uses_q8_1_fast/mixer_in_q8_1_fast). If matmul-class: Q8_0-encode at load (model.rs ssm arm / source.rs BF16+F8 gates). If deliberately Float: add it to float_2d_audited with the audit rationale.
[loader-law] WARNING: blk.*.ffn_gate.weight loads as 2D Float ne=[128, 64] (src F32) — a Float matmul weight rides cuBLAS f32 GEMV and poisons all-or-nothing q8-fast predicates (uses_q8_1_fast/mixer_in_q8_1_fast). If matmul-class: Q8_0-encode at load (model.rs ssm arm / source.rs BF16+F8 gates). If deliberately Float: add it to float_2d_audited with the audit rationale.
[loader-law] WARNING: blk.*.ffn_up.weight loads as 2D Float ne=[128, 64] (src F32) — a Float matmul weight rides cuBLAS f32 GEMV and poisons all-or-nothing q8-fast predicates (uses_q8_1_fast/mixer_in_q8_1_fast). If matmul-class: Q8_0-encode at load (model.rs ssm arm / source.rs BF16+F8 gates). If deliberately Float: add it to float_2d_audited with the audit rationale.
[loader-law] WARNING: blk.*.ffn_down.weight loads as 2D Float ne=[64, 128] (src F32) — a Float matmul weight rides cuBLAS f32 GEMV and poisons all-or-nothing q8-fast predicates (uses_q8_1_fast/mixer_in_q8_1_fast). If matmul-class: Q8_0-encode at load (model.rs ssm arm / source.rs BF16+F8 gates). If deliberately Float: add it to float_2d_audited with the audit rationale.
[loader-law] WARNING: blk.*.attn_q_a.weight loads as 2D Float ne=[128, 16] (src F32) — a Float matmul weight rides cuBLAS f32 GEMV and poisons all-or-nothing q8-fast predicates (uses_q8_1_fast/mixer_in_q8_1_fast). If matmul-class: Q8_0-encode at load (model.rs ssm arm / source.rs BF16+F8 gates). If deliberately Float: add it to float_2d_audited with the audit rationale.
[loader-law] WARNING: blk.*.attn_q_b.weight loads as 2D Float ne=[16, 32] (src F32) — a Float matmul weight rides cuBLAS f32 GEMV and poisons all-or-nothing q8-fast predicates (uses_q8_1_fast/mixer_in_q8_1_fast). If matmul-class: Q8_0-encode at load (model.rs ssm arm / source.rs BF16+F8 gates). If deliberately Float: add it to float_2d_audited with the audit rationale.
[loader-law] WARNING: blk.*.attn_kv_a_mqa.weight loads as 2D Float ne=[128, 16] (src F32) — a Float matmul weight rides cuBLAS f32 GEMV and poisons all-or-nothing q8-fast predicates (uses_q8_1_fast/mixer_in_q8_1_fast). If matmul-class: Q8_0-encode at load (model.rs ssm arm / source.rs BF16+F8 gates). If deliberately Float: add it to float_2d_audited with the audit rationale.
[loader-law] WARNING: blk.*.attn_output.weight loads as 2D Float ne=[32, 128] (src F32) — a Float matmul weight rides cuBLAS f32 GEMV and poisons all-or-nothing q8-fast predicates (uses_q8_1_fast/mixer_in_q8_1_fast). If matmul-class: Q8_0-encode at load (model.rs ssm arm / source.rs BF16+F8 gates). If deliberately Float: add it to float_2d_audited with the audit rationale.
[moe] resident-experts decision (PP dev0): experts 0.00GB + trunk 0.00GB vs free 24.76GB (expert budget 22.76GB) -> RESIDENT
[loader-law] WARNING: blk.*.ffn_gate_shexp.weight loads as 2D Float ne=[128, 64] (src F32) — a Float matmul weight rides cuBLAS f32 GEMV and poisons all-or-nothing q8-fast predicates (uses_q8_1_fast/mixer_in_q8_1_fast). If matmul-class: Q8_0-encode at load (model.rs ssm arm / source.rs BF16+F8 gates). If deliberately Float: add it to float_2d_audited with the audit rationale.
[loader-law] WARNING: blk.*.ffn_up_shexp.weight loads as 2D Float ne=[128, 64] (src F32) — a Float matmul weight rides cuBLAS f32 GEMV and poisons all-or-nothing q8-fast predicates (uses_q8_1_fast/mixer_in_q8_1_fast). If matmul-class: Q8_0-encode at load (model.rs ssm arm / source.rs BF16+F8 gates). If deliberately Float: add it to float_2d_audited with the audit rationale.
[loader-law] WARNING: blk.*.ffn_down_shexp.weight loads as 2D Float ne=[64, 128] (src F32) — a Float matmul weight rides cuBLAS f32 GEMV and poisons all-or-nothing q8-fast predicates (uses_q8_1_fast/mixer_in_q8_1_fast). If matmul-class: Q8_0-encode at load (model.rs ssm arm / source.rs BF16+F8 gates). If deliberately Float: add it to float_2d_audited with the audit rationale.
[mtp-glm5] MEMRA_GLM5_MTP=1: loading the glm5_next NextN block
[loader-law] WARNING: blk.*.nextn.eh_proj.weight loads as 2D Float ne=[256, 128] (src F32) — a Float matmul weight rides cuBLAS f32 GEMV and poisons all-or-nothing q8-fast predicates (uses_q8_1_fast/mixer_in_q8_1_fast). If matmul-class: Q8_0-encode at load (model.rs ssm arm / source.rs BF16+F8 gates). If deliberately Float: add it to float_2d_audited with the audit rationale.
hc topology: streams=4 collapse=Mean
stage fence: [0, 2, 4]; Recurrent(KDA) on stages [0, 1], LatentKvCache(MLA+kpool) on stages [0, 1]
[phase] references: door OFF
[moe-grouped-prefill] flag=on t=24 il=1 (announce printed in both arms; engagement is the per-layer execute line + the dispatch counter)
[moe-sk-form] dev=0 qt=7 sms=82 occ128=1 occ32=7 occt=3 cross=64 xcross=64 bdb=0 in_f=128 out_f=64 n_active=4 max_m=14
[moe-grouped-prefill] execute layer=1 tokens=24 n_active=4 provenance=resident-slab router=sigmoid-host-oracle epilogue=pre-clamped macro_fold=gate-up-rows+down-weight performance_claim=false (logged once per layer)
[moe-grouped-prefill] execute layer=2 tokens=24 n_active=4 provenance=resident-slab router=sigmoid-host-oracle epilogue=pre-clamped macro_fold=gate-up-rows+down-weight performance_claim=false (logged once per layer)
[moe-grouped-prefill] execute layer=3 tokens=24 n_active=4 provenance=resident-slab router=sigmoid-host-oracle epilogue=pre-clamped macro_fold=gate-up-rows+down-weight performance_claim=false (logged once per layer)
[phase] arm W0: door ON, plain ppN decode re-pin
glm5-spec-ppn gate PASS [W0 plain-ppn-decode]: 8 rows bit-identical vs door-OFF (n_vocab=32)
[phase] arm W1: door ON, verify walk (ppN twin)
[glm5-spec] verify walk BATCHED per layer: kda=one t-call (scan sequential in-kernel), mla=rows-exact t-call, head=rows-exact, moe=pairs rows-call where qualified (MEMRA_GLM5_VERIFY_BATCH default ON)
[glm5-verify-ws] engaged: verify-walk buffers recycling through the size-keyed pool (MEMRA_GLM5_VERIFY_WS=1)
[glm5-vrows] verify MoE batched across rows: pairs=16 (t=8 x 2), one gate/up+preclamp launch + one down/FMA launch per layer-call (rides MEMRA_GLM5_VERIFY_BATCH)
glm5-spec-ppn gate PASS [W1 verify-walk]: 8 verify rows bit-identical to plain decode under the split (and to plain ppN decode via W0)
[phase] arm A: door ON, accept-j rollback battery
glm5-spec-ppn gate PASS [A accept-j=0]: 12 continue steps bit-identical
glm5-spec-ppn gate PASS [A accept-j=1]: 12 continue steps bit-identical
glm5-spec-ppn gate PASS [A accept-j=2]: 12 continue steps bit-identical
glm5-spec-ppn gate PASS [A accept-j=3]: 12 continue steps bit-identical
glm5-spec-ppn gate PASS [A accept-j=4]: 12 continue steps bit-identical
glm5-spec-ppn gate PASS [A accept-j=5]: 12 continue steps bit-identical
glm5-spec-ppn gate PASS [A accept-j=6]: 12 continue steps bit-identical
glm5-spec-ppn gate PASS [A accept-j=7]: 12 continue steps bit-identical
[phase] arm E: door ON, e2e spec-vs-plain tapes
[glm5-phase] rounds=19 k=1 total=38.17ms | draft=5.12 verify=31.85 accept=0.41 roll=0.61 maint=0.17 | per-round ms: draft=0.270 verify=1.676 accept=0.022 roll=0.032 maint=0.009 total=2.009
[glm5-phase-v] rounds=19 k=1 | per-round ms: vkda=1.096 (scan=0.025) vmla=1.019 vrest=0.000 (vffn=0.962)
glm5-spec-ppn gate PASS [E natural K=1]: tape identical to door-OFF plain greedy (0/19 accepted)
[glm5-phase] rounds=19 k=2 total=50.64ms | draft=9.57 verify=39.82 accept=0.47 roll=0.60 maint=0.17 | per-round ms: draft=0.504 verify=2.096 accept=0.025 roll=0.032 maint=0.009 total=2.665
[glm5-phase-v] rounds=19 k=2 | per-round ms: vkda=0.587 (scan=0.016) vmla=0.549 vrest=0.960 (vffn=0.531)
glm5-spec-ppn gate PASS [E natural K=2]: tape identical to door-OFF plain greedy (0/38 accepted)
[glm5-phase] rounds=19 k=3 total=64.31ms | draft=14.01 verify=48.96 accept=0.55 roll=0.62 maint=0.17 | per-round ms: draft=0.737 verify=2.577 accept=0.029 roll=0.032 maint=0.009 total=3.385
[glm5-phase-v] rounds=19 k=3 | per-round ms: vkda=0.752 (scan=0.017) vmla=0.701 vrest=1.124 (vffn=0.649)
glm5-spec-ppn gate PASS [E natural K=3]: tape identical to door-OFF plain greedy (0/57 accepted)
[glm5-phase] rounds=19 k=4 total=77.67ms | draft=18.59 verify=57.65 accept=0.62 roll=0.64 maint=0.18 | per-round ms: draft=0.978 verify=3.034 accept=0.033 roll=0.033 maint=0.009 total=4.088
[glm5-phase-v] rounds=19 k=4 | per-round ms: vkda=0.901 (scan=0.018) vmla=0.851 vrest=1.283 (vffn=0.763)
glm5-spec-ppn gate PASS [E natural K=4]: tape identical to door-OFF plain greedy (0/76 accepted)
[glm5-phase] rounds=19 k=5 total=90.38ms | draft=22.99 verify=65.91 accept=0.68 roll=0.63 maint=0.18 | per-round ms: draft=1.210 verify=3.469 accept=0.036 roll=0.033 maint=0.009 total=4.757
[glm5-phase-v] rounds=19 k=5 | per-round ms: vkda=1.047 (scan=0.018) vmla=0.996 vrest=1.426 (vffn=0.866)
glm5-spec-ppn gate PASS [E natural K=5]: tape identical to door-OFF plain greedy (0/95 accepted)
[glm5-phase] rounds=19 k=6 total=103.39ms | draft=27.35 verify=74.49 accept=0.75 roll=0.63 maint=0.17 | per-round ms: draft=1.439 verify=3.921 accept=0.039 roll=0.033 maint=0.009 total=5.441
[glm5-phase-v] rounds=19 k=6 | per-round ms: vkda=1.202 (scan=0.020) vmla=1.143 vrest=1.575 (vffn=0.973)
glm5-spec-ppn gate PASS [E natural K=6]: tape identical to door-OFF plain greedy (0/114 accepted)
[glm5-phase] rounds=19 k=7 total=116.23ms | draft=31.82 verify=82.78 accept=0.82 roll=0.63 maint=0.18 | per-round ms: draft=1.675 verify=4.357 accept=0.043 roll=0.033 maint=0.009 total=6.118
[glm5-phase-v] rounds=19 k=7 | per-round ms: vkda=1.349 (scan=0.020) vmla=1.281 vrest=1.727 (vffn=1.084)
glm5-spec-ppn gate PASS [E natural K=7]: tape identical to door-OFF plain greedy (0/133 accepted)
[glm5-phase] rounds=5 k=3 total=19.75ms | draft=6.37 verify=13.10 accept=0.15 roll=0.04 maint=0.08 | per-round ms: draft=1.275 verify=2.621 accept=0.029 roll=0.009 maint=0.017 total=3.950
[glm5-phase-v] rounds=5 k=3 | per-round ms: vkda=0.760 (scan=0.017) vmla=0.719 vrest=1.142 (vffn=0.660)
glm5-spec-ppn gate PASS [E forced-accept K=3]: tape identical, 15/15 accepted (full-accept path exercised)
[glm5-phase] rounds=3 k=7 total=21.33ms | draft=8.00 verify=13.08 accept=0.13 roll=0.05 maint=0.07 | per-round ms: draft=2.668 verify=4.359 accept=0.043 roll=0.017 maint=0.023 total=7.110
[glm5-phase-v] rounds=3 k=7 | per-round ms: vkda=1.350 (scan=0.021) vmla=1.283 vrest=1.726 (vffn=1.080)
glm5-spec-ppn gate PASS [E forced-accept K=7]: tape identical, 17/21 accepted (full-accept path exercised)
[glm5-phase] rounds=6 k=7 total=38.70ms | draft=12.14 verify=26.02 accept=0.26 roll=0.20 maint=0.09 | per-round ms: draft=2.023 verify=4.336 accept=0.044 roll=0.033 maint=0.015 total=6.451
[glm5-phase-v] rounds=6 k=7 | per-round ms: vkda=1.344 (scan=0.020) vmla=1.278 vrest=1.714 (vffn=1.075)
glm5-spec-ppn gate PASS [E forced-rejection sweep K=7]: every partial-keep rollback cycled, tape identical (14/42)
[phase] arm R1: RED stale-KDA state
glm5-spec-ppn gate PASS [R1 stale-KDA RED]: bites — 383 differing logits across the continuation
[phase] arm R2: RED pool-key clamp
glm5-spec-ppn gate PASS [R2 pool-key RED]: bites by name — layer 1: DSA k-pool selection failed: resident k-pool key plane claims 8 finished pools but the cache holds only 6 complete pools before this call (25 rows / pool 4) — a rewind reduced the latent length without clamping index_pools_ready
[phase] arm R3: RED rollback disabled
glm5-spec-ppn gate PASS [R3 rollback-disabled RED]: bites — loop failed loudly: layer 1: latent cache overflow — 56 + 8 rows exceeds capacity 59
==========================================================
glm5-spec-ppn gate: ALL ARMS PASS (P=24 N=20 K=7, fence=[0, 2, 4]; stages=2 streams=per-stage overlap=1(double-buffered) devices=default(primary) splits=default(even) shard=per-stage)
exit=0
