build dsr 475f6cc2d  server 89e993e805342d91
long-304 E rc=0 [load] lane-8 peer byte-integrity probe PASS: 1 boundaries, 10 copies, ladder [16384, 65536, 524288, 1048576, 67108864] bytes, 349.1ms PROGRAM_SHA256 fbce1a0492d69635dd1df532f278a40629363369d8541b48c4b132cf5c5a0d0f (every step's token, logits bits hash and digests) PASS: 304 steps from position 400 to 704 bit-identical to eager (token and logits every step, cache and hidden digests every step), 304 of them replayed; tokens_sha256=112c2fc66fe1f76029c4ff1a8ce3446a 
split E rc=0 PASS: position-split C4 store bit-identical to the replicated program 
dspark-tpep E cc6082ddea76827e 373e6557e6d118f1 373e6557e6d118f1  | verdict (c) batched==sequential: 14 cells, 77 logit rows, 3206 cache-class comparisons — ALL BIT-IDENTICAL verdict (d) accepted-position ring writes: 3 ring classes compared, 0 mismatching GPU DSPARK GATE [PASS] GATE_DONE rc=0 utc=2026-09-26T15:57:18Z 
dspark-tpep F cc6082ddea76827e 373e6557e6d118f1 373e6557e6d118f1  | verdict (c) batched==sequential: 14 cells, 77 logit rows, 3206 cache-class comparisons — ALL BIT-IDENTICAL verdict (d) accepted-position ring writes: 3 ring classes compared, 0 mismatching GPU DSPARK GATE [PASS] GATE_DONE rc=0 utc=2026-09-26T16:01:54Z 
serve r1 C rc=0 CELL greedy-c1 c=1 ok=8/8 agg=87.46 tok/s decode_p50=93.24 tok/s ttft_p50=180 ms tpot_p50=10.73 ms errs=[] CELL sampled-c1 c=1 ok=8/8 agg=73.95 tok/s decode_p50=76.32 tok/s ttft_p50=188 ms tpot_p50=13.10 ms errs=[] 
serve r2 E rc=0 CELL greedy-c1 c=1 ok=8/8 agg=92.04 tok/s decode_p50=97.68 tok/s ttft_p50=176 ms tpot_p50=10.24 ms errs=[] CELL sampled-c1 c=1 ok=8/8 agg=77.78 tok/s decode_p50=80.45 tok/s ttft_p50=183 ms tpot_p50=12.43 ms errs=[] 
serve r3 F rc=0 CELL greedy-c1 c=1 ok=8/8 agg=91.32 tok/s decode_p50=96.94 tok/s ttft_p50=175 ms tpot_p50=10.32 ms errs=[] CELL sampled-c1 c=1 ok=8/8 agg=76.98 tok/s decode_p50=79.27 tok/s ttft_p50=183 ms tpot_p50=12.62 ms errs=[] 
serve r4 F rc=0 CELL greedy-c1 c=1 ok=8/8 agg=90.95 tok/s decode_p50=96.65 tok/s ttft_p50=175 ms tpot_p50=10.35 ms errs=[] CELL sampled-c1 c=1 ok=8/8 agg=77.11 tok/s decode_p50=79.25 tok/s ttft_p50=183 ms tpot_p50=12.62 ms errs=[] 
serve r5 E rc=0 CELL greedy-c1 c=1 ok=8/8 agg=92.43 tok/s decode_p50=98.26 tok/s ttft_p50=172 ms tpot_p50=10.18 ms errs=[] CELL sampled-c1 c=1 ok=8/8 agg=77.92 tok/s decode_p50=80.42 tok/s ttft_p50=182 ms tpot_p50=12.43 ms errs=[] 
serve r6 C rc=0 CELL greedy-c1 c=1 ok=8/8 agg=85.83 tok/s decode_p50=91.46 tok/s ttft_p50=180 ms tpot_p50=10.93 ms errs=[] CELL sampled-c1 c=1 ok=8/8 agg=72.96 tok/s decode_p50=75.20 tok/s ttft_p50=190 ms tpot_p50=13.30 ms errs=[] 
serve r7 C rc=0 CELL greedy-c1 c=1 ok=8/8 agg=87.31 tok/s decode_p50=92.77 tok/s ttft_p50=178 ms tpot_p50=10.78 ms errs=[] CELL sampled-c1 c=1 ok=8/8 agg=73.86 tok/s decode_p50=76.03 tok/s ttft_p50=187 ms tpot_p50=13.15 ms errs=[] 
serve r8 E rc=0 CELL greedy-c1 c=1 ok=8/8 agg=91.74 tok/s decode_p50=97.44 tok/s ttft_p50=174 ms tpot_p50=10.26 ms errs=[] CELL sampled-c1 c=1 ok=8/8 agg=77.17 tok/s decode_p50=79.59 tok/s ttft_p50=183 ms tpot_p50=12.56 ms errs=[] 
serve r9 F rc=0 CELL greedy-c1 c=1 ok=8/8 agg=90.47 tok/s decode_p50=97.56 tok/s ttft_p50=177 ms tpot_p50=10.25 ms errs=[] CELL sampled-c1 c=1 ok=8/8 agg=77.10 tok/s decode_p50=79.42 tok/s ttft_p50=183 ms tpot_p50=12.59 ms errs=[] 
serve r10 F rc=0 CELL greedy-c1 c=1 ok=8/8 agg=91.57 tok/s decode_p50=97.36 tok/s ttft_p50=174 ms tpot_p50=10.27 ms errs=[] CELL sampled-c1 c=1 ok=8/8 agg=77.44 tok/s decode_p50=79.67 tok/s ttft_p50=182 ms tpot_p50=12.55 ms errs=[] 
serve r11 E rc=0 CELL greedy-c1 c=1 ok=8/8 agg=92.36 tok/s decode_p50=98.21 tok/s ttft_p50=173 ms tpot_p50=10.18 ms errs=[] CELL sampled-c1 c=1 ok=8/8 agg=78.14 tok/s decode_p50=80.45 tok/s ttft_p50=181 ms tpot_p50=12.43 ms errs=[] 
serve r12 C rc=0 CELL greedy-c1 c=1 ok=8/8 agg=86.67 tok/s decode_p50=91.99 tok/s ttft_p50=180 ms tpot_p50=10.87 ms errs=[] CELL sampled-c1 c=1 ok=8/8 agg=69.84 tok/s decode_p50=73.37 tok/s ttft_p50=201 ms tpot_p50=13.63 ms errs=[] 
S2E_DONE 475f6cc2d
