serve r1 E rc=0 CELL greedy-c1 c=1 ok=8/8 agg=92.11 tok/s decode_p50=97.86 tok/s ttft_p50=174 ms tpot_p50=10.22 ms errs=[] CELL sampled-c1 c=1 ok=8/8 agg=77.54 tok/s decode_p50=80.19 tok/s ttft_p50=182 ms tpot_p50=12.47 ms errs=[] 
serve r2 G rc=0 CELL greedy-c1 c=1 ok=8/8 agg=91.03 tok/s decode_p50=96.84 tok/s ttft_p50=174 ms tpot_p50=10.33 ms errs=[] CELL sampled-c1 c=1 ok=8/8 agg=76.74 tok/s decode_p50=79.07 tok/s ttft_p50=185 ms tpot_p50=12.65 ms errs=[] 
serve r3 H rc=0 CELL greedy-c1 c=1 ok=8/8 agg=90.96 tok/s decode_p50=97.55 tok/s ttft_p50=177 ms tpot_p50=10.25 ms errs=[] CELL sampled-c1 c=1 ok=8/8 agg=76.65 tok/s decode_p50=78.90 tok/s ttft_p50=184 ms tpot_p50=12.67 ms errs=[] 
serve r4 H rc=0 CELL greedy-c1 c=1 ok=8/8 agg=92.22 tok/s decode_p50=98.12 tok/s ttft_p50=173 ms tpot_p50=10.19 ms errs=[] CELL sampled-c1 c=1 ok=8/8 agg=77.94 tok/s decode_p50=80.18 tok/s ttft_p50=182 ms tpot_p50=12.47 ms errs=[] 
serve r5 G rc=0 CELL greedy-c1 c=1 ok=8/8 agg=90.39 tok/s decode_p50=95.93 tok/s ttft_p50=176 ms tpot_p50=10.42 ms errs=[] CELL sampled-c1 c=1 ok=8/8 agg=76.75 tok/s decode_p50=79.18 tok/s ttft_p50=183 ms tpot_p50=12.63 ms errs=[] 
serve r6 E rc=0 CELL greedy-c1 c=1 ok=8/8 agg=92.26 tok/s decode_p50=98.17 tok/s ttft_p50=173 ms tpot_p50=10.19 ms errs=[] CELL sampled-c1 c=1 ok=8/8 agg=77.31 tok/s decode_p50=80.19 tok/s ttft_p50=184 ms tpot_p50=12.47 ms errs=[] 
serve r7 E rc=0 CELL greedy-c1 c=1 ok=8/8 agg=92.43 tok/s decode_p50=98.23 tok/s ttft_p50=172 ms tpot_p50=10.18 ms errs=[] CELL sampled-c1 c=1 ok=8/8 agg=77.64 tok/s decode_p50=80.28 tok/s ttft_p50=181 ms tpot_p50=12.46 ms errs=[] 
serve r8 G rc=0 CELL greedy-c1 c=1 ok=8/8 agg=90.48 tok/s decode_p50=96.01 tok/s ttft_p50=174 ms tpot_p50=10.42 ms errs=[] CELL sampled-c1 c=1 ok=8/8 agg=76.38 tok/s decode_p50=78.48 tok/s ttft_p50=183 ms tpot_p50=12.74 ms errs=[] 
serve r9 H rc=0 CELL greedy-c1 c=1 ok=8/8 agg=92.75 tok/s decode_p50=98.53 tok/s ttft_p50=172 ms tpot_p50=10.15 ms errs=[] CELL sampled-c1 c=1 ok=8/8 agg=77.60 tok/s decode_p50=80.66 tok/s ttft_p50=183 ms tpot_p50=12.40 ms errs=[] 
S2F_DONE
