
running 13 tests
owner-thread work while the copy stream's host function sleeps: 3.29 ms; the copy behind the host function still pending: true
HOLD READING cell=h2d_span_filled_batch first_item_seen_ms=5.52 polls=1 longest_poll_ms=0.01 longest_gap_ms=0.00 batch_landed_at_first_sight=false
HOLD STEPS cell=h2d_span_filled_batch pinned-alloc@-41.17+1.91 device-alloc@-39.26+0.08 pinned-alloc@-39.06+3.51 device-alloc@-35.55+0.01 pinned-alloc@-35.54+1.17 device-alloc@-34.36+0.02 delay@0.00+0.01 pinned-alloc@0.02+0.87 device-alloc@0.88+0.02 pinned-alloc@0.90+1.23 device-alloc@2.13+0.01 pinned-alloc@2.15+0.99 device-alloc@3.13+0.01 submit@3.15+2.27
HOLD READING cell=h2d_span_batch first_item_seen_ms=8.66 polls=1 longest_poll_ms=0.01 longest_gap_ms=0.00 batch_landed_at_first_sight=false
HOLD STEPS cell=h2d_span_batch pinned-alloc@-53.02+2.73 pinned-write@-50.25+0.24 device-alloc@-50.01+0.04 pinned-alloc@-49.97+4.57 pinned-write@-45.40+0.61 device-alloc@-44.78+0.02 pinned-alloc@-44.76+2.06 pinned-write@-42.71+0.35 device-alloc@-42.36+0.03 pinned-alloc@-5.29+0.88 pinned-write@-4.41+0.22 device-alloc@-4.19+0.02 pinned-alloc@-4.17+1.27 device-alloc@-2.90+0.01 pinned-alloc@-2.89+0.95 pinned-write@-1.94+0.30 device-alloc@-1.63+0.01 delay@0.00+0.01 pinned-alloc@0.01+0.72 pinned-write@0.74+0.25 device-alloc@0.99+0.01 pinned-alloc@1.01+1.16 pinned-write@2.17+0.38 device-alloc@2.55+0.01 pinned-alloc@2.56+0.84 pinned-write@3.40+0.33 device-alloc@3.73+0.01 submit@3.75+0.68 pinned-alloc@4.43+0.83 pinned-write@5.26+0.25 device-alloc@5.51+0.02 pinned-alloc@5.53+1.27 pinned-write@6.80+0.39 device-alloc@7.19+0.02 pinned-alloc@7.21+0.99 pinned-write@8.20+0.35 device-alloc@8.55+0.09 submit-busy@8.65+0.00
test tier_transfer::tests::pinned_kind_arm_is_honoured_by_the_driver ... ok
test tier_transfer::tests::h2d_deferred_checksum_lands_with_the_supplied_digests ... ok
HOLD READING cell=d2h_span_batch first_item_seen_ms=92.20 polls=63788 longest_poll_ms=0.60 longest_gap_ms=0.11 batch_landed_at_first_sight=false
HOLD STEPS cell=d2h_span_batch htod-pageable@-10.65+0.72 pinned-alloc@-9.85+2.40 htod-pageable@-7.37+0.42 pinned-alloc@-6.95+4.10 htod-pageable@-2.85+0.45 pinned-alloc@-2.39+2.23 delay@0.00+0.01 htod-pageable@0.01+0.27 pinned-alloc@0.28+0.74 htod-pageable@1.02+0.43 pinned-alloc@1.45+3.49 htod-pageable@4.94+0.33 pinned-alloc@5.28+1.01 submit@6.28+0.92 htod-pageable@7.20+1.58 pinned-alloc@8.79+1.44 htod-pageable@10.23+0.44 pinned-alloc@10.67+1.21 htod-pageable@11.88+0.30 pinned-alloc@12.18+0.95 submit-busy@13.14+0.00
test tier_transfer::tests::d2d_capture_lands_on_the_copy_stream_and_publishes_only_after_its_event ... ok
test tier_transfer::tests::d2d_restore_lands_on_the_copy_stream_and_is_ready_only_after_the_installed_wait ... ok
test tier_transfer::tests::h2d_fill_host_function_does_not_hold_the_owner_thread ... ok
test tier_transfer::tests::d2d_early_reader_fault_is_refused_by_the_receipt ... ok
D2H DEVICE RECEIPT cell flip=true items=3 gpu_ms=101.998
D2H DEVICE RECEIPT cell flip=false items=3 gpu_ms=103.165
test tier_transfer::tests::d2d_receipt_digest_matches_the_cpu_oracle ... ok
test tier_transfer::tests::d2h_device_receipt_lands_with_the_source_digest ... ok
test tier_transfer::tests::d2h_source_flip_is_witnessed_by_the_landed_bytes ... ok
test tier_transfer::tests::h2d_span_filled_batch_fills_on_the_copy_stream_before_its_copies ... ok
test tier_transfer::tests::h2d_span_batch_lands_with_its_ticket_on_the_copy_stream ... ok
test tier_transfer::tests::d2h_span_batch_lands_with_its_ticket_on_the_copy_stream ... ok
D2D-RECEIPT PRICE order=copy-first bytes=165675008 n_per_arm=5 copy_ms=[0.395648, 0.394304, 0.396288, 0.392928, 0.392704] copy_median=0.394 digest_ms=[0.2296, 0.222752, 0.226688, 0.226752, 0.227424] digest_median=0.227 pair_median=0.454 pair_over_copy=1.15
D2D-RECEIPT PRICE order=digest-first bytes=165675008 n_per_arm=5 copy_ms=[0.360544, 0.392928, 0.390688, 0.39216, 0.390816] copy_median=0.391 digest_ms=[0.228128, 0.227296, 0.226944, 0.227232, 0.227648] digest_median=0.227 pair_median=0.455 pair_over_copy=1.16
test tier_transfer::tests::d2d_receipt_digest_price_against_the_copy ... ok

test result: ok. 13 passed; 0 failed; 0 ignored; 0 measured; 582 filtered out; finished in 2.67s

