tree rows 3d98c0aedcaa4b1fce612dad606c27952e10f1bc
build rows SERVER_EXIT=0 ENGINE_EXIT=0  server e7599d04a9a5f201
rows8 served r1 A rc=0 [dsv4-serve] dsv4f: 2 serving lane(s) (default on the plain PP matrix program; MEMRA_DSV4_SESSIONS=1 is the serial route  CELL greedy-c1 c=1 ok=8/8 agg=49.69 tok/s decode_p50=51.87 tok/s ttft_p50=233 ms tpot_p50=19.28 ms errs=[] CELL greedy-c2 c=2 ok=8/8 agg=78.63 tok/s decode_p50=41.48 tok/s ttft_p50=361 ms tpot_p50=24.11 ms errs=[] CELL greedy-c4 c=4 ok=8/8 agg=79.19 tok/s decode_p50=41.91 tok/s ttft_p50=6750 ms tpot_p50=23.86 ms errs=[] CELL sampled-c2 c=2 ok=8/8 agg=71.36 tok/s decode_p50=37.45 tok/s ttft_p50=363 ms tpot_p50=26.70 ms errs=[] CELL sampled-c4 c=4 ok=8/8 agg=71.18 tok/s decode_p50=37.40 tok/s ttft_p50=7483 ms tpot_p50=26.74 ms errs=[] CELL greedy-c8 c=8 ok=16/16 agg=79.26 tok/s decode_p50=41.96 tok/s ttft_p50=19575 ms tpot_p50=23.83 ms errs=[] CELL sampled-c8 c=8 ok=16/16 agg=71.36 tok/s decode_p50=37.51 tok/s ttft_p50=21688 ms tpot_p50=26.66 ms errs=[]  
rows8 served r2 D rc=0 [dsv4-serve] dsv4f: B-row steps up to 2 rows, 2 group(s) in flight (MEMRA_DSV4_ROWS) [dsv4-serve] dsv4f: 4 serving lane(s) (MEMRA_DSV4_SESSIONS)  CELL greedy-c1 c=1 ok=8/8 agg=49.64 tok/s decode_p50=51.80 tok/s ttft_p50=233 ms tpot_p50=19.30 ms errs=[] CELL greedy-c2 c=2 ok=8/8 agg=78.98 tok/s decode_p50=40.97 tok/s ttft_p50=241 ms tpot_p50=24.41 ms errs=[] CELL greedy-c4 c=4 ok=8/8 agg=84.24 tok/s decode_p50=22.46 tok/s ttft_p50=505 ms tpot_p50=44.52 ms errs=[] CELL sampled-c2 c=2 ok=8/8 agg=71.21 tok/s decode_p50=36.76 tok/s ttft_p50=241 ms tpot_p50=27.20 ms errs=[] CELL sampled-c4 c=4 ok=8/8 agg=71.58 tok/s decode_p50=18.49 tok/s ttft_p50=516 ms tpot_p50=54.07 ms errs=[] CELL greedy-c8 c=8 ok=16/16 agg=83.68 tok/s decode_p50=21.05 tok/s ttft_p50=12266 ms tpot_p50=47.51 ms errs=[] CELL sampled-c8 c=8 ok=16/16 agg=71.87 tok/s decode_p50=18.64 tok/s ttft_p50=14675 ms tpot_p50=53.66 ms errs=[]  
rows8 served r3 E rc=71   [server] FATAL: worker init failed: load dsv4f: MEMRA_DSV4_SESSIONS "8" must be 1..=4
rows8 served r4 E rc=71   [server] FATAL: worker init failed: load dsv4f: MEMRA_DSV4_SESSIONS "8" must be 1..=4
rows8 served r5 D rc=0 [dsv4-serve] dsv4f: B-row steps up to 2 rows, 2 group(s) in flight (MEMRA_DSV4_ROWS) [dsv4-serve] dsv4f: 4 serving lane(s) (MEMRA_DSV4_SESSIONS)  CELL greedy-c1 c=1 ok=8/8 agg=49.59 tok/s decode_p50=51.75 tok/s ttft_p50=233 ms tpot_p50=19.32 ms errs=[] CELL greedy-c2 c=2 ok=8/8 agg=78.68 tok/s decode_p50=40.77 tok/s ttft_p50=240 ms tpot_p50=24.53 ms errs=[] CELL greedy-c4 c=4 ok=8/8 agg=84.12 tok/s decode_p50=22.43 tok/s ttft_p50=509 ms tpot_p50=44.59 ms errs=[] CELL sampled-c2 c=2 ok=8/8 agg=71.48 tok/s decode_p50=36.88 tok/s ttft_p50=240 ms tpot_p50=27.12 ms errs=[] CELL sampled-c4 c=4 ok=8/8 agg=71.88 tok/s decode_p50=18.57 tok/s ttft_p50=514 ms tpot_p50=53.86 ms errs=[] CELL greedy-c8 c=8 ok=16/16 agg=83.71 tok/s decode_p50=21.10 tok/s ttft_p50=12237 ms tpot_p50=47.40 ms errs=[] CELL sampled-c8 c=8 ok=16/16 agg=71.89 tok/s decode_p50=18.62 tok/s ttft_p50=14677 ms tpot_p50=53.69 ms errs=[]  
rows8 served r6 A rc=0 [dsv4-serve] dsv4f: 2 serving lane(s) (default on the plain PP matrix program; MEMRA_DSV4_SESSIONS=1 is the serial route  CELL greedy-c1 c=1 ok=8/8 agg=49.78 tok/s decode_p50=51.95 tok/s ttft_p50=232 ms tpot_p50=19.25 ms errs=[] CELL greedy-c2 c=2 ok=8/8 agg=79.90 tok/s decode_p50=42.19 tok/s ttft_p50=356 ms tpot_p50=23.70 ms errs=[] CELL greedy-c4 c=4 ok=8/8 agg=79.84 tok/s decode_p50=42.28 tok/s ttft_p50=6688 ms tpot_p50=23.65 ms errs=[] CELL sampled-c2 c=2 ok=8/8 agg=72.33 tok/s decode_p50=38.02 tok/s ttft_p50=365 ms tpot_p50=26.30 ms errs=[] CELL sampled-c4 c=4 ok=8/8 agg=72.14 tok/s decode_p50=37.93 tok/s ttft_p50=7364 ms tpot_p50=26.36 ms errs=[] CELL greedy-c8 c=8 ok=16/16 agg=79.46 tok/s decode_p50=42.04 tok/s ttft_p50=19539 ms tpot_p50=23.79 ms errs=[] CELL sampled-c8 c=8 ok=16/16 agg=71.52 tok/s decode_p50=37.64 tok/s ttft_p50=21697 ms tpot_p50=26.57 ms errs=[]  
rows8 served r7 A rc=0 [dsv4-serve] dsv4f: 2 serving lane(s) (default on the plain PP matrix program; MEMRA_DSV4_SESSIONS=1 is the serial route  CELL greedy-c1 c=1 ok=8/8 agg=49.73 tok/s decode_p50=51.89 tok/s ttft_p50=232 ms tpot_p50=19.27 ms errs=[] CELL greedy-c2 c=2 ok=8/8 agg=78.40 tok/s decode_p50=41.41 tok/s ttft_p50=363 ms tpot_p50=24.15 ms errs=[] CELL greedy-c4 c=4 ok=8/8 agg=79.23 tok/s decode_p50=41.81 tok/s ttft_p50=6753 ms tpot_p50=23.92 ms errs=[] CELL sampled-c2 c=2 ok=8/8 agg=71.56 tok/s decode_p50=37.66 tok/s ttft_p50=375 ms tpot_p50=26.55 ms errs=[] CELL sampled-c4 c=4 ok=8/8 agg=71.37 tok/s decode_p50=37.55 tok/s ttft_p50=7465 ms tpot_p50=26.63 ms errs=[] CELL greedy-c8 c=8 ok=16/16 agg=79.32 tok/s decode_p50=42.00 tok/s ttft_p50=19535 ms tpot_p50=23.81 ms errs=[] CELL sampled-c8 c=8 ok=16/16 agg=71.49 tok/s decode_p50=37.64 tok/s ttft_p50=21691 ms tpot_p50=26.57 ms errs=[]  
rows8 served r8 D rc=0 [dsv4-serve] dsv4f: B-row steps up to 2 rows, 2 group(s) in flight (MEMRA_DSV4_ROWS) [dsv4-serve] dsv4f: 4 serving lane(s) (MEMRA_DSV4_SESSIONS)  CELL greedy-c1 c=1 ok=8/8 agg=49.63 tok/s decode_p50=51.80 tok/s ttft_p50=233 ms tpot_p50=19.30 ms errs=[] CELL greedy-c2 c=2 ok=8/8 agg=78.52 tok/s decode_p50=40.62 tok/s ttft_p50=241 ms tpot_p50=24.62 ms errs=[] CELL greedy-c4 c=4 ok=8/8 agg=84.07 tok/s decode_p50=22.39 tok/s ttft_p50=505 ms tpot_p50=44.65 ms errs=[] CELL sampled-c2 c=2 ok=8/8 agg=71.02 tok/s decode_p50=36.68 tok/s ttft_p50=241 ms tpot_p50=27.26 ms errs=[] CELL sampled-c4 c=4 ok=8/8 agg=71.49 tok/s decode_p50=18.47 tok/s ttft_p50=527 ms tpot_p50=54.13 ms errs=[] CELL greedy-c8 c=8 ok=16/16 agg=83.64 tok/s decode_p50=21.09 tok/s ttft_p50=12589 ms tpot_p50=47.41 ms errs=[] CELL sampled-c8 c=8 ok=16/16 agg=71.14 tok/s decode_p50=18.44 tok/s ttft_p50=14776 ms tpot_p50=54.23 ms errs=[]  
rows8 served r9 E rc=71   [server] FATAL: worker init failed: load dsv4f: MEMRA_DSV4_SESSIONS "8" must be 1..=4
V3H_DONE
