build now 2ad82c2e9 SERVER_EXIT=0 ENGINE_EXIT=0  server 2d1bb4d6df3ad5a9
now r1 P rc=0 CELL greedy-c1 c=1 ok=8/8 agg=65.46 tok/s decode_p50=68.41 tok/s ttft_p50=182 ms tpot_p50=14.62 ms errs=[] CELL sampled-c1 c=1 ok=8/8 agg=57.81 tok/s decode_p50=60.15 tok/s ttft_p50=184 ms tpot_p50=16.63 ms errs=[] CELL greedy-c1-ignore-eos c=1 ok=4/4 agg=65.33 tok/s decode_p50=68.38 tok/s ttft_p50=184 ms tpot_p50=14.62 ms errs=[]  
now r2 D rc=0 CELL greedy-c1 c=1 ok=8/8 agg=65.91 tok/s decode_p50=70.54 tok/s ttft_p50=234 ms tpot_p50=14.18 ms errs=[] CELL sampled-c1 c=1 ok=8/8 agg=55.11 tok/s decode_p50=56.85 tok/s ttft_p50=249 ms tpot_p50=17.59 ms errs=[] CELL greedy-c1-ignore-eos c=1 ok=4/4 agg=65.39 tok/s decode_p50=70.35 tok/s ttft_p50=243 ms tpot_p50=14.21 ms errs=[]  
now r3 V rc=0 CELL greedy-c1 c=1 ok=8/8 agg=72.75 tok/s decode_p50=75.58 tok/s ttft_p50=234 ms tpot_p50=13.23 ms errs=[] CELL sampled-c1 c=1 ok=8/8 agg=60.41 tok/s decode_p50=63.21 tok/s ttft_p50=250 ms tpot_p50=15.82 ms errs=[] CELL greedy-c1-ignore-eos c=1 ok=4/4 agg=70.86 tok/s decode_p50=75.47 tok/s ttft_p50=234 ms tpot_p50=13.25 ms errs=[]  
now r4 V rc=0 CELL greedy-c1 c=1 ok=8/8 agg=72.77 tok/s decode_p50=75.59 tok/s ttft_p50=234 ms tpot_p50=13.23 ms errs=[] CELL sampled-c1 c=1 ok=8/8 agg=60.24 tok/s decode_p50=63.10 tok/s ttft_p50=249 ms tpot_p50=15.85 ms errs=[] CELL greedy-c1-ignore-eos c=1 ok=4/4 agg=70.90 tok/s decode_p50=75.48 tok/s ttft_p50=235 ms tpot_p50=13.25 ms errs=[]  
now r5 D rc=0 CELL greedy-c1 c=1 ok=8/8 agg=65.89 tok/s decode_p50=70.53 tok/s ttft_p50=235 ms tpot_p50=14.18 ms errs=[] CELL sampled-c1 c=1 ok=8/8 agg=55.10 tok/s decode_p50=56.80 tok/s ttft_p50=249 ms tpot_p50=17.60 ms errs=[] CELL greedy-c1-ignore-eos c=1 ok=4/4 agg=65.49 tok/s decode_p50=70.38 tok/s ttft_p50=234 ms tpot_p50=14.21 ms errs=[]  
now r6 P rc=0 CELL greedy-c1 c=1 ok=8/8 agg=65.40 tok/s decode_p50=68.38 tok/s ttft_p50=182 ms tpot_p50=14.62 ms errs=[] CELL sampled-c1 c=1 ok=8/8 agg=57.61 tok/s decode_p50=59.93 tok/s ttft_p50=184 ms tpot_p50=16.69 ms errs=[] CELL greedy-c1-ignore-eos c=1 ok=4/4 agg=65.30 tok/s decode_p50=68.37 tok/s ttft_p50=188 ms tpot_p50=14.63 ms errs=[]  
now r7 P rc=0 CELL greedy-c1 c=1 ok=8/8 agg=65.41 tok/s decode_p50=68.39 tok/s ttft_p50=185 ms tpot_p50=14.62 ms errs=[] CELL sampled-c1 c=1 ok=8/8 agg=57.07 tok/s decode_p50=59.38 tok/s ttft_p50=185 ms tpot_p50=16.84 ms errs=[] CELL greedy-c1-ignore-eos c=1 ok=4/4 agg=65.14 tok/s decode_p50=68.35 tok/s ttft_p50=184 ms tpot_p50=14.63 ms errs=[]  
now r8 D rc=0 CELL greedy-c1 c=1 ok=8/8 agg=65.92 tok/s decode_p50=70.54 tok/s ttft_p50=234 ms tpot_p50=14.18 ms errs=[] CELL sampled-c1 c=1 ok=8/8 agg=55.03 tok/s decode_p50=56.75 tok/s ttft_p50=249 ms tpot_p50=17.62 ms errs=[] CELL greedy-c1-ignore-eos c=1 ok=4/4 agg=65.48 tok/s decode_p50=70.38 tok/s ttft_p50=234 ms tpot_p50=14.21 ms errs=[]  
now r9 V rc=0 CELL greedy-c1 c=1 ok=8/8 agg=72.80 tok/s decode_p50=75.63 tok/s ttft_p50=234 ms tpot_p50=13.22 ms errs=[] CELL sampled-c1 c=1 ok=8/8 agg=60.40 tok/s decode_p50=63.20 tok/s ttft_p50=249 ms tpot_p50=15.82 ms errs=[] CELL greedy-c1-ignore-eos c=1 ok=4/4 agg=70.93 tok/s decode_p50=75.50 tok/s ttft_p50=236 ms tpot_p50=13.24 ms errs=[]  
prof plain PROF_DONE capture span 7913.0 ms over 510 steps = 15.52 ms/step dev0: kernels 482972 (947/step) kernel-sum 5.95 ms/step busy-union 6.00 ms/step memcpys 54/step dev1: kernels 474986 (931/step) kernel-sum 6.45 ms/step busy-union 6.50 ms/step memcpys 55/step 
PAIR10_DONE
