   Compiling cfg-if v1.0.4
   Compiling version_check v0.9.5
   Compiling typenum v1.20.1
   Compiling proc-macro2 v1.0.106
   Compiling libc v0.2.186
   Compiling quote v1.0.46
   Compiling cpufeatures v0.2.17
   Compiling unicode-ident v1.0.24
   Compiling serde_core v1.0.228
   Compiling autocfg v1.5.1
   Compiling zmij v1.0.21
   Compiling crc32fast v1.5.0
   Compiling simd-adler32 v0.3.10
   Compiling cudarc v0.19.8
   Compiling serde v1.0.228
   Compiling serde_json v1.0.150
   Compiling adler2 v2.0.1
   Compiling itoa v1.0.18
   Compiling libloading v0.9.0
   Compiling memchr v2.8.2
   Compiling weezl v0.1.12
   Compiling byteorder-lite v0.1.0
   Compiling bitflags v2.13.1
   Compiling generic-array v0.14.7
   Compiling miniz_oxide v0.8.9
   Compiling fdeflate v0.3.7
   Compiling color_quant v1.1.0
   Compiling num-traits v0.2.19
   Compiling zune-core v0.5.3
   Compiling pxfm v0.1.30
   Compiling quick-error v2.0.1
   Compiling gif v0.14.2
   Compiling image-webp v0.2.4
   Compiling bytemuck v1.25.2
   Compiling flate2 v1.1.9
   Compiling syn v2.0.118
   Compiling zune-jpeg v0.5.15
   Compiling memra-engine v0.138.0 (/root/wt-c-device-day7/crates/memra-engine)
   Compiling block-buffer v0.10.4
   Compiling crypto-common v0.1.7
   Compiling memmap2 v0.9.11
   Compiling png v0.18.1
   Compiling base64 v0.22.1
   Compiling digest v0.10.7
   Compiling memra-sampling v0.138.0 (/root/wt-c-device-day7/crates/memra-sampling)
   Compiling memra-validate v0.138.0 (/root/wt-c-device-day7/crates/memra-validate)
   Compiling sha2 v0.10.9
   Compiling memra-gguf v0.138.0 (/root/wt-c-device-day7/crates/memra-gguf)
   Compiling serde_derive v1.0.228
   Compiling moxcms v0.8.1
   Compiling memra-tier v0.138.0 (/root/wt-c-device-day7/crates/memra-tier)
   Compiling memra-tokenizer v0.138.0 (/root/wt-c-device-day7/crates/memra-tokenizer)
   Compiling memra-runtime v0.138.0 (/root/wt-c-device-day7/crates/memra-runtime)
   Compiling image v0.25.10
   Compiling memra-reference v0.138.0 (/root/wt-c-device-day7/crates/memra-reference)
   Compiling memra-kv v0.138.0 (/root/wt-c-device-day7/crates/memra-kv)
warning: memra-engine@0.138.0: nvcc from MEMRA_NVCC: /usr/local/cuda/bin/nvcc
    Finished `release` profile [optimized] target(s) in 3m 54s
BUILD_RC=0
