build F 80f734c77 SERVER_EXIT=0 ENGINE_EXIT=0 
long t1 B rc=0 PASS: 304 PROGRAM_SHA256 fbce1a0492d69635  replay_ms_per_token=10.803 replay_ms_per_token=10.755 replay_ms_per_token=10.698 
long t2 F rc=0 PASS: 304 PROGRAM_SHA256 fbce1a0492d69635  replay_ms_per_token=9.966 replay_ms_per_token=9.924 replay_ms_per_token=9.839 
long t3 F rc=0 PASS: 304 PROGRAM_SHA256 fbce1a0492d69635  replay_ms_per_token=9.966 replay_ms_per_token=9.959 replay_ms_per_token=9.840 
long t4 B rc=0 PASS: 304 PROGRAM_SHA256 fbce1a0492d69635  replay_ms_per_token=10.811 replay_ms_per_token=10.711 replay_ms_per_token=10.698 
serve r1 B pdl rc=0 CELL greedy-c1 c=1 ok=8/8 agg=89.20 tok/s decode_p50=93.96 tok/s ttft_p50=152 ms tpot_p50=10.64 ms errs=[] CELL sampled-c1 c=1 ok=8/8 agg=89.84 tok/s decode_p50=94.38 tok/s ttft_p50=147 ms tpot_p50=10.60 ms errs=[] CELL greedy-c2 c=2 ok=8/8 agg=121.64 tok/s decode_p50=64.02 tok/s ttft_p50=224 ms tpot_p50=15.62 ms errs=[] CELL greedy-c4 c=4 ok=8/8 agg=155.75 tok/s decode_p50=41.41 tok/s ttft_p50=400 ms tpot_p50=24.15 ms errs=[] CELL greedy-c2-2k c=2 ok=8/8 agg=21.76 tok/s decode_p50=49.91 tok/s ttft_p50=9195 ms tpot_p50=20.03 ms errs=[] 
serve r2 F pdl rc=0 CELL greedy-c1 c=1 ok=8/8 agg=97.10 tok/s decode_p50=102.05 tok/s ttft_p50=134 ms tpot_p50=9.80 ms errs=[] CELL sampled-c1 c=1 ok=8/8 agg=97.96 tok/s decode_p50=102.76 tok/s ttft_p50=132 ms tpot_p50=9.73 ms errs=[] CELL greedy-c2 c=2 ok=8/8 agg=130.18 tok/s decode_p50=68.79 tok/s ttft_p50=225 ms tpot_p50=14.54 ms errs=[] CELL greedy-c4 c=4 ok=8/8 agg=165.98 tok/s decode_p50=43.65 tok/s ttft_p50=294 ms tpot_p50=22.91 ms errs=[] CELL greedy-c2-2k c=2 ok=8/8 agg=25.95 tok/s decode_p50=53.45 tok/s ttft_p50=7454 ms tpot_p50=18.71 ms errs=[] 
serve r3 F pdl rc=0 CELL greedy-c1 c=1 ok=8/8 agg=97.26 tok/s decode_p50=102.28 tok/s ttft_p50=133 ms tpot_p50=9.78 ms errs=[] CELL sampled-c1 c=1 ok=8/8 agg=97.97 tok/s decode_p50=102.80 tok/s ttft_p50=132 ms tpot_p50=9.73 ms errs=[] CELL greedy-c2 c=2 ok=8/8 agg=130.28 tok/s decode_p50=68.85 tok/s ttft_p50=223 ms tpot_p50=14.52 ms errs=[] CELL greedy-c4 c=4 ok=8/8 agg=165.27 tok/s decode_p50=43.78 tok/s ttft_p50=325 ms tpot_p50=22.84 ms errs=[] CELL greedy-c2-2k c=2 ok=8/8 agg=25.94 tok/s decode_p50=53.53 tok/s ttft_p50=7460 ms tpot_p50=18.68 ms errs=[] 
serve r4 B pdl rc=0 CELL greedy-c1 c=1 ok=8/8 agg=89.10 tok/s decode_p50=93.75 tok/s ttft_p50=152 ms tpot_p50=10.67 ms errs=[] CELL sampled-c1 c=1 ok=8/8 agg=89.87 tok/s decode_p50=94.36 tok/s ttft_p50=146 ms tpot_p50=10.60 ms errs=[] CELL greedy-c2 c=2 ok=8/8 agg=121.56 tok/s decode_p50=64.01 tok/s ttft_p50=227 ms tpot_p50=15.62 ms errs=[] CELL greedy-c4 c=4 ok=8/8 agg=155.89 tok/s decode_p50=41.38 tok/s ttft_p50=390 ms tpot_p50=24.17 ms errs=[] CELL greedy-c2-2k c=2 ok=8/8 agg=21.76 tok/s decode_p50=49.96 tok/s ttft_p50=9194 ms tpot_p50=20.02 ms errs=[] 
serve r5 B c24 rc=0 CELL greedy-c4 c=4 ok=8/8 agg=151.98 tok/s decode_p50=40.46 tok/s ttft_p50=413 ms tpot_p50=24.71 ms errs=[] CELL greedy-c8 c=8 ok=16/16 agg=153.79 tok/s decode_p50=41.05 tok/s ttft_p50=6975 ms tpot_p50=24.36 ms errs=[] CELL greedy-c16 c=16 ok=16/16 agg=154.17 tok/s decode_p50=41.20 tok/s ttft_p50=10498 ms tpot_p50=24.27 ms errs=[] CELL greedy-c24 c=24 ok=20/24 agg=128.06 tok/s decode_p50=40.02 tok/s ttft_p50=13886 ms tpot_p50=24.99 ms errs=['HTTP Error 429: Too Many Requests', 'HTTP Error CELL sampled-c8 c=8 ok=16/16 agg=152.45 tok/s decode_p50=40.32 tok/s ttft_p50=6987 ms tpot_p50=24.80 ms errs=[] 
serve r6 F c24 rc=0 CELL greedy-c4 c=4 ok=8/8 agg=162.22 tok/s decode_p50=42.61 tok/s ttft_p50=312 ms tpot_p50=23.47 ms errs=[] CELL greedy-c8 c=8 ok=16/16 agg=206.15 tok/s decode_p50=27.55 tok/s ttft_p50=669 ms tpot_p50=36.29 ms errs=[] CELL greedy-c16 c=16 ok=16/16 agg=202.72 tok/s decode_p50=13.58 tok/s ttft_p50=1365 ms tpot_p50=73.64 ms errs=[] CELL greedy-c24 c=24 ok=24/24 agg=201.69 tok/s decode_p50=13.47 tok/s ttft_p50=1737 ms tpot_p50=74.25 ms errs=[] CELL sampled-c8 c=8 ok=16/16 agg=195.32 tok/s decode_p50=26.08 tok/s ttft_p50=604 ms tpot_p50=38.35 ms errs=[] 
serve r7 B ttft rc=0 CELL greedy-8k c=1 ok=2/2 agg=3.45 tok/s decode_p50=74.72 tok/s ttft_p50=17698 ms tpot_p50=13.38 ms errs=[] CELL greedy-32k c=1 ok=1/1 agg=0.86 tok/s decode_p50=72.08 tok/s ttft_p50=73934 ms tpot_p50=13.87 ms errs=[] 
serve r8 F ttft rc=0 CELL greedy-8k c=1 ok=2/2 agg=4.24 tok/s decode_p50=80.71 tok/s ttft_p50=14312 ms tpot_p50=12.39 ms errs=[] CELL greedy-32k c=1 ok=1/1 agg=1.04 tok/s decode_p50=76.94 tok/s ttft_p50=61006 ms tpot_p50=13.00 ms errs=[] 
V6Y_DONE 80f734c7792afa1749092f8ea2a713a4c7905f54
