build tpa 5a371c847 gate 1b67e078ec68692c
anat replay [load] lane-8 peer byte-integrity probe PASS: 1 boundaries, 10 copies, ladder [16384, 65536, 524288, 1048576, 67108864] bytes, 328.8ms PASS: 304 replayed steps from position 400 to 704 bit-identical to eager (token, logits, cache and hidden digests); tokens_sha256=112c2fc66fe1f76029c4ff1a8ce344 PROFILE arm=replay steps=304 ms_per_token=14.076  | capture span 4278.6 ms over 304 steps = 14.07 ms/step dev0: kernels 837948 (2756/step) kernel-sum 12.25 ms/step busy-union 12.42 ms/step memcpys 171/step dev1: kernels 846156 (2783/step) kernel-sum 12.92 ms/step busy-union 13.10 ms/step memcpys 172/step 
anat eager [load] lane-8 peer byte-integrity probe PASS: 1 boundaries, 10 copies, ladder [16384, 65536, 524288, 1048576, 67108864] bytes, 347.6ms PASS: 304 replayed steps from position 400 to 704 bit-identical to eager (token, logits, cache and hidden digests); tokens_sha256=112c2fc66fe1f76029c4ff1a8ce344 PROFILE arm=eager steps=304 ms_per_token=19.429  | capture span 5906.3 ms over 304 steps = 19.43 ms/step dev0: kernels 783644 (2578/step) kernel-sum 13.78 ms/step busy-union 14.00 ms/step memcpys 204/step dev1: kernels 791852 (2605/step) kernel-sum 12.53 ms/step busy-union 12.74 ms/step memcpys 205/step 
V3W_DONE
