#Date        Time         gpu    pwr  gtemp  mtemp     sm    mem    enc    dec    jpg    ofa   mclk   pclk     fb   bar1   ccpm  rxpci  txpci 
#YYYYMMDD    HH:MM:SS     Idx      W      C      C      %      %      %      %      %      %    MHz    MHz     MB     MB     MB   MB/s   MB/s 
 20260812    12:19:30       0     34     35      -      0      0      0      0      0      0    405    180      0      0      0      1     12 
 20260812    12:19:31       0     61     36      -     12      1      0      0      0      0  12481   2392   1651   1650      0   4224     81 
 20260812    12:19:32       0     92     36      -      5      0      0      0      0      0  12481   2392   4371   4370      0   2640    232 
 20260812    12:19:33       0     92     35      -      6      0      0      0      0      0  12481   2392   7155   7154      0   4978    230 
 20260812    12:19:34       0     92     35      -      5      0      0      0      0      0  12481   2392   9939   9938      0   2640    450 
 20260812    12:19:36       0     92     35      -      5      0      0      0      0      0  12481   2392  12755  12754      0   2640    230 
 20260812    12:19:37       0     91     35      -      0      0      0      0      0      0  12481   2392  14739  14738      0      0      0 
 20260812    12:19:38       0     95     35      -      0      0      0      0      0      0  12481   2392  19507  19506      0      4      2 
 20260812    12:19:39       0    477     47      -    100     38      0      0      0      0  12481   2422  19507  19506      0      3      2 
 20260812    12:19:40       0    403     44      -    100     86      0      0      0      0  12481   2392  19507  19506      0    145     61 
 20260812    12:19:41       0    469     50      -    100     38      0      0      0      0  12481   2422  19507  19506      0      4      3 
 20260812    12:19:42       0    375     44      -    100     86      0      0      0      0  12481   2422  19507  19506      0    142     32 
 20260812    12:19:43       0    458     51      -    100     36      0      0      0      0  12481   2422  19731  19730      0      3      2 
 20260812    12:19:44       0    382     45      -    100     87      0      0      0      0  12481   2422  19731  19730      0    144     32 
 20260812    12:19:45       0    443     51      -    100     38      0      0      0      0  12481   2422  20019  20018      0      3      4 
 20260812    12:19:46       0    393     46      -    100     87      0      0      0      0  12481   2422  20019  20018      0    145     32 
 20260812    12:19:47       0    432     52      -    100     35      0      0      0      0  12481   2422  20307  20306      0      6      3 
 20260812    12:19:48       0    406     47      -    100     87      0      0      0      0  12481   2422  20307  20306      0    145     33 
 20260812    12:19:49       0    424     53      -    100     37      0      0      0      0  12481   2422  20595  20594      0      3      2 
 20260812    12:19:50       0    419     47      -    100     87      0      0      0      0  12481   2422  20595  20594      0    139     34 
 20260812    12:19:51       0    417     54      -    100     38      0      0      0      0  12481   2422  20883  20882      0      5      2 
 20260812    12:19:52       0    447     49      -     99     37      0      0      0      0  12481   2415  20883  20882      0    147     35 
 20260812    12:19:53       0    406     53      -    100     36      0      0      0      0  12481   2422  21171  21170      0      4      3 
 20260812    12:19:54       0    459     50      -     99     50      0      0      0      0  12481   2422  21171  21170      0    145     33 
 20260812    12:19:55       0    377     53      -    100     33      0      0      0      0  12481   2415  26835  26834      0     14      3 
 20260812    12:19:57       0    458     54      -    100     38      0      0      0      0  12481   2415  26899  26898      0     14      5 
 20260812    12:19:58       0    447     54      -     99     33      0      0      0      0  12481   2415  27187  27186      0     13      4 
 20260812    12:19:59       0    405     51      -    100     56      0      0      0      0  12481   2392  27187  27186      0     54     15 
 20260812    12:20:00       0    361     51      -     99     56      0      0      0      0  12481   2392  27187  27186      0     55     15 
 20260812    12:20:01       0    359     50      -     99     57      0      0      0      0  12481   2385  27187  27186      0    152     32 
 20260812    12:20:02       0    339     48      -     32     28      0      0      0      0  12481   2400  27187  27186      0    142     33 
 20260812    12:20:03       0    341     49      -    100     87      0      0      0      0  12481   2422  27187  27186      0    152     32 
 20260812    12:20:04       0    342     49      -    100     87      0      0      0      0  12481   2422  27187  27186      0    141     34 
 20260812    12:20:05       0    341     49      -    100     87      0      0      0      0  12481   2422  27187  27186      0    144     32 
 20260812    12:20:06       0    342     49      -    100     87      0      0      0      0  12481   2422  27187  27186      0    143     32 
 20260812    12:20:07       0    341     49      -    100     87      0      0      0      0  12481   2422  27187  27186      0    143     34 
 20260812    12:20:08       0    351     53      -     85     76      0      0      0      0  12481   2422  29203  29202      0     14      4 
 20260812    12:20:09       0    461     56      -    100     33      0      0      0      0  12481   2415  29235  29234      0     55     31 
 20260812    12:20:10       0    453     56      -    100     31      0      0      0      0  12481   2415  29235  29234      0     14      3 
 20260812    12:20:11       0    420     52      -     99     62      0      0      0      0  12481   2400  29459  29458      0     59     13 
 20260812    12:20:12       0    362     52      -     99     62      0      0      0      0  12481   2392  29459  29458      0     56     17 
 20260812    12:20:13       0    362     52      -    100     59      0      0      0      0  12481   2392  29459  29458      0     55     19 
 20260812    12:20:14       0    362     52      -     99     62      0      0      0      0  12481   2392  29459  29458      0     55     23 
 20260812    12:20:15       0    339     50      -     99     86      0      0      0      0  12481   2422  29459  29458      0    140     35 
#Date        Time         gpu    pwr  gtemp  mtemp     sm    mem    enc    dec    jpg    ofa   mclk   pclk     fb   bar1   ccpm  rxpci  txpci 
#YYYYMMDD    HH:MM:SS     Idx      W      C      C      %      %      %      %      %      %    MHz    MHz     MB     MB     MB   MB/s   MB/s 
 20260812    12:20:16       0    343     50      -    100     87      0      0      0      0  12481   2422  29459  29458      0    144     33 
 20260812    12:20:17       0    342     50      -    100     87      0      0      0      0  12481   2422  29459  29458      0    139     33 
 20260812    12:20:19       0    342     50      -    100     87      0      0      0      0  12481   2422  29459  29458      0    144     34 
 20260812    12:20:20       0    342     50      -    100     87      0      0      0      0  12481   2422  29459  29458      0    144     32 
 20260812    12:20:21       0    342     50      -    100     87      0      0      0      0  12481   2422  29459  29458      0    121     24 
 20260812    12:20:22       0    447     53      -    100     33      0      0      0      0  12481   2415  31603  31602      0     15      4 
 20260812    12:20:23       0    463     55      -    100     32      0      0      0      0  12481   2415  31603  31602      0     13      4 
 20260812    12:20:24       0    459     57      -    100     31      0      0      0      0  12481   2415  31699  31698      0     19      3 
 20260812    12:20:25       0    446     56      -    100     29      0      0      0      0  12481   2407  31763  31762      0     16      4 
 20260812    12:20:26       0    387     53      -     99     62      0      0      0      0  12481   2385  32051  32050      0     83     13 
 20260812    12:20:27       0    364     53      -     99     60      0      0      0      0  12481   2385  32051  32050      0     94     21 
 20260812    12:20:28       0    363     53      -    100     59      0      0      0      0  12481   2385  32051  32050      0     59     12 
 20260812    12:20:29       0    363     53      -     99     59      0      0      0      0  12481   2385  32051  32050      0    102     20 
 20260812    12:20:30       0    353     52      -     99     70      0      0      0      0  12481   2377  32051  32050      0    125     27 
 20260812    12:20:31       0    343     51      -    100     87      0      0      0      0  12481   2422  32051  32050      0    147     33 
 20260812    12:20:32       0    344     51      -    100     87      0      0      0      0  12481   2422  32051  32050      0    140     34 
 20260812    12:20:33       0    343     50      -    100     87      0      0      0      0  12481   2422  32051  32050      0    145     33 
 20260812    12:20:34       0    343     50      -    100     87      0      0      0      0  12481   2422  32051  32050      0    145     33 
 20260812    12:20:35       0    343     50      -    100     87      0      0      0      0  12481   2422  32051  32050      0    144     34 
 20260812    12:20:36       0    343     50      -    100     87      0      0      0      0  12481   2422  32051  32050      0    149     33 
 20260812    12:20:37       0    355     51      -     99     68      0      0      0      0  12481   2370  32051  32050      0    114     25 
 20260812    12:20:38       0    358     52      -     99     68      0      0      0      0  12481   2370  32051  32050      0    114     26 
 20260812    12:20:40       0    362     52      -     99     68      0      0      0      0  12481   2370  32051  32050      0     15      4 
 20260812    12:20:41       0    471     57      -    100     32      0      0      0      0  12481   2415  32051  32050      0    124      6 
 20260812    12:20:42       0    463     57      -    100     31      0      0      0      0  12481   2415  32051  32050      0     14      5 
 20260812    12:20:43       0    410     53      -     99     73      0      0      0      0  12481   2400  32051  32050      0    152     32 
 20260812    12:20:44       0    338     51      -     55     48      0      0      0      0  12481   2422  32051  32050      0    144     32 
 20260812    12:20:45       0    344     51      -    100     87      0      0      0      0  12481   2422  32051  32050      0    147     32 
 20260812    12:20:46       0    344     51      -    100     87      0      0      0      0  12481   2422  32051  32050      0    141     32 
 20260812    12:20:47       0    344     51      -    100     87      0      0      0      0  12481   2422  32051  32050      0    144     32 
 20260812    12:20:48       0    344     51      -    100     87      0      0      0      0  12481   2422  32051  32050      0    144     32 
 20260812    12:20:49       0    343     51      -    100     87      0      0      0      0  12481   2422  32051  32050      0    141     32 
 20260812    12:20:50       0    376     56      -    100     33      0      0      0      0  12481   2415  32051  32050      0     15      4 
 20260812    12:20:51       0    457     57      -    100     32      0      0      0      0  12481   2415  32051  32050      0     17      4 
 20260812    12:20:52       0    375     53      -     99     60      0      0      0      0  12481   2392  32051  32050      0     87     16 
 20260812    12:20:53       0    367     53      -     99     60      0      0      0      0  12481   2392  32051  32050      0    156    586 
 20260812    12:20:54       0    453     57      -    100     32      0      0      0      0  12481   2415  32051  32050      0     14      4 
 20260812    12:20:55       0    408     53      -     99     68      0      0      0      0  12481   2385  32051  32050      0    114     24 
 20260812    12:20:56       0    315     48      -     97     78      0      0      0      0  12481   2400  32051  32050      0     19     14 
 20260812    12:20:57       0     91     45      -      0      0      0      0      0      0  12481   2422      0      0      0      0      1 
