[w4a16] artifact contract accepted: expert_weights=nvfp4 expert_activations=bf16-rounded q8_expert_program=disabled
[loader-law] WARNING: output.weight loads as 2D Float ne=[4096, 120832] (src BF16) — a Float matmul weight rides cuBLAS f32 GEMV and poisons all-or-nothing q8-fast predicates (uses_q8_1_fast/mixer_in_q8_1_fast). If matmul-class: Q8_0-encode at load (model.rs ssm arm / source.rs BF16+F8 gates). If deliberately Float: add it to float_2d_audited with the audit rationale.
[loader-law] WARNING: blk.*.attn_q.weight loads as 2D Float ne=[4096, 8192] (src BF16) — a Float matmul weight rides cuBLAS f32 GEMV and poisons all-or-nothing q8-fast predicates (uses_q8_1_fast/mixer_in_q8_1_fast). If matmul-class: Q8_0-encode at load (model.rs ssm arm / source.rs BF16+F8 gates). If deliberately Float: add it to float_2d_audited with the audit rationale.
[loader-law] WARNING: blk.*.attn_k.weight loads as 2D Float ne=[4096, 1024] (src BF16) — a Float matmul weight rides cuBLAS f32 GEMV and poisons all-or-nothing q8-fast predicates (uses_q8_1_fast/mixer_in_q8_1_fast). If matmul-class: Q8_0-encode at load (model.rs ssm arm / source.rs BF16+F8 gates). If deliberately Float: add it to float_2d_audited with the audit rationale.
[loader-law] WARNING: blk.*.attn_v.weight loads as 2D Float ne=[4096, 1024] (src BF16) — a Float matmul weight rides cuBLAS f32 GEMV and poisons all-or-nothing q8-fast predicates (uses_q8_1_fast/mixer_in_q8_1_fast). If matmul-class: Q8_0-encode at load (model.rs ssm arm / source.rs BF16+F8 gates). If deliberately Float: add it to float_2d_audited with the audit rationale.
[loader-law] WARNING: blk.*.attn_output.weight loads as 2D Float ne=[8192, 4096] (src BF16) — a Float matmul weight rides cuBLAS f32 GEMV and poisons all-or-nothing q8-fast predicates (uses_q8_1_fast/mixer_in_q8_1_fast). If matmul-class: Q8_0-encode at load (model.rs ssm arm / source.rs BF16+F8 gates). If deliberately Float: add it to float_2d_audited with the audit rationale.
[loader-law] WARNING: blk.*.ffn_gate.weight loads as 2D Float ne=[4096, 13312] (src BF16) — a Float matmul weight rides cuBLAS f32 GEMV and poisons all-or-nothing q8-fast predicates (uses_q8_1_fast/mixer_in_q8_1_fast). If matmul-class: Q8_0-encode at load (model.rs ssm arm / source.rs BF16+F8 gates). If deliberately Float: add it to float_2d_audited with the audit rationale.
[loader-law] WARNING: blk.*.ffn_up.weight loads as 2D Float ne=[4096, 13312] (src BF16) — a Float matmul weight rides cuBLAS f32 GEMV and poisons all-or-nothing q8-fast predicates (uses_q8_1_fast/mixer_in_q8_1_fast). If matmul-class: Q8_0-encode at load (model.rs ssm arm / source.rs BF16+F8 gates). If deliberately Float: add it to float_2d_audited with the audit rationale.
[loader-law] WARNING: blk.*.ffn_down.weight loads as 2D Float ne=[13312, 4096] (src BF16) — a Float matmul weight rides cuBLAS f32 GEMV and poisons all-or-nothing q8-fast predicates (uses_q8_1_fast/mixer_in_q8_1_fast). If matmul-class: Q8_0-encode at load (model.rs ssm arm / source.rs BF16+F8 gates). If deliberately Float: add it to float_2d_audited with the audit rationale.
[slab-populate] blk1-gate: 648 MiB in 0.1s (8483 MiB/s)
[slab-populate] blk1-up: 648 MiB in 0.1s (10648 MiB/s)
[slab-populate] blk1-down: 648 MiB in 0.1s (10646 MiB/s)
[moe] resident-experts decision (dev0): experts 165.11GB + trunk 0.00GB vs free 98.09GB (expert budget 96.09GB) -> SLRU cache
[loader-law] WARNING: blk.*.ffn_gate_shexp.weight loads as 2D Float ne=[4096, 1536] (src BF16) — a Float matmul weight rides cuBLAS f32 GEMV and poisons all-or-nothing q8-fast predicates (uses_q8_1_fast/mixer_in_q8_1_fast). If matmul-class: Q8_0-encode at load (model.rs ssm arm / source.rs BF16+F8 gates). If deliberately Float: add it to float_2d_audited with the audit rationale.
[loader-law] WARNING: blk.*.ffn_up_shexp.weight loads as 2D Float ne=[4096, 1536] (src BF16) — a Float matmul weight rides cuBLAS f32 GEMV and poisons all-or-nothing q8-fast predicates (uses_q8_1_fast/mixer_in_q8_1_fast). If matmul-class: Q8_0-encode at load (model.rs ssm arm / source.rs BF16+F8 gates). If deliberately Float: add it to float_2d_audited with the audit rationale.
[loader-law] WARNING: blk.*.ffn_down_shexp.weight loads as 2D Float ne=[1536, 4096] (src BF16) — a Float matmul weight rides cuBLAS f32 GEMV and poisons all-or-nothing q8-fast predicates (uses_q8_1_fast/mixer_in_q8_1_fast). If matmul-class: Q8_0-encode at load (model.rs ssm arm / source.rs BF16+F8 gates). If deliberately Float: add it to float_2d_audited with the audit rationale.
[slab-populate] blk2-gate: 648 MiB in 0.1s (11399 MiB/s)
[slab-populate] blk2-up: 648 MiB in 0.1s (11447 MiB/s)
[slab-populate] blk2-down: 648 MiB in 0.1s (11485 MiB/s)
[slab-populate] blk3-gate: 648 MiB in 0.1s (11663 MiB/s)
[slab-populate] blk3-up: 648 MiB in 0.1s (11763 MiB/s)
[slab-populate] blk3-down: 648 MiB in 0.1s (11813 MiB/s)
[slab-populate] blk4-gate: 648 MiB in 0.1s (11350 MiB/s)
[slab-populate] blk4-up: 648 MiB in 0.1s (11534 MiB/s)
[slab-populate] blk4-down: 648 MiB in 0.1s (11494 MiB/s)
[slab-populate] blk5-gate: 648 MiB in 0.1s (11577 MiB/s)
[slab-populate] blk5-up: 648 MiB in 0.1s (11650 MiB/s)
[slab-populate] blk5-down: 648 MiB in 0.1s (11664 MiB/s)
[slab-populate] blk6-gate: 648 MiB in 0.1s (11679 MiB/s)
[slab-populate] blk6-up: 648 MiB in 0.1s (11813 MiB/s)
[slab-populate] blk6-down: 648 MiB in 0.1s (11703 MiB/s)
[slab-populate] blk7-gate: 648 MiB in 0.1s (11532 MiB/s)
[slab-populate] blk7-up: 648 MiB in 0.1s (11620 MiB/s)
[slab-populate] blk7-down: 648 MiB in 0.1s (11654 MiB/s)
[slab-populate] blk8-gate: 648 MiB in 0.1s (11019 MiB/s)
[slab-populate] blk8-up: 648 MiB in 0.1s (11314 MiB/s)
[slab-populate] blk8-down: 648 MiB in 0.1s (11339 MiB/s)
[slab-populate] blk9-gate: 648 MiB in 0.1s (11401 MiB/s)
[slab-populate] blk9-up: 648 MiB in 0.1s (11393 MiB/s)
[slab-populate] blk9-down: 648 MiB in 0.1s (11423 MiB/s)
[slab-populate] blk10-gate: 648 MiB in 0.1s (11021 MiB/s)
[slab-populate] blk10-up: 648 MiB in 0.1s (11067 MiB/s)
[slab-populate] blk10-down: 648 MiB in 0.1s (11121 MiB/s)
[slab-populate] blk11-gate: 648 MiB in 0.1s (11738 MiB/s)
[slab-populate] blk11-up: 648 MiB in 0.1s (11842 MiB/s)
[slab-populate] blk11-down: 648 MiB in 0.1s (11917 MiB/s)
[slab-populate] blk12-gate: 648 MiB in 0.1s (11467 MiB/s)
[slab-populate] blk12-up: 648 MiB in 0.1s (11500 MiB/s)
[slab-populate] blk12-down: 648 MiB in 0.1s (9473 MiB/s)
[slab-populate] blk13-gate: 648 MiB in 0.1s (10995 MiB/s)
[slab-populate] blk13-up: 648 MiB in 0.1s (11065 MiB/s)
[slab-populate] blk13-down: 648 MiB in 0.1s (11022 MiB/s)
[slab-populate] blk14-gate: 648 MiB in 0.1s (11678 MiB/s)
[slab-populate] blk14-up: 648 MiB in 0.1s (11766 MiB/s)
[slab-populate] blk14-down: 648 MiB in 0.1s (11643 MiB/s)
[slab-populate] blk15-gate: 648 MiB in 0.1s (11306 MiB/s)
[slab-populate] blk15-up: 648 MiB in 0.1s (11244 MiB/s)
[slab-populate] blk15-down: 648 MiB in 0.1s (11176 MiB/s)
[slab-populate] blk16-gate: 648 MiB in 0.1s (11117 MiB/s)
[slab-populate] blk16-up: 648 MiB in 0.1s (9233 MiB/s)
[slab-populate] blk16-down: 648 MiB in 0.1s (11252 MiB/s)
[slab-populate] blk17-gate: 648 MiB in 0.1s (11368 MiB/s)
[slab-populate] blk17-up: 648 MiB in 0.1s (11554 MiB/s)
[slab-populate] blk17-down: 648 MiB in 0.1s (11550 MiB/s)
[slab-populate] blk18-gate: 648 MiB in 0.1s (11316 MiB/s)
[slab-populate] blk18-up: 648 MiB in 0.1s (11528 MiB/s)
[slab-populate] blk18-down: 648 MiB in 0.1s (11527 MiB/s)
[slab-populate] blk19-gate: 648 MiB in 0.1s (11643 MiB/s)
[slab-populate] blk19-up: 648 MiB in 0.1s (11685 MiB/s)
[slab-populate] blk19-down: 648 MiB in 0.1s (11782 MiB/s)
[slab-populate] blk20-gate: 648 MiB in 0.1s (9394 MiB/s)
[slab-populate] blk20-up: 648 MiB in 0.1s (11578 MiB/s)
[slab-populate] blk20-down: 648 MiB in 0.1s (11474 MiB/s)
[slab-populate] blk21-gate: 648 MiB in 0.1s (11154 MiB/s)
[slab-populate] blk21-up: 648 MiB in 0.1s (11313 MiB/s)
[slab-populate] blk21-down: 648 MiB in 0.1s (11283 MiB/s)
[slab-populate] blk22-gate: 648 MiB in 0.1s (11072 MiB/s)
[slab-populate] blk22-up: 648 MiB in 0.1s (11198 MiB/s)
[slab-populate] blk22-down: 648 MiB in 0.1s (11275 MiB/s)
[slab-populate] blk23-gate: 648 MiB in 0.1s (11551 MiB/s)
[slab-populate] blk23-up: 648 MiB in 0.1s (11633 MiB/s)
[slab-populate] blk23-down: 648 MiB in 0.1s (11658 MiB/s)
[slab-populate] blk24-gate: 648 MiB in 0.1s (11227 MiB/s)
[slab-populate] blk24-up: 648 MiB in 0.1s (11413 MiB/s)
[slab-populate] blk24-down: 648 MiB in 0.1s (11399 MiB/s)
[slab-populate] blk25-gate: 648 MiB in 0.1s (11663 MiB/s)
[slab-populate] blk25-up: 648 MiB in 0.1s (11892 MiB/s)
[slab-populate] blk25-down: 648 MiB in 0.1s (11878 MiB/s)
[slab-populate] blk26-gate: 648 MiB in 0.1s (11335 MiB/s)
[slab-populate] blk26-up: 648 MiB in 0.1s (11442 MiB/s)
[slab-populate] blk26-down: 648 MiB in 0.1s (11461 MiB/s)
[slab-populate] blk27-gate: 648 MiB in 0.1s (11070 MiB/s)
[slab-populate] blk27-up: 648 MiB in 0.1s (11110 MiB/s)
[slab-populate] blk27-down: 648 MiB in 0.1s (11218 MiB/s)
[slab-populate] blk28-gate: 648 MiB in 0.1s (10990 MiB/s)
[slab-populate] blk28-up: 648 MiB in 0.1s (10965 MiB/s)
[slab-populate] blk28-down: 648 MiB in 0.1s (11116 MiB/s)
[slab-populate] blk29-gate: 648 MiB in 0.1s (11406 MiB/s)
[slab-populate] blk29-up: 648 MiB in 0.1s (11467 MiB/s)
[slab-populate] blk29-down: 648 MiB in 0.1s (11448 MiB/s)
[slab-populate] blk30-gate: 648 MiB in 0.1s (10981 MiB/s)
[slab-populate] blk30-up: 648 MiB in 0.1s (11179 MiB/s)
[slab-populate] blk30-down: 648 MiB in 0.1s (11115 MiB/s)
[slab-populate] blk31-gate: 648 MiB in 0.1s (11136 MiB/s)
[slab-populate] blk31-up: 648 MiB in 0.1s (11598 MiB/s)
[slab-populate] blk31-down: 648 MiB in 0.1s (10669 MiB/s)
[slab-populate] blk32-gate: 648 MiB in 0.1s (11160 MiB/s)
[slab-populate] blk32-up: 648 MiB in 0.1s (11212 MiB/s)
[slab-populate] blk32-down: 648 MiB in 0.1s (11106 MiB/s)
[slab-populate] blk33-gate: 648 MiB in 0.1s (11594 MiB/s)
[slab-populate] blk33-up: 648 MiB in 0.1s (11664 MiB/s)
[slab-populate] blk33-down: 648 MiB in 0.1s (11623 MiB/s)
[slab-populate] blk34-gate: 648 MiB in 0.1s (11257 MiB/s)
[slab-populate] blk34-up: 648 MiB in 0.1s (11386 MiB/s)
[slab-populate] blk34-down: 648 MiB in 0.1s (11280 MiB/s)
[slab-populate] blk35-gate: 648 MiB in 0.1s (11535 MiB/s)
[slab-populate] blk35-up: 648 MiB in 0.1s (10511 MiB/s)
[slab-populate] blk35-down: 648 MiB in 0.1s (10464 MiB/s)
[slab-populate] blk36-gate: 648 MiB in 0.1s (11486 MiB/s)
[slab-populate] blk36-up: 648 MiB in 0.1s (11683 MiB/s)
[slab-populate] blk36-down: 648 MiB in 0.1s (11603 MiB/s)
[slab-populate] blk37-gate: 648 MiB in 0.1s (10952 MiB/s)
[slab-populate] blk37-up: 648 MiB in 0.1s (11148 MiB/s)
[slab-populate] blk37-down: 648 MiB in 0.1s (11153 MiB/s)
[slab-populate] blk38-gate: 648 MiB in 0.1s (10802 MiB/s)
[slab-populate] blk38-up: 648 MiB in 0.1s (11190 MiB/s)
[slab-populate] blk38-down: 648 MiB in 0.1s (9033 MiB/s)
[slab-populate] blk39-gate: 648 MiB in 0.1s (6493 MiB/s)
[slab-populate] blk39-up: 648 MiB in 0.1s (9088 MiB/s)
[slab-populate] blk39-down: 648 MiB in 0.1s (9225 MiB/s)
[slab-populate] blk40-gate: 648 MiB in 0.1s (9302 MiB/s)
[slab-populate] blk40-up: 648 MiB in 0.1s (11473 MiB/s)
[slab-populate] blk40-down: 648 MiB in 0.1s (11617 MiB/s)
[slab-populate] blk41-gate: 648 MiB in 0.1s (9605 MiB/s)
[slab-populate] blk41-up: 648 MiB in 0.1s (9683 MiB/s)
[slab-populate] blk41-down: 648 MiB in 0.1s (9873 MiB/s)
[slab-populate] blk42-gate: 648 MiB in 0.1s (8579 MiB/s)
[slab-populate] blk42-up: 648 MiB in 0.1s (8930 MiB/s)
[slab-populate] blk42-down: 648 MiB in 0.1s (9549 MiB/s)
[slab-populate] blk43-gate: 648 MiB in 0.1s (6856 MiB/s)
[slab-populate] blk43-up: 648 MiB in 0.1s (9779 MiB/s)
[slab-populate] blk43-down: 648 MiB in 0.1s (9361 MiB/s)
[slab-populate] blk44-gate: 648 MiB in 0.1s (10382 MiB/s)
[slab-populate] blk44-up: 648 MiB in 0.1s (10470 MiB/s)
[slab-populate] blk44-down: 648 MiB in 0.1s (10146 MiB/s)
[slab-populate] blk45-gate: 648 MiB in 0.1s (9733 MiB/s)
[slab-populate] blk45-up: 648 MiB in 0.1s (8453 MiB/s)
[slab-populate] blk45-down: 648 MiB in 0.1s (9839 MiB/s)
[slab-populate] blk46-gate: 648 MiB in 0.1s (9583 MiB/s)
[slab-populate] blk46-up: 648 MiB in 0.1s (8647 MiB/s)
[slab-populate] blk46-down: 648 MiB in 0.1s (8389 MiB/s)
[slab-populate] blk47-gate: 648 MiB in 0.1s (9990 MiB/s)
[slab-populate] blk47-up: 648 MiB in 0.1s (9163 MiB/s)
[slab-populate] blk47-down: 648 MiB in 0.1s (9613 MiB/s)
[slab-populate] blk48-gate: 648 MiB in 0.1s (8448 MiB/s)
[slab-populate] blk48-up: 648 MiB in 0.1s (8348 MiB/s)
[slab-populate] blk48-down: 648 MiB in 0.1s (8728 MiB/s)
[slab-populate] blk49-gate: 648 MiB in 0.1s (8689 MiB/s)
[slab-populate] blk49-up: 648 MiB in 0.1s (7910 MiB/s)
[slab-populate] blk49-down: 648 MiB in 0.1s (8257 MiB/s)
[slab-populate] blk50-gate: 648 MiB in 0.1s (6884 MiB/s)
[slab-populate] blk50-up: 648 MiB in 0.1s (8221 MiB/s)
[slab-populate] blk50-down: 648 MiB in 0.1s (8614 MiB/s)
[slab-populate] blk51-gate: 648 MiB in 0.1s (8785 MiB/s)
[slab-populate] blk51-up: 648 MiB in 0.1s (9031 MiB/s)
[slab-populate] blk51-down: 648 MiB in 0.1s (7887 MiB/s)
[slab-populate] blk52-gate: 648 MiB in 0.1s (8740 MiB/s)
[slab-populate] blk52-up: 648 MiB in 0.1s (7575 MiB/s)
[slab-populate] blk52-down: 648 MiB in 0.1s (9132 MiB/s)
[slab-populate] blk53-gate: 648 MiB in 0.1s (8433 MiB/s)
[slab-populate] blk53-up: 648 MiB in 0.1s (9241 MiB/s)
[slab-populate] blk53-down: 648 MiB in 0.1s (9321 MiB/s)
[slab-populate] blk54-gate: 648 MiB in 0.1s (9249 MiB/s)
[slab-populate] blk54-up: 648 MiB in 0.1s (9974 MiB/s)
[slab-populate] blk54-down: 648 MiB in 0.1s (10046 MiB/s)
[slab-populate] blk55-gate: 648 MiB in 0.1s (10534 MiB/s)
[slab-populate] blk55-up: 648 MiB in 0.1s (10585 MiB/s)
[slab-populate] blk55-down: 648 MiB in 0.1s (10313 MiB/s)
[slab-populate] blk56-gate: 648 MiB in 0.1s (11075 MiB/s)
[slab-populate] blk56-up: 648 MiB in 0.1s (11495 MiB/s)
[slab-populate] blk56-down: 648 MiB in 0.1s (11643 MiB/s)
[slab-populate] blk57-gate: 648 MiB in 0.1s (10529 MiB/s)
[slab-populate] blk57-up: 648 MiB in 0.1s (10543 MiB/s)
[slab-populate] blk57-down: 648 MiB in 0.1s (10345 MiB/s)
[slab-populate] blk58-gate: 648 MiB in 0.1s (9745 MiB/s)
[slab-populate] blk58-up: 648 MiB in 0.1s (9734 MiB/s)
[slab-populate] blk58-down: 648 MiB in 0.1s (9702 MiB/s)
[slab-populate] blk59-gate: 648 MiB in 0.1s (10016 MiB/s)
[slab-populate] blk59-up: 648 MiB in 0.1s (8202 MiB/s)
[slab-populate] blk59-down: 648 MiB in 0.1s (10695 MiB/s)
[slab-populate] blk60-gate: 648 MiB in 0.1s (12124 MiB/s)
[slab-populate] blk60-up: 648 MiB in 0.1s (12259 MiB/s)
[slab-populate] blk60-down: 648 MiB in 0.1s (12337 MiB/s)
[slab-populate] blk61-gate: 648 MiB in 0.1s (12153 MiB/s)
[slab-populate] blk61-up: 648 MiB in 0.1s (12207 MiB/s)
[slab-populate] blk61-down: 648 MiB in 0.1s (12108 MiB/s)
[slab-populate] blk62-gate: 648 MiB in 0.1s (12022 MiB/s)
[slab-populate] blk62-up: 648 MiB in 0.1s (12123 MiB/s)
[slab-populate] blk62-down: 648 MiB in 0.0s (13786 MiB/s)
[slab-populate] blk63-gate: 648 MiB in 0.1s (12046 MiB/s)
[slab-populate] blk63-up: 648 MiB in 0.1s (9321 MiB/s)
[slab-populate] blk63-down: 648 MiB in 0.1s (12149 MiB/s)
[slab-populate] blk64-gate: 648 MiB in 0.1s (12096 MiB/s)
[slab-populate] blk64-up: 648 MiB in 0.1s (12194 MiB/s)
[slab-populate] blk64-down: 648 MiB in 0.1s (12158 MiB/s)
[slab-populate] blk65-gate: 648 MiB in 0.1s (12067 MiB/s)
[slab-populate] blk65-up: 648 MiB in 0.1s (12197 MiB/s)
[slab-populate] blk65-down: 648 MiB in 0.1s (12189 MiB/s)
[slab-populate] blk66-gate: 648 MiB in 0.1s (11985 MiB/s)
[slab-populate] blk66-up: 648 MiB in 0.1s (12140 MiB/s)
[slab-populate] blk66-down: 648 MiB in 0.1s (12196 MiB/s)
[slab-populate] blk67-gate: 648 MiB in 0.1s (10713 MiB/s)
[slab-populate] blk67-up: 648 MiB in 0.1s (10603 MiB/s)
[slab-populate] blk67-down: 648 MiB in 0.1s (12194 MiB/s)
[slab-populate] blk68-gate: 648 MiB in 0.1s (12113 MiB/s)
[slab-populate] blk68-up: 648 MiB in 0.1s (12239 MiB/s)
[slab-populate] blk68-down: 648 MiB in 0.1s (12238 MiB/s)
[slab-populate] blk69-gate: 648 MiB in 0.1s (12044 MiB/s)
[slab-populate] blk69-up: 648 MiB in 0.1s (12216 MiB/s)
[slab-populate] blk69-down: 648 MiB in 0.1s (12182 MiB/s)
[slab-populate] blk70-gate: 648 MiB in 0.1s (12104 MiB/s)
[slab-populate] blk70-up: 648 MiB in 0.1s (12186 MiB/s)
[slab-populate] blk70-down: 648 MiB in 0.1s (12130 MiB/s)
[slab-populate] blk71-gate: 648 MiB in 0.1s (10527 MiB/s)
[slab-populate] blk71-up: 648 MiB in 0.1s (10636 MiB/s)
[slab-populate] blk71-down: 648 MiB in 0.1s (12186 MiB/s)
[slab-populate] blk72-gate: 648 MiB in 0.1s (12134 MiB/s)
[slab-populate] blk72-up: 648 MiB in 0.1s (12162 MiB/s)
[slab-populate] blk72-down: 648 MiB in 0.1s (11955 MiB/s)
[slab-populate] blk73-gate: 648 MiB in 0.1s (11671 MiB/s)
[slab-populate] blk73-up: 648 MiB in 0.1s (12245 MiB/s)
[slab-populate] blk73-down: 648 MiB in 0.1s (12178 MiB/s)
[slab-populate] blk74-gate: 648 MiB in 0.1s (11207 MiB/s)
[slab-populate] blk74-up: 648 MiB in 0.1s (12245 MiB/s)
[slab-populate] blk74-down: 648 MiB in 0.1s (12221 MiB/s)
[slab-populate] blk75-gate: 648 MiB in 0.1s (10608 MiB/s)
[slab-populate] blk75-up: 648 MiB in 0.1s (12129 MiB/s)
[slab-populate] blk75-down: 648 MiB in 0.1s (12164 MiB/s)
[slab-populate] blk76-gate: 648 MiB in 0.1s (11815 MiB/s)
[slab-populate] blk76-up: 648 MiB in 0.1s (11751 MiB/s)
[slab-populate] blk76-down: 648 MiB in 0.1s (12024 MiB/s)
[slab-populate] blk77-gate: 648 MiB in 0.1s (11541 MiB/s)
[slab-populate] blk77-up: 648 MiB in 0.1s (12001 MiB/s)
[slab-populate] blk77-down: 648 MiB in 0.1s (12174 MiB/s)
[slab-populate] blk78-gate: 648 MiB in 0.1s (11486 MiB/s)
[slab-populate] blk78-up: 648 MiB in 0.1s (9789 MiB/s)
[slab-populate] blk78-down: 648 MiB in 0.1s (5679 MiB/s)
[slab-populate] blk79-gate: 648 MiB in 0.1s (4645 MiB/s)
[slab-populate] blk79-up: 648 MiB in 0.1s (6290 MiB/s)
[slab-populate] blk79-down: 648 MiB in 0.1s (5777 MiB/s)
loaded Hy3 (80 trunk layers)
prompts: 1 distinct across m=4 streams (lens [20, 20, 20, 20]), n_new=32
[moe-cache] size-aware fixed slots: 16410 slots in 1 classes, 58.07 GB / 58.07 GB budget
[spill-pread] enabled: depth=32 buffer_bytes=3538944 total_pinned_bytes=113246208 (bounded O_DIRECT worker prefetch, caller-thread compute-stream H2D, mmap error fallback)
[moe-cache] residency frozen: 16410 slots, 15675 resident blocks; 5225 complete experts, 0 one-projection fragments, 0 two-projection fragments (0 stranded blocks)
[moe-cache] freeze profile restored: 15675/15675 blocks restaged from /root/lane/hy3.freeze
[fa-pool] grow #0 dev=0 o_len 0 -> 8192 ml_len 0 -> 64 (retired kept, zero=false)
[glm5-vrows-t1-deny] dev=0 il=1 capture_open=false t1_dev=false forced=false slab_bases=false moe_q8=false uniform=true n_used=8 sigmoid_cfg=true pre_clamp=false cpu_hybrid=true observe_routes=false sig_router_env=true — the T=1 device-table MoE arm stood down and this layer takes the host-readback path. Benign with capture_open=false (an eager gap layer); with capture_open=true it is the wrong-answer class the router guard refuses, and the first denied conjunct on the line is the reason.
[glm5-vrows-t1-deny] dev=0 il=2 capture_open=false t1_dev=false forced=false slab_bases=false moe_q8=false uniform=true n_used=8 sigmoid_cfg=true pre_clamp=false cpu_hybrid=true observe_routes=false sig_router_env=true — the T=1 device-table MoE arm stood down and this layer takes the host-readback path. Benign with capture_open=false (an eager gap layer); with capture_open=true it is the wrong-answer class the router guard refuses, and the first denied conjunct on the line is the reason.
[glm5-vrows-t1-deny] dev=0 il=3 capture_open=false t1_dev=false forced=false slab_bases=false moe_q8=false uniform=true n_used=8 sigmoid_cfg=true pre_clamp=false cpu_hybrid=true observe_routes=false sig_router_env=true — the T=1 device-table MoE arm stood down and this layer takes the host-readback path. Benign with capture_open=false (an eager gap layer); with capture_open=true it is the wrong-answer class the router guard refuses, and the first denied conjunct on the line is the reason.
[glm5-vrows-t1-deny] dev=0 il=4 capture_open=false t1_dev=false forced=false slab_bases=false moe_q8=false uniform=true n_used=8 sigmoid_cfg=true pre_clamp=false cpu_hybrid=true observe_routes=false sig_router_env=true — the T=1 device-table MoE arm stood down and this layer takes the host-readback path. Benign with capture_open=false (an eager gap layer); with capture_open=true it is the wrong-answer class the router guard refuses, and the first denied conjunct on the line is the reason.
[glm5-vrows-t1-deny] dev=0 il=5 capture_open=false t1_dev=false forced=false slab_bases=false moe_q8=false uniform=true n_used=8 sigmoid_cfg=true pre_clamp=false cpu_hybrid=true observe_routes=false sig_router_env=true — the T=1 device-table MoE arm stood down and this layer takes the host-readback path. Benign with capture_open=false (an eager gap layer); with capture_open=true it is the wrong-answer class the router guard refuses, and the first denied conjunct on the line is the reason.
[glm5-vrows-t1-deny] dev=0 il=6 capture_open=false t1_dev=false forced=false slab_bases=false moe_q8=false uniform=true n_used=8 sigmoid_cfg=true pre_clamp=false cpu_hybrid=true observe_routes=false sig_router_env=true — the T=1 device-table MoE arm stood down and this layer takes the host-readback path. Benign with capture_open=false (an eager gap layer); with capture_open=true it is the wrong-answer class the router guard refuses, and the first denied conjunct on the line is the reason.
[glm5-vrows-t1-deny] dev=0 il=7 capture_open=false t1_dev=false forced=false slab_bases=false moe_q8=false uniform=true n_used=8 sigmoid_cfg=true pre_clamp=false cpu_hybrid=true observe_routes=false sig_router_env=true — the T=1 device-table MoE arm stood down and this layer takes the host-readback path. Benign with capture_open=false (an eager gap layer); with capture_open=true it is the wrong-answer class the router guard refuses, and the first denied conjunct on the line is the reason.
[glm5-vrows-t1-deny] dev=0 il=8 capture_open=false t1_dev=false forced=false slab_bases=false moe_q8=false uniform=true n_used=8 sigmoid_cfg=true pre_clamp=false cpu_hybrid=true observe_routes=false sig_router_env=true — the T=1 device-table MoE arm stood down and this layer takes the host-readback path. Benign with capture_open=false (an eager gap layer); with capture_open=true it is the wrong-answer class the router guard refuses, and the first denied conjunct on the line is the reason.
[memra] experimental CPU expert backend: /root/lane/libmemra-cpu-experts.so (threads=16)
[memra-cpu] RAM headroom cap: requested=60.00 GiB available=180.59 GiB reserve=8.00 GiB effective=60.00 GiB
[memra-cpu] normal-RAM expert cache: 60.00 GiB policy=lru io=direct
lockstep m=4: 128 tokens in 18.531s = 6.91 tok/s aggregate, 1.73 tok/s per stream
CPU experts DECODE-WINDOW: calls=8508 experts=34032 backend_wall=15.152s RAM_hits=15066 RAM_misses=10458 RAM_fills=37.01 GB io=4.468s compute=10.445s
stream 0: [503, 29463, 1512, 1208, 47736, 503, 316, 244, 9321, 287, 4791, 1017, 102155, 17366, 3791, 2438, 28615, 13, 286, 37246, 279, 17175, 926, 10266, 552, 244, 1127, 413, 252, 2921, 341, 71214]
stream 1: [503, 29463, 1512, 1208, 47736, 503, 316, 244, 9321, 287, 4791, 1017, 102155, 17366, 3791, 2438, 28615, 13, 286, 37246, 279, 17175, 926, 10266, 552, 244, 1127, 413, 252, 2921, 341, 71214]
stream 2: [503, 29463, 1512, 1208, 47736, 503, 316, 244, 9321, 287, 4791, 1017, 102155, 17366, 3791, 2438, 28615, 13, 286, 37246, 279, 17175, 926, 10266, 552, 244, 1127, 413, 252, 2921, 341, 71214]
stream 3: [503, 29463, 1512, 1208, 47736, 503, 316, 244, 9321, 287, 4791, 1017, 102155, 17366, 3791, 2438, 28615, 13, 286, 37246, 279, 17175, 926, 10266, 552, 244, 1127, 413, 252, 2921, 341, 71214]
stream-identity gate: PASS (all streams identical)
[memra-cpu-cache] hits=16140 misses=10812 hit_rate=59.88% read_GB=38.263 resident_GB=38.263
[memra-cpu-profile] calls=8980 prepare=0.243880s io=4.651642s insert=0.006364s compute=10.663886s read_projections=10812 read_GB=38.263 stage_entry=0.021336s stage_cached=0.190535s stage_missing=0.002379s stage_accum=0.000652s prefetch_projections=0 prefetch_GB=0.000
