build L e7d739a3b SERVER_EXIT=0 ENGINE_EXIT=0 
rows wide8 rc=0 PASS: every row bit-identical to its solo step across join, leave and row moves PASS: replayed, then 8 B-row steps beside a peer while armed, then replayed again: bit-identical to solo steps PASS: B-row graph steps bit-identical to solo steps across join, leave and row moves (5 captures, 28 graph ste PASS: sampled B-row graph draws equal the eager B-row draws (24 steps x 4 rows) PASS: 8-row eager B-row steps bit-identical to solo steps (24 steps x 8 rows) PASS: 8-row graph B-row steps bit-identical to solo steps (24 steps x 8 rows)  | TIME rep=0 WIDE B=8 ms_per_step=36.716 tok_s=217.89 (first step captures) TIME rep=1 WIDE B=8 ms_per_step=36.780 tok_s=217.51 (first step captures) 
rows wide16 rc=0 PASS: every row bit-identical to its solo step across join, leave and row moves PASS: replayed, then 8 B-row steps beside a peer while armed, then replayed again: bit-identical to solo steps PASS: B-row graph steps bit-identical to solo steps across join, leave and row moves (5 captures, 28 graph ste PASS: sampled B-row graph draws equal the eager B-row draws (24 steps x 4 rows) PASS: 16-row eager B-row steps bit-identical to solo steps (24 steps x 16 rows) PASS: 16-row graph B-row steps bit-identical to solo steps (24 steps x 16 rows)  | TIME rep=0 WIDE B=16 ms_per_step=70.395 tok_s=227.29 (first step captures) TIME rep=1 WIDE B=16 ms_per_step=70.631 tok_s=226.53 (first step captures) 
serve r1 D rc=0 CELL greedy-c4 c=4 ok=8/8 agg=153.38 tok/s decode_p50=40.73 tok/s ttft_p50=401 ms tpot_p50=24.55 ms errs=[] CELL greedy-c8 c=8 ok=16/16 agg=158.16 tok/s decode_p50=42.22 tok/s ttft_p50=6814 ms tpot_p50=23.69 ms errs=[] CELL greedy-c16 c=16 ok=16/16 agg=154.64 tok/s decode_p50=41.18 tok/s ttft_p50=10434 ms tpot_p50=24.28 ms errs=[] CELL sampled-c8 c=8 ok=16/16 agg=151.70 tok/s decode_p50=40.10 tok/s ttft_p50=7025 ms tpot_p50=24.94 ms errs=[] 
serve r2 E8 rc=0 CELL greedy-c4 c=4 ok=8/8 agg=152.00 tok/s decode_p50=40.39 tok/s ttft_p50=403 ms tpot_p50=24.76 ms errs=[] CELL greedy-c8 c=8 ok=16/16 agg=187.98 tok/s decode_p50=25.19 tok/s ttft_p50=741 ms tpot_p50=39.70 ms errs=[] CELL greedy-c16 c=16 ok=16/16 agg=125.03 tok/s decode_p50=16.50 tok/s ttft_p50=8139 ms tpot_p50=60.59 ms errs=[] CELL sampled-c8 c=8 ok=16/16 agg=183.65 tok/s decode_p50=24.59 tok/s ttft_p50=740 ms tpot_p50=40.66 ms errs=[] 
serve r3 E16 rc=0 CELL greedy-c4 c=4 ok=0/8 agg=0.00 tok/s decode_p50=None tok/s ttft_p50=None ms tpot_p50=None ms errs=['stream error: {"message": "the engine could no CELL greedy-c8 c=8 ok=0/16 agg=0.00 tok/s decode_p50=None tok/s ttft_p50=None ms tpot_p50=None ms errs=['stream error: {"message": "the engine could n CELL greedy-c16 c=16 ok=1/16 agg=41.68 tok/s decode_p50=45.30 tok/s ttft_p50=511 ms tpot_p50=22.07 ms errs=['stream error: {"message": "the engine cou CELL sampled-c8 c=8 ok=1/16 agg=43.28 tok/s decode_p50=93.10 tok/s ttft_p50=170 ms tpot_p50=10.74 ms errs=['stream error: {"message": "the engine coul 
serve r4 E16 rc=0 CELL greedy-c4 c=4 ok=0/8 agg=0.00 tok/s decode_p50=None tok/s ttft_p50=None ms tpot_p50=None ms errs=['stream error: {"message": "the engine could no CELL greedy-c8 c=8 ok=0/16 agg=0.00 tok/s decode_p50=None tok/s ttft_p50=None ms tpot_p50=None ms errs=['stream error: {"message": "the engine could n CELL greedy-c16 c=16 ok=14/16 agg=185.70 tok/s decode_p50=14.45 tok/s ttft_p50=1529 ms tpot_p50=69.23 ms errs=['stream error: {"message": "the engine  CELL sampled-c8 c=8 ok=0/16 agg=0.00 tok/s decode_p50=None tok/s ttft_p50=None ms tpot_p50=None ms errs=['stream error: {"message": "the engine could  
serve r5 E8 rc=0 CELL greedy-c4 c=4 ok=8/8 agg=151.67 tok/s decode_p50=40.30 tok/s ttft_p50=404 ms tpot_p50=24.82 ms errs=[] CELL greedy-c8 c=8 ok=16/16 agg=190.31 tok/s decode_p50=25.54 tok/s ttft_p50=743 ms tpot_p50=39.15 ms errs=[] CELL greedy-c16 c=16 ok=16/16 agg=61.13 tok/s decode_p50=7.80 tok/s ttft_p50=20404 ms tpot_p50=128.19 ms errs=[] CELL sampled-c8 c=8 ok=16/16 agg=183.22 tok/s decode_p50=24.50 tok/s ttft_p50=734 ms tpot_p50=40.82 ms errs=[] 
serve r6 D rc=0 CELL greedy-c4 c=4 ok=8/8 agg=152.81 tok/s decode_p50=40.55 tok/s ttft_p50=403 ms tpot_p50=24.66 ms errs=[] CELL greedy-c8 c=8 ok=16/16 agg=155.56 tok/s decode_p50=41.38 tok/s ttft_p50=6884 ms tpot_p50=24.16 ms errs=[] CELL greedy-c16 c=16 ok=16/16 agg=154.23 tok/s decode_p50=40.95 tok/s ttft_p50=10447 ms tpot_p50=24.42 ms errs=[] CELL sampled-c8 c=8 ok=16/16 agg=102.21 tok/s decode_p50=26.59 tok/s ttft_p50=10303 ms tpot_p50=37.60 ms errs=[] 
V6N_DONE e7d739a3bef2e0ec8444d7e1b9e1909d10946322
