build L2 19747ab0f SERVER_EXIT=0 ENGINE_EXIT=0 
rows wide16 rc=0 PASS: every row bit-identical to its solo step across join, leave and row moves PASS: replayed, then 8 B-row steps beside a peer while armed, then replayed again: bit-identical to solo steps PASS: B-row graph steps bit-identical to solo steps across join, leave and row moves (5 captures, 28 graph steps) PASS: sampled B-row graph draws equal the eager B-row draws (24 steps x 4 rows) PASS: 16-row-workspace eager B-row steps (widths 16, 8, 3) bit-identical to solo steps (24 steps x 16 sessions) PASS: 16-row-workspace graph B-row steps (widths 16, 8, 3) bit-identical to solo steps (24 steps x 16 sessions)  | TIME rep=0 WIDE B=16 ms_per_step=70.494 tok_s=226.97 (first step captures) TIME rep=1 WIDE B=16 ms_per_step=70.295 tok_s=227.61 (first step captures) 
serve r1 D rc=0 CELL greedy-c4 c=4 ok=8/8 agg=152.71 tok/s decode_p50=40.63 tok/s ttft_p50=413 ms tpot_p50=24.61 ms errs=[] CELL greedy-c8 c=8 ok=16/16 agg=159.22 tok/s decode_p50=42.36 tok/s ttft_p50=6744 ms tpot_p50=23.61 ms errs=[] CELL greedy-c16 c=16 ok=16/16 agg=155.30 tok/s decode_p50=41.64 tok/s ttft_p50=10422 ms tpot_p50=24.01 ms errs=[] CELL greedy-c24 c=24 ok=20/24 agg=156.31 tok/s decode_p50=41.75 tok/s ttft_p50=13617 ms tpot_p50=23.95 ms errs=['HTTP Error 429: Too Many Requests', ' CELL sampled-c8 c=8 ok=16/16 agg=153.50 tok/s decode_p50=40.74 tok/s ttft_p50=6962 ms tpot_p50=24.54 ms errs=[] 
serve r2 E8 rc=0 CELL greedy-c4 c=4 ok=8/8 agg=152.00 tok/s decode_p50=40.48 tok/s ttft_p50=420 ms tpot_p50=24.70 ms errs=[] CELL greedy-c8 c=8 ok=16/16 agg=190.31 tok/s decode_p50=25.63 tok/s ttft_p50=748 ms tpot_p50=39.02 ms errs=[] CELL greedy-c16 c=16 ok=16/16 agg=150.16 tok/s decode_p50=19.86 tok/s ttft_p50=8803 ms tpot_p50=50.35 ms errs=[] CELL greedy-c24 c=24 ok=24/24 agg=142.53 tok/s decode_p50=19.26 tok/s ttft_p50=12040 ms tpot_p50=51.93 ms errs=[] CELL sampled-c8 c=8 ok=16/16 agg=183.16 tok/s decode_p50=24.54 tok/s ttft_p50=731 ms tpot_p50=40.76 ms errs=[] 
serve r3 E16 rc=0 CELL greedy-c4 c=4 ok=8/8 agg=151.42 tok/s decode_p50=40.38 tok/s ttft_p50=424 ms tpot_p50=24.77 ms errs=[] CELL greedy-c8 c=8 ok=16/16 agg=188.96 tok/s decode_p50=25.35 tok/s ttft_p50=767 ms tpot_p50=39.45 ms errs=[] CELL greedy-c16 c=16 ok=16/16 agg=187.33 tok/s decode_p50=12.61 tok/s ttft_p50=1563 ms tpot_p50=79.28 ms errs=[] CELL greedy-c24 c=24 ok=24/24 agg=185.01 tok/s decode_p50=12.82 tok/s ttft_p50=2207 ms tpot_p50=77.99 ms errs=[] CELL sampled-c8 c=8 ok=16/16 agg=182.82 tok/s decode_p50=24.41 tok/s ttft_p50=738 ms tpot_p50=40.96 ms errs=[] 
serve r4 E16 rc=0 CELL greedy-c4 c=4 ok=8/8 agg=152.04 tok/s decode_p50=40.42 tok/s ttft_p50=406 ms tpot_p50=24.74 ms errs=[] CELL greedy-c8 c=8 ok=16/16 agg=191.06 tok/s decode_p50=25.72 tok/s ttft_p50=751 ms tpot_p50=38.89 ms errs=[] CELL greedy-c16 c=16 ok=16/16 agg=151.35 tok/s decode_p50=10.03 tok/s ttft_p50=1580 ms tpot_p50=99.75 ms errs=[] CELL greedy-c24 c=24 ok=24/24 agg=128.47 tok/s decode_p50=8.00 tok/s ttft_p50=2219 ms tpot_p50=125.07 ms errs=[] CELL sampled-c8 c=8 ok=16/16 agg=180.73 tok/s decode_p50=24.14 tok/s ttft_p50=739 ms tpot_p50=41.42 ms errs=[] 
serve r5 E8 rc=0 CELL greedy-c4 c=4 ok=8/8 agg=150.86 tok/s decode_p50=40.08 tok/s ttft_p50=427 ms tpot_p50=24.95 ms errs=[] CELL greedy-c8 c=8 ok=16/16 agg=187.66 tok/s decode_p50=25.16 tok/s ttft_p50=724 ms tpot_p50=39.74 ms errs=[] CELL greedy-c16 c=16 ok=16/16 agg=182.39 tok/s decode_p50=24.45 tok/s ttft_p50=6442 ms tpot_p50=40.90 ms errs=[] CELL greedy-c24 c=24 ok=24/24 agg=155.98 tok/s decode_p50=23.80 tok/s ttft_p50=17662 ms tpot_p50=42.01 ms errs=[] CELL sampled-c8 c=8 ok=16/16 agg=144.07 tok/s decode_p50=19.08 tok/s ttft_p50=735 ms tpot_p50=52.40 ms errs=[] 
serve r6 D rc=0 CELL greedy-c4 c=4 ok=8/8 agg=152.16 tok/s decode_p50=40.62 tok/s ttft_p50=423 ms tpot_p50=24.62 ms errs=[] CELL greedy-c8 c=8 ok=16/16 agg=103.17 tok/s decode_p50=26.83 tok/s ttft_p50=10222 ms tpot_p50=37.27 ms errs=[] CELL greedy-c16 c=16 ok=16/16 agg=156.19 tok/s decode_p50=41.47 tok/s ttft_p50=10301 ms tpot_p50=24.11 ms errs=[] CELL greedy-c24 c=24 ok=20/24 agg=139.94 tok/s decode_p50=40.78 tok/s ttft_p50=13771 ms tpot_p50=24.52 ms errs=['HTTP Error 429: Too Many Requests', ' CELL sampled-c8 c=8 ok=16/16 agg=154.01 tok/s decode_p50=40.94 tok/s ttft_p50=6951 ms tpot_p50=24.42 ms errs=[] 
V6S_DONE 19747ab0f92f833d76cfdd8a852f7b55ae0d5e64
