build M SERVER_EXIT=0 ENGINE_EXIT=0  L SERVER_EXIT=0 ENGINE_EXIT=0 
serve r1 M rc=0 serving lane(s) (default on the plain TP/EP program, sharing B-row steps; MEMRA_DSV4_SESSIONS=1 is the serial route) CELL greedy-c1 c=1 ok=8/8 agg=95.30 tok/s decode_p50=100.12 tok/s ttft_p50=133 ms tpot_p50=9.99 ms errs=[] CELL sampled-c1 c=1 ok=8/8 agg=96.09 tok/s decode_p50=100.53 tok/s ttft_p50=128 ms tpot_p50=9.95 ms errs=[] CELL greedy-c2 c=2 ok=8/8 agg=128.44 tok/s decode_p50=67.30 tok/s ttft_p50=196 ms tpot_p50=14.86 ms errs=[] CELL greedy-c4 c=4 ok=8/8 agg=162.52 tok/s decode_p50=42.96 tok/s ttft_p50=349 ms tpot_p50=23.28 ms errs=[] CELL greedy-c2-2k c=2 ok=8/8 agg=25.86 tok/s decode_p50=52.72 tok/s ttft_p50=7464 ms tpot_p50=18.97 ms errs=[] 
serve r2 L rc=0 serving lane(s) (default on the plain TP/EP program, sharing B-row steps; MEMRA_DSV4_SESSIONS=1 is the serial route) CELL greedy-c1 c=1 ok=8/8 agg=95.39 tok/s decode_p50=100.18 tok/s ttft_p50=133 ms tpot_p50=9.98 ms errs=[] CELL sampled-c1 c=1 ok=8/8 agg=95.86 tok/s decode_p50=100.48 tok/s ttft_p50=132 ms tpot_p50=9.95 ms errs=[] CELL greedy-c2 c=2 ok=8/8 agg=127.18 tok/s decode_p50=67.16 tok/s ttft_p50=226 ms tpot_p50=14.89 ms errs=[] CELL greedy-c4 c=4 ok=8/8 agg=162.41 tok/s decode_p50=42.86 tok/s ttft_p50=333 ms tpot_p50=23.33 ms errs=[] CELL greedy-c2-2k c=2 ok=8/8 agg=25.80 tok/s decode_p50=52.27 tok/s ttft_p50=7466 ms tpot_p50=19.13 ms errs=[] 
serve r3 L rc=0 serving lane(s) (default on the plain TP/EP program, sharing B-row steps; MEMRA_DSV4_SESSIONS=1 is the serial route) CELL greedy-c1 c=1 ok=8/8 agg=95.30 tok/s decode_p50=100.11 tok/s ttft_p50=134 ms tpot_p50=9.99 ms errs=[] CELL sampled-c1 c=1 ok=8/8 agg=95.85 tok/s decode_p50=100.46 tok/s ttft_p50=133 ms tpot_p50=9.95 ms errs=[] CELL greedy-c2 c=2 ok=8/8 agg=127.32 tok/s decode_p50=67.20 tok/s ttft_p50=227 ms tpot_p50=14.88 ms errs=[] CELL greedy-c4 c=4 ok=8/8 agg=162.86 tok/s decode_p50=43.00 tok/s ttft_p50=303 ms tpot_p50=23.26 ms errs=[] CELL greedy-c2-2k c=2 ok=8/8 agg=25.82 tok/s decode_p50=52.40 tok/s ttft_p50=7457 ms tpot_p50=19.08 ms errs=[] 
serve r4 M rc=0 serving lane(s) (default on the plain TP/EP program, sharing B-row steps; MEMRA_DSV4_SESSIONS=1 is the serial route) CELL greedy-c1 c=1 ok=8/8 agg=96.25 tok/s decode_p50=101.47 tok/s ttft_p50=132 ms tpot_p50=9.86 ms errs=[] CELL sampled-c1 c=1 ok=8/8 agg=96.15 tok/s decode_p50=100.60 tok/s ttft_p50=128 ms tpot_p50=9.94 ms errs=[] CELL greedy-c2 c=2 ok=8/8 agg=128.49 tok/s decode_p50=67.33 tok/s ttft_p50=197 ms tpot_p50=14.85 ms errs=[] CELL greedy-c4 c=4 ok=8/8 agg=162.16 tok/s decode_p50=42.93 tok/s ttft_p50=349 ms tpot_p50=23.29 ms errs=[] CELL greedy-c2-2k c=2 ok=8/8 agg=25.83 tok/s decode_p50=52.53 tok/s ttft_p50=7463 ms tpot_p50=19.04 ms errs=[] 
serve c24 L rc=0 16 serving lane(s) (default on the plain TP/EP program, sharing B-row steps; MEMRA_DSV4_SESSIONS=1 is the serial route) CELL greedy-c4 c=4 ok=8/8 agg=158.52 tok/s decode_p50=41.69 tok/s ttft_p50=315 ms tpot_p50=23.99 ms errs=[] CELL greedy-c8 c=8 ok=16/16 agg=200.33 tok/s decode_p50=26.63 tok/s ttft_p50=614 ms tpot_p50=37.55 ms errs=[] CELL greedy-c16 c=16 ok=16/16 agg=199.82 tok/s decode_p50=13.40 tok/s ttft_p50=1370 ms tpot_p50=74.65 ms errs=[] CELL greedy-c24 c=24 ok=24/24 agg=198.71 tok/s decode_p50=13.61 tok/s ttft_p50=1909 ms tpot_p50=73.47 ms errs=[] CELL sampled-c8 c=8 ok=16/16 agg=193.26 tok/s decode_p50=25.53 tok/s ttft_p50=602 ms tpot_p50=39.17 ms errs=[] 
V6U_DONE 041edaf5f299d6764bcf9cb6a377ba77e930b303
