build L5 a8f6dc914 SERVER_EXIT=0 ENGINE_EXIT=0 
long-304 L5 rc=0 PASS: 304 PROGRAM_SHA256 fbce1a0492d69635 
rows wide16 rc=0 PASS: every row bit-identical to its solo step across join, leave and row moves PASS: replayed, then 8 B-row steps beside a peer while armed, then replayed again: bit-ide PASS: B-row graph steps bit-identical to solo steps across join, leave and row moves (5 ca PASS: sampled B-row graph draws equal the eager B-row draws (24 steps x 4 rows) PASS: 16-row-workspace eager B-row steps (widths 16, 8, 3) bit-identical to solo steps (24 PASS: 16-row-workspace graph B-row steps (widths 16, 8, 3) bit-identical to solo steps (24 
serve r1 M rc=0 CELL greedy-c1 c=1 ok=8/8 agg=95.11 tok/s decode_p50=100.16 tok/s ttft_p50=134 ms tpot_p50=9.98 ms errs=[] CELL sampled-c1 c=1 ok=8/8 agg=96.05 tok/s decode_p50=100.50 tok/s ttft_p50=128 ms tpot_p50=9.95 ms errs=[] CELL greedy-c2 c=2 ok=8/8 agg=128.15 tok/s decode_p50=67.22 tok/s ttft_p50=197 ms tpot_p50=14.88 ms errs=[] CELL greedy-c4 c=4 ok=8/8 agg=162.22 tok/s decode_p50=42.74 tok/s ttft_p50=345 ms tpot_p50=23.40 ms errs=[] CELL greedy-c2-2k c=2 ok=8/8 agg=25.82 tok/s decode_p50=52.57 tok/s ttft_p50=7469 ms tpot_p50=19.02 ms errs=[] 
serve r2 L rc=0 CELL greedy-c1 c=1 ok=8/8 agg=94.90 tok/s decode_p50=99.53 tok/s ttft_p50=134 ms tpot_p50=10.05 ms errs=[] CELL sampled-c1 c=1 ok=8/8 agg=95.81 tok/s decode_p50=100.43 tok/s ttft_p50=133 ms tpot_p50=9.96 ms errs=[] CELL greedy-c2 c=2 ok=8/8 agg=127.57 tok/s decode_p50=67.45 tok/s ttft_p50=232 ms tpot_p50=14.83 ms errs=[] CELL greedy-c4 c=4 ok=8/8 agg=162.93 tok/s decode_p50=43.15 tok/s ttft_p50=325 ms tpot_p50=23.17 ms errs=[] CELL greedy-c2-2k c=2 ok=8/8 agg=25.81 tok/s decode_p50=52.76 tok/s ttft_p50=7479 ms tpot_p50=18.95 ms errs=[] 
serve r3 L rc=0 CELL greedy-c1 c=1 ok=8/8 agg=94.97 tok/s decode_p50=99.85 tok/s ttft_p50=134 ms tpot_p50=10.02 ms errs=[] CELL sampled-c1 c=1 ok=8/8 agg=95.80 tok/s decode_p50=100.44 tok/s ttft_p50=133 ms tpot_p50=9.96 ms errs=[] CELL greedy-c2 c=2 ok=8/8 agg=127.63 tok/s decode_p50=67.45 tok/s ttft_p50=229 ms tpot_p50=14.83 ms errs=[] CELL greedy-c4 c=4 ok=8/8 agg=163.70 tok/s decode_p50=43.61 tok/s ttft_p50=370 ms tpot_p50=22.93 ms errs=[] CELL greedy-c2-2k c=2 ok=8/8 agg=25.82 tok/s decode_p50=52.57 tok/s ttft_p50=7465 ms tpot_p50=19.02 ms errs=[] 
serve r4 M rc=0 CELL greedy-c1 c=1 ok=8/8 agg=95.18 tok/s decode_p50=100.02 tok/s ttft_p50=134 ms tpot_p50=10.00 ms errs=[] CELL sampled-c1 c=1 ok=8/8 agg=96.07 tok/s decode_p50=100.52 tok/s ttft_p50=128 ms tpot_p50=9.95 ms errs=[] CELL greedy-c2 c=2 ok=8/8 agg=128.47 tok/s decode_p50=67.34 tok/s ttft_p50=194 ms tpot_p50=14.85 ms errs=[] CELL greedy-c4 c=4 ok=8/8 agg=162.65 tok/s decode_p50=43.05 tok/s ttft_p50=351 ms tpot_p50=23.23 ms errs=[] CELL greedy-c2-2k c=2 ok=8/8 agg=25.85 tok/s decode_p50=52.64 tok/s ttft_p50=7458 ms tpot_p50=19.00 ms errs=[] 
serve c24 L rc=0 CELL greedy-c4 c=4 ok=8/8 agg=158.57 tok/s decode_p50=41.87 tok/s ttft_p50=335 ms tpot_p50=23.88 ms errs=[] CELL greedy-c8 c=8 ok=16/16 agg=200.16 tok/s decode_p50=26.69 tok/s ttft_p50=620 ms tpot_p50=37.47 ms errs=[] CELL greedy-c16 c=16 ok=16/16 agg=201.37 tok/s decode_p50=13.46 tok/s ttft_p50=1389 ms tpot_p50=74.28 ms errs=[] CELL greedy-c24 c=24 ok=24/24 agg=200.71 tok/s decode_p50=13.27 tok/s ttft_p50=1749 ms tpot_p50=75.34 ms errs=[] CELL sampled-c8 c=8 ok=16/16 agg=193.37 tok/s decode_p50=25.57 tok/s ttft_p50=598 ms tpot_p50=39.10 ms errs=[] 
V6V_DONE a8f6dc914876e57beb7532d0273a0e3bc2d43e7f
