stress r1 fused2 rc=0 CELL ieos-a c=1 ok=16/16 agg=54.32 tok/s decode_p50=56.64 tok/s ttft_p50=210 ms tpot_p50=17.65 ms errs=[] CELL ieos-b c=1 ok=16/16 agg=54.25 tok/s decode_p50=56.57 tok/s ttft_p50=210 ms tpot_p50=17.68 ms errs=[] CELL ieos-c c=1 ok=16/16 agg=54.21 tok/s decode_p50=56.53 tok/s ttft_p50=212 ms tpot_p50=17.69 ms errs=[] CELL ieos-d c=1 ok=16/16 agg=54.26 tok/s decode_p50=56.57 tok/s ttft_p50=211 ms tpot_p50=17.68 ms errs=[] CELL sampled c=1 ok=8/8 agg=48.89 tok/s decode_p50=50.80 tok/s ttft_p50=213 ms tpot_p50=19.69 ms errs=[] 
stress r2 main rc=0 CELL ieos-a c=1 ok=16/16 agg=49.06 tok/s decode_p50=50.93 tok/s ttft_p50=212 ms tpot_p50=19.63 ms errs=[] CELL ieos-b c=1 ok=16/16 agg=49.05 tok/s decode_p50=50.88 tok/s ttft_p50=212 ms tpot_p50=19.65 ms errs=[] CELL ieos-c c=1 ok=16/16 agg=49.04 tok/s decode_p50=50.88 tok/s ttft_p50=212 ms tpot_p50=19.65 ms errs=[] CELL ieos-d c=1 ok=16/16 agg=49.03 tok/s decode_p50=50.88 tok/s ttft_p50=212 ms tpot_p50=19.65 ms errs=[] CELL sampled c=1 ok=8/8 agg=44.44 tok/s decode_p50=46.17 tok/s ttft_p50=215 ms tpot_p50=21.66 ms errs=[] 
stress r3 main rc=0 CELL ieos-a c=1 ok=16/16 agg=49.04 tok/s decode_p50=50.90 tok/s ttft_p50=212 ms tpot_p50=19.65 ms errs=[] CELL ieos-b c=1 ok=16/16 agg=49.03 tok/s decode_p50=50.87 tok/s ttft_p50=212 ms tpot_p50=19.66 ms errs=[] CELL ieos-c c=1 ok=16/16 agg=48.99 tok/s decode_p50=50.87 tok/s ttft_p50=213 ms tpot_p50=19.66 ms errs=[] CELL ieos-d c=1 ok=16/16 agg=49.02 tok/s decode_p50=50.87 tok/s ttft_p50=213 ms tpot_p50=19.66 ms errs=[] CELL sampled c=1 ok=8/8 agg=44.57 tok/s decode_p50=46.14 tok/s ttft_p50=214 ms tpot_p50=21.67 ms errs=[] 
stress r4 fused2 rc=0 CELL ieos-a c=1 ok=16/16 agg=54.28 tok/s decode_p50=56.61 tok/s ttft_p50=211 ms tpot_p50=17.66 ms errs=[] CELL ieos-b c=1 ok=16/16 agg=54.22 tok/s decode_p50=56.56 tok/s ttft_p50=211 ms tpot_p50=17.68 ms errs=[] CELL ieos-c c=1 ok=16/16 agg=54.22 tok/s decode_p50=56.57 tok/s ttft_p50=211 ms tpot_p50=17.68 ms errs=[] CELL ieos-d c=1 ok=16/16 agg=54.25 tok/s decode_p50=56.56 tok/s ttft_p50=211 ms tpot_p50=17.68 ms errs=[] CELL sampled c=1 ok=8/8 agg=48.81 tok/s decode_p50=50.74 tok/s ttft_p50=214 ms tpot_p50=19.71 ms errs=[] 
stress r5 fused2 rc=0 HANG captured age_ms=91333 CELL ieos-a c=1 ok=13/16 agg=17.12 tok/s decode_p50=56.62 tok/s ttft_p50=212 ms tpot_p50=17.66 ms errs=['stream ended wi CELL ieos-b c=1 ok=0/16 agg=0.00 tok/s decode_p50=None tok/s ttft_p50=None ms tpot_p50=None ms errs=['<urlopen error [Er CELL ieos-c c=1 ok=0/16 agg=0.00 tok/s decode_p50=None tok/s ttft_p50=None ms tpot_p50=None ms errs=['<urlopen error [Er CELL ieos-d c=1 ok=0/16 agg=0.00 tok/s decode_p50=None tok/s ttft_p50=None ms tpot_p50=None ms errs=['<urlopen error [Er CELL sampled c=1 ok=0/8 agg=0.00 tok/s decode_p50=None tok/s ttft_p50=None ms tpot_p50=None ms errs=['<urlopen error [Er 
stress r6 main rc=0 CELL ieos-a c=1 ok=16/16 agg=49.07 tok/s decode_p50=50.92 tok/s ttft_p50=212 ms tpot_p50=19.64 ms errs=[] CELL ieos-b c=1 ok=16/16 agg=49.04 tok/s decode_p50=50.87 tok/s ttft_p50=213 ms tpot_p50=19.66 ms errs=[] CELL ieos-c c=1 ok=16/16 agg=49.00 tok/s decode_p50=50.87 tok/s ttft_p50=215 ms tpot_p50=19.66 ms errs=[] CELL ieos-d c=1 ok=16/16 agg=49.04 tok/s decode_p50=50.87 tok/s ttft_p50=212 ms tpot_p50=19.66 ms errs=[] CELL sampled c=1 ok=8/8 agg=44.48 tok/s decode_p50=46.08 tok/s ttft_p50=216 ms tpot_p50=21.70 ms errs=[] 
stress r7 main rc=0 CELL ieos-a c=1 ok=16/16 agg=49.05 tok/s decode_p50=50.92 tok/s ttft_p50=213 ms tpot_p50=19.64 ms errs=[] CELL ieos-b c=1 ok=16/16 agg=49.01 tok/s decode_p50=50.87 tok/s ttft_p50=212 ms tpot_p50=19.66 ms errs=[] CELL ieos-c c=1 ok=16/16 agg=49.01 tok/s decode_p50=50.87 tok/s ttft_p50=213 ms tpot_p50=19.66 ms errs=[] CELL ieos-d c=1 ok=16/16 agg=49.00 tok/s decode_p50=50.86 tok/s ttft_p50=212 ms tpot_p50=19.66 ms errs=[] CELL sampled c=1 ok=8/8 agg=44.55 tok/s decode_p50=46.12 tok/s ttft_p50=215 ms tpot_p50=21.68 ms errs=[] 
stress r8 fused2 rc=0 CELL ieos-a c=1 ok=16/16 agg=54.29 tok/s decode_p50=56.60 tok/s ttft_p50=210 ms tpot_p50=17.67 ms errs=[] CELL ieos-b c=1 ok=16/16 agg=54.25 tok/s decode_p50=56.57 tok/s ttft_p50=211 ms tpot_p50=17.68 ms errs=[] CELL ieos-c c=1 ok=16/16 agg=54.23 tok/s decode_p50=56.57 tok/s ttft_p50=211 ms tpot_p50=17.68 ms errs=[] CELL ieos-d c=1 ok=16/16 agg=54.24 tok/s decode_p50=56.56 tok/s ttft_p50=211 ms tpot_p50=17.68 ms errs=[] CELL sampled c=1 ok=8/8 agg=48.85 tok/s decode_p50=50.76 tok/s ttft_p50=213 ms tpot_p50=19.70 ms errs=[] 
PAIR7_DONE
