[server] build: memra-0.138.0-b5ec696b0cc7 (id: source-tree, git: 2c5edcb4cbf5)
[server] starting; models config = [("dsv4f", "/data/dsv4f/nvfp4", None)]
[gpu-watch] Xid source: /dev/kmsg
[worker-affinity] off (MEMRA_WORKER_CPUSET / MEMRA_WORKER_AFFINITY unset or =0)
[gpu-watch] on: every 60s, probe deadline 10s, fatal after 3 consecutive misses (MEMRA_GPU_PROBE_MISSES), fatal Xid [48, 64, 79, 94, 95, 119, 120]
[worker] Engine ready (device=0, MEMRA_FAST=true)
[spec-gate] policy placement=single-or-non-pp2 LOW=2 HIGH=4 source=placement-default spec-admission=on
[spec-k] automatic table: prompt<1024 -> K=3; cold-long -> K=3; prompt>= 1024 and cached>= 1024 -> K=2 (K=5 when the loaded MTP head is rank-trimmed)
[worker] loading model "dsv4f" <- /data/dsv4f/nvfp4
[load] sampled candidate order: Radix
[load] placement: split_at=22 trunk_layers=43 dspark_tail_reserve=0.00 GiB
[load] plain sampler: Device (the topology's default)
[load] expert arm: Native | decode path: Device { host_math: false } | dots arm: f32x (dots + sink/norm/indexer chains)
[load] topology: TpEpAllLayers | layers=43 per-rank-resident=all
[load] indexer score: Knee
[load] prefill head: All
[load] prefill DSpark prime: All
[load] sampled DSpark proposal: Greedy
[load] prefill MoE: reference
[load] dspark exit-head dots arm: f32x (rung-4c fork; drafts only, never the emitted stream)
[load] dspark selected-expert dispatch: per-expert reference
[load] dense arm: fp8 (iteration-5; fp8 = FP8-blk linears as-stored on the device decode/verify paths, bit-identical twins)
[load] lane-8 peer byte-integrity probe PASS: 1 boundaries, 10 copies, ladder [16384, 65536, 524288, 1048576, 67108864] bytes, 348.8ms
[load] lane-8 peer transport enabled (1 boundaries)
[load] layer 3 -> 2 rank copies done t=25s
[load] layer 7 -> 2 rank copies done t=48s
[load] layer 11 -> 2 rank copies done t=69s
[load] layer 15 -> 2 rank copies done t=96s
[load] layer 19 -> 2 rank copies done t=130s
[load] layer 23 -> 2 rank copies done t=149s
[load] layer 27 -> 2 rank copies done t=169s
[load] layer 31 -> 2 rank copies done t=188s
[load] layer 35 -> 2 rank copies done t=208s
[load] layer 39 -> 2 rank copies done t=238s
[load] layer 42 -> 2 rank copies done t=269s
[load] drafter: 3 DSpark block(s) (mtp.0.e_proj absent) — GPU drafter path off (set MEMRA_DSV4_DRAFTER=dspark); trunk-only
[TP/EP load] local expert banks resident by ID: rank0=0..128, rank1=128..256; peer dispatch disabled
[load] expert program: matrix (grouped ModelOpt split-plane executor via dsv4_grouped; tensor-core MMA class, the loaded default since 2026-09-11), EP pair (all-layer TP/EP local banks)
[attention-TP2] packed rank-local Q_b/wo_a/wo_b rows: heads=32 groups=4 wo_b_rows=2048 full_planes_freed=8.06 GiB numeric_class=dsv4_attention_head_split_row_gather_exact
[dsv4-doors] program=loaded door="replay cadence" env=MEMRA_DSV4_REPLAY_CADENCE merged=#374 declared_default=On resolved=On(DecodeOnlyM1) disposition=PortAdmissionOrRedeclare
[dsv4-doors] program=loaded door="dense exact-tail transport" env=MEMRA_DSV4_DENSE_EXACT_TAIL merged=#374 declared_default=On resolved=On(DecodeOnlyM1) disposition=Engaged
[dsv4-doors] program=loaded door="dense-fast" env=MEMRA_DSV4_DENSE_FAST merged=#404 declared_default=On resolved=On(DecodeOnlyM1) disposition=Engaged
[dsv4-doors] program=loaded door="HC dot split S16" env=MEMRA_DSV4_HC_DOT_SPLIT merged=#418 declared_default=On resolved=On(AllRoutedShapes) disposition=Engaged
[dsv4-serve] dsv4f: placement TP/EP (expert-ID EP pair, attention TP2) (default), plain sampler Device
[dsv4-serve] dsv4f: loaded on devices [0, 1], contract RefFp8Round, max_seq 1048576, drafter absent (plain only), parked-host-cache OFF (MEMRA_DSV4_KV_HOST_MB=0), chunked-prefill 512 tokens, active-C4-host-budget 0 bytes (0=OFF; separate from parked cache)
[dsv4-serve] dsv4f: B-row steps up to 4 rows, 1 group(s) in flight (MEMRA_DSV4_ROWS)
[dsv4-serve] dsv4f: 4 serving lane(s) (default on the plain TP/EP program, sharing B-row steps; MEMRA_DSV4_SESSIONS=1 is the serial route)
[admit-mem] route=dsv4-thread model="dsv4f" calibrated fixed_plain=0:4529986520,1:4529986520 fixed_spec=0:4529986520,1:4529986520 ceiling=0:15937354404,1:15966250652 defer_budget_ms=8000
[route-contract] model="dsv4f" route=dsv4-thread capacity=4 sessions implemented=[capacity,occupancy,progress,fault-ownership,shutdown-ownership,memory-cost,service-metrics] refused=[rewrite-qualification: the route consumes no MEMRA_REWRITE_BUNDLE and none of its programs is a plan rewrite (memra#449); prime-fairness: no worker Session exists for a dsv4 request; the prime is one synchronous chunked call on the serving thread (memra#535 P4)]
[prefix-cache] WARNING: derived budget is 0 B after the boot free-VRAM reserve clamp; prefix caching disabled
[admit-mem] door=OFF open_output_tokens=8192 defer_budget_ms=8000 (admission charges prompt+output, the reclaim flush demotes to the host tier before dropping, and a memory defer past the budget refuses 429 instead of queueing past the client's deadline)
[server] worker ready; serving models: ["dsv4f"]
[server] listening on http://127.0.0.1:49927
[meter] admit id=chatcmpl-c3e6c563126dacfe069933831ab70303 tenant=default lane=interactive model="dsv4f"
[admit-mem] id=chatcmpl-c3e6c563126dacfe069933831ab70303 model="dsv4f" route=dsv4-thread verdict=admit capacity=512 spec=false need=0:4605598680,1:4605598680 ceiling=0:15937354404,1:15966250652 host_need=0 short=- waited_ms=0 reclaimed=0 retry_after_s=-
[moe-sk-form] dev=0 qt=108 sms=188 occ128=1 occ32=7 occt=3 cross=2147483647 xcross=2147483647 bdb=0 in_f=4096 out_f=2048 n_active=128 max_m=228
[meter] admit id=chatcmpl-95afcb5ec509131ad7ff643432b9a07b tenant=default lane=interactive model="dsv4f"
[admit-mem] id=chatcmpl-95afcb5ec509131ad7ff643432b9a07b model="dsv4f" route=dsv4-thread verdict=admit capacity=512 spec=false need=0:4605598680,1:4605598680 ceiling=0:15937354404,1:15966250652 host_need=0 short=- waited_ms=0 reclaimed=0 retry_after_s=-
[meter] admit id=chatcmpl-6751df8754f07e0ddfbc032607e743bd tenant=default lane=interactive model="dsv4f"
[admit-mem] id=chatcmpl-6751df8754f07e0ddfbc032607e743bd model="dsv4f" route=dsv4-thread verdict=admit capacity=512 spec=false need=0:4605598680,1:4605598680 ceiling=0:15937354404,1:15966250652 host_need=0 short=- waited_ms=0 reclaimed=0 retry_after_s=-
[meter] admit id=chatcmpl-1a4d135a6f93cf8a0265abae00d58ce3 tenant=default lane=interactive model="dsv4f"
[admit-mem] id=chatcmpl-1a4d135a6f93cf8a0265abae00d58ce3 model="dsv4f" route=dsv4-thread verdict=admit capacity=512 spec=false need=0:4605598680,1:4605598680 ceiling=0:15937354404,1:15966250652 host_need=0 short=- waited_ms=0 reclaimed=0 retry_after_s=-
[meter] admit id=chatcmpl-a6bf41d053a912393dc8ca95a5ff71ba tenant=default lane=interactive model="dsv4f"
[admit-mem] id=chatcmpl-a6bf41d053a912393dc8ca95a5ff71ba model="dsv4f" route=dsv4-thread verdict=admit capacity=512 spec=false need=0:4605598680,1:4605598680 ceiling=0:15937354404,1:15966250652 host_need=0 short=- waited_ms=0 reclaimed=0 retry_after_s=-
[meter] admit id=chatcmpl-5864ba05368149c9b55cd182647aa1b2 tenant=default lane=interactive model="dsv4f"
[admit-mem] id=chatcmpl-5864ba05368149c9b55cd182647aa1b2 model="dsv4f" route=dsv4-thread verdict=admit capacity=512 spec=false need=0:4605598680,1:4605598680 ceiling=0:15937354404,1:15966250652 host_need=0 short=- waited_ms=0 reclaimed=0 retry_after_s=-
[meter] admit id=chatcmpl-aa030699a6020366157cbbb9c93c3e14 tenant=default lane=interactive model="dsv4f"
[admit-mem] id=chatcmpl-aa030699a6020366157cbbb9c93c3e14 model="dsv4f" route=dsv4-thread verdict=admit capacity=512 spec=false need=0:4605598680,1:4605598680 ceiling=0:15937354404,1:15966250652 host_need=0 short=- waited_ms=0 reclaimed=0 retry_after_s=-
[meter] admit id=chatcmpl-5d1379e9f474e8532431df38dadb7ff5 tenant=default lane=interactive model="dsv4f"
[admit-mem] id=chatcmpl-5d1379e9f474e8532431df38dadb7ff5 model="dsv4f" route=dsv4-thread verdict=admit capacity=512 spec=false need=0:4605598680,1:4605598680 ceiling=0:15937354404,1:15966250652 host_need=0 short=- waited_ms=0 reclaimed=0 retry_after_s=-
[meter] admit id=chatcmpl-abda5c2baecf3133a6690de4136bee8c tenant=default lane=interactive model="dsv4f"
[admit-mem] id=chatcmpl-abda5c2baecf3133a6690de4136bee8c model="dsv4f" route=dsv4-thread verdict=admit capacity=512 spec=false need=0:4605598680,1:4605598680 ceiling=0:15937354404,1:15966250652 host_need=0 short=- waited_ms=0 reclaimed=0 retry_after_s=-
[meter] admit id=chatcmpl-2afaeff91911b46fbe157e52ab27d418 tenant=default lane=interactive model="dsv4f"
[meter] admit id=chatcmpl-efe2fae0fc297919c169a8dba463b1db tenant=default lane=interactive model="dsv4f"
[admit-mem] id=chatcmpl-2afaeff91911b46fbe157e52ab27d418 model="dsv4f" route=dsv4-thread verdict=admit capacity=512 spec=false need=0:4605598680,1:4605598680 ceiling=0:15937354404,1:15966250652 host_need=0 short=- waited_ms=0 reclaimed=0 retry_after_s=-
[admit-mem] id=chatcmpl-efe2fae0fc297919c169a8dba463b1db model="dsv4f" route=dsv4-thread verdict=admit capacity=512 spec=false need=0:4605598680,1:4605598680 ceiling=0:15937354404,1:15966250652 host_need=0 short=- waited_ms=0 reclaimed=0 retry_after_s=-
[meter] admit id=chatcmpl-9881ed158b9c3982c3f097d66881e73f tenant=default lane=interactive model="dsv4f"
[meter] admit id=chatcmpl-1a90911eaaf550867b3ca2c541493efc tenant=default lane=interactive model="dsv4f"
[admit-mem] id=chatcmpl-9881ed158b9c3982c3f097d66881e73f model="dsv4f" route=dsv4-thread verdict=admit capacity=512 spec=false need=0:4605598680,1:4605598680 ceiling=0:15937354404,1:15966250652 host_need=0 short=- waited_ms=0 reclaimed=0 retry_after_s=-
[admit-mem] id=chatcmpl-1a90911eaaf550867b3ca2c541493efc model="dsv4f" route=dsv4-thread verdict=admit capacity=512 spec=false need=0:4605598680,1:4605598680 ceiling=0:15937354404,1:15966250652 host_need=0 short=- waited_ms=0 reclaimed=0 retry_after_s=-
[meter] admit id=chatcmpl-60e541c94684d8ab6dd79455d7eab370 tenant=default lane=interactive model="dsv4f"
[meter] admit id=chatcmpl-693f185d76d0ef3bdfe9c584083a5532 tenant=default lane=interactive model="dsv4f"
[admit-mem] id=chatcmpl-60e541c94684d8ab6dd79455d7eab370 model="dsv4f" route=dsv4-thread verdict=admit capacity=512 spec=false need=0:4605598680,1:4605598680 ceiling=0:15937354404,1:15966250652 host_need=0 short=- waited_ms=0 reclaimed=0 retry_after_s=-
[admit-mem] id=chatcmpl-693f185d76d0ef3bdfe9c584083a5532 model="dsv4f" route=dsv4-thread verdict=admit capacity=512 spec=false need=0:4605598680,1:4605598680 ceiling=0:15937354404,1:15966250652 host_need=0 short=- waited_ms=0 reclaimed=0 retry_after_s=-
[meter] admit id=chatcmpl-8f020f691177b4e0bdc4176d6b8c5605 tenant=default lane=interactive model="dsv4f"
[meter] admit id=chatcmpl-66870a45385803a0b4e97f3a888516db tenant=default lane=interactive model="dsv4f"
[admit-mem] id=chatcmpl-8f020f691177b4e0bdc4176d6b8c5605 model="dsv4f" route=dsv4-thread verdict=admit capacity=512 spec=false need=0:4605598680,1:4605598680 ceiling=0:15937354404,1:15966250652 host_need=0 short=- waited_ms=0 reclaimed=0 retry_after_s=-
[admit-mem] id=chatcmpl-66870a45385803a0b4e97f3a888516db model="dsv4f" route=dsv4-thread verdict=admit capacity=512 spec=false need=0:4605598680,1:4605598680 ceiling=0:15937354404,1:15966250652 host_need=0 short=- waited_ms=0 reclaimed=0 retry_after_s=-
[meter] admit id=chatcmpl-7bacfcb1e39208a08c7020b6ae31ba17 tenant=default lane=interactive model="dsv4f"
[meter] admit id=chatcmpl-bc47d185c4a70170073dd922dcf5489e tenant=default lane=interactive model="dsv4f"
[meter] admit id=chatcmpl-86b8c30c3975ed40f51c119f12cbf39c tenant=default lane=interactive model="dsv4f"
[meter] admit id=chatcmpl-7d77b9fb324cd410c87f89b4a60de068 tenant=default lane=interactive model="dsv4f"
[admit-mem] id=chatcmpl-7bacfcb1e39208a08c7020b6ae31ba17 model="dsv4f" route=dsv4-thread verdict=admit capacity=512 spec=false need=0:4605598680,1:4605598680 ceiling=0:15937354404,1:15966250652 host_need=0 short=- waited_ms=0 reclaimed=0 retry_after_s=-
[admit-mem] id=chatcmpl-bc47d185c4a70170073dd922dcf5489e model="dsv4f" route=dsv4-thread verdict=admit capacity=512 spec=false need=0:4605598680,1:4605598680 ceiling=0:15937354404,1:15966250652 host_need=0 short=- waited_ms=0 reclaimed=0 retry_after_s=-
[admit-mem] id=chatcmpl-86b8c30c3975ed40f51c119f12cbf39c model="dsv4f" route=dsv4-thread verdict=admit capacity=512 spec=false need=0:4605598680,1:4605598680 ceiling=0:15937354404,1:15966250652 host_need=0 short=- waited_ms=0 reclaimed=0 retry_after_s=-
[admit-mem] id=chatcmpl-7d77b9fb324cd410c87f89b4a60de068 model="dsv4f" route=dsv4-thread verdict=admit capacity=512 spec=false need=0:4605598680,1:4605598680 ceiling=0:15937354404,1:15966250652 host_need=0 short=- waited_ms=0 reclaimed=0 retry_after_s=-
[meter] admit id=chatcmpl-c0c9a8de466dc5e87ef1a1d83cb5c5a2 tenant=default lane=interactive model="dsv4f"
[meter] admit id=chatcmpl-121ebc3092dc51f85f61813e2ceb80c9 tenant=default lane=interactive model="dsv4f"
[meter] admit id=chatcmpl-0b7aa14a728ec19e1593abfb1b77946d tenant=default lane=interactive model="dsv4f"
[meter] admit id=chatcmpl-6bd5c3e9ec2ee9df9f5fc4d32d028c30 tenant=default lane=interactive model="dsv4f"
[admit-mem] id=chatcmpl-c0c9a8de466dc5e87ef1a1d83cb5c5a2 model="dsv4f" route=dsv4-thread verdict=admit capacity=512 spec=false need=0:4605598680,1:4605598680 ceiling=0:15937354404,1:15966250652 host_need=0 short=- waited_ms=0 reclaimed=0 retry_after_s=-
[admit-mem] id=chatcmpl-121ebc3092dc51f85f61813e2ceb80c9 model="dsv4f" route=dsv4-thread verdict=admit capacity=512 spec=false need=0:4605598680,1:4605598680 ceiling=0:15937354404,1:15966250652 host_need=0 short=- waited_ms=0 reclaimed=0 retry_after_s=-
[admit-mem] id=chatcmpl-0b7aa14a728ec19e1593abfb1b77946d model="dsv4f" route=dsv4-thread verdict=admit capacity=512 spec=false need=0:4605598680,1:4605598680 ceiling=0:15937354404,1:15966250652 host_need=0 short=- waited_ms=0 reclaimed=0 retry_after_s=-
[admit-mem] id=chatcmpl-6bd5c3e9ec2ee9df9f5fc4d32d028c30 model="dsv4f" route=dsv4-thread verdict=admit capacity=512 spec=false need=0:4605598680,1:4605598680 ceiling=0:15937354404,1:15966250652 host_need=0 short=- waited_ms=0 reclaimed=0 retry_after_s=-
[meter] admit id=chatcmpl-92e5782884ccb03e07ffd4f8d83276ac tenant=default lane=interactive model="dsv4f"
[meter] admit id=chatcmpl-40490b2537aab7147bbec9b3b1ab333e tenant=default lane=interactive model="dsv4f"
[admit-mem] id=chatcmpl-92e5782884ccb03e07ffd4f8d83276ac model="dsv4f" route=dsv4-thread verdict=admit capacity=2326 spec=false need=0:4630525400,1:4630525400 ceiling=0:15937354404,1:15966250652 host_need=0 short=- waited_ms=0 reclaimed=0 retry_after_s=-
[admit-mem] id=chatcmpl-40490b2537aab7147bbec9b3b1ab333e model="dsv4f" route=dsv4-thread verdict=admit capacity=2339 spec=false need=0:4630686680,1:4630686680 ceiling=0:15937354404,1:15966250652 host_need=0 short=- waited_ms=0 reclaimed=0 retry_after_s=-
[meter] admit id=chatcmpl-eafc5c1533ac218a5b8703462f851bd7 tenant=default lane=interactive model="dsv4f"
[meter] admit id=chatcmpl-887db0e4f6ffcd9d5ff22ea610921660 tenant=default lane=interactive model="dsv4f"
[admit-mem] id=chatcmpl-eafc5c1533ac218a5b8703462f851bd7 model="dsv4f" route=dsv4-thread verdict=admit capacity=2351 spec=false need=0:4630847960,1:4630847960 ceiling=0:15937354404,1:15966250652 host_need=0 short=- waited_ms=0 reclaimed=0 retry_after_s=-
[admit-mem] id=chatcmpl-887db0e4f6ffcd9d5ff22ea610921660 model="dsv4f" route=dsv4-thread verdict=admit capacity=2361 spec=false need=0:4631009240,1:4631009240 ceiling=0:15937354404,1:15966250652 host_need=0 short=- waited_ms=0 reclaimed=0 retry_after_s=-
[meter] admit id=chatcmpl-aef941967e3d9aa0794f058175ca7581 tenant=default lane=interactive model="dsv4f"
[meter] admit id=chatcmpl-5dc28489414aa67a717be84d04fdf53c tenant=default lane=interactive model="dsv4f"
[admit-mem] id=chatcmpl-aef941967e3d9aa0794f058175ca7581 model="dsv4f" route=dsv4-thread verdict=admit capacity=2352 spec=false need=0:4630901720,1:4630901720 ceiling=0:15937354404,1:15966250652 host_need=0 short=- waited_ms=0 reclaimed=0 retry_after_s=-
[admit-mem] id=chatcmpl-5dc28489414aa67a717be84d04fdf53c model="dsv4f" route=dsv4-thread verdict=admit capacity=2322 spec=false need=0:4630471640,1:4630471640 ceiling=0:15937354404,1:15966250652 host_need=0 short=- waited_ms=0 reclaimed=0 retry_after_s=-
[meter] admit id=chatcmpl-803e43a45cafabfd649034f4408b90c3 tenant=default lane=interactive model="dsv4f"
[meter] admit id=chatcmpl-c0973c7fe7441fe4e873fed69f1f5607 tenant=default lane=interactive model="dsv4f"
[admit-mem] id=chatcmpl-803e43a45cafabfd649034f4408b90c3 model="dsv4f" route=dsv4-thread verdict=admit capacity=2314 spec=false need=0:4630364120,1:4630364120 ceiling=0:15937354404,1:15966250652 host_need=0 short=- waited_ms=0 reclaimed=0 retry_after_s=-
[admit-mem] id=chatcmpl-c0973c7fe7441fe4e873fed69f1f5607 model="dsv4f" route=dsv4-thread verdict=admit capacity=2328 spec=false need=0:4630579160,1:4630579160 ceiling=0:15937354404,1:15966250652 host_need=0 short=- waited_ms=0 reclaimed=0 retry_after_s=-
[meter] admit id=chatcmpl-aabd29d57e1483c3b82287c030ed0088 tenant=default lane=interactive model="dsv4f"
[admit-mem] id=chatcmpl-aabd29d57e1483c3b82287c030ed0088 model="dsv4f" route=dsv4-thread verdict=admit capacity=17475 spec=false need=0:4838947800,1:4838947800 ceiling=0:15937354404,1:15966250652 host_need=0 short=- waited_ms=0 reclaimed=0 retry_after_s=-
[dsv4-serve] TP/EP replay not armed: full-token replay admits only device caches, a capacity of at least 512, a position below the replay limit, and greedy or vendor-default plain sampling
[meter] admit id=chatcmpl-dbf135bb881168ca2312e237ab79ac7f tenant=default lane=interactive model="dsv4f"
[admit-mem] id=chatcmpl-dbf135bb881168ca2312e237ab79ac7f model="dsv4f" route=dsv4-thread verdict=admit capacity=17548 spec=false need=0:4840010200,1:4840010200 ceiling=0:15937354404,1:15966250652 host_need=0 short=- waited_ms=0 reclaimed=0 retry_after_s=-
[dsv4-serve] TP/EP replay not armed: full-token replay admits only device caches, a capacity of at least 512, a position below the replay limit, and greedy or vendor-default plain sampling
[server] SIGTERM: draining (0 in flight, deadline 30s)
[server] drain complete in 0.0s; exiting
[server] GPU worker shutdown complete
