2026-09-27T13:32:47.546Z
MemAvailable:   185806532 kB
SwapFree:        8292092 kB
## vmstat
pgmigrate_success 7380185
pgmigrate_fail 10558084
compact_migrate_scanned 53653515
compact_free_scanned 430605142
compact_isolated 25340567
compact_stall 75
compact_fail 53
compact_success 22
compact_daemon_wake 1472
compact_daemon_migrate_scanned 53485813
compact_daemon_free_scanned 429859371
thp_fault_alloc 7361
thp_fault_fallback 0
thp_fault_fallback_charge 0
## buddyinfo
