2026-09-27T13:36:11.428Z
MemAvailable:   58396600 kB
SwapFree:        8290556 kB
## vmstat
pgmigrate_success 7589733
pgmigrate_fail 11696653
compact_migrate_scanned 59331519
compact_free_scanned 455614375
compact_isolated 26903415
compact_stall 77
compact_fail 55
compact_success 22
compact_daemon_wake 1716
compact_daemon_migrate_scanned 59163817
compact_daemon_free_scanned 454868604
thp_fault_alloc 7361
thp_fault_fallback 0
thp_fault_fallback_charge 0
## buddyinfo
