2026-09-27T13:38:37.906Z
MemAvailable:   58356148 kB
SwapFree:        8290812 kB
## vmstat
pgmigrate_success 9629600
pgmigrate_fail 15034384
compact_migrate_scanned 94393951
compact_free_scanned 496046051
compact_isolated 34325607
compact_stall 90
compact_fail 63
compact_success 27
compact_daemon_wake 1746
compact_daemon_migrate_scanned 94163034
compact_daemon_free_scanned 495201865
thp_fault_alloc 7361
thp_fault_fallback 0
thp_fault_fallback_charge 0
## buddyinfo
