2026-09-27T13:37:46.965Z
MemAvailable:   59433668 kB
SwapFree:        8290556 kB
## vmstat
pgmigrate_success 9155437
pgmigrate_fail 15026490
compact_migrate_scanned 68532159
compact_free_scanned 477006168
compact_isolated 33366465
compact_stall 80
compact_fail 58
compact_success 22
compact_daemon_wake 1721
compact_daemon_migrate_scanned 68364457
compact_daemon_free_scanned 476260397
thp_fault_alloc 7361
thp_fault_fallback 0
thp_fault_fallback_charge 0
## buddyinfo
