   Compiling itoa v1.0.18
   Compiling serde_core v1.0.228
   Compiling pin-project-lite v0.2.17
   Compiling hashbrown v0.17.1
   Compiling once_cell v1.21.4
   Compiling futures-core v0.3.32
   Compiling equivalent v1.0.2
   Compiling smallvec v1.15.2
   Compiling bytes v1.12.0
   Compiling errno v0.3.14
   Compiling crossbeam-utils v0.8.22
   Compiling signal-hook-registry v1.4.8
   Compiling zmij v1.0.21
   Compiling socket2 v0.6.4
   Compiling indexmap v2.14.0
   Compiling mio v1.2.1
   Compiling http v1.4.2
   Compiling typenum v1.20.1
   Compiling percent-encoding v2.3.2
   Compiling memchr v2.8.2
   Compiling tokio v1.52.3
   Compiling crossbeam-epoch v0.9.20
   Compiling http-body v1.0.1
   Compiling generic-array v0.14.7
   Compiling zerocopy v0.8.55
   Compiling getrandom v0.3.4
   Compiling tracing-core v0.1.36
   Compiling tower-service v0.3.3
   Compiling log v0.4.33
   Compiling serde v1.0.228
   Compiling serde_json v1.0.150
   Compiling futures-task v0.3.32
   Compiling slab v0.4.12
   Compiling scopeguard v1.2.0
   Compiling lock_api v0.4.14
   Compiling futures-util v0.3.32
   Compiling tracing v0.1.44
   Compiling crossbeam-deque v0.8.7
   Compiling ref-cast v1.0.26
   Compiling httparse v1.10.1
   Compiling anyhow v1.0.104
   Compiling parking_lot_core v0.9.12
   Compiling futures-channel v0.3.32
   Compiling borrow-or-share v0.2.4
   Compiling httpdate v1.0.3
   Compiling tower-layer v0.3.3
   Compiling sync_wrapper v1.0.2
   Compiling atomic-waker v1.1.2
   Compiling bytemuck v1.25.2
   Compiling fluent-uri v0.3.2
   Compiling parking_lot v0.12.5
   Compiling rayon-core v1.13.0
   Compiling toml_datetime v0.6.11
   Compiling hyper v1.10.1
   Compiling serde_spanned v0.6.9
   Compiling strum v0.28.0
   Compiling crypto-common v0.1.7
   Compiling block-buffer v0.10.4
   Compiling http-body-util v0.1.3
   Compiling form_urlencoded v1.2.2
   Compiling either v1.17.0
   Compiling mime v0.3.17
   Compiling toml_write v0.1.2
   Compiling ryu v1.0.23
   Compiling winnow v0.7.15
   Compiling ahash v0.8.12
   Compiling regex-syntax v0.8.11
warning: memra-engine@0.74.0: nvcc from $CUDA_HOME: /usr/local/cuda-13.1/bin/nvcc
warning: memra-engine@0.74.0: MEMRA_CUDA_ARCH auto-detected 120a (compute_cap 12.0); set MEMRA_CUDA_ARCH to override
   Compiling hyper-util v0.1.20
   Compiling referencing v0.29.1
   Compiling serde_urlencoded v0.7.1
   Compiling axum-core v0.4.5
   Compiling rayon v1.12.0
   Compiling digest v0.10.7
   Compiling tower v0.5.3
   Compiling derivre v0.3.12
   Compiling toml_edit v0.22.27
   Compiling toktrie v1.7.6
   Compiling serde_path_to_error v0.1.20
   Compiling matchit v0.7.3
   Compiling cpufeatures v0.2.17
   Compiling memra-engine v0.74.0 (/home/avifenesh/projects/wt-cx-hostbounce/crates/memra-engine)
   Compiling axum v0.7.9
   Compiling sha2 v0.10.9
   Compiling async-stream v0.3.6
   Compiling memra-lanes v0.74.0 (/home/avifenesh/projects/wt-cx-hostbounce/crates/memra-lanes)
   Compiling toml v0.8.23
   Compiling llguidance v1.7.6
   Compiling memra-server v0.74.0 (/home/avifenesh/projects/wt-cx-hostbounce/crates/memra-server)
    Finished `dev` profile [unoptimized + debuginfo] target(s) in 10.73s
