
running 11 tests
owner-thread work while the copy stream's host function sleeps: 1.81 ms; the copy behind the host function still pending: true
test tier_transfer::tests::pinned_kind_arm_is_honoured_by_the_driver ... ok
HOLD READING cell=h2d_span_filled_batch first_item_seen_ms=12.42 polls=1 longest_poll_ms=0.01 longest_gap_ms=0.00 batch_landed_at_first_sight=false
HOLD STEPS cell=h2d_span_filled_batch pinned-alloc@-47.13+7.21 device-alloc@-39.92+0.02 pinned-alloc@-39.90+3.86 device-alloc@-36.04+0.17 pinned-alloc@-35.87+2.45 device-alloc@-33.42+0.02 delay@0.00+0.01 pinned-alloc@0.01+3.52 device-alloc@3.53+0.02 pinned-alloc@3.55+2.68 device-alloc@6.23+0.02 pinned-alloc@6.25+5.16 device-alloc@11.41+0.02 submit@11.44+0.98
HOLD READING cell=d2h_span_batch first_item_seen_ms=21.51 polls=1 longest_poll_ms=0.01 longest_gap_ms=0.00 batch_landed_at_first_sight=false
HOLD STEPS cell=d2h_span_batch htod-pageable@-44.10+0.26 pinned-alloc@-43.85+5.97 htod-pageable@-37.88+0.46 pinned-alloc@-37.42+1.84 htod-pageable@-35.58+0.30 pinned-alloc@-35.27+1.22 delay@0.00+0.01 htod-pageable@0.02+0.21 pinned-alloc@0.23+4.54 htod-pageable@4.77+0.36 pinned-alloc@5.13+3.56 htod-pageable@8.69+0.40 pinned-alloc@9.10+2.21 submit@11.31+0.03 htod-pageable@11.35+0.22 pinned-alloc@11.56+3.44 htod-pageable@15.01+0.39 pinned-alloc@16.39+1.96 htod-pageable@18.35+0.33 pinned-alloc@18.68+2.81 submit-busy@21.49+0.00
test tier_transfer::tests::h2d_deferred_checksum_lands_with_the_supplied_digests ... ok
HOLD READING cell=h2d_span_batch first_item_seen_ms=12.48 polls=1 longest_poll_ms=0.01 longest_gap_ms=0.00 batch_landed_at_first_sight=false
HOLD STEPS cell=h2d_span_batch pinned-alloc@-67.54+1.16 pinned-write@-66.37+0.31 device-alloc@-66.06+0.02 pinned-alloc@-66.04+7.38 pinned-write@-58.66+0.52 device-alloc@-58.15+0.01 pinned-alloc@-58.13+6.26 pinned-write@-51.87+0.42 device-alloc@-51.45+1.15 pinned-alloc@-15.86+3.58 pinned-write@-12.28+0.30 device-alloc@-11.98+0.02 pinned-alloc@-11.96+5.06 device-alloc@-6.90+0.02 pinned-alloc@-6.88+1.48 pinned-write@-5.39+0.43 device-alloc@-4.96+0.01 delay@0.00+0.01 pinned-alloc@0.01+0.82 pinned-write@0.83+0.25 device-alloc@1.08+0.01 pinned-alloc@1.10+2.88 pinned-write@3.98+0.51 device-alloc@4.49+0.02 pinned-alloc@4.51+2.80 pinned-write@7.31+0.40 device-alloc@7.71+0.02 submit@7.73+0.02 pinned-alloc@7.76+0.92 pinned-write@8.68+0.27 device-alloc@8.95+0.01 pinned-alloc@8.96+1.49 pinned-write@10.45+0.48 device-alloc@10.94+0.01 pinned-alloc@10.95+1.13 pinned-write@12.09+0.37 device-alloc@12.46+0.01 submit-busy@12.47+0.00
test tier_transfer::tests::d2d_capture_lands_on_the_copy_stream_and_publishes_only_after_its_event ... ok
test tier_transfer::tests::d2d_restore_lands_on_the_copy_stream_and_is_ready_only_after_the_installed_wait ... ok
test tier_transfer::tests::h2d_fill_host_function_does_not_hold_the_owner_thread ... ok
test tier_transfer::tests::d2d_early_reader_fault_is_refused_by_the_receipt ... ok
test tier_transfer::tests::h2d_span_filled_batch_fills_on_the_copy_stream_before_its_copies ... ok
test tier_transfer::tests::d2h_span_batch_lands_with_its_ticket_on_the_copy_stream ... ok
test tier_transfer::tests::h2d_span_batch_lands_with_its_ticket_on_the_copy_stream ... ok
test tier_transfer::tests::d2d_receipt_digest_matches_the_cpu_oracle ... ok
D2D-RECEIPT PRICE order=copy-first bytes=165675008 n_per_arm=5 copy_ms=[0.394592, 0.393984, 0.396608, 0.396608, 0.39872] copy_median=0.397 digest_ms=[0.218752, 0.220864, 0.21792, 0.218816, 0.218336] digest_median=0.219 pair_median=0.438 pair_over_copy=1.10
D2D-RECEIPT PRICE order=digest-first bytes=165675008 n_per_arm=5 copy_ms=[0.366848, 0.392256, 0.395104, 0.396576, 0.39488] copy_median=0.395 digest_ms=[0.226048, 0.222528, 0.22288, 0.220736, 0.219968] digest_median=0.223 pair_median=0.445 pair_over_copy=1.13
test tier_transfer::tests::d2d_receipt_digest_price_against_the_copy ... ok

test result: ok. 11 passed; 0 failed; 0 ignored; 0 measured; 576 filtered out; finished in 2.25s

