
running 11 tests
owner-thread work while the copy stream's host function sleeps: 2.12 ms; the copy behind the host function still pending: true
HOLD READING cell=h2d_span_filled_batch first_item_seen_ms=15.17 polls=1 longest_poll_ms=0.01 longest_gap_ms=0.00 batch_landed_at_first_sight=false
HOLD STEPS cell=h2d_span_filled_batch pinned-alloc@-43.66+6.58 device-alloc@-37.07+0.02 pinned-alloc@-37.06+3.24 device-alloc@-33.81+0.02 pinned-alloc@-33.79+3.12 device-alloc@-30.67+0.02 delay@0.00+0.01 pinned-alloc@0.01+5.92 device-alloc@5.94+0.02 pinned-alloc@5.96+3.51 device-alloc@9.47+0.01 pinned-alloc@9.49+5.41 device-alloc@14.89+0.03 submit@14.92+0.24
HOLD READING cell=d2h_span_batch first_item_seen_ms=18.86 polls=1 longest_poll_ms=0.01 longest_gap_ms=0.00 batch_landed_at_first_sight=false
HOLD STEPS cell=d2h_span_batch htod-pageable@-40.70+1.21 pinned-alloc@-39.49+2.01 htod-pageable@-37.49+0.43 pinned-alloc@-37.05+1.55 htod-pageable@-35.50+0.30 pinned-alloc@-35.19+1.22 delay@0.00+0.01 htod-pageable@0.18+0.31 pinned-alloc@0.49+3.79 htod-pageable@4.29+0.36 pinned-alloc@4.65+4.07 htod-pageable@8.72+0.34 pinned-alloc@9.06+4.02 submit@13.09+0.04 htod-pageable@13.13+0.28 pinned-alloc@13.41+0.91 htod-pageable@14.32+0.34 pinned-alloc@14.66+1.37 htod-pageable@16.03+0.28 pinned-alloc@16.31+2.53 submit-busy@18.84+0.00
HOLD READING cell=h2d_span_batch first_item_seen_ms=8.78 polls=1 longest_poll_ms=0.01 longest_gap_ms=0.00 batch_landed_at_first_sight=false
HOLD STEPS cell=h2d_span_batch pinned-alloc@-73.61+1.21 pinned-write@-72.40+0.27 device-alloc@-72.13+0.02 pinned-alloc@-72.11+7.81 pinned-write@-64.29+0.55 device-alloc@-63.74+0.01 pinned-alloc@-63.73+5.74 pinned-write@-57.98+0.40 device-alloc@-57.58+0.04 pinned-alloc@-14.85+3.36 pinned-write@-11.48+0.30 device-alloc@-11.18+0.02 pinned-alloc@-11.15+2.90 device-alloc@-8.26+0.10 pinned-alloc@-8.16+1.15 pinned-write@-7.01+0.38 device-alloc@-6.63+0.02 delay@0.00+0.02 pinned-alloc@0.02+0.82 pinned-write@0.85+0.24 device-alloc@1.08+0.02 pinned-alloc@1.10+1.41 pinned-write@2.51+0.37 device-alloc@2.88+0.02 pinned-alloc@2.90+1.18 pinned-write@4.09+0.31 device-alloc@4.40+0.02 submit@4.41+0.04 pinned-alloc@4.46+0.88 pinned-write@5.34+0.22 device-alloc@5.56+0.02 pinned-alloc@5.58+1.41 pinned-write@6.98+0.37 device-alloc@7.36+0.02 pinned-alloc@7.38+1.05 pinned-write@8.42+0.32 device-alloc@8.75+0.01 submit-busy@8.76+0.01
test tier_transfer::tests::pinned_kind_arm_is_honoured_by_the_driver ... ok
test tier_transfer::tests::h2d_deferred_checksum_lands_with_the_supplied_digests ... ok
test tier_transfer::tests::d2d_capture_lands_on_the_copy_stream_and_publishes_only_after_its_event ... ok
test tier_transfer::tests::d2d_restore_lands_on_the_copy_stream_and_is_ready_only_after_the_installed_wait ... ok
test tier_transfer::tests::h2d_fill_host_function_does_not_hold_the_owner_thread ... ok
test tier_transfer::tests::d2d_early_reader_fault_is_refused_by_the_receipt ... ok
test tier_transfer::tests::h2d_span_filled_batch_fills_on_the_copy_stream_before_its_copies ... ok
test tier_transfer::tests::d2h_span_batch_lands_with_its_ticket_on_the_copy_stream ... ok
test tier_transfer::tests::h2d_span_batch_lands_with_its_ticket_on_the_copy_stream ... ok
test tier_transfer::tests::d2d_receipt_digest_matches_the_cpu_oracle ... ok
D2D-RECEIPT PRICE order=copy-first bytes=165675008 n_per_arm=5 copy_ms=[0.391328, 0.398304, 0.398624, 0.397472, 0.39728] copy_median=0.397 digest_ms=[0.218656, 0.218816, 0.2184, 0.217312, 0.218528] digest_median=0.219 pair_median=0.437 pair_over_copy=1.10
D2D-RECEIPT PRICE order=digest-first bytes=165675008 n_per_arm=5 copy_ms=[0.372736, 0.396416, 0.396896, 0.396704, 0.398752] copy_median=0.397 digest_ms=[0.224736, 0.21856, 0.218624, 0.218976, 0.218656] digest_median=0.219 pair_median=0.437 pair_over_copy=1.10
test tier_transfer::tests::d2d_receipt_digest_price_against_the_copy ... ok

test result: ok. 11 passed; 0 failed; 0 ignored; 0 measured; 576 filtered out; finished in 2.30s

