build ks f69dbbbbc SERVER_EXIT=0 ENGINE_EXIT=0  server 89dc8806db3e67e5
build main11 2c5edcb4c SERVER_EXIT=0 ENGINE_EXIT=0  server 9c6f92ae7937474f
split-1m rc=0 PLAN capacity=65536 replicated=[970342400, 970342400] split=[623536640, 623536640] bytes/token/rank replicated=14806 split=9514 PLAN capacity=262144 replicated=[3675668480, 3675668480] split=[2271898112, 2271898112] bytes/token/rank replicated=14022 split=8667 PLAN capacity=1048576 replicated=[14496972800, 14496972800] split=[8865344000, 8865344000] bytes/token/rank replicated=13825 split=8455 PASS: position-split C4 store bit-identical to the replicated program 
cap Ls-plain LARGEST_ADMITTED 1000000 verdict=admit capacity=800010 verdict=admit capacity=900010 verdict=admit capacity=1000010 
cap Mn-plain LARGEST_ADMITTED 800000 verdict=admit capacity=600010 verdict=admit capacity=700010 verdict=admit capacity=800010 
cap Ls-dspark LARGEST_ADMITTED 500000 verdict=admit capacity=300010 verdict=admit capacity=400010 verdict=admit capacity=500010 
cap Mn-dspark LARGEST_ADMITTED 300000 verdict=admit capacity=100010 verdict=admit capacity=200010 verdict=admit capacity=300010 
serve r1 Ls rc=0 CELL greedy-c1 c=1 ok=8/8 agg=67.42 tok/s decode_p50=70.24 tok/s ttft_p50=177 ms tpot_p50=14.24 ms errs=[] CELL greedy-c2 c=2 ok=8/8 agg=92.60 tok/s decode_p50=48.45 tok/s ttft_p50=265 ms tpot_p50=20.64 ms errs=[] CELL greedy-c4 c=4 ok=8/8 agg=122.33 tok/s decode_p50=32.30 tok/s ttft_p50=463 ms tpot_p50=30.96 ms errs=[] CELL greedy-c2-2k c=2 ok=8/8 agg=15.70 tok/s decode_p50=40.51 tok/s ttft_p50=13150 ms tpot_p50=24.69 ms errs=[] CELL greedy-c1-12k c=1 ok=2/2 agg=4.02 tok/s decode_p50=50.77 tok/s ttft_p50=58709 ms tpot_p50=19.70 ms errs=[] 
serve r2 Mn rc=0 CELL greedy-c1 c=1 ok=8/8 agg=67.84 tok/s decode_p50=70.61 tok/s ttft_p50=174 ms tpot_p50=14.16 ms errs=[] CELL greedy-c2 c=2 ok=8/8 agg=93.46 tok/s decode_p50=48.97 tok/s ttft_p50=264 ms tpot_p50=20.42 ms errs=[] CELL greedy-c4 c=4 ok=8/8 agg=124.30 tok/s decode_p50=32.77 tok/s ttft_p50=456 ms tpot_p50=30.51 ms errs=[] CELL greedy-c2-2k c=2 ok=8/8 agg=17.16 tok/s decode_p50=42.35 tok/s ttft_p50=11873 ms tpot_p50=23.61 ms errs=[] CELL greedy-c1-12k c=1 ok=2/2 agg=4.76 tok/s decode_p50=52.26 tok/s ttft_p50=48906 ms tpot_p50=19.14 ms errs=[] 
serve r3 Mn rc=0 CELL greedy-c1 c=1 ok=8/8 agg=67.89 tok/s decode_p50=70.55 tok/s ttft_p50=174 ms tpot_p50=14.17 ms errs=[] CELL greedy-c2 c=2 ok=8/8 agg=93.42 tok/s decode_p50=48.71 tok/s ttft_p50=258 ms tpot_p50=20.53 ms errs=[] CELL greedy-c4 c=4 ok=8/8 agg=124.48 tok/s decode_p50=32.88 tok/s ttft_p50=450 ms tpot_p50=30.41 ms errs=[] CELL greedy-c2-2k c=2 ok=8/8 agg=17.18 tok/s decode_p50=42.61 tok/s ttft_p50=11878 ms tpot_p50=23.47 ms errs=[] CELL greedy-c1-12k c=1 ok=2/2 agg=4.76 tok/s decode_p50=52.30 tok/s ttft_p50=48891 ms tpot_p50=19.12 ms errs=[] 
serve r4 Ls rc=0 CELL greedy-c1 c=1 ok=8/8 agg=67.45 tok/s decode_p50=70.23 tok/s ttft_p50=176 ms tpot_p50=14.24 ms errs=[] CELL greedy-c2 c=2 ok=8/8 agg=92.32 tok/s decode_p50=48.25 tok/s ttft_p50=260 ms tpot_p50=20.72 ms errs=[] CELL greedy-c4 c=4 ok=8/8 agg=122.88 tok/s decode_p50=32.34 tok/s ttft_p50=452 ms tpot_p50=30.92 ms errs=[] CELL greedy-c2-2k c=2 ok=8/8 agg=15.76 tok/s decode_p50=41.04 tok/s ttft_p50=13112 ms tpot_p50=24.37 ms errs=[] CELL greedy-c1-12k c=1 ok=2/2 agg=4.03 tok/s decode_p50=51.12 tok/s ttft_p50=58551 ms tpot_p50=19.56 ms errs=[] 
serve r5 Ls rc=0 CELL greedy-c1 c=1 ok=8/8 agg=67.52 tok/s decode_p50=70.37 tok/s ttft_p50=176 ms tpot_p50=14.21 ms errs=[] CELL greedy-c2 c=2 ok=8/8 agg=92.52 tok/s decode_p50=48.30 tok/s ttft_p50=261 ms tpot_p50=20.71 ms errs=[] CELL greedy-c4 c=4 ok=8/8 agg=122.79 tok/s decode_p50=32.41 tok/s ttft_p50=455 ms tpot_p50=30.86 ms errs=[] CELL greedy-c2-2k c=2 ok=8/8 agg=15.76 tok/s decode_p50=41.02 tok/s ttft_p50=13113 ms tpot_p50=24.38 ms errs=[] CELL greedy-c1-12k c=1 ok=2/2 agg=4.02 tok/s decode_p50=50.91 tok/s ttft_p50=58621 ms tpot_p50=19.64 ms errs=[] 
serve r6 Mn rc=0 CELL greedy-c1 c=1 ok=8/8 agg=67.82 tok/s decode_p50=70.51 tok/s ttft_p50=174 ms tpot_p50=14.18 ms errs=[] CELL greedy-c2 c=2 ok=8/8 agg=93.27 tok/s decode_p50=48.70 tok/s ttft_p50=263 ms tpot_p50=20.53 ms errs=[] CELL greedy-c4 c=4 ok=8/8 agg=123.30 tok/s decode_p50=32.60 tok/s ttft_p50=451 ms tpot_p50=30.68 ms errs=[] CELL greedy-c2-2k c=2 ok=8/8 agg=17.13 tok/s decode_p50=42.06 tok/s ttft_p50=11878 ms tpot_p50=23.78 ms errs=[] CELL greedy-c1-12k c=1 ok=2/2 agg=4.76 tok/s decode_p50=52.11 tok/s ttft_p50=48903 ms tpot_p50=19.19 ms errs=[] 
V5C_DONE f69dbbbbc
