[server] build: memra-0.138.0-52fdbfb043c1 (id: source-tree, git: e2c106ebedf1)
[server] starting; models config = [("dsv4f", "/data/dsv4f/nvfp4", None)]
[gpu-watch] Xid source: journalctl -k -f (/dev/kmsg unreadable — kernel.dmesg_restrict)
[worker-affinity] off (MEMRA_WORKER_CPUSET / MEMRA_WORKER_AFFINITY unset or =0)
[gpu-watch] on: every 60s, probe deadline 10s, fatal after 3 consecutive misses (MEMRA_GPU_PROBE_MISSES), fatal Xid [48, 64, 79, 94, 95, 119, 120]
[worker] Engine ready (device=0, MEMRA_FAST=true)
[spec-gate] policy placement=single-or-non-pp2 LOW=2 HIGH=4 source=placement-default spec-admission=on
[spec-k] automatic table: prompt<1024 -> K=3; cold-long -> K=3; prompt>= 1024 and cached>= 1024 -> K=2 (K=5 when the loaded MTP head is rank-trimmed)
[worker] loading model "dsv4f" <- /data/dsv4f/nvfp4
[load] plain sampler: Host
[load] sampled candidate order: Radix
[load] placement: split_at=22 trunk_layers=43 dspark_tail_reserve=0.00 GiB
[load] expert arm: Native | decode path: Device { host_math: false } | dots arm: f32x (dots + sink/norm/indexer chains)
[load] topology: PpEp | layers=43 per-rank-resident=PP-owned
[load] indexer score: Scalar
[load] prefill head: All
[load] prefill DSpark prime: All
[load] sampled DSpark proposal: Greedy
[load] prefill MoE: reference
[load] dspark exit-head dots arm: f32x (rung-4c fork; drafts only, never the emitted stream)
[load] dspark selected-expert dispatch: per-expert reference
[load] dense arm: fp8 (iteration-5; fp8 = FP8-blk linears as-stored on the device decode/verify paths, bit-identical twins)
[load] lane-8 peer byte-integrity probe PASS: 1 boundaries, 10 copies, ladder [16384, 65536, 524288, 1048576, 67108864] bytes, 494.1ms
[load] lane-8 peer transport enabled (1 boundaries)
[load] layer 3 -> 1 rank copies done t=12s
[load] layer 7 -> 1 rank copies done t=23s
[load] layer 11 -> 1 rank copies done t=35s
[load] layer 15 -> 1 rank copies done t=46s
[load] layer 19 -> 1 rank copies done t=58s
[load] layer 23 -> 1 rank copies done t=69s
[load] layer 27 -> 1 rank copies done t=81s
[load] layer 31 -> 1 rank copies done t=92s
[load] layer 35 -> 1 rank copies done t=104s
[load] layer 39 -> 1 rank copies done t=115s
[load] layer 42 -> 1 rank copies done t=124s
[load] drafter: 3 DSpark block(s) (mtp.0.e_proj absent) — GPU drafter path off (set MEMRA_DSV4_DRAFTER=dspark); trunk-only
[load] expert program: matrix (grouped ModelOpt split-plane executor via dsv4_grouped; tensor-core MMA class, the loaded default since 2026-09-11), EP off
[dsv4-doors] program=loaded door="replay cadence" env=MEMRA_DSV4_REPLAY_CADENCE merged=#374 declared_default=On resolved=NoServingCaller("full-token replay is armed per request by a gate binary only; no serving or eager request arms it, so the cadence choice has no caller") disposition=ReclassifyAsGateInput
[dsv4-doors] program=loaded door="dense exact-tail transport" env=MEMRA_DSV4_DENSE_EXACT_TAIL merged=#374 declared_default=On resolved=On(DecodeOnlyM1) disposition=Engaged
[dsv4-doors] program=loaded door="dense-fast" env=MEMRA_DSV4_DENSE_FAST merged=#404 declared_default=On resolved=On(DecodeOnlyM1) disposition=Engaged
[dsv4-doors] program=loaded door="HC dot split S16" env=MEMRA_DSV4_HC_DOT_SPLIT merged=#418 declared_default=On resolved=On(AllRoutedShapes) disposition=Engaged
[dsv4-serve] dsv4f: loaded on devices [0, 1], contract RefFp8Round, max_seq 1048576, drafter absent (plain only), parked-host-cache OFF (MEMRA_DSV4_KV_HOST_MB=0), chunked-prefill 512 tokens, active-C4-host-budget 0 bytes (0=OFF; separate from parked cache)
[dsv4-serve] dsv4f: 2 serving lane(s) (default on the plain PP matrix program; MEMRA_DSV4_SESSIONS=1 is the serial route)
[admit-mem] route=dsv4-thread model="dsv4f" calibrated fixed_plain=0:4089667736,1:4095084696 fixed_spec=0:4089667736,1:4095084696 ceiling=0:15057228656,1:18812634420 defer_budget_ms=8000
[route-contract] model="dsv4f" route=dsv4-thread capacity=2 sessions implemented=[capacity,occupancy,progress,fault-ownership,shutdown-ownership,memory-cost,service-metrics] refused=[rewrite-qualification: the route consumes no MEMRA_REWRITE_BUNDLE and none of its programs is a plan rewrite (memra#449); prime-fairness: no worker Session exists for a dsv4 request; the prime is one synchronous chunked call on the serving thread (memra#535 P4)]
[prefix-cache] WARNING: derived budget is 0 B after the boot free-VRAM reserve clamp; prefix caching disabled
[admit-mem] door=OFF open_output_tokens=8192 defer_budget_ms=8000 (admission charges prompt+output, the reclaim flush demotes to the host tier before dropping, and a memory defer past the budget refuses 429 instead of queueing past the client's deadline)
[server] worker ready; serving models: ["dsv4f"]
[server] listening on http://127.0.0.1:35773
[meter] admit id=chatcmpl-6629b4794d950e01ad30beaa3536d1fa tenant=default lane=interactive model="dsv4f"
[admit-mem] id=chatcmpl-6629b4794d950e01ad30beaa3536d1fa model="dsv4f" route=dsv4-thread verdict=admit capacity=71 spec=false need=0:4125000856,1:4129232536 ceiling=0:15057228656,1:18812634420 host_need=0 short=- waited_ms=0 reclaimed=0 retry_after_s=-
[dsv4-prefill-f16g] ENGAGED: t=1 pairs=6 expert_groups=256 max_rows_bound=6 device_routes=true FP8-QAT-mirrored half, split-plane ModelOpt NVFP4
[moe-sk-form] dev=0 qt=108 sms=188 occ128=1 occ32=7 occt=3 cross=2147483647 xcross=2147483647 bdb=0 in_f=4096 out_f=2048 n_active=256 max_m=228
[meter] admit id=chatcmpl-ff711419085dfc2e139b0f453873ba3e tenant=default lane=interactive model="dsv4f"
[admit-mem] id=chatcmpl-ff711419085dfc2e139b0f453873ba3e model="dsv4f" route=dsv4-thread verdict=admit capacity=295 spec=false need=0:4126475416,1:4130850456 ceiling=0:15057228656,1:18812634420 host_need=0 short=- waited_ms=0 reclaimed=0 retry_after_s=-
[meter] admit id=chatcmpl-202ac8004361f75d9f9ecbed28eeb790 tenant=default lane=interactive model="dsv4f"
[admit-mem] id=chatcmpl-202ac8004361f75d9f9ecbed28eeb790 model="dsv4f" route=dsv4-thread verdict=admit capacity=293 spec=false need=0:4126475416,1:4130850456 ceiling=0:15057228656,1:18812634420 host_need=0 short=- waited_ms=0 reclaimed=0 retry_after_s=-
[meter] admit id=chatcmpl-7c45155dd5df2c42c7e460335ff8edb3 tenant=default lane=interactive model="dsv4f"
[admit-mem] id=chatcmpl-7c45155dd5df2c42c7e460335ff8edb3 model="dsv4f" route=dsv4-thread verdict=admit capacity=295 spec=false need=0:4126475416,1:4130850456 ceiling=0:15057228656,1:18812634420 host_need=0 short=- waited_ms=0 reclaimed=0 retry_after_s=-
[meter] admit id=chatcmpl-39b82538d8b3c03d742c76b5e4ec409d tenant=default lane=interactive model="dsv4f"
[admit-mem] id=chatcmpl-39b82538d8b3c03d742c76b5e4ec409d model="dsv4f" route=dsv4-thread verdict=admit capacity=294 spec=false need=0:4126475416,1:4130850456 ceiling=0:15057228656,1:18812634420 host_need=0 short=- waited_ms=0 reclaimed=0 retry_after_s=-
[meter] admit id=chatcmpl-5b4e9ed75fe62675d5bad448df926a3b tenant=default lane=interactive model="dsv4f"
[admit-mem] id=chatcmpl-5b4e9ed75fe62675d5bad448df926a3b model="dsv4f" route=dsv4-thread verdict=admit capacity=290 spec=false need=0:4126449816,1:4130822296 ceiling=0:15057228656,1:18812634420 host_need=0 short=- waited_ms=0 reclaimed=0 retry_after_s=-
[meter] admit id=chatcmpl-7ec9aba918eafaf53595c395031f083b tenant=default lane=interactive model="dsv4f"
[admit-mem] id=chatcmpl-7ec9aba918eafaf53595c395031f083b model="dsv4f" route=dsv4-thread verdict=admit capacity=293 spec=false need=0:4126475416,1:4130850456 ceiling=0:15057228656,1:18812634420 host_need=0 short=- waited_ms=0 reclaimed=0 retry_after_s=-
[meter] admit id=chatcmpl-cfe8a55a13b798181d9ab2c8e4663670 tenant=default lane=interactive model="dsv4f"
[admit-mem] id=chatcmpl-cfe8a55a13b798181d9ab2c8e4663670 model="dsv4f" route=dsv4-thread verdict=admit capacity=296 spec=false need=0:4126501016,1:4130878616 ceiling=0:15057228656,1:18812634420 host_need=0 short=- waited_ms=0 reclaimed=0 retry_after_s=-
[meter] admit id=chatcmpl-fcdb878f01fb396720b253a858140c2a tenant=default lane=interactive model="dsv4f"
[admit-mem] id=chatcmpl-fcdb878f01fb396720b253a858140c2a model="dsv4f" route=dsv4-thread verdict=admit capacity=290 spec=false need=0:4126449816,1:4130822296 ceiling=0:15057228656,1:18812634420 host_need=0 short=- waited_ms=0 reclaimed=0 retry_after_s=-
[meter] admit id=chatcmpl-bba4fb77ea34cd5c179236257ef82e69 tenant=default lane=interactive model="dsv4f"
[meter] admit id=chatcmpl-4ea7a1cf12579c107136f803f543cbf1 tenant=default lane=interactive model="dsv4f"
[admit-mem] id=chatcmpl-bba4fb77ea34cd5c179236257ef82e69 model="dsv4f" route=dsv4-thread verdict=admit capacity=290 spec=false need=0:4126449816,1:4130822296 ceiling=0:15057228656,1:18812634420 host_need=0 short=- waited_ms=0 reclaimed=0 retry_after_s=-
[admit-mem] id=chatcmpl-4ea7a1cf12579c107136f803f543cbf1 model="dsv4f" route=dsv4-thread verdict=admit capacity=295 spec=false need=0:4126475416,1:4130850456 ceiling=0:15057228656,1:18812634420 host_need=0 short=- waited_ms=0 reclaimed=0 retry_after_s=-
[meter] admit id=chatcmpl-2b93aec28b8405491b1c26be2e62725c tenant=default lane=interactive model="dsv4f"
[meter] admit id=chatcmpl-fa31408e1ddcef2d64869f78da3fdb9f tenant=default lane=interactive model="dsv4f"
[admit-mem] id=chatcmpl-2b93aec28b8405491b1c26be2e62725c model="dsv4f" route=dsv4-thread verdict=admit capacity=293 spec=false need=0:4126475416,1:4130850456 ceiling=0:15057228656,1:18812634420 host_need=0 short=- waited_ms=0 reclaimed=0 retry_after_s=-
[admit-mem] id=chatcmpl-fa31408e1ddcef2d64869f78da3fdb9f model="dsv4f" route=dsv4-thread verdict=admit capacity=293 spec=false need=0:4126475416,1:4130850456 ceiling=0:15057228656,1:18812634420 host_need=0 short=- waited_ms=0 reclaimed=0 retry_after_s=-
[meter] admit id=chatcmpl-073d6b86829d185b5c0669df2d2b2755 tenant=default lane=interactive model="dsv4f"
[meter] admit id=chatcmpl-b50b2a21022c71b74c1cf8036b318629 tenant=default lane=interactive model="dsv4f"
[admit-mem] id=chatcmpl-073d6b86829d185b5c0669df2d2b2755 model="dsv4f" route=dsv4-thread verdict=admit capacity=296 spec=false need=0:4126501016,1:4130878616 ceiling=0:15057228656,1:18812634420 host_need=0 short=- waited_ms=0 reclaimed=0 retry_after_s=-
[admit-mem] id=chatcmpl-b50b2a21022c71b74c1cf8036b318629 model="dsv4f" route=dsv4-thread verdict=admit capacity=295 spec=false need=0:4126475416,1:4130850456 ceiling=0:15057228656,1:18812634420 host_need=0 short=- waited_ms=0 reclaimed=0 retry_after_s=-
[meter] admit id=chatcmpl-5d5eb5949b82feb97ead25333b40681e tenant=default lane=interactive model="dsv4f"
[meter] admit id=chatcmpl-9193389c53291a5bed46440440f40057 tenant=default lane=interactive model="dsv4f"
[admit-mem] id=chatcmpl-5d5eb5949b82feb97ead25333b40681e model="dsv4f" route=dsv4-thread verdict=admit capacity=290 spec=false need=0:4126449816,1:4130822296 ceiling=0:15057228656,1:18812634420 host_need=0 short=- waited_ms=0 reclaimed=0 retry_after_s=-
[admit-mem] id=chatcmpl-9193389c53291a5bed46440440f40057 model="dsv4f" route=dsv4-thread verdict=admit capacity=294 spec=false need=0:4126475416,1:4130850456 ceiling=0:15057228656,1:18812634420 host_need=0 short=- waited_ms=0 reclaimed=0 retry_after_s=-
[meter] admit id=chatcmpl-efb5c726a5d84e84b54e6bd5ffe384c0 tenant=default lane=interactive model="dsv4f"
[meter] admit id=chatcmpl-a33790b17f55eb697014f609067f62f6 tenant=default lane=interactive model="dsv4f"
[meter] admit id=chatcmpl-00589aa1d6f2e8ddf9b20784db4a115d tenant=default lane=interactive model="dsv4f"
[meter] admit id=chatcmpl-d76c87533c205f37d72f548ab3cc841c tenant=default lane=interactive model="dsv4f"
[admit-mem] id=chatcmpl-efb5c726a5d84e84b54e6bd5ffe384c0 model="dsv4f" route=dsv4-thread verdict=admit capacity=290 spec=false need=0:4126449816,1:4130822296 ceiling=0:15057228656,1:18812634420 host_need=0 short=- waited_ms=0 reclaimed=0 retry_after_s=-
[admit-mem] id=chatcmpl-a33790b17f55eb697014f609067f62f6 model="dsv4f" route=dsv4-thread verdict=admit capacity=295 spec=false need=0:4126475416,1:4130850456 ceiling=0:15057228656,1:18812634420 host_need=0 short=- waited_ms=0 reclaimed=0 retry_after_s=-
[meter] admit id=chatcmpl-4285950fb711fe7334e956d5688afb89 tenant=default lane=interactive model="dsv4f"
[meter] admit id=chatcmpl-7cdd6bbbeca724fec7b3f0ad1099a67e tenant=default lane=interactive model="dsv4f"
[admit-mem] id=chatcmpl-00589aa1d6f2e8ddf9b20784db4a115d model="dsv4f" route=dsv4-thread verdict=admit capacity=296 spec=false need=0:4126501016,1:4130878616 ceiling=0:15057228656,1:18812634420 host_need=0 short=- waited_ms=0 reclaimed=0 retry_after_s=-
[admit-mem] id=chatcmpl-d76c87533c205f37d72f548ab3cc841c model="dsv4f" route=dsv4-thread verdict=admit capacity=295 spec=false need=0:4126475416,1:4130850456 ceiling=0:15057228656,1:18812634420 host_need=0 short=- waited_ms=0 reclaimed=0 retry_after_s=-
[meter] admit id=chatcmpl-4d88909cb3e8a444daa11b69a91545a5 tenant=default lane=interactive model="dsv4f"
[meter] admit id=chatcmpl-7b27c1d1917126c1e0bc1baa7915835d tenant=default lane=interactive model="dsv4f"
[admit-mem] id=chatcmpl-4285950fb711fe7334e956d5688afb89 model="dsv4f" route=dsv4-thread verdict=admit capacity=293 spec=false need=0:4126475416,1:4130850456 ceiling=0:15057228656,1:18812634420 host_need=0 short=- waited_ms=0 reclaimed=0 retry_after_s=-
[admit-mem] id=chatcmpl-7cdd6bbbeca724fec7b3f0ad1099a67e model="dsv4f" route=dsv4-thread verdict=admit capacity=293 spec=false need=0:4126475416,1:4130850456 ceiling=0:15057228656,1:18812634420 host_need=0 short=- waited_ms=0 reclaimed=0 retry_after_s=-
[admit-mem] id=chatcmpl-4d88909cb3e8a444daa11b69a91545a5 model="dsv4f" route=dsv4-thread verdict=admit capacity=290 spec=false need=0:4126449816,1:4130822296 ceiling=0:15057228656,1:18812634420 host_need=0 short=- waited_ms=0 reclaimed=0 retry_after_s=-
[admit-mem] id=chatcmpl-7b27c1d1917126c1e0bc1baa7915835d model="dsv4f" route=dsv4-thread verdict=admit capacity=294 spec=false need=0:4126475416,1:4130850456 ceiling=0:15057228656,1:18812634420 host_need=0 short=- waited_ms=0 reclaimed=0 retry_after_s=-
[meter] admit id=chatcmpl-c5611082a251b3cfa060f1ebf8746139 tenant=default lane=interactive model="dsv4f"
[meter] admit id=chatcmpl-30a187edf3ff90862da1aa552682acf5 tenant=default lane=interactive model="dsv4f"
[admit-mem] id=chatcmpl-c5611082a251b3cfa060f1ebf8746139 model="dsv4f" route=dsv4-thread verdict=admit capacity=295 spec=false need=0:4126475416,1:4130850456 ceiling=0:15057228656,1:18812634420 host_need=0 short=- waited_ms=0 reclaimed=0 retry_after_s=-
[admit-mem] id=chatcmpl-30a187edf3ff90862da1aa552682acf5 model="dsv4f" route=dsv4-thread verdict=admit capacity=290 spec=false need=0:4126449816,1:4130822296 ceiling=0:15057228656,1:18812634420 host_need=0 short=- waited_ms=0 reclaimed=0 retry_after_s=-
[meter] admit id=chatcmpl-14651df01cbf9427b5a1e363efd9af5a tenant=default lane=interactive model="dsv4f"
[meter] admit id=chatcmpl-d6024c15d5f3ff37f4fc9a7a559fb774 tenant=default lane=interactive model="dsv4f"
[admit-mem] id=chatcmpl-14651df01cbf9427b5a1e363efd9af5a model="dsv4f" route=dsv4-thread verdict=admit capacity=293 spec=false need=0:4126475416,1:4130850456 ceiling=0:15057228656,1:18812634420 host_need=0 short=- waited_ms=0 reclaimed=0 retry_after_s=-
[admit-mem] id=chatcmpl-d6024c15d5f3ff37f4fc9a7a559fb774 model="dsv4f" route=dsv4-thread verdict=admit capacity=293 spec=false need=0:4126475416,1:4130850456 ceiling=0:15057228656,1:18812634420 host_need=0 short=- waited_ms=0 reclaimed=0 retry_after_s=-
[meter] admit id=chatcmpl-441f9e19c2e47eabc2c41a6224520b1a tenant=default lane=interactive model="dsv4f"
[meter] admit id=chatcmpl-a95ee4843dc57601f68bd99cb4da790c tenant=default lane=interactive model="dsv4f"
[admit-mem] id=chatcmpl-441f9e19c2e47eabc2c41a6224520b1a model="dsv4f" route=dsv4-thread verdict=admit capacity=295 spec=false need=0:4126475416,1:4130850456 ceiling=0:15057228656,1:18812634420 host_need=0 short=- waited_ms=0 reclaimed=0 retry_after_s=-
[admit-mem] id=chatcmpl-a95ee4843dc57601f68bd99cb4da790c model="dsv4f" route=dsv4-thread verdict=admit capacity=296 spec=false need=0:4126501016,1:4130878616 ceiling=0:15057228656,1:18812634420 host_need=0 short=- waited_ms=0 reclaimed=0 retry_after_s=-
[meter] admit id=chatcmpl-90a439337f742261cac68d1675f5b930 tenant=default lane=interactive model="dsv4f"
[meter] admit id=chatcmpl-666dd0345f51fe9ea250b9acf9b36704 tenant=default lane=interactive model="dsv4f"
[admit-mem] id=chatcmpl-90a439337f742261cac68d1675f5b930 model="dsv4f" route=dsv4-thread verdict=admit capacity=294 spec=false need=0:4126475416,1:4130850456 ceiling=0:15057228656,1:18812634420 host_need=0 short=- waited_ms=0 reclaimed=0 retry_after_s=-
[admit-mem] id=chatcmpl-666dd0345f51fe9ea250b9acf9b36704 model="dsv4f" route=dsv4-thread verdict=admit capacity=290 spec=false need=0:4126449816,1:4130822296 ceiling=0:15057228656,1:18812634420 host_need=0 short=- waited_ms=0 reclaimed=0 retry_after_s=-
[meter] admit id=chatcmpl-a5366c0121bc444441eea25cfd7aeec5 tenant=default lane=interactive model="dsv4f"
[meter] admit id=chatcmpl-05849c698d054438373cbf2a6fd47a7f tenant=default lane=interactive model="dsv4f"
[meter] admit id=chatcmpl-e20e592d5f46d865dbec78b2228bfb2e tenant=default lane=interactive model="dsv4f"
[meter] admit id=chatcmpl-157c19171e196cd9043e1be018d01945 tenant=default lane=interactive model="dsv4f"
[admit-mem] id=chatcmpl-a5366c0121bc444441eea25cfd7aeec5 model="dsv4f" route=dsv4-thread verdict=admit capacity=296 spec=false need=0:4126501016,1:4130878616 ceiling=0:15057228656,1:18812634420 host_need=0 short=- waited_ms=0 reclaimed=0 retry_after_s=-
[admit-mem] id=chatcmpl-05849c698d054438373cbf2a6fd47a7f model="dsv4f" route=dsv4-thread verdict=admit capacity=290 spec=false need=0:4126449816,1:4130822296 ceiling=0:15057228656,1:18812634420 host_need=0 short=- waited_ms=0 reclaimed=0 retry_after_s=-
[meter] admit id=chatcmpl-225e6605c25274e240210a89d625894c tenant=default lane=interactive model="dsv4f"
[meter] admit id=chatcmpl-33b10d22c6a9c67287b24cd3bb10f4a8 tenant=default lane=interactive model="dsv4f"
[admit-mem] id=chatcmpl-e20e592d5f46d865dbec78b2228bfb2e model="dsv4f" route=dsv4-thread verdict=admit capacity=295 spec=false need=0:4126475416,1:4130850456 ceiling=0:15057228656,1:18812634420 host_need=0 short=- waited_ms=0 reclaimed=0 retry_after_s=-
[admit-mem] id=chatcmpl-157c19171e196cd9043e1be018d01945 model="dsv4f" route=dsv4-thread verdict=admit capacity=295 spec=false need=0:4126475416,1:4130850456 ceiling=0:15057228656,1:18812634420 host_need=0 short=- waited_ms=0 reclaimed=0 retry_after_s=-
[meter] admit id=chatcmpl-f07dfdd557c2309a9616e34aefd585ad tenant=default lane=interactive model="dsv4f"
[meter] admit id=chatcmpl-3f4489441e582cf5e640e071ec982bfd tenant=default lane=interactive model="dsv4f"
[admit-mem] id=chatcmpl-225e6605c25274e240210a89d625894c model="dsv4f" route=dsv4-thread verdict=admit capacity=290 spec=false need=0:4126449816,1:4130822296 ceiling=0:15057228656,1:18812634420 host_need=0 short=- waited_ms=0 reclaimed=0 retry_after_s=-
[admit-mem] id=chatcmpl-33b10d22c6a9c67287b24cd3bb10f4a8 model="dsv4f" route=dsv4-thread verdict=admit capacity=293 spec=false need=0:4126475416,1:4130850456 ceiling=0:15057228656,1:18812634420 host_need=0 short=- waited_ms=0 reclaimed=0 retry_after_s=-
[admit-mem] id=chatcmpl-f07dfdd557c2309a9616e34aefd585ad model="dsv4f" route=dsv4-thread verdict=admit capacity=294 spec=false need=0:4126475416,1:4130850456 ceiling=0:15057228656,1:18812634420 host_need=0 short=- waited_ms=0 reclaimed=0 retry_after_s=-
[admit-mem] id=chatcmpl-3f4489441e582cf5e640e071ec982bfd model="dsv4f" route=dsv4-thread verdict=admit capacity=293 spec=false need=0:4126475416,1:4130850456 ceiling=0:15057228656,1:18812634420 host_need=0 short=- waited_ms=0 reclaimed=0 retry_after_s=-
[server] SIGTERM: draining (0 in flight, deadline 30s)
[server] drain complete in 0.0s; exiting
[server] GPU worker shutdown complete
