[server] build: memra-0.138.0-cf5f5a32889d (id: source-tree, git: 19747ab0f92f)
[server] starting; models config = [("dsv4f", "/data/dsv4f/nvfp4", None)]
[gpu-watch] Xid source: /dev/kmsg
[worker-affinity] off (MEMRA_WORKER_CPUSET / MEMRA_WORKER_AFFINITY unset or =0)
[gpu-watch] on: every 60s, probe deadline 10s, fatal after 3 consecutive misses (MEMRA_GPU_PROBE_MISSES), fatal Xid [48, 64, 79, 94, 95, 119, 120]
[worker] Engine ready (device=0, MEMRA_FAST=true)
[spec-gate] policy placement=single-or-non-pp2 LOW=2 HIGH=4 source=placement-default spec-admission=on
[spec-k] automatic table: prompt<1024 -> K=3; cold-long -> K=3; prompt>= 1024 and cached>= 1024 -> K=2 (K=5 when the loaded MTP head is rank-trimmed)
[worker] loading model "dsv4f" <- /data/dsv4f/nvfp4
[load] programmatic dependent launch on the decode chain: true
[load] sampled candidate order: Radix
[load] placement: split_at=22 trunk_layers=43 dspark_tail_reserve=0.00 GiB
[load] plain sampler: Device (the topology's default)
[load] expert arm: Native | decode path: Device { host_math: false } | dots arm: f32x (dots + sink/norm/indexer chains)
[load] topology: TpEpAllLayers | layers=43 per-rank-resident=all
[load] indexer score: Knee
[load] prefill head: All
[load] prefill DSpark prime: All
[load] sampled DSpark proposal: Greedy
[load] prefill MoE: reference
[load] dspark exit-head dots arm: f32x (rung-4c fork; drafts only, never the emitted stream)
[load] dspark selected-expert dispatch: per-expert reference
[load] dense arm: fp8 (iteration-5; fp8 = FP8-blk linears as-stored on the device decode/verify paths, bit-identical twins)
[load] lane-8 peer byte-integrity probe PASS: 1 boundaries, 10 copies, ladder [16384, 65536, 524288, 1048576, 67108864] bytes, 344.6ms
[load] lane-8 peer transport enabled (1 boundaries)
[load] layer 3 -> 2 rank copies done t=20s
[load] layer 7 -> 2 rank copies done t=43s
[load] layer 11 -> 2 rank copies done t=65s
[load] layer 15 -> 2 rank copies done t=103s
[load] layer 19 -> 2 rank copies done t=136s
[load] layer 23 -> 2 rank copies done t=156s
[load] layer 27 -> 2 rank copies done t=175s
[load] layer 31 -> 2 rank copies done t=194s
[load] layer 35 -> 2 rank copies done t=214s
[load] layer 39 -> 2 rank copies done t=254s
[load] layer 42 -> 2 rank copies done t=269s
[load] drafter: 3 DSpark block(s) (mtp.0.e_proj absent) — GPU drafter path off (set MEMRA_DSV4_DRAFTER=dspark); trunk-only
[load] TP/EP push joins: true
[TP/EP load] local expert banks resident by ID: rank0=0..128, rank1=128..256; peer dispatch disabled
[load] expert program: matrix (grouped ModelOpt split-plane executor via dsv4_grouped; tensor-core MMA class, the loaded default since 2026-09-11), EP pair (all-layer TP/EP local banks)
[attention-TP2] packed rank-local Q_b/wo_a/wo_b rows: heads=32 groups=4 wo_b_rows=2048 full_planes_freed=8.06 GiB numeric_class=dsv4_attention_head_split_row_gather_exact
[load] position-split staging: 131072 rows (256 MiB) per rank
[load] TP/EP vocab-parallel decode head: true
[dsv4-doors] program=loaded door="push joins" env=MEMRA_DSV4_AR_PUSH merged=#788 declared_default=On resolved=On(AllRoutedShapes) disposition=Engaged
[dsv4-doors] program=loaded door="vocab-parallel head" env=MEMRA_DSV4_VOCAB_HEAD merged=#783 declared_default=On resolved=On(DecodeOnlyM1) disposition=Engaged
[dsv4-doors] program=loaded door="PDL chain" env=MEMRA_DSV4_PDL merged=#782 declared_default=On resolved=On(AllRoutedShapes) disposition=Engaged
[dsv4-doors] program=loaded door="replay cadence" env=MEMRA_DSV4_REPLAY_CADENCE merged=#374 declared_default=On resolved=On(DecodeOnlyM1) disposition=PortAdmissionOrRedeclare
[dsv4-doors] program=loaded door="dense exact-tail transport" env=MEMRA_DSV4_DENSE_EXACT_TAIL merged=#374 declared_default=On resolved=On(DecodeOnlyM1) disposition=Engaged
[dsv4-doors] program=loaded door="dense-fast" env=MEMRA_DSV4_DENSE_FAST merged=#404 declared_default=On resolved=On(DecodeOnlyM1) disposition=Engaged
[dsv4-doors] program=loaded door="HC dot split S16" env=MEMRA_DSV4_HC_DOT_SPLIT merged=#418 declared_default=On resolved=On(AllRoutedShapes) disposition=Engaged
[dsv4-serve] dsv4f: placement TP/EP (expert-ID EP pair, attention TP2) (default), plain sampler Device
[dsv4-serve] dsv4f: loaded on devices [0, 1], contract RefFp8Round, max_seq 1048576, drafter absent (plain only), parked-host-cache OFF (MEMRA_DSV4_KV_HOST_MB=0), chunked-prefill 512 tokens, active-C4-host-budget 0 bytes (0=OFF; separate from parked cache)
[dsv4-serve] dsv4f: B-row steps up to 16 rows, 1 group(s) in flight (MEMRA_DSV4_ROWS)
[dsv4-serve] dsv4f: 16 serving lane(s) (MEMRA_DSV4_SESSIONS)
[admit-mem] route=dsv4-thread model="dsv4f" calibrated fixed_plain=0:4707110988,1:4707110988 fixed_spec=0:4707110988,1:4707110988 ceiling=0:15537823396,1:15566719644 defer_budget_ms=8000
[route-contract] model="dsv4f" route=dsv4-thread capacity=16 sessions implemented=[capacity,occupancy,progress,fault-ownership,shutdown-ownership,memory-cost,service-metrics] refused=[rewrite-qualification: the route consumes no MEMRA_REWRITE_BUNDLE and none of its programs is a plan rewrite (memra#449); prime-fairness: no worker Session exists for a dsv4 request; the prime is one synchronous chunked call on the serving thread (memra#535 P4)]
[prefix-cache] WARNING: derived budget is 0 B after the boot free-VRAM reserve clamp; prefix caching disabled
[admit-mem] door=OFF open_output_tokens=8192 defer_budget_ms=8000 (admission charges prompt+output, the reclaim flush demotes to the host tier before dropping, and a memory defer past the budget refuses 429 instead of queueing past the client's deadline)
[server] worker ready; serving models: ["dsv4f"]
[server] listening on http://127.0.0.1:36459
[meter] admit id=chatcmpl-451620a1f8dcbc6cb83d201020e85653 tenant=default lane=interactive model="dsv4f"
[admit-mem] id=chatcmpl-451620a1f8dcbc6cb83d201020e85653 model="dsv4f" route=dsv4-thread verdict=admit capacity=512 spec=false need=0:4785486412,1:4785486412 ceiling=0:15537823396,1:15566719644 host_need=0 short=- waited_ms=0 reclaimed=0 retry_after_s=-
[dsv4-moe-fused] ENGAGED on TP/EP: t=1 slots=6 experts [0, 128) of 256, two launches, the slot sums after the rank-order join
[moe-sk-form] dev=0 qt=108 sms=188 occ128=1 occ32=7 occt=3 cross=2147483647 xcross=2147483647 bdb=0 in_f=4096 out_f=2048 n_active=128 max_m=228
[meter] admit id=chatcmpl-4d834e0af222b2c66e8ec99f758b9e4a tenant=default lane=interactive model="dsv4f"
[meter] admit id=chatcmpl-b57d30c4b51662813df4699192b27cf2 tenant=default lane=interactive model="dsv4f"
[meter] admit id=chatcmpl-b9623d9c5b514bd434cc2a48512a253f tenant=default lane=interactive model="dsv4f"
[meter] admit id=chatcmpl-0e09b90d3d68d8dc779b5490c903517c tenant=default lane=interactive model="dsv4f"
[admit-mem] id=chatcmpl-4d834e0af222b2c66e8ec99f758b9e4a model="dsv4f" route=dsv4-thread verdict=admit capacity=512 spec=false need=0:4785486412,1:4785486412 ceiling=0:15537823396,1:15566719644 host_need=0 short=- waited_ms=0 reclaimed=0 retry_after_s=-
[admit-mem] id=chatcmpl-b57d30c4b51662813df4699192b27cf2 model="dsv4f" route=dsv4-thread verdict=admit capacity=512 spec=false need=0:4785486412,1:4785486412 ceiling=0:15537823396,1:15566719644 host_need=0 short=- waited_ms=0 reclaimed=0 retry_after_s=-
[admit-mem] id=chatcmpl-b9623d9c5b514bd434cc2a48512a253f model="dsv4f" route=dsv4-thread verdict=admit capacity=512 spec=false need=0:4785486412,1:4785486412 ceiling=0:15537823396,1:15566719644 host_need=0 short=- waited_ms=0 reclaimed=0 retry_after_s=-
[admit-mem] id=chatcmpl-0e09b90d3d68d8dc779b5490c903517c model="dsv4f" route=dsv4-thread verdict=admit capacity=512 spec=false need=0:4785486412,1:4785486412 ceiling=0:15537823396,1:15566719644 host_need=0 short=- waited_ms=0 reclaimed=0 retry_after_s=-
[meter] admit id=chatcmpl-cb2312837a4fdc2b1fb296d19e4bdfdb tenant=default lane=interactive model="dsv4f"
[meter] admit id=chatcmpl-ef18305b2d841bacef29d959d7375b34 tenant=default lane=interactive model="dsv4f"
[meter] admit id=chatcmpl-8777a83d5cc405a97d4fdb5f15437dc0 tenant=default lane=interactive model="dsv4f"
[meter] admit id=chatcmpl-2eef3180144122d91541561ab76efba9 tenant=default lane=interactive model="dsv4f"
[admit-mem] id=chatcmpl-cb2312837a4fdc2b1fb296d19e4bdfdb model="dsv4f" route=dsv4-thread verdict=admit capacity=512 spec=false need=0:4785486412,1:4785486412 ceiling=0:15537823396,1:15566719644 host_need=0 short=- waited_ms=0 reclaimed=0 retry_after_s=-
[admit-mem] id=chatcmpl-ef18305b2d841bacef29d959d7375b34 model="dsv4f" route=dsv4-thread verdict=admit capacity=512 spec=false need=0:4785486412,1:4785486412 ceiling=0:15537823396,1:15566719644 host_need=0 short=- waited_ms=0 reclaimed=0 retry_after_s=-
[admit-mem] id=chatcmpl-8777a83d5cc405a97d4fdb5f15437dc0 model="dsv4f" route=dsv4-thread verdict=admit capacity=512 spec=false need=0:4785486412,1:4785486412 ceiling=0:15537823396,1:15566719644 host_need=0 short=- waited_ms=0 reclaimed=0 retry_after_s=-
[admit-mem] id=chatcmpl-2eef3180144122d91541561ab76efba9 model="dsv4f" route=dsv4-thread verdict=admit capacity=512 spec=false need=0:4785486412,1:4785486412 ceiling=0:15537823396,1:15566719644 host_need=0 short=- waited_ms=0 reclaimed=0 retry_after_s=-
[meter] admit id=chatcmpl-5aa3cd2e36c5811eaf4fd43a8aed2159 tenant=default lane=interactive model="dsv4f"
[admit-mem] id=chatcmpl-5aa3cd2e36c5811eaf4fd43a8aed2159 model="dsv4f" route=dsv4-thread verdict=admit capacity=512 spec=false need=0:4785486412,1:4785486412 ceiling=0:15537823396,1:15566719644 host_need=0 short=- waited_ms=0 reclaimed=0 retry_after_s=-
[meter] admit id=chatcmpl-fd408682e043f174730462af4f4b37dd tenant=default lane=interactive model="dsv4f"
[meter] admit id=chatcmpl-bca5e03e23852aff3784f36376ae2fc2 tenant=default lane=interactive model="dsv4f"
[meter] admit id=chatcmpl-bb5651a63140e387a5cc8ba4b12781c5 tenant=default lane=interactive model="dsv4f"
[meter] admit id=chatcmpl-8d8f59800d74f4602e5b032cd625a579 tenant=default lane=interactive model="dsv4f"
[meter] admit id=chatcmpl-1e42e94199b6fa0cdc9aa4be51b158e4 tenant=default lane=interactive model="dsv4f"
[meter] admit id=chatcmpl-d5136cb921a3e463ae0a88011b94a15a tenant=default lane=interactive model="dsv4f"
[meter] admit id=chatcmpl-394c63fceb00228db53a78c09eac84c1 tenant=default lane=interactive model="dsv4f"
[admit-mem] id=chatcmpl-fd408682e043f174730462af4f4b37dd model="dsv4f" route=dsv4-thread verdict=admit capacity=512 spec=false need=0:4785486412,1:4785486412 ceiling=0:15537823396,1:15566719644 host_need=0 short=- waited_ms=0 reclaimed=0 retry_after_s=-
[admit-mem] id=chatcmpl-bca5e03e23852aff3784f36376ae2fc2 model="dsv4f" route=dsv4-thread verdict=admit capacity=512 spec=false need=0:4785486412,1:4785486412 ceiling=0:15537823396,1:15566719644 host_need=0 short=- waited_ms=0 reclaimed=0 retry_after_s=-
[admit-mem] id=chatcmpl-bb5651a63140e387a5cc8ba4b12781c5 model="dsv4f" route=dsv4-thread verdict=admit capacity=512 spec=false need=0:4785486412,1:4785486412 ceiling=0:15537823396,1:15566719644 host_need=0 short=- waited_ms=0 reclaimed=0 retry_after_s=-
[admit-mem] id=chatcmpl-8d8f59800d74f4602e5b032cd625a579 model="dsv4f" route=dsv4-thread verdict=admit capacity=512 spec=false need=0:4785486412,1:4785486412 ceiling=0:15537823396,1:15566719644 host_need=0 short=- waited_ms=0 reclaimed=0 retry_after_s=-
[admit-mem] id=chatcmpl-1e42e94199b6fa0cdc9aa4be51b158e4 model="dsv4f" route=dsv4-thread verdict=admit capacity=512 spec=false need=0:4785486412,1:4785486412 ceiling=0:15537823396,1:15566719644 host_need=0 short=- waited_ms=0 reclaimed=0 retry_after_s=-
[admit-mem] id=chatcmpl-d5136cb921a3e463ae0a88011b94a15a model="dsv4f" route=dsv4-thread verdict=admit capacity=512 spec=false need=0:4785486412,1:4785486412 ceiling=0:15537823396,1:15566719644 host_need=0 short=- waited_ms=0 reclaimed=0 retry_after_s=-
[admit-mem] id=chatcmpl-394c63fceb00228db53a78c09eac84c1 model="dsv4f" route=dsv4-thread verdict=admit capacity=512 spec=false need=0:4785486412,1:4785486412 ceiling=0:15537823396,1:15566719644 host_need=0 short=- waited_ms=0 reclaimed=0 retry_after_s=-
[meter] admit id=chatcmpl-fca4fce07bc7a8b03d48f6c0f8904597 tenant=default lane=interactive model="dsv4f"
[meter] admit id=chatcmpl-65860a33864e06c690f0ef35416093b7 tenant=default lane=interactive model="dsv4f"
[meter] admit id=chatcmpl-bc20703140d2bced338f2a196ab90eef tenant=default lane=interactive model="dsv4f"
[meter] admit id=chatcmpl-774e1a85f5afc7f0d0c7a65e6152604f tenant=default lane=interactive model="dsv4f"
[meter] admit id=chatcmpl-13c0a26b9795c9782d3e8ed0c86d7c16 tenant=default lane=interactive model="dsv4f"
[meter] admit id=chatcmpl-eeaf820f65e077c220dfc34475dc5596 tenant=default lane=interactive model="dsv4f"
[meter] admit id=chatcmpl-695aab50a8f9d09b865ef7dcd075a9ca tenant=default lane=interactive model="dsv4f"
[meter] admit id=chatcmpl-214b960dc3d341ae8cbde87bbac0594c tenant=default lane=interactive model="dsv4f"
[admit-mem] id=chatcmpl-fca4fce07bc7a8b03d48f6c0f8904597 model="dsv4f" route=dsv4-thread verdict=admit capacity=512 spec=false need=0:4785486412,1:4785486412 ceiling=0:15537823396,1:15566719644 host_need=0 short=- waited_ms=0 reclaimed=0 retry_after_s=-
[admit-mem] id=chatcmpl-65860a33864e06c690f0ef35416093b7 model="dsv4f" route=dsv4-thread verdict=admit capacity=512 spec=false need=0:4785486412,1:4785486412 ceiling=0:15537823396,1:15566719644 host_need=0 short=- waited_ms=0 reclaimed=0 retry_after_s=-
[admit-mem] id=chatcmpl-bc20703140d2bced338f2a196ab90eef model="dsv4f" route=dsv4-thread verdict=admit capacity=512 spec=false need=0:4785486412,1:4785486412 ceiling=0:15537823396,1:15566719644 host_need=0 short=- waited_ms=0 reclaimed=0 retry_after_s=-
[admit-mem] id=chatcmpl-774e1a85f5afc7f0d0c7a65e6152604f model="dsv4f" route=dsv4-thread verdict=admit capacity=512 spec=false need=0:4785486412,1:4785486412 ceiling=0:15537823396,1:15566719644 host_need=0 short=- waited_ms=0 reclaimed=0 retry_after_s=-
[admit-mem] id=chatcmpl-13c0a26b9795c9782d3e8ed0c86d7c16 model="dsv4f" route=dsv4-thread verdict=admit capacity=512 spec=false need=0:4785486412,1:4785486412 ceiling=0:15537823396,1:15566719644 host_need=0 short=- waited_ms=0 reclaimed=0 retry_after_s=-
[admit-mem] id=chatcmpl-eeaf820f65e077c220dfc34475dc5596 model="dsv4f" route=dsv4-thread verdict=admit capacity=512 spec=false need=0:4785486412,1:4785486412 ceiling=0:15537823396,1:15566719644 host_need=0 short=- waited_ms=0 reclaimed=0 retry_after_s=-
[admit-mem] id=chatcmpl-695aab50a8f9d09b865ef7dcd075a9ca model="dsv4f" route=dsv4-thread verdict=admit capacity=512 spec=false need=0:4785486412,1:4785486412 ceiling=0:15537823396,1:15566719644 host_need=0 short=- waited_ms=0 reclaimed=0 retry_after_s=-
[admit-mem] id=chatcmpl-214b960dc3d341ae8cbde87bbac0594c model="dsv4f" route=dsv4-thread verdict=admit capacity=512 spec=false need=0:4785486412,1:4785486412 ceiling=0:15537823396,1:15566719644 host_need=0 short=- waited_ms=0 reclaimed=0 retry_after_s=-
[meter] admit id=chatcmpl-0e4b97e2bad5590254b9c1a910773c49 tenant=default lane=interactive model="dsv4f"
[meter] admit id=chatcmpl-995ac795250e3c33449ed8438011b03b tenant=default lane=interactive model="dsv4f"
[meter] admit id=chatcmpl-9f86732d40caa0c074380cbc2b235c66 tenant=default lane=interactive model="dsv4f"
[admit-mem] id=chatcmpl-0e4b97e2bad5590254b9c1a910773c49 model="dsv4f" route=dsv4-thread verdict=admit capacity=512 spec=false need=0:4785486412,1:4785486412 ceiling=0:15537823396,1:15566719644 host_need=0 short=- waited_ms=0 reclaimed=0 retry_after_s=-
[meter] admit id=chatcmpl-6bbb2883a0aaba40b721011ae6af356f tenant=default lane=interactive model="dsv4f"
[meter] admit id=chatcmpl-fcd7f80fe6566b71ea35ac17eceb4f3b tenant=default lane=interactive model="dsv4f"
[meter] admit id=chatcmpl-d09eb2dd7d9973aa341c134f91737d0b tenant=default lane=interactive model="dsv4f"
[admit-mem] id=chatcmpl-995ac795250e3c33449ed8438011b03b model="dsv4f" route=dsv4-thread verdict=admit capacity=512 spec=false need=0:4785486412,1:4785486412 ceiling=0:15537823396,1:15566719644 host_need=0 short=- waited_ms=0 reclaimed=0 retry_after_s=-
[admit-mem] id=chatcmpl-9f86732d40caa0c074380cbc2b235c66 model="dsv4f" route=dsv4-thread verdict=admit capacity=512 spec=false need=0:4785486412,1:4785486412 ceiling=0:15537823396,1:15566719644 host_need=0 short=- waited_ms=0 reclaimed=0 retry_after_s=-
[meter] admit id=chatcmpl-f526dd92e10303aa439dd6bf8338ea9a tenant=default lane=interactive model="dsv4f"
[meter] admit id=chatcmpl-7575967e5c83563aeb925463c00fe175 tenant=default lane=interactive model="dsv4f"
[meter] admit id=chatcmpl-34a2bffd2d057416ccf6458c4f75fb97 tenant=default lane=interactive model="dsv4f"
[meter] admit id=chatcmpl-681f09f7ab27f838da11edac263a1204 tenant=default lane=interactive model="dsv4f"
[meter] admit id=chatcmpl-03d59d88864cba84edb62c013d59a3dd tenant=default lane=interactive model="dsv4f"
[meter] admit id=chatcmpl-35dd463a2c27d994c8c4c3078def2697 tenant=default lane=interactive model="dsv4f"
[admit-mem] id=chatcmpl-6bbb2883a0aaba40b721011ae6af356f model="dsv4f" route=dsv4-thread verdict=admit capacity=512 spec=false need=0:4785486412,1:4785486412 ceiling=0:15537823396,1:15566719644 host_need=0 short=- waited_ms=0 reclaimed=0 retry_after_s=-
[meter] admit id=chatcmpl-96cfed0f2d3eb4a8d7f22e2efbd9eb3b tenant=default lane=interactive model="dsv4f"
[meter] admit id=chatcmpl-4450f6a7f4de0a23729ef5974c397116 tenant=default lane=interactive model="dsv4f"
[meter] admit id=chatcmpl-0d3911c7e9bc787bce422528daf95e92 tenant=default lane=interactive model="dsv4f"
[meter] admit id=chatcmpl-eac5b20f703783594da4757e51a79f2f tenant=default lane=interactive model="dsv4f"
[admit-mem] id=chatcmpl-fcd7f80fe6566b71ea35ac17eceb4f3b model="dsv4f" route=dsv4-thread verdict=admit capacity=512 spec=false need=0:4785486412,1:4785486412 ceiling=0:15537823396,1:15566719644 host_need=0 short=- waited_ms=0 reclaimed=0 retry_after_s=-
[admit-mem] id=chatcmpl-d09eb2dd7d9973aa341c134f91737d0b model="dsv4f" route=dsv4-thread verdict=admit capacity=512 spec=false need=0:4785486412,1:4785486412 ceiling=0:15537823396,1:15566719644 host_need=0 short=- waited_ms=0 reclaimed=0 retry_after_s=-
[admit-mem] id=chatcmpl-f526dd92e10303aa439dd6bf8338ea9a model="dsv4f" route=dsv4-thread verdict=admit capacity=512 spec=false need=0:4785486412,1:4785486412 ceiling=0:15537823396,1:15566719644 host_need=0 short=- waited_ms=0 reclaimed=0 retry_after_s=-
[admit-mem] id=chatcmpl-7575967e5c83563aeb925463c00fe175 model="dsv4f" route=dsv4-thread verdict=admit capacity=512 spec=false need=0:4785486412,1:4785486412 ceiling=0:15537823396,1:15566719644 host_need=0 short=- waited_ms=0 reclaimed=0 retry_after_s=-
[admit-mem] id=chatcmpl-34a2bffd2d057416ccf6458c4f75fb97 model="dsv4f" route=dsv4-thread verdict=admit capacity=512 spec=false need=0:4785486412,1:4785486412 ceiling=0:15537823396,1:15566719644 host_need=0 short=- waited_ms=0 reclaimed=0 retry_after_s=-
[admit-mem] id=chatcmpl-681f09f7ab27f838da11edac263a1204 model="dsv4f" route=dsv4-thread verdict=admit capacity=512 spec=false need=0:4785486412,1:4785486412 ceiling=0:15537823396,1:15566719644 host_need=0 short=- waited_ms=0 reclaimed=0 retry_after_s=-
[admit-mem] id=chatcmpl-03d59d88864cba84edb62c013d59a3dd model="dsv4f" route=dsv4-thread verdict=admit capacity=512 spec=false need=0:4785486412,1:4785486412 ceiling=0:15537823396,1:15566719644 host_need=0 short=- waited_ms=0 reclaimed=0 retry_after_s=-
[admit-mem] id=chatcmpl-35dd463a2c27d994c8c4c3078def2697 model="dsv4f" route=dsv4-thread verdict=admit capacity=512 spec=false need=0:4785486412,1:4785486412 ceiling=0:15537823396,1:15566719644 host_need=0 short=- waited_ms=0 reclaimed=0 retry_after_s=-
[admit-mem] id=chatcmpl-96cfed0f2d3eb4a8d7f22e2efbd9eb3b model="dsv4f" route=dsv4-thread verdict=admit capacity=512 spec=false need=0:4785486412,1:4785486412 ceiling=0:15537823396,1:15566719644 host_need=0 short=- waited_ms=0 reclaimed=0 retry_after_s=-
[admit-mem] id=chatcmpl-4450f6a7f4de0a23729ef5974c397116 model="dsv4f" route=dsv4-thread verdict=admit capacity=512 spec=false need=0:4785486412,1:4785486412 ceiling=0:15537823396,1:15566719644 host_need=0 short=- waited_ms=0 reclaimed=0 retry_after_s=-
[admit-mem] id=chatcmpl-0d3911c7e9bc787bce422528daf95e92 model="dsv4f" route=dsv4-thread verdict=admit capacity=512 spec=false need=0:4785486412,1:4785486412 ceiling=0:15537823396,1:15566719644 host_need=0 short=- waited_ms=0 reclaimed=0 retry_after_s=-
[admit-mem] id=chatcmpl-eac5b20f703783594da4757e51a79f2f model="dsv4f" route=dsv4-thread verdict=admit capacity=512 spec=false need=0:4785486412,1:4785486412 ceiling=0:15537823396,1:15566719644 host_need=0 short=- waited_ms=0 reclaimed=0 retry_after_s=-
[meter] admit id=chatcmpl-d3796106bbb2cda828da5ead785f286b tenant=default lane=interactive model="dsv4f"
[meter] admit id=chatcmpl-a5dc14fd368c43c8f994521365abdbb9 tenant=default lane=interactive model="dsv4f"
[admit-mem] id=chatcmpl-d3796106bbb2cda828da5ead785f286b model="dsv4f" route=dsv4-thread verdict=admit capacity=512 spec=false need=0:4785486412,1:4785486412 ceiling=0:15537823396,1:15566719644 host_need=0 short=- waited_ms=0 reclaimed=0 retry_after_s=-
[meter] admit id=chatcmpl-61921e28959a11d2b777de2fb27a9877 tenant=default lane=interactive model="dsv4f"
[meter] admit id=chatcmpl-780986ec22076334a2025d83eda86db2 tenant=default lane=interactive model="dsv4f"
[admit-mem] id=chatcmpl-a5dc14fd368c43c8f994521365abdbb9 model="dsv4f" route=dsv4-thread verdict=admit capacity=512 spec=false need=0:4785486412,1:4785486412 ceiling=0:15537823396,1:15566719644 host_need=0 short=- waited_ms=0 reclaimed=0 retry_after_s=-
[admit-mem] id=chatcmpl-61921e28959a11d2b777de2fb27a9877 model="dsv4f" route=dsv4-thread verdict=admit capacity=512 spec=false need=0:4785486412,1:4785486412 ceiling=0:15537823396,1:15566719644 host_need=0 short=- waited_ms=0 reclaimed=0 retry_after_s=-
[meter] admit id=chatcmpl-00efa8e73c22c8ba7ee3bdacef592378 tenant=default lane=interactive model="dsv4f"
[meter] admit id=chatcmpl-79605a9b97e1cb81ca55bb8d62ef0e33 tenant=default lane=interactive model="dsv4f"
[meter] admit id=chatcmpl-1265768df8c781be17b86b57580891c4 tenant=default lane=interactive model="dsv4f"
[meter] admit id=chatcmpl-034c4d074645f9323ca392e223024126 tenant=default lane=interactive model="dsv4f"
[admit-mem] id=chatcmpl-780986ec22076334a2025d83eda86db2 model="dsv4f" route=dsv4-thread verdict=admit capacity=512 spec=false need=0:4785486412,1:4785486412 ceiling=0:15537823396,1:15566719644 host_need=0 short=- waited_ms=0 reclaimed=0 retry_after_s=-
[meter] admit id=chatcmpl-87d3b69dfededaab516a20d3e175f69d tenant=default lane=interactive model="dsv4f"
[meter] admit id=chatcmpl-554ec17a336281bca9a941bc08210a94 tenant=default lane=interactive model="dsv4f"
[meter] admit id=chatcmpl-4fae9c914df271ec98619b9bfb350f74 tenant=default lane=interactive model="dsv4f"
[meter] admit id=chatcmpl-6586029e9140127012219e72ed299534 tenant=default lane=interactive model="dsv4f"
[meter] admit id=chatcmpl-60e3afb5730efa197616327a0d5bebb5 tenant=default lane=interactive model="dsv4f"
[meter] admit id=chatcmpl-49b9fafa1aab6f9e9882ddb25af5f0c5 tenant=default lane=interactive model="dsv4f"
[meter] admit id=chatcmpl-a6f7acc2f046a46773d9213411ac1827 tenant=default lane=interactive model="dsv4f"
[meter] admit id=chatcmpl-367b495a090db70445ad0ca0ecf43797 tenant=default lane=interactive model="dsv4f"
[meter] admit id=chatcmpl-5368e8c948d5a57bc769848a7e20609e tenant=default lane=interactive model="dsv4f"
[meter] admit id=chatcmpl-53e22ae946300a62fa97768341948a8c tenant=default lane=interactive model="dsv4f"
[meter] admit id=chatcmpl-349ab55127cbae412de709c50caa484b tenant=default lane=interactive model="dsv4f"
[meter] admit id=chatcmpl-93f263351c7def193a886b3d433f6431 tenant=default lane=interactive model="dsv4f"
[meter] admit id=chatcmpl-41b8dfddac46b0dc04af3044de600725 tenant=default lane=interactive model="dsv4f"
[meter] admit id=chatcmpl-4a5faa43552d223b9487bbeafd455005 tenant=default lane=interactive model="dsv4f"
[meter] admit id=chatcmpl-05f1117406f6a44fa2aa301d2c9fb6ba tenant=default lane=interactive model="dsv4f"
[meter] admit id=chatcmpl-074b165ca232371cbac407afa9252523 tenant=default lane=interactive model="dsv4f"
[admit-mem] id=chatcmpl-00efa8e73c22c8ba7ee3bdacef592378 model="dsv4f" route=dsv4-thread verdict=admit capacity=512 spec=false need=0:4785486412,1:4785486412 ceiling=0:15537823396,1:15566719644 host_need=0 short=- waited_ms=0 reclaimed=0 retry_after_s=-
[admit-mem] id=chatcmpl-79605a9b97e1cb81ca55bb8d62ef0e33 model="dsv4f" route=dsv4-thread verdict=admit capacity=512 spec=false need=0:4785486412,1:4785486412 ceiling=0:15537823396,1:15566719644 host_need=0 short=- waited_ms=0 reclaimed=0 retry_after_s=-
[admit-mem] id=chatcmpl-1265768df8c781be17b86b57580891c4 model="dsv4f" route=dsv4-thread verdict=admit capacity=512 spec=false need=0:4785486412,1:4785486412 ceiling=0:15537823396,1:15566719644 host_need=0 short=- waited_ms=0 reclaimed=0 retry_after_s=-
[admit-mem] id=chatcmpl-034c4d074645f9323ca392e223024126 model="dsv4f" route=dsv4-thread verdict=admit capacity=512 spec=false need=0:4785486412,1:4785486412 ceiling=0:15537823396,1:15566719644 host_need=0 short=- waited_ms=0 reclaimed=0 retry_after_s=-
[admit-mem] id=chatcmpl-87d3b69dfededaab516a20d3e175f69d model="dsv4f" route=dsv4-thread verdict=admit capacity=512 spec=false need=0:4785486412,1:4785486412 ceiling=0:15537823396,1:15566719644 host_need=0 short=- waited_ms=0 reclaimed=0 retry_after_s=-
[admit-mem] id=chatcmpl-554ec17a336281bca9a941bc08210a94 model="dsv4f" route=dsv4-thread verdict=admit capacity=512 spec=false need=0:4785486412,1:4785486412 ceiling=0:15537823396,1:15566719644 host_need=0 short=- waited_ms=0 reclaimed=0 retry_after_s=-
[admit-mem] id=chatcmpl-4fae9c914df271ec98619b9bfb350f74 model="dsv4f" route=dsv4-thread verdict=admit capacity=512 spec=false need=0:4785486412,1:4785486412 ceiling=0:15537823396,1:15566719644 host_need=0 short=- waited_ms=0 reclaimed=0 retry_after_s=-
[admit-mem] id=chatcmpl-6586029e9140127012219e72ed299534 model="dsv4f" route=dsv4-thread verdict=admit capacity=512 spec=false need=0:4785486412,1:4785486412 ceiling=0:15537823396,1:15566719644 host_need=0 short=- waited_ms=0 reclaimed=0 retry_after_s=-
[admit-mem] id=chatcmpl-60e3afb5730efa197616327a0d5bebb5 model="dsv4f" route=dsv4-thread verdict=admit capacity=512 spec=false need=0:4785486412,1:4785486412 ceiling=0:15537823396,1:15566719644 host_need=0 short=- waited_ms=0 reclaimed=0 retry_after_s=-
[admit-mem] id=chatcmpl-49b9fafa1aab6f9e9882ddb25af5f0c5 model="dsv4f" route=dsv4-thread verdict=admit capacity=512 spec=false need=0:4785486412,1:4785486412 ceiling=0:15537823396,1:15566719644 host_need=0 short=- waited_ms=0 reclaimed=0 retry_after_s=-
[admit-mem] id=chatcmpl-a6f7acc2f046a46773d9213411ac1827 model="dsv4f" route=dsv4-thread verdict=admit capacity=512 spec=false need=0:4785486412,1:4785486412 ceiling=0:15537823396,1:15566719644 host_need=0 short=- waited_ms=0 reclaimed=0 retry_after_s=-
[admit-mem] id=chatcmpl-367b495a090db70445ad0ca0ecf43797 model="dsv4f" route=dsv4-thread verdict=admit capacity=512 spec=false need=0:4785486412,1:4785486412 ceiling=0:15537823396,1:15566719644 host_need=0 short=- waited_ms=0 reclaimed=0 retry_after_s=-
[admit-mem] id=chatcmpl-5368e8c948d5a57bc769848a7e20609e model="dsv4f" route=dsv4-thread verdict=admit capacity=512 spec=false need=0:4785486412,1:4785486412 ceiling=0:15537823396,1:15566719644 host_need=0 short=- waited_ms=0 reclaimed=0 retry_after_s=-
[admit-mem] id=chatcmpl-53e22ae946300a62fa97768341948a8c model="dsv4f" route=dsv4-thread verdict=admit capacity=512 spec=false need=0:4785486412,1:4785486412 ceiling=0:15537823396,1:15566719644 host_need=0 short=- waited_ms=0 reclaimed=0 retry_after_s=-
[admit-mem] id=chatcmpl-349ab55127cbae412de709c50caa484b model="dsv4f" route=dsv4-thread verdict=admit capacity=512 spec=false need=0:4785486412,1:4785486412 ceiling=0:15537823396,1:15566719644 host_need=0 short=- waited_ms=0 reclaimed=0 retry_after_s=-
[admit-mem] id=chatcmpl-93f263351c7def193a886b3d433f6431 model="dsv4f" route=dsv4-thread verdict=admit capacity=512 spec=false need=0:4785486412,1:4785486412 ceiling=0:15537823396,1:15566719644 host_need=0 short=- waited_ms=0 reclaimed=0 retry_after_s=-
[admit-mem] id=chatcmpl-41b8dfddac46b0dc04af3044de600725 model="dsv4f" route=dsv4-thread verdict=admit capacity=512 spec=false need=0:4785486412,1:4785486412 ceiling=0:15537823396,1:15566719644 host_need=0 short=- waited_ms=0 reclaimed=0 retry_after_s=-
[admit-mem] id=chatcmpl-4a5faa43552d223b9487bbeafd455005 model="dsv4f" route=dsv4-thread verdict=admit capacity=512 spec=false need=0:4785486412,1:4785486412 ceiling=0:15537823396,1:15566719644 host_need=0 short=- waited_ms=0 reclaimed=0 retry_after_s=-
[admit-mem] id=chatcmpl-05f1117406f6a44fa2aa301d2c9fb6ba model="dsv4f" route=dsv4-thread verdict=admit capacity=512 spec=false need=0:4785486412,1:4785486412 ceiling=0:15537823396,1:15566719644 host_need=0 short=- waited_ms=0 reclaimed=0 retry_after_s=-
[admit-mem] id=chatcmpl-074b165ca232371cbac407afa9252523 model="dsv4f" route=dsv4-thread verdict=admit capacity=512 spec=false need=0:4785486412,1:4785486412 ceiling=0:15537823396,1:15566719644 host_need=0 short=- waited_ms=0 reclaimed=0 retry_after_s=-
[meter] admit id=chatcmpl-f784ba464b87b5a73f1549b0bcef6d41 tenant=default lane=interactive model="dsv4f"
[meter] admit id=chatcmpl-1adaff92f4974092b64de7045a9cbcb5 tenant=default lane=interactive model="dsv4f"
[admit-mem] id=chatcmpl-f784ba464b87b5a73f1549b0bcef6d41 model="dsv4f" route=dsv4-thread verdict=admit capacity=512 spec=false need=0:4785486412,1:4785486412 ceiling=0:15537823396,1:15566719644 host_need=0 short=- waited_ms=0 reclaimed=0 retry_after_s=-
[meter] admit id=chatcmpl-cf20793e6a58ce2fda45705c9b2e720f tenant=default lane=interactive model="dsv4f"
[meter] admit id=chatcmpl-455e9064b98d3ba40854bd9fdfd5c90d tenant=default lane=interactive model="dsv4f"
[meter] admit id=chatcmpl-9212884ab2e087ce6eade846fb466b12 tenant=default lane=interactive model="dsv4f"
[meter] admit id=chatcmpl-9ec78dfb98853001da26a5ea950fbb88 tenant=default lane=interactive model="dsv4f"
[meter] admit id=chatcmpl-e75e0f311b2f45f99eeb0dcfa985e669 tenant=default lane=interactive model="dsv4f"
[meter] admit id=chatcmpl-8c03390ba8f2c4d5d20bcaf077ad04e9 tenant=default lane=interactive model="dsv4f"
[admit-mem] id=chatcmpl-1adaff92f4974092b64de7045a9cbcb5 model="dsv4f" route=dsv4-thread verdict=admit capacity=512 spec=false need=0:4785486412,1:4785486412 ceiling=0:15537823396,1:15566719644 host_need=0 short=- waited_ms=0 reclaimed=0 retry_after_s=-
[admit-mem] id=chatcmpl-cf20793e6a58ce2fda45705c9b2e720f model="dsv4f" route=dsv4-thread verdict=admit capacity=512 spec=false need=0:4785486412,1:4785486412 ceiling=0:15537823396,1:15566719644 host_need=0 short=- waited_ms=0 reclaimed=0 retry_after_s=-
[admit-mem] id=chatcmpl-455e9064b98d3ba40854bd9fdfd5c90d model="dsv4f" route=dsv4-thread verdict=admit capacity=512 spec=false need=0:4785486412,1:4785486412 ceiling=0:15537823396,1:15566719644 host_need=0 short=- waited_ms=0 reclaimed=0 retry_after_s=-
[admit-mem] id=chatcmpl-9212884ab2e087ce6eade846fb466b12 model="dsv4f" route=dsv4-thread verdict=admit capacity=512 spec=false need=0:4785486412,1:4785486412 ceiling=0:15537823396,1:15566719644 host_need=0 short=- waited_ms=0 reclaimed=0 retry_after_s=-
[admit-mem] id=chatcmpl-9ec78dfb98853001da26a5ea950fbb88 model="dsv4f" route=dsv4-thread verdict=admit capacity=512 spec=false need=0:4785486412,1:4785486412 ceiling=0:15537823396,1:15566719644 host_need=0 short=- waited_ms=0 reclaimed=0 retry_after_s=-
[admit-mem] id=chatcmpl-e75e0f311b2f45f99eeb0dcfa985e669 model="dsv4f" route=dsv4-thread verdict=admit capacity=512 spec=false need=0:4785486412,1:4785486412 ceiling=0:15537823396,1:15566719644 host_need=0 short=- waited_ms=0 reclaimed=0 retry_after_s=-
[admit-mem] id=chatcmpl-8c03390ba8f2c4d5d20bcaf077ad04e9 model="dsv4f" route=dsv4-thread verdict=admit capacity=512 spec=false need=0:4785486412,1:4785486412 ceiling=0:15537823396,1:15566719644 host_need=0 short=- waited_ms=0 reclaimed=0 retry_after_s=-
[meter] admit id=chatcmpl-61bc9368c42c5a17c22dc6c1ed566e76 tenant=default lane=interactive model="dsv4f"
[meter] admit id=chatcmpl-b81492f5a966066b8138ba07880a15b9 tenant=default lane=interactive model="dsv4f"
[meter] admit id=chatcmpl-c3c9d93b58a0e710b945bec9d34f54b3 tenant=default lane=interactive model="dsv4f"
[meter] admit id=chatcmpl-88e468caa4de8abd7dda3f1f6be55c37 tenant=default lane=interactive model="dsv4f"
[meter] admit id=chatcmpl-c553d99ef3be18977055b661334c5ae8 tenant=default lane=interactive model="dsv4f"
[meter] admit id=chatcmpl-59db7085fb0394cb6a91581ee7269e8d tenant=default lane=interactive model="dsv4f"
[meter] admit id=chatcmpl-dabfdef4f7889a8f87233f46724fc312 tenant=default lane=interactive model="dsv4f"
[meter] admit id=chatcmpl-83fa469df4d333db14b3664291d42555 tenant=default lane=interactive model="dsv4f"
[admit-mem] id=chatcmpl-61bc9368c42c5a17c22dc6c1ed566e76 model="dsv4f" route=dsv4-thread verdict=admit capacity=512 spec=false need=0:4785486412,1:4785486412 ceiling=0:15537823396,1:15566719644 host_need=0 short=- waited_ms=0 reclaimed=0 retry_after_s=-
[admit-mem] id=chatcmpl-b81492f5a966066b8138ba07880a15b9 model="dsv4f" route=dsv4-thread verdict=admit capacity=512 spec=false need=0:4785486412,1:4785486412 ceiling=0:15537823396,1:15566719644 host_need=0 short=- waited_ms=0 reclaimed=0 retry_after_s=-
[admit-mem] id=chatcmpl-c3c9d93b58a0e710b945bec9d34f54b3 model="dsv4f" route=dsv4-thread verdict=admit capacity=512 spec=false need=0:4785486412,1:4785486412 ceiling=0:15537823396,1:15566719644 host_need=0 short=- waited_ms=0 reclaimed=0 retry_after_s=-
[admit-mem] id=chatcmpl-88e468caa4de8abd7dda3f1f6be55c37 model="dsv4f" route=dsv4-thread verdict=admit capacity=512 spec=false need=0:4785486412,1:4785486412 ceiling=0:15537823396,1:15566719644 host_need=0 short=- waited_ms=0 reclaimed=0 retry_after_s=-
[admit-mem] id=chatcmpl-c553d99ef3be18977055b661334c5ae8 model="dsv4f" route=dsv4-thread verdict=admit capacity=512 spec=false need=0:4785486412,1:4785486412 ceiling=0:15537823396,1:15566719644 host_need=0 short=- waited_ms=0 reclaimed=0 retry_after_s=-
[admit-mem] id=chatcmpl-59db7085fb0394cb6a91581ee7269e8d model="dsv4f" route=dsv4-thread verdict=admit capacity=512 spec=false need=0:4785486412,1:4785486412 ceiling=0:15537823396,1:15566719644 host_need=0 short=- waited_ms=0 reclaimed=0 retry_after_s=-
[admit-mem] id=chatcmpl-dabfdef4f7889a8f87233f46724fc312 model="dsv4f" route=dsv4-thread verdict=admit capacity=512 spec=false need=0:4785486412,1:4785486412 ceiling=0:15537823396,1:15566719644 host_need=0 short=- waited_ms=0 reclaimed=0 retry_after_s=-
[admit-mem] id=chatcmpl-83fa469df4d333db14b3664291d42555 model="dsv4f" route=dsv4-thread verdict=admit capacity=512 spec=false need=0:4785486412,1:4785486412 ceiling=0:15537823396,1:15566719644 host_need=0 short=- waited_ms=0 reclaimed=0 retry_after_s=-
[server] SIGTERM: draining (0 in flight, deadline 30s)
[server] drain complete in 0.0s; exiting
[server] GPU worker shutdown complete
