04:30:54.025	[cpu-probe] phase=start cpu=1 compute_ns=1.054 cpu_after=1 wall_ns=1105150 tsc=4742686 mperf=4742685 aperf=6302926
04:30:54.059	[tensor-contract] bound 753 semantic tensors (pack qwen35_moe, Gguf, output head Separate); every census tensor is claimed and every required tensor is present with its declared shape and storage
04:30:56.325	[q8rp] split-plane decode mirrors built: 191 tensors
04:30:56.325	loaded qwen35moe (40 trunk layers; optional MTP skipped)
04:30:56.325	prompt tokens: [55, 88, 13]
04:30:56.511	[glm5-vrows-t1-deny] dev=0 il=0 capture_open=false t1_dev=false forced=false slab_bases=false moe_q8=true uniform=true n_used=8 sigmoid_cfg=false pre_clamp=false cpu_hybrid=false observe_routes=false sig_router_env=true — the T=1 device-table MoE arm stood down and this layer takes the host-readback path. Benign with capture_open=false (an eager gap layer); with capture_open=true it is the wrong-answer class the router guard refuses, and the first denied conjunct on the line is the reason.
04:30:56.512	[glm5-vrows-t1-deny] dev=0 il=1 capture_open=false t1_dev=false forced=false slab_bases=false moe_q8=true uniform=true n_used=8 sigmoid_cfg=false pre_clamp=false cpu_hybrid=false observe_routes=false sig_router_env=true — the T=1 device-table MoE arm stood down and this layer takes the host-readback path. Benign with capture_open=false (an eager gap layer); with capture_open=true it is the wrong-answer class the router guard refuses, and the first denied conjunct on the line is the reason.
04:30:56.512	[glm5-vrows-t1-deny] dev=0 il=2 capture_open=false t1_dev=false forced=false slab_bases=false moe_q8=true uniform=true n_used=8 sigmoid_cfg=false pre_clamp=false cpu_hybrid=false observe_routes=false sig_router_env=true — the T=1 device-table MoE arm stood down and this layer takes the host-readback path. Benign with capture_open=false (an eager gap layer); with capture_open=true it is the wrong-answer class the router guard refuses, and the first denied conjunct on the line is the reason.
04:30:56.512	[fa-pool] grow #0 dev=0 o_len 0 -> 4096 ml_len 0 -> 16 (retired kept, zero=false)
04:30:56.513	[glm5-vrows-t1-deny] dev=0 il=13 capture_open=false t1_dev=false forced=false slab_bases=false moe_q8=true uniform=true n_used=8 sigmoid_cfg=false pre_clamp=false cpu_hybrid=false observe_routes=false sig_router_env=true — the T=1 device-table MoE arm stood down and this layer takes the host-readback path. Benign with capture_open=false (an eager gap layer); with capture_open=true it is the wrong-answer class the router guard refuses, and the first denied conjunct on the line is the reason.
04:30:56.513	[glm5-vrows-t1-deny] dev=0 il=14 capture_open=false t1_dev=false forced=false slab_bases=false moe_q8=true uniform=true n_used=8 sigmoid_cfg=false pre_clamp=false cpu_hybrid=false observe_routes=false sig_router_env=true — the T=1 device-table MoE arm stood down and this layer takes the host-readback path. Benign with capture_open=false (an eager gap layer); with capture_open=true it is the wrong-answer class the router guard refuses, and the first denied conjunct on the line is the reason.
04:30:56.513	[glm5-vrows-t1-deny] dev=0 il=15 capture_open=false t1_dev=false forced=false slab_bases=false moe_q8=true uniform=true n_used=8 sigmoid_cfg=false pre_clamp=false cpu_hybrid=false observe_routes=false sig_router_env=true — the T=1 device-table MoE arm stood down and this layer takes the host-readback path. Benign with capture_open=false (an eager gap layer); with capture_open=true it is the wrong-answer class the router guard refuses, and the first denied conjunct on the line is the reason.
04:30:56.513	[glm5-vrows-t1-deny] dev=0 il=16 capture_open=false t1_dev=false forced=false slab_bases=false moe_q8=true uniform=true n_used=8 sigmoid_cfg=false pre_clamp=false cpu_hybrid=false observe_routes=false sig_router_env=true — the T=1 device-table MoE arm stood down and this layer takes the host-readback path. Benign with capture_open=false (an eager gap layer); with capture_open=true it is the wrong-answer class the router guard refuses, and the first denied conjunct on the line is the reason.
04:30:56.514	[glm5-vrows-t1-deny] dev=0 il=17 capture_open=false t1_dev=false forced=false slab_bases=false moe_q8=true uniform=true n_used=8 sigmoid_cfg=false pre_clamp=false cpu_hybrid=false observe_routes=false sig_router_env=true — the T=1 device-table MoE arm stood down and this layer takes the host-readback path. Benign with capture_open=false (an eager gap layer); with capture_open=true it is the wrong-answer class the router guard refuses, and the first denied conjunct on the line is the reason.
04:30:56.527	prefill argmax=198  decode argmax=198  logit maxdiff=6.482e-1  MATCH
04:30:56.528	[cpu-probe] phase=gate cpu=4 compute_ns=1.069 cpu_after=4 wall_ns=1120940 tsc=4810840 mperf=4786631 aperf=6348226
04:30:56.784	generated 32 tokens in 0.244s = 131.17 tok/s (Stage-B int8 dp4a decode, gen-only; prime 0.012s) [stop: MaxNew]
04:30:56.784	tokens: [198, 760, 1118, 3065, 310, 635, 369, 310, 1791, 264, 491, 2313, 13, 353, 2688, 2019, 310, 958, 279, 1581, 46796, 35309, 9237, 4736, 7093, 3683, 13, 198, 40, 2688, 2019, 310]
04:30:56.785	[cpu-probe] phase=generate cpu=4 compute_ns=1.057 cpu_after=4 wall_ns=1107995 tsc=4755327 mperf=4755327 aperf=6309632
04:30:56.785	MoE cache: 9986 slots | cumulative hits=31149 misses=8211 (hit-rate=79.1%) | Stage-1 baseline = 454 MB/decode-token (every block, every layer, every token)
04:30:56.949	[cpu-probe] phase=warm cpu=4 compute_ns=1.061 cpu_after=4 wall_ns=1112403 tsc=4774289 mperf=4774248 aperf=6307709
04:30:57.166	MoE cache STEADY-STATE window: 32 decode steps in 0.217s
04:30:57.167	[cpu-probe] phase=window cpu=4 compute_ns=1.057 cpu_after=4 wall_ns=1108757 tsc=4758595 mperf=4758553 aperf=6301964
04:30:57.167	MoE cache STEADY-STATE (32 tokens after warmup): hit-rate=90.4% | 43.5 MB/decode-token (vs 454 MB/token Stage-1 => 10.4x less PCIe)
04:30:58.019	[cpu-probe] cpu=4 cpu_after=4 compute_ns=1.053 l1_ns=0.877 l2_ns=3.063 dram_ns=90.736 compute2_ns=1.053
