HASH_LOCK_ACQUIRED 2026-08-11T08:57:47Z
{"actual_start_offsets_ms": [0.029], "errors": [], "exactness": "match", "expected_sha256": "21b8293f2298978c74fb89f32d9b14e3ea921f39924cfce88c73b01f445bb6de", "golden_divergences": 0, "golden_matches": 1, "hash_counts": {"21b8293f2298978c74fb89f32d9b14e3ea921f39924cfce88c73b01f445bb6de": 1}, "label": "boot-01-serial", "latency_p50_s": 1.112741, "latency_p99_s": 1.112741, "n_error": 0, "n_ok": 1, "requests": 1, "scheduled_delays_ms": [0.0], "ttft_p50_s": 0.502225, "ttft_p99_s": 0.502225, "wall_s": 1.112827}
hash_point=boot-01-serial arm=serial c=1 result=PASS
{"actual_start_offsets_ms": [0.028], "errors": [], "exactness": "match", "expected_sha256": "21b8293f2298978c74fb89f32d9b14e3ea921f39924cfce88c73b01f445bb6de", "golden_divergences": 0, "golden_matches": 1, "hash_counts": {"21b8293f2298978c74fb89f32d9b14e3ea921f39924cfce88c73b01f445bb6de": 1}, "label": "boot-02-dual", "latency_p50_s": 1.113021, "latency_p99_s": 1.113021, "n_error": 0, "n_ok": 1, "requests": 1, "scheduled_delays_ms": [0.0], "ttft_p50_s": 0.50236, "ttft_p99_s": 0.50236, "wall_s": 1.113108}
hash_point=boot-02-dual arm=dual c=1 result=PASS
{"actual_start_offsets_ms": [0.028], "errors": [], "exactness": "match", "expected_sha256": "21b8293f2298978c74fb89f32d9b14e3ea921f39924cfce88c73b01f445bb6de", "golden_divergences": 0, "golden_matches": 1, "hash_counts": {"21b8293f2298978c74fb89f32d9b14e3ea921f39924cfce88c73b01f445bb6de": 1}, "label": "boot-03-serial", "latency_p50_s": 1.104736, "latency_p99_s": 1.104736, "n_error": 0, "n_ok": 1, "requests": 1, "scheduled_delays_ms": [0.0], "ttft_p50_s": 0.49654, "ttft_p99_s": 0.49654, "wall_s": 1.104809}
hash_point=boot-03-serial arm=serial c=1 result=PASS
{"actual_start_offsets_ms": [0.026], "errors": [], "exactness": "match", "expected_sha256": "21b8293f2298978c74fb89f32d9b14e3ea921f39924cfce88c73b01f445bb6de", "golden_divergences": 0, "golden_matches": 1, "hash_counts": {"21b8293f2298978c74fb89f32d9b14e3ea921f39924cfce88c73b01f445bb6de": 1}, "label": "boot-04-dual", "latency_p50_s": 1.107392, "latency_p99_s": 1.107392, "n_error": 0, "n_ok": 1, "requests": 1, "scheduled_delays_ms": [0.0], "ttft_p50_s": 0.498852, "ttft_p99_s": 0.498852, "wall_s": 1.107465}
hash_point=boot-04-dual arm=dual c=1 result=PASS
{"actual_start_offsets_ms": [0.024], "errors": [], "exactness": "match", "expected_sha256": "21b8293f2298978c74fb89f32d9b14e3ea921f39924cfce88c73b01f445bb6de", "golden_divergences": 0, "golden_matches": 1, "hash_counts": {"21b8293f2298978c74fb89f32d9b14e3ea921f39924cfce88c73b01f445bb6de": 1}, "label": "boot-05-serial", "latency_p50_s": 1.105146, "latency_p99_s": 1.105146, "n_error": 0, "n_ok": 1, "requests": 1, "scheduled_delays_ms": [0.0], "ttft_p50_s": 0.496776, "ttft_p99_s": 0.496776, "wall_s": 1.105222}
hash_point=boot-05-serial arm=serial c=1 result=PASS
{"actual_start_offsets_ms": [0.027], "errors": [], "exactness": "match", "expected_sha256": "21b8293f2298978c74fb89f32d9b14e3ea921f39924cfce88c73b01f445bb6de", "golden_divergences": 0, "golden_matches": 1, "hash_counts": {"21b8293f2298978c74fb89f32d9b14e3ea921f39924cfce88c73b01f445bb6de": 1}, "label": "boot-06-dual", "latency_p50_s": 1.104741, "latency_p99_s": 1.104741, "n_error": 0, "n_ok": 1, "requests": 1, "scheduled_delays_ms": [0.0], "ttft_p50_s": 0.496989, "ttft_p99_s": 0.496989, "wall_s": 1.104817}
hash_point=boot-06-dual arm=dual c=1 result=PASS
{"actual_start_offsets_ms": [0.025], "errors": [], "exactness": "match", "expected_sha256": "21b8293f2298978c74fb89f32d9b14e3ea921f39924cfce88c73b01f445bb6de", "golden_divergences": 0, "golden_matches": 1, "hash_counts": {"21b8293f2298978c74fb89f32d9b14e3ea921f39924cfce88c73b01f445bb6de": 1}, "label": "boot-07-serial", "latency_p50_s": 1.104525, "latency_p99_s": 1.104525, "n_error": 0, "n_ok": 1, "requests": 1, "scheduled_delays_ms": [0.0], "ttft_p50_s": 0.496461, "ttft_p99_s": 0.496461, "wall_s": 1.104606}
hash_point=boot-07-serial arm=serial c=1 result=PASS
{"actual_start_offsets_ms": [0.027], "errors": [], "exactness": "match", "expected_sha256": "21b8293f2298978c74fb89f32d9b14e3ea921f39924cfce88c73b01f445bb6de", "golden_divergences": 0, "golden_matches": 1, "hash_counts": {"21b8293f2298978c74fb89f32d9b14e3ea921f39924cfce88c73b01f445bb6de": 1}, "label": "boot-08-dual", "latency_p50_s": 1.104898, "latency_p99_s": 1.104898, "n_error": 0, "n_ok": 1, "requests": 1, "scheduled_delays_ms": [0.0], "ttft_p50_s": 0.496519, "ttft_p99_s": 0.496519, "wall_s": 1.104978}
hash_point=boot-08-dual arm=dual c=1 result=PASS
{"actual_start_offsets_ms": [0.026], "errors": [], "exactness": "match", "expected_sha256": "21b8293f2298978c74fb89f32d9b14e3ea921f39924cfce88c73b01f445bb6de", "golden_divergences": 0, "golden_matches": 1, "hash_counts": {"21b8293f2298978c74fb89f32d9b14e3ea921f39924cfce88c73b01f445bb6de": 1}, "label": "boot-09-serial", "latency_p50_s": 1.10445, "latency_p99_s": 1.10445, "n_error": 0, "n_ok": 1, "requests": 1, "scheduled_delays_ms": [0.0], "ttft_p50_s": 0.496093, "ttft_p99_s": 0.496093, "wall_s": 1.104535}
hash_point=boot-09-serial arm=serial c=1 result=PASS
{"actual_start_offsets_ms": [0.036], "errors": [], "exactness": "match", "expected_sha256": "21b8293f2298978c74fb89f32d9b14e3ea921f39924cfce88c73b01f445bb6de", "golden_divergences": 0, "golden_matches": 1, "hash_counts": {"21b8293f2298978c74fb89f32d9b14e3ea921f39924cfce88c73b01f445bb6de": 1}, "label": "boot-10-dual", "latency_p50_s": 1.103651, "latency_p99_s": 1.103651, "n_error": 0, "n_ok": 1, "requests": 1, "scheduled_delays_ms": [0.0], "ttft_p50_s": 0.495977, "ttft_p99_s": 0.495977, "wall_s": 1.103737}
hash_point=boot-10-dual arm=dual c=1 result=PASS
{"actual_start_offsets_ms": [0.028], "errors": [], "exactness": "match", "expected_sha256": "21b8293f2298978c74fb89f32d9b14e3ea921f39924cfce88c73b01f445bb6de", "golden_divergences": 0, "golden_matches": 1, "hash_counts": {"21b8293f2298978c74fb89f32d9b14e3ea921f39924cfce88c73b01f445bb6de": 1}, "label": "matrix-serial-c1", "latency_p50_s": 1.10433, "latency_p99_s": 1.10433, "n_error": 0, "n_ok": 1, "requests": 1, "scheduled_delays_ms": [0.0], "ttft_p50_s": 0.496303, "ttft_p99_s": 0.496303, "wall_s": 1.104409}
hash_point=matrix-serial-c1 arm=serial c=1 result=PASS
{"actual_start_offsets_ms": [0.026, 0.217], "errors": [], "exactness": "match", "expected_sha256": "21b8293f2298978c74fb89f32d9b14e3ea921f39924cfce88c73b01f445bb6de", "golden_divergences": 0, "golden_matches": 2, "hash_counts": {"21b8293f2298978c74fb89f32d9b14e3ea921f39924cfce88c73b01f445bb6de": 2}, "label": "matrix-serial-c2", "latency_p50_s": 1.474422, "latency_p99_s": 1.484067, "n_error": 0, "n_ok": 2, "requests": 2, "scheduled_delays_ms": [0.0, 0.0], "ttft_p50_s": 0.538512, "ttft_p99_s": 0.557098, "wall_s": 1.484152}
hash_point=matrix-serial-c2 arm=serial c=2 result=PASS
{"actual_start_offsets_ms": [0.024, 0.211, 0.402], "errors": [], "exactness": "match", "expected_sha256": "21b8293f2298978c74fb89f32d9b14e3ea921f39924cfce88c73b01f445bb6de", "golden_divergences": 0, "golden_matches": 3, "hash_counts": {"21b8293f2298978c74fb89f32d9b14e3ea921f39924cfce88c73b01f445bb6de": 3}, "label": "matrix-serial-c3", "latency_p50_s": 2.251441, "latency_p99_s": 2.261277, "n_error": 0, "n_ok": 3, "requests": 3, "scheduled_delays_ms": [0.0, 0.0, 0.0], "ttft_p50_s": 0.999077, "ttft_p99_s": 1.023313, "wall_s": 2.261533}
hash_point=matrix-serial-c3 arm=serial c=3 result=PASS
{"actual_start_offsets_ms": [0.024, 0.215, 0.411, 0.589], "errors": [], "exactness": "match", "expected_sha256": "21b8293f2298978c74fb89f32d9b14e3ea921f39924cfce88c73b01f445bb6de", "golden_divergences": 0, "golden_matches": 4, "hash_counts": {"21b8293f2298978c74fb89f32d9b14e3ea921f39924cfce88c73b01f445bb6de": 4}, "label": "matrix-serial-c4", "latency_p50_s": 2.637146, "latency_p99_s": 2.645015, "n_error": 0, "n_ok": 4, "requests": 4, "scheduled_delays_ms": [0.0, 0.0, 0.0, 0.0], "ttft_p50_s": 1.075902, "ttft_p99_s": 1.092731, "wall_s": 2.645119}
hash_point=matrix-serial-c4 arm=serial c=4 result=PASS
{"actual_start_offsets_ms": [0.026, 0.244, 0.447, 0.625, 0.814], "errors": [], "exactness": "match", "expected_sha256": "21b8293f2298978c74fb89f32d9b14e3ea921f39924cfce88c73b01f445bb6de", "golden_divergences": 0, "golden_matches": 5, "hash_counts": {"21b8293f2298978c74fb89f32d9b14e3ea921f39924cfce88c73b01f445bb6de": 5}, "label": "matrix-serial-c5", "latency_p50_s": 3.424309, "latency_p99_s": 3.424781, "n_error": 0, "n_ok": 5, "requests": 5, "scheduled_delays_ms": [0.0, 0.0, 0.0, 0.0, 0.0], "ttft_p50_s": 1.546883, "ttft_p99_s": 1.547545, "wall_s": 3.42508}
hash_point=matrix-serial-c5 arm=serial c=5 result=PASS
{"actual_start_offsets_ms": [0.025, 0.224, 0.408, 0.602, 0.776, 0.964], "errors": [], "exactness": "match", "expected_sha256": "21b8293f2298978c74fb89f32d9b14e3ea921f39924cfce88c73b01f445bb6de", "golden_divergences": 0, "golden_matches": 6, "hash_counts": {"21b8293f2298978c74fb89f32d9b14e3ea921f39924cfce88c73b01f445bb6de": 6}, "label": "matrix-serial-c6", "latency_p50_s": 4.201371, "latency_p99_s": 4.201869, "n_error": 0, "n_ok": 6, "requests": 6, "scheduled_delays_ms": [0.0, 0.0, 0.0, 0.0, 0.0, 0.0], "ttft_p50_s": 2.009845, "ttft_p99_s": 2.010138, "wall_s": 4.202188}
hash_point=matrix-serial-c6 arm=serial c=6 result=PASS
{"actual_start_offsets_ms": [0.028, 0.221, 0.411, 0.597, 0.775, 0.948, 1.116], "errors": [], "exactness": "match", "expected_sha256": "21b8293f2298978c74fb89f32d9b14e3ea921f39924cfce88c73b01f445bb6de", "golden_divergences": 0, "golden_matches": 7, "hash_counts": {"21b8293f2298978c74fb89f32d9b14e3ea921f39924cfce88c73b01f445bb6de": 7}, "label": "matrix-serial-c7", "latency_p50_s": 4.974222, "latency_p99_s": 4.974823, "n_error": 0, "n_ok": 7, "requests": 7, "scheduled_delays_ms": [0.0, 0.0, 0.0, 0.0, 0.0, 0.0, 0.0], "ttft_p50_s": 2.462014, "ttft_p99_s": 2.462686, "wall_s": 4.975149}
hash_point=matrix-serial-c7 arm=serial c=7 result=PASS
{"actual_start_offsets_ms": [0.029, 0.23, 0.418, 0.614, 0.787, 0.959, 1.139, 1.475], "errors": [], "exactness": "match", "expected_sha256": "21b8293f2298978c74fb89f32d9b14e3ea921f39924cfce88c73b01f445bb6de", "golden_divergences": 0, "golden_matches": 8, "hash_counts": {"21b8293f2298978c74fb89f32d9b14e3ea921f39924cfce88c73b01f445bb6de": 8}, "label": "matrix-serial-c8", "latency_p50_s": 5.731533, "latency_p99_s": 5.732006, "n_error": 0, "n_ok": 8, "requests": 8, "scheduled_delays_ms": [0.0, 0.0, 0.0, 0.0, 0.0, 0.0, 0.0, 0.0], "ttft_p50_s": 2.911376, "ttft_p99_s": 2.912024, "wall_s": 5.732367}
hash_point=matrix-serial-c8 arm=serial c=8 result=PASS
{"actual_start_offsets_ms": [0.026], "errors": [], "exactness": "match", "expected_sha256": "21b8293f2298978c74fb89f32d9b14e3ea921f39924cfce88c73b01f445bb6de", "golden_divergences": 0, "golden_matches": 1, "hash_counts": {"21b8293f2298978c74fb89f32d9b14e3ea921f39924cfce88c73b01f445bb6de": 1}, "label": "matrix-dual-c1", "latency_p50_s": 1.104527, "latency_p99_s": 1.104527, "n_error": 0, "n_ok": 1, "requests": 1, "scheduled_delays_ms": [0.0], "ttft_p50_s": 0.496141, "ttft_p99_s": 0.496141, "wall_s": 1.104606}
hash_point=matrix-dual-c1 arm=dual c=1 result=PASS
{"actual_start_offsets_ms": [0.025, 0.233], "errors": [], "exactness": "match", "expected_sha256": "21b8293f2298978c74fb89f32d9b14e3ea921f39924cfce88c73b01f445bb6de", "golden_divergences": 0, "golden_matches": 2, "hash_counts": {"21b8293f2298978c74fb89f32d9b14e3ea921f39924cfce88c73b01f445bb6de": 2}, "label": "matrix-dual-c2", "latency_p50_s": 1.479671, "latency_p99_s": 1.489126, "n_error": 0, "n_ok": 2, "requests": 2, "scheduled_delays_ms": [0.0, 0.0], "ttft_p50_s": 0.538561, "ttft_p99_s": 0.556909, "wall_s": 1.489408}
hash_point=matrix-dual-c2 arm=dual c=2 result=PASS
{"actual_start_offsets_ms": [0.024, 0.217, 0.403], "errors": [], "exactness": "match", "expected_sha256": "21b8293f2298978c74fb89f32d9b14e3ea921f39924cfce88c73b01f445bb6de", "golden_divergences": 0, "golden_matches": 3, "hash_counts": {"21b8293f2298978c74fb89f32d9b14e3ea921f39924cfce88c73b01f445bb6de": 3}, "label": "matrix-dual-c3", "latency_p50_s": 2.284612, "latency_p99_s": 2.284755, "n_error": 0, "n_ok": 3, "requests": 3, "scheduled_delays_ms": [0.0, 0.0, 0.0], "ttft_p50_s": 1.020908, "ttft_p99_s": 1.020957, "wall_s": 2.284883}
hash_point=matrix-dual-c3 arm=dual c=3 result=PASS
{"actual_start_offsets_ms": [0.025, 0.217, 0.429, 0.617], "errors": [], "exactness": "match", "expected_sha256": "21b8293f2298978c74fb89f32d9b14e3ea921f39924cfce88c73b01f445bb6de", "golden_divergences": 0, "golden_matches": 4, "hash_counts": {"21b8293f2298978c74fb89f32d9b14e3ea921f39924cfce88c73b01f445bb6de": 4}, "label": "matrix-dual-c4", "latency_p50_s": 2.530171, "latency_p99_s": 2.53745, "n_error": 0, "n_ok": 4, "requests": 4, "scheduled_delays_ms": [0.0, 0.0, 0.0, 0.0], "ttft_p50_s": 1.083078, "ttft_p99_s": 1.099156, "wall_s": 2.537968}
hash_point=matrix-dual-c4 arm=dual c=4 result=PASS
{"actual_start_offsets_ms": [0.026, 0.251, 0.449, 0.628, 0.816], "errors": [], "exactness": "match", "expected_sha256": "21b8293f2298978c74fb89f32d9b14e3ea921f39924cfce88c73b01f445bb6de", "golden_divergences": 0, "golden_matches": 5, "hash_counts": {"21b8293f2298978c74fb89f32d9b14e3ea921f39924cfce88c73b01f445bb6de": 5}, "label": "matrix-dual-c5", "latency_p50_s": 3.308107, "latency_p99_s": 3.308518, "n_error": 0, "n_ok": 5, "requests": 5, "scheduled_delays_ms": [0.0, 0.0, 0.0, 0.0, 0.0], "ttft_p50_s": 1.555834, "ttft_p99_s": 1.556494, "wall_s": 3.30906}
hash_point=matrix-dual-c5 arm=dual c=5 result=PASS
{"actual_start_offsets_ms": [0.026, 0.217, 0.416, 0.601, 0.775, 0.95], "errors": [], "exactness": "match", "expected_sha256": "21b8293f2298978c74fb89f32d9b14e3ea921f39924cfce88c73b01f445bb6de", "golden_divergences": 0, "golden_matches": 6, "hash_counts": {"21b8293f2298978c74fb89f32d9b14e3ea921f39924cfce88c73b01f445bb6de": 6}, "label": "matrix-dual-c6", "latency_p50_s": 3.92475, "latency_p99_s": 3.925442, "n_error": 0, "n_ok": 6, "requests": 6, "scheduled_delays_ms": [0.0, 0.0, 0.0, 0.0, 0.0, 0.0], "ttft_p50_s": 2.00496, "ttft_p99_s": 2.005606, "wall_s": 3.925762}
hash_point=matrix-dual-c6 arm=dual c=6 result=PASS
{"actual_start_offsets_ms": [0.029, 0.224, 0.436, 0.638, 0.811, 0.982, 1.155], "errors": [], "exactness": "match", "expected_sha256": "21b8293f2298978c74fb89f32d9b14e3ea921f39924cfce88c73b01f445bb6de", "golden_divergences": 0, "golden_matches": 7, "hash_counts": {"21b8293f2298978c74fb89f32d9b14e3ea921f39924cfce88c73b01f445bb6de": 7}, "label": "matrix-dual-c7", "latency_p50_s": 4.690663, "latency_p99_s": 4.691397, "n_error": 0, "n_ok": 7, "requests": 7, "scheduled_delays_ms": [0.0, 0.0, 0.0, 0.0, 0.0, 0.0, 0.0], "ttft_p50_s": 2.469239, "ttft_p99_s": 2.469988, "wall_s": 4.691548}
hash_point=matrix-dual-c7 arm=dual c=7 result=PASS
{"actual_start_offsets_ms": [0.028, 0.245, 0.451, 0.635, 0.804, 0.975, 1.148, 1.394], "errors": [], "exactness": "match", "expected_sha256": "21b8293f2298978c74fb89f32d9b14e3ea921f39924cfce88c73b01f445bb6de", "golden_divergences": 0, "golden_matches": 8, "hash_counts": {"21b8293f2298978c74fb89f32d9b14e3ea921f39924cfce88c73b01f445bb6de": 8}, "label": "matrix-dual-c8", "latency_p50_s": 5.285384, "latency_p99_s": 5.28594, "n_error": 0, "n_ok": 8, "requests": 8, "scheduled_delays_ms": [0.0, 0.0, 0.0, 0.0, 0.0, 0.0, 0.0, 0.0], "ttft_p50_s": 2.910934, "ttft_p99_s": 2.911331, "wall_s": 5.286438}
hash_point=matrix-dual-c8 arm=dual c=8 result=PASS
{"arms": ["serial", "dual"], "expected_sha256": "21b8293f2298978c74fb89f32d9b14e3ea921f39924cfce88c73b01f445bb6de", "fresh_boots": 10, "matrix_widths": [1, 2, 3, 4, 5, 6, 7, 8], "requests": 82, "schema": "memra.dualpp0.hash-matrix.v1", "summaries": 26, "verdict": "PASS"}
HASH_MATRIX_PASS 2026-08-11T09:07:08Z
