13:13:52.642	[cpu-probe] phase=start cpu=1 compute_ns=2.027 cpu_after=1 wall_ns=2124995 tsc=9120085 mperf=9120042 aperf=6293222
13:13:52.679	[tensor-contract] bound 753 semantic tensors (pack qwen35_moe, Gguf, output head Separate); every census tensor is claimed and every required tensor is present with its declared shape and storage
13:13:57.091	[q8rp] split-plane decode mirrors built: 191 tensors
13:13:57.092	loaded qwen35moe (40 trunk layers; optional MTP skipped)
13:13:57.092	prompt tokens: [55, 88, 13]
13:13:57.447	[glm5-vrows-t1-deny] dev=0 il=0 capture_open=false t1_dev=false forced=false slab_bases=false moe_q8=true uniform=true n_used=8 sigmoid_cfg=false pre_clamp=false cpu_hybrid=false observe_routes=false sig_router_env=true — the T=1 device-table MoE arm stood down and this layer takes the host-readback path. Benign with capture_open=false (an eager gap layer); with capture_open=true it is the wrong-answer class the router guard refuses, and the first denied conjunct on the line is the reason.
13:13:57.447	[glm5-vrows-t1-deny] dev=0 il=1 capture_open=false t1_dev=false forced=false slab_bases=false moe_q8=true uniform=true n_used=8 sigmoid_cfg=false pre_clamp=false cpu_hybrid=false observe_routes=false sig_router_env=true — the T=1 device-table MoE arm stood down and this layer takes the host-readback path. Benign with capture_open=false (an eager gap layer); with capture_open=true it is the wrong-answer class the router guard refuses, and the first denied conjunct on the line is the reason.
13:13:57.448	[glm5-vrows-t1-deny] dev=0 il=2 capture_open=false t1_dev=false forced=false slab_bases=false moe_q8=true uniform=true n_used=8 sigmoid_cfg=false pre_clamp=false cpu_hybrid=false observe_routes=false sig_router_env=true — the T=1 device-table MoE arm stood down and this layer takes the host-readback path. Benign with capture_open=false (an eager gap layer); with capture_open=true it is the wrong-answer class the router guard refuses, and the first denied conjunct on the line is the reason.
13:13:57.448	[fa-pool] grow #0 dev=0 o_len 0 -> 4096 ml_len 0 -> 16 (retired kept, zero=false)
13:13:57.449	[glm5-vrows-t1-deny] dev=0 il=13 capture_open=false t1_dev=false forced=false slab_bases=false moe_q8=true uniform=true n_used=8 sigmoid_cfg=false pre_clamp=false cpu_hybrid=false observe_routes=false sig_router_env=true — the T=1 device-table MoE arm stood down and this layer takes the host-readback path. Benign with capture_open=false (an eager gap layer); with capture_open=true it is the wrong-answer class the router guard refuses, and the first denied conjunct on the line is the reason.
13:13:57.449	[glm5-vrows-t1-deny] dev=0 il=14 capture_open=false t1_dev=false forced=false slab_bases=false moe_q8=true uniform=true n_used=8 sigmoid_cfg=false pre_clamp=false cpu_hybrid=false observe_routes=false sig_router_env=true — the T=1 device-table MoE arm stood down and this layer takes the host-readback path. Benign with capture_open=false (an eager gap layer); with capture_open=true it is the wrong-answer class the router guard refuses, and the first denied conjunct on the line is the reason.
13:13:57.449	[glm5-vrows-t1-deny] dev=0 il=15 capture_open=false t1_dev=false forced=false slab_bases=false moe_q8=true uniform=true n_used=8 sigmoid_cfg=false pre_clamp=false cpu_hybrid=false observe_routes=false sig_router_env=true — the T=1 device-table MoE arm stood down and this layer takes the host-readback path. Benign with capture_open=false (an eager gap layer); with capture_open=true it is the wrong-answer class the router guard refuses, and the first denied conjunct on the line is the reason.
13:13:57.449	[glm5-vrows-t1-deny] dev=0 il=16 capture_open=false t1_dev=false forced=false slab_bases=false moe_q8=true uniform=true n_used=8 sigmoid_cfg=false pre_clamp=false cpu_hybrid=false observe_routes=false sig_router_env=true — the T=1 device-table MoE arm stood down and this layer takes the host-readback path. Benign with capture_open=false (an eager gap layer); with capture_open=true it is the wrong-answer class the router guard refuses, and the first denied conjunct on the line is the reason.
13:13:57.449	[glm5-vrows-t1-deny] dev=0 il=17 capture_open=false t1_dev=false forced=false slab_bases=false moe_q8=true uniform=true n_used=8 sigmoid_cfg=false pre_clamp=false cpu_hybrid=false observe_routes=false sig_router_env=true — the T=1 device-table MoE arm stood down and this layer takes the host-readback path. Benign with capture_open=false (an eager gap layer); with capture_open=true it is the wrong-answer class the router guard refuses, and the first denied conjunct on the line is the reason.
13:13:57.465	prefill argmax=198  decode argmax=198  logit maxdiff=6.482e-1  MATCH
13:13:57.466	[cpu-probe] phase=gate cpu=1 compute_ns=1.048 cpu_after=1 wall_ns=1098660 tsc=4715337 mperf=4715337 aperf=6291639
13:13:57.801	generated 32 tokens in 0.322s = 99.25 tok/s (Stage-B int8 dp4a decode, gen-only; prime 0.012s) [stop: MaxNew]
13:13:57.801	tokens: [198, 760, 1118, 3065, 310, 635, 369, 310, 1791, 264, 491, 2313, 13, 353, 2688, 2019, 310, 958, 279, 1581, 46796, 35309, 9237, 4736, 7093, 3683, 13, 198, 40, 2688, 2019, 310]
13:13:57.802	[cpu-probe] phase=generate cpu=1 compute_ns=1.048 cpu_after=1 wall_ns=1098569 tsc=4714951 mperf=4714992 aperf=6291610
13:13:57.802	MoE cache: 9986 slots | cumulative hits=31149 misses=8211 (hit-rate=79.1%) | Stage-1 baseline = 454 MB/decode-token (every block, every layer, every token)
13:13:57.980	[cpu-probe] phase=warm cpu=1 compute_ns=1.052 cpu_after=1 wall_ns=1103228 tsc=4734945 mperf=4734945 aperf=6313330
13:13:58.236	MoE cache STEADY-STATE window: 32 decode steps in 0.256s
13:13:58.237	[cpu-probe] phase=window cpu=1 compute_ns=1.048 cpu_after=1 wall_ns=1098679 tsc=4715424 mperf=4715465 aperf=6291592
13:13:58.237	MoE cache STEADY-STATE (32 tokens after warmup): hit-rate=90.4% | 43.5 MB/decode-token (vs 454 MB/token Stage-1 => 10.4x less PCIe)
13:13:59.305	[cpu-probe] cpu=1 cpu_after=1 compute_ns=1.050 l1_ns=0.877 l2_ns=3.126 dram_ns=97.633 compute2_ns=1.049
