build rg 7150cb5f1 SERVER_EXIT=0 ENGINE_EXIT=0  server 4dcfc54df52c22fd
build main10 cf6b82db4 SERVER_EXIT=0 ENGINE_EXIT=0  server 52044cd837a7ef65
serve r1 Gd rc=0 CELL greedy-c1 c=1 ok=8/8 agg=76.99 tok/s decode_p50=80.58 tok/s ttft_p50=162 ms tpot_p50=12.41 ms errs=[] CELL greedy-c2 c=2 ok=8/8 agg=103.22 tok/s decode_p50=53.97 tok/s ttft_p50=243 ms tpot_p50=18.53 ms errs=[] CELL greedy-c4 c=4 ok=8/8 agg=135.76 tok/s decode_p50=36.03 tok/s ttft_p50=430 ms tpot_p50=27.76 ms errs=[] CELL sampled-c2 c=2 ok=8/8 agg=102.92 tok/s decode_p50=53.94 tok/s ttft_p50=244 ms tpot_p50=18.54 ms errs=[] CELL greedy-c2-2k c=2 ok=8/8 agg=20.26 tok/s decode_p50=46.70 tok/s ttft_p50=9872 ms tpot_p50=21.41 ms errs=[]  notarmed=0 4 serving lane(s) [dsv4-serve] dsv4f: 4 serving lane(s) (default on the plain TP/EP program, sharing B-row steps; MEMRA_DSV4_SESSIONS=1 is the serial route) 
serve r2 Pp rc=0 CELL greedy-c1 c=1 ok=8/8 agg=65.45 tok/s decode_p50=68.48 tok/s ttft_p50=184 ms tpot_p50=14.60 ms errs=[] CELL greedy-c2 c=2 ok=8/8 agg=120.76 tok/s decode_p50=64.90 tok/s ttft_p50=309 ms tpot_p50=15.41 ms errs=[] CELL greedy-c4 c=4 ok=8/8 agg=120.63 tok/s decode_p50=64.80 tok/s ttft_p50=4462 ms tpot_p50=15.43 ms errs=[] CELL sampled-c2 c=2 ok=8/8 agg=107.57 tok/s decode_p50=57.29 tok/s ttft_p50=312 ms tpot_p50=17.45 ms errs=[] CELL greedy-c2-2k c=2 ok=8/8 agg=21.57 tok/s decode_p50=57.02 tok/s ttft_p50=9582 ms tpot_p50=17.54 ms errs=[]  notarmed=0 2 serving lane(s) 
serve r3 Mn rc=0 CELL greedy-c1 c=1 ok=8/8 agg=77.13 tok/s decode_p50=80.67 tok/s ttft_p50=157 ms tpot_p50=12.40 ms errs=[] CELL greedy-c2 c=2 ok=8/8 agg=76.81 tok/s decode_p50=80.51 tok/s ttft_p50=3490 ms tpot_p50=12.42 ms errs=[] CELL greedy-c4 c=4 ok=8/8 agg=76.68 tok/s decode_p50=80.40 tok/s ttft_p50=10162 ms tpot_p50=12.44 ms errs=[] CELL sampled-c2 c=2 ok=8/8 agg=76.41 tok/s decode_p50=80.01 tok/s ttft_p50=3511 ms tpot_p50=12.50 ms errs=[] CELL greedy-c2-2k c=2 ok=8/8 agg=18.96 tok/s decode_p50=75.68 tok/s ttft_p50=11813 ms tpot_p50=13.21 ms errs=[]  notarmed=0 1 serving lane(s) 
serve r4 Mn rc=0 CELL greedy-c1 c=1 ok=8/8 agg=77.14 tok/s decode_p50=80.69 tok/s ttft_p50=157 ms tpot_p50=12.39 ms errs=[] CELL greedy-c2 c=2 ok=8/8 agg=76.85 tok/s decode_p50=80.53 tok/s ttft_p50=3486 ms tpot_p50=12.42 ms errs=[] CELL greedy-c4 c=4 ok=8/8 agg=76.71 tok/s decode_p50=80.42 tok/s ttft_p50=10155 ms tpot_p50=12.44 ms errs=[] CELL sampled-c2 c=2 ok=8/8 agg=76.36 tok/s decode_p50=79.96 tok/s ttft_p50=3511 ms tpot_p50=12.51 ms errs=[] CELL greedy-c2-2k c=2 ok=8/8 agg=18.97 tok/s decode_p50=75.65 tok/s ttft_p50=11813 ms tpot_p50=13.22 ms errs=[]  notarmed=0 1 serving lane(s) 
serve r5 Pp rc=0 CELL greedy-c1 c=1 ok=8/8 agg=65.43 tok/s decode_p50=68.48 tok/s ttft_p50=186 ms tpot_p50=14.60 ms errs=[] CELL greedy-c2 c=2 ok=8/8 agg=120.94 tok/s decode_p50=64.84 tok/s ttft_p50=297 ms tpot_p50=15.42 ms errs=[] CELL greedy-c4 c=4 ok=8/8 agg=120.72 tok/s decode_p50=64.82 tok/s ttft_p50=4462 ms tpot_p50=15.43 ms errs=[] CELL sampled-c2 c=2 ok=8/8 agg=107.39 tok/s decode_p50=57.10 tok/s ttft_p50=307 ms tpot_p50=17.51 ms errs=[] CELL greedy-c2-2k c=2 ok=8/8 agg=21.57 tok/s decode_p50=56.73 tok/s ttft_p50=9578 ms tpot_p50=17.63 ms errs=[]  notarmed=0 2 serving lane(s) 
serve r6 Gd rc=0 CELL greedy-c1 c=1 ok=8/8 agg=76.98 tok/s decode_p50=80.60 tok/s ttft_p50=162 ms tpot_p50=12.41 ms errs=[] CELL greedy-c2 c=2 ok=8/8 agg=103.05 tok/s decode_p50=53.89 tok/s ttft_p50=242 ms tpot_p50=18.56 ms errs=[] CELL greedy-c4 c=4 ok=8/8 agg=135.45 tok/s decode_p50=35.81 tok/s ttft_p50=434 ms tpot_p50=27.92 ms errs=[] CELL sampled-c2 c=2 ok=8/8 agg=102.79 tok/s decode_p50=53.88 tok/s ttft_p50=243 ms tpot_p50=18.56 ms errs=[] CELL greedy-c2-2k c=2 ok=8/8 agg=20.26 tok/s decode_p50=46.59 tok/s ttft_p50=9873 ms tpot_p50=21.46 ms errs=[]  notarmed=0 4 serving lane(s) [dsv4-serve] dsv4f: 4 serving lane(s) (default on the plain TP/EP program, sharing B-row steps; MEMRA_DSV4_SESSIONS=1 is the serial route) 
serve r7 Gd rc=0 CELL greedy-c1 c=1 ok=8/8 agg=76.99 tok/s decode_p50=80.61 tok/s ttft_p50=162 ms tpot_p50=12.41 ms errs=[] CELL greedy-c2 c=2 ok=8/8 agg=103.17 tok/s decode_p50=53.97 tok/s ttft_p50=242 ms tpot_p50=18.53 ms errs=[] CELL greedy-c4 c=4 ok=8/8 agg=136.27 tok/s decode_p50=35.96 tok/s ttft_p50=410 ms tpot_p50=27.81 ms errs=[] CELL sampled-c2 c=2 ok=8/8 agg=102.61 tok/s decode_p50=53.63 tok/s ttft_p50=245 ms tpot_p50=18.65 ms errs=[] CELL greedy-c2-2k c=2 ok=8/8 agg=20.22 tok/s decode_p50=46.60 tok/s ttft_p50=9896 ms tpot_p50=21.46 ms errs=[]  notarmed=0 4 serving lane(s) [dsv4-serve] dsv4f: 4 serving lane(s) (default on the plain TP/EP program, sharing B-row steps; MEMRA_DSV4_SESSIONS=1 is the serial route) 
serve r8 Pp rc=0 CELL greedy-c1 c=1 ok=8/8 agg=65.46 tok/s decode_p50=68.48 tok/s ttft_p50=184 ms tpot_p50=14.60 ms errs=[] CELL greedy-c2 c=2 ok=8/8 agg=120.79 tok/s decode_p50=64.89 tok/s ttft_p50=310 ms tpot_p50=15.41 ms errs=[] CELL greedy-c4 c=4 ok=8/8 agg=120.54 tok/s decode_p50=64.86 tok/s ttft_p50=4476 ms tpot_p50=15.42 ms errs=[] CELL sampled-c2 c=2 ok=8/8 agg=107.17 tok/s decode_p50=57.07 tok/s ttft_p50=304 ms tpot_p50=17.52 ms errs=[] CELL greedy-c2-2k c=2 ok=8/8 agg=21.56 tok/s decode_p50=56.72 tok/s ttft_p50=9589 ms tpot_p50=17.63 ms errs=[]  notarmed=0 2 serving lane(s) 
serve r9 Mn rc=0 CELL greedy-c1 c=1 ok=8/8 agg=77.12 tok/s decode_p50=80.70 tok/s ttft_p50=159 ms tpot_p50=12.39 ms errs=[] CELL greedy-c2 c=2 ok=8/8 agg=76.88 tok/s decode_p50=80.53 tok/s ttft_p50=3488 ms tpot_p50=12.42 ms errs=[] CELL greedy-c4 c=4 ok=8/8 agg=76.69 tok/s decode_p50=80.46 tok/s ttft_p50=10140 ms tpot_p50=12.43 ms errs=[] CELL sampled-c2 c=2 ok=8/8 agg=76.44 tok/s decode_p50=79.99 tok/s ttft_p50=3507 ms tpot_p50=12.50 ms errs=[] CELL greedy-c2-2k c=2 ok=8/8 agg=18.96 tok/s decode_p50=75.72 tok/s ttft_p50=11815 ms tpot_p50=13.21 ms errs=[]  notarmed=0 1 serving lane(s) 
PAIR22_DONE
