base ae50ee52d98058c4
sampler r1 h rc=0 CELL greedy-c1 c=1 ok=8/8 agg=49.08 tok/s decode_p50=50.92 tok/s ttft_p50=212 ms tpot_p50=19.64 ms errs=[] CELL sampled-c1 c=1 ok=8/8 agg=44.06 tok/s decode_p50=45.63 tok/s ttft_p50=215 ms tpot_p50=21.91 ms errs=[] CELL greedy-c1-ignore-eos c=1 ok=4/4 agg=48.90 tok/s decode_p50=50.87 tok/s ttft_p50=222 ms tpot_p50=19.66 ms errs=[]  
sampler r2 d rc=0 CELL greedy-c1 c=1 ok=8/8 agg=49.07 tok/s decode_p50=50.93 tok/s ttft_p50=212 ms tpot_p50=19.63 ms errs=[] CELL sampled-c1 c=1 ok=8/8 agg=48.86 tok/s decode_p50=50.72 tok/s ttft_p50=213 ms tpot_p50=19.72 ms errs=[] CELL greedy-c1-ignore-eos c=1 ok=4/4 agg=48.95 tok/s decode_p50=50.87 tok/s ttft_p50=212 ms tpot_p50=19.66 ms errs=[]  
sampler r3 d rc=0 CELL greedy-c1 c=1 ok=8/8 agg=49.08 tok/s decode_p50=50.93 tok/s ttft_p50=212 ms tpot_p50=19.63 ms errs=[] CELL sampled-c1 c=1 ok=8/8 agg=48.89 tok/s decode_p50=50.74 tok/s ttft_p50=213 ms tpot_p50=19.71 ms errs=[] CELL greedy-c1-ignore-eos c=1 ok=4/4 agg=48.95 tok/s decode_p50=50.88 tok/s ttft_p50=212 ms tpot_p50=19.66 ms errs=[]  
sampler r4 h rc=0 CELL greedy-c1 c=1 ok=8/8 agg=49.05 tok/s decode_p50=50.90 tok/s ttft_p50=212 ms tpot_p50=19.65 ms errs=[] CELL sampled-c1 c=1 ok=8/8 agg=44.62 tok/s decode_p50=46.19 tok/s ttft_p50=215 ms tpot_p50=21.65 ms errs=[] CELL greedy-c1-ignore-eos c=1 ok=4/4 agg=48.94 tok/s decode_p50=50.87 tok/s ttft_p50=212 ms tpot_p50=19.66 ms errs=[]  
sampler r5 h rc=0 CELL greedy-c1 c=1 ok=8/8 agg=49.07 tok/s decode_p50=50.92 tok/s ttft_p50=212 ms tpot_p50=19.64 ms errs=[] CELL sampled-c1 c=1 ok=8/8 agg=44.62 tok/s decode_p50=46.20 tok/s ttft_p50=215 ms tpot_p50=21.65 ms errs=[] CELL greedy-c1-ignore-eos c=1 ok=4/4 agg=48.94 tok/s decode_p50=50.86 tok/s ttft_p50=212 ms tpot_p50=19.66 ms errs=[]  
sampler r6 d rc=0 CELL greedy-c1 c=1 ok=8/8 agg=49.03 tok/s decode_p50=50.93 tok/s ttft_p50=212 ms tpot_p50=19.63 ms errs=[] CELL sampled-c1 c=1 ok=8/8 agg=48.89 tok/s decode_p50=50.73 tok/s ttft_p50=212 ms tpot_p50=19.71 ms errs=[] CELL greedy-c1-ignore-eos c=1 ok=4/4 agg=48.94 tok/s decode_p50=50.88 tok/s ttft_p50=212 ms tpot_p50=19.65 ms errs=[]  
sampler r7 d rc=0 CELL greedy-c1 c=1 ok=8/8 agg=49.07 tok/s decode_p50=50.94 tok/s ttft_p50=213 ms tpot_p50=19.63 ms errs=[] CELL sampled-c1 c=1 ok=8/8 agg=48.89 tok/s decode_p50=50.74 tok/s ttft_p50=212 ms tpot_p50=19.71 ms errs=[] CELL greedy-c1-ignore-eos c=1 ok=4/4 agg=48.93 tok/s decode_p50=50.84 tok/s ttft_p50=212 ms tpot_p50=19.67 ms errs=[]  
sampler r8 h rc=0 CELL greedy-c1 c=1 ok=8/8 agg=49.09 tok/s decode_p50=50.94 tok/s ttft_p50=212 ms tpot_p50=19.63 ms errs=[] CELL sampled-c1 c=1 ok=8/8 agg=44.25 tok/s decode_p50=45.83 tok/s ttft_p50=215 ms tpot_p50=21.82 ms errs=[] CELL greedy-c1-ignore-eos c=1 ok=4/4 agg=48.93 tok/s decode_p50=50.86 tok/s ttft_p50=212 ms tpot_p50=19.66 ms errs=[]  
sampler r9 h rc=0 CELL greedy-c1 c=1 ok=8/8 agg=49.07 tok/s decode_p50=50.91 tok/s ttft_p50=212 ms tpot_p50=19.64 ms errs=[] CELL sampled-c1 c=1 ok=8/8 agg=44.57 tok/s decode_p50=46.19 tok/s ttft_p50=216 ms tpot_p50=21.65 ms errs=[] CELL greedy-c1-ignore-eos c=1 ok=4/4 agg=48.92 tok/s decode_p50=50.85 tok/s ttft_p50=212 ms tpot_p50=19.66 ms errs=[]  
sampler r10 d rc=0 CELL greedy-c1 c=1 ok=8/8 agg=49.04 tok/s decode_p50=50.90 tok/s ttft_p50=212 ms tpot_p50=19.65 ms errs=[] CELL sampled-c1 c=1 ok=8/8 agg=48.89 tok/s decode_p50=50.73 tok/s ttft_p50=212 ms tpot_p50=19.71 ms errs=[] CELL greedy-c1-ignore-eos c=1 ok=4/4 agg=48.95 tok/s decode_p50=50.87 tok/s ttft_p50=212 ms tpot_p50=19.66 ms errs=[]  
PAIR6_DONE
