dsv4-gpu-decode-gate | model /home/ubuntu/models/dsv4-flash-nvfp4 | variant clamp-only | n_new 260 (s_max 292) | max_seq 388 | devices [0, 1]
checkpoints: 52 lengths; top-512 saturation (s >= 2052) NOT reachable at this length (say so, per the lane brief)
[load] expert arm: Bf16Dequant
[load] layer 3 -> dev0 done t=13s
[load] layer 7 -> dev0 done t=26s
[load] layer 11 -> dev0 done t=39s
[load] layer 15 -> dev0 done t=51s
[load] layer 19 -> dev0 done t=64s
[load] layer 23 -> dev1 done t=77s
[load] layer 27 -> dev1 done t=90s
[load] layer 31 -> dev1 done t=103s
[load] layer 35 -> dev1 done t=116s
[load] layer 39 -> dev1 done t=129s
[load] layer 42 -> dev1 done t=138s
loaded: split at layer 22, t=143s
[vram post-load] dev0 used 82.21/94.97 GiB (free 12.77) | dev1 used 82.14/94.97 GiB (free 12.83)
[vram post-alloc] dev0 used 82.24/94.97 GiB (free 12.74) | dev1 used 82.17/94.97 GiB (free 12.80)
[cache] allocated bytes per device: [14373888, 14441984] | design formula: [14373888, 14441984] | MATCH
[vram post-prefill] dev0 used 82.24/94.97 GiB (free 12.74) | dev1 used 82.17/94.97 GiB (free 12.80)
[run 0] prefill s=32 done t=0.6s
[run 0] step 0: s=33 tok 2581 (111.5 ms/step) t=0.7s
[run 0] step 200: s=233 tok 64 (100.9 ms/step) t=20.8s
[run 0] step 259: s=292 tok 22 (102.8 ms/step) t=26.8s
[run 0] 260 steps in 26.8s (informational, single-run, not a perf claim); logits stream sha256 30632e779a4dc7e862965e9248e777bba728cd440bb98dad1183f0520a7ee2ce
[vram post-run0] dev0 used 82.24/94.97 GiB (free 12.74) | dev1 used 82.17/94.97 GiB (free 12.80)
banked /home/ubuntu/dsv4-lane7-out/decode-bf16/decode_seq_for_verify.json (CPU verifier input)
[run 1] step 0: s=33 tok 2581 (98.3 ms/step) t=0.6s
[run 1] step 200: s=233 tok 64 (101.1 ms/step) t=20.7s
[run 1] step 259: s=292 tok 22 (102.9 ms/step) t=26.7s
[run 1] 260 steps in 26.7s (informational, single-run, not a perf claim); logits stream sha256 30632e779a4dc7e862965e9248e777bba728cd440bb98dad1183f0520a7ee2ce
[vram post-run1] dev0 used 82.24/94.97 GiB (free 12.74) | dev1 used 82.17/94.97 GiB (free 12.80)
GATE (d) determinism: tokens IDENTICAL | logits streams BYTE-IDENTICAL (sha 30632e779a4dc7e862965e9248e777bba728cd440bb98dad1183f0520a7ee2ce)
GATE (b) RAW greedy identity vs lane-4 banked: 18/160 agree (positions after a first divergence are trajectory-shifted, not errors); first divergence: step 15 (decode 11443 vs lane4 696)
GATE (a1) decode vs re-prefill (pair bounds: thr = 2·C·√(2 ln n)·absmax_ref, bands = 2·3·√2·C·|boundary|; class C = 3.6225e-2 [bf16-dequant arm]):
| s | max-abs | thr | m-floor | argmax d/r | in-band | top5 ovl/viol | top20 ovl/viol | verdict |
| 33 | 2.882e0 | 1.401e1 | - | 1970/1970 | same | 5/5 v0 | 19/20 v0 | PASS |
| 34 | 8.512e-1 | 1.518e1 | 6.87e-1 | 304/304 | same | 5/5 v0 | 19/20 v0 | PASS |
| 35 | 1.436e0 | 1.534e1 | 1.84e-1 | 12827/12827 | same | 5/5 v0 | 19/20 v0 | PASS |
| 36 | 1.809e0 | 1.423e1 | 7.65e-1 | 396/396 | same | 5/5 v0 | 19/20 v0 | PASS |
| 37 | 1.092e0 | 1.419e1 | 7.95e-1 | 3517/3517 | same | 5/5 v0 | 19/20 v0 | PASS |
| 38 | 6.345e-1 | 1.611e1 | 9.57e-1 | 9884/9884 | same | 5/5 v0 | 19/20 v0 | PASS |
| 39 | 6.589e-1 | 1.484e1 | 5.41e-1 | 93/93 | same | 5/5 v0 | 19/20 v0 | PASS |
| 40 | 1.113e0 | 1.430e1 | 5.72e-1 | 20/20 | same | 5/5 v0 | 20/20 v0 | PASS |
| 41 | 1.088e0 | 1.685e1 | 1.48e0 | 2913/2913 | same | 5/5 v0 | 19/20 v0 | PASS |
| 42 | 8.163e-1 | 1.575e1 | 5.30e-1 | 344/344 | same | 5/5 v0 | 19/20 v0 | PASS |
| 43 | 1.145e0 | 1.583e1 | 5.69e-1 | 54195/54195 | same | 5/5 v0 | 20/20 v0 | PASS |
| 44 | 1.418e0 | 1.276e1 | 9.38e-1 | 16/16 | same | 5/5 v0 | 20/20 v0 | PASS |
| 45 | 1.584e0 | 1.367e1 | 3.08e0 | 1350/1350 | same | 5/5 v0 | 20/20 v0 | PASS |
| 46 | 8.948e-1 | 1.469e1 | 2.82e-1 | 5922/5922 | same | 5/5 v0 | 20/20 v0 | PASS |
| 47 | 7.491e-1 | 1.431e1 | 5.40e-1 | 11443/696 | flip(in-band) | 5/5 v0 | 19/20 v0 | PASS |
| 48 | 1.098e0 | 1.486e1 | 2.29e-1 | 513/513 | same | 4/5 v0 | 19/20 v0 | PASS |
| 49 | 9.799e-1 | 1.337e1 | 7.23e-1 | 53060/53060 | same | 5/5 v0 | 20/20 v0 | PASS |
| 50 | 1.739e0 | 1.382e1 | 8.40e-1 | 339/339 | same | 4/5 v0 | 19/20 v0 | PASS |
| 51 | 1.315e0 | 1.529e1 | 2.18e0 | 666/666 | same | 5/5 v0 | 19/20 v0 | PASS |
| 52 | 1.238e0 | 1.539e1 | 7.10e-1 | 9832/9832 | same | 4/5 v0 | 19/20 v0 | PASS |
| 53 | 2.055e0 | 1.432e1 | 1.37e0 | 223/223 | same | 5/5 v0 | 18/20 v0 | PASS |
| 54 | 1.319e0 | 1.409e1 | 5.62e-1 | 19/19 | same | 5/5 v0 | 20/20 v0 | PASS |
| 55 | 1.182e0 | 1.536e1 | 1.54e0 | 28/28 | same | 5/5 v0 | 19/20 v0 | PASS |
| 56 | 8.204e-1 | 1.532e1 | 8.99e-1 | 45773/45773 | same | 5/5 v0 | 20/20 v0 | PASS |
| 57 | 8.923e-1 | 1.403e1 | 7.25e-1 | 270/270 | same | 5/5 v0 | 19/20 v0 | PASS |
| 58 | 8.589e-1 | 1.506e1 | 7.10e-1 | 12236/12236 | same | 5/5 v0 | 20/20 v0 | PASS |
| 59 | 1.028e0 | 1.437e1 | 7.35e-1 | 9709/9709 | same | 5/5 v0 | 20/20 v0 | PASS |
| 60 | 1.058e0 | 1.624e1 | 3.93e-1 | 2143/2143 | same | 5/5 v0 | 19/20 v0 | PASS |
| 61 | 8.708e-1 | 1.654e1 | 1.12e0 | 18444/18444 | same | 5/5 v0 | 19/20 v0 | PASS |
| 62 | 5.492e-1 | 1.392e1 | 9.19e-1 | 14/14 | same | 4/5 v0 | 19/20 v0 | PASS |
| 63 | 6.329e-1 | 1.448e1 | 4.90e-1 | 362/362 | same | 5/5 v0 | 20/20 v0 | PASS |
| 64 | 6.693e-1 | 1.421e1 | 5.56e-1 | 270/270 | same | 5/5 v0 | 20/20 v0 | PASS |
| 65 | 7.067e-1 | 1.621e1 | 5.72e-1 | 26271/26271 | same | 5/5 v0 | 19/20 v0 | PASS |
| 66 | 7.609e-1 | 1.854e1 | 1.06e0 | 294/294 | same | 5/5 v0 | 20/20 v0 | PASS |
| 67 | 8.352e-1 | 1.565e1 | 1.06e0 | 53060/53060 | same | 5/5 v0 | 18/20 v0 | PASS |
| 68 | 1.455e0 | 1.531e1 | 5.95e-1 | 14/14 | same | 4/5 v0 | 19/20 v0 | PASS |
| 69 | 8.485e-1 | 1.623e1 | 1.82e0 | 396/396 | same | 5/5 v0 | 19/20 v0 | PASS |
| 70 | 1.129e0 | 1.685e1 | 1.16e0 | 3517/3517 | same | 4/5 v0 | 19/20 v0 | PASS |
| 71 | 1.179e0 | 1.587e1 | 1.22e0 | 9884/9884 | same | 4/5 v0 | 20/20 v0 | PASS |
| 72 | 8.137e-1 | 1.480e1 | 1.50e0 | 93/93 | same | 4/5 v0 | 19/20 v0 | PASS |
| 126 | 3.306e-1 | 1.419e1 | - | 14/14 | same | 5/5 v0 | 20/20 v0 | PASS |
| 127 | 1.007e0 | 1.450e1 | 4.32e-1 | 5618/5618 | same | 5/5 v0 | 18/20 v0 | PASS |
| 128 | 6.143e-1 | 1.444e1 | 7.52e-1 | 11/11 | same | 5/5 v0 | 19/20 v0 | PASS |
| 129 | 1.082e0 | 1.550e1 | 7.19e-1 | 438/438 | same | 5/5 v0 | 18/20 v0 | PASS |
| 130 | 5.511e-1 | 1.415e1 | 1.81e0 | 223/223 | same | 5/5 v0 | 20/20 v0 | PASS |
| 131 | 1.737e0 | 1.550e1 | 5.79e-1 | 19/19 | same | 5/5 v0 | 19/20 v0 | PASS |
| 132 | 5.057e-1 | 1.546e1 | 1.82e0 | 2201/2201 | same | 5/5 v0 | 20/20 v0 | PASS |
| 160 | 3.808e0 | 1.674e1 | - | 7490/7490 | same | 5/5 v0 | 17/20 v0 | PASS |
| 192 | 1.209e0 | 1.390e1 | - | 20/20 | same | 5/5 v0 | 19/20 v0 | PASS |
| 255 | 1.131e0 | 1.577e1 | - | 270/270 | same | 5/5 v0 | 20/20 v0 | PASS |
| 256 | 7.540e-1 | 1.584e1 | 2.10e-1 | 4632/1167 | flip(in-band) | 5/5 v0 | 19/20 v0 | PASS |
| 257 | 7.381e-1 | 1.702e1 | 4.22e-1 | 1167/1167 | same | 5/5 v0 | 19/20 v0 | PASS |
checkpoint rows banked: decode_ckpt_logits.bin sha256 1dc485ed9f6bae961d57f3216b81220dd8c36e024df41626832ea3e06b33afc0 | reprefill_ckpt_logits.bin sha256 26c375233e2adc01efa26b1afee43397f7c5f4de7ca87901bb1914a782a43af2
step-equivalence summary: 0/52 checkpoints bit-exact; worst max-abs 3.808e0 at s=160
GATE (c) short-probe (lane-7 protocol): n_new 260 >= 40, boundary checkpoints 127/128/129/256/257 ALL PRESENT (s >= 1024 and top-512 saturation NOT reachable at this length — covered by the lane-6 full-depth run; the caches are arm-independent)
GATE (e) cache-alloc vs design math: measured [14373888, 14441984] vs formula [14373888, 14441984] -> MATCH
informational (single-run, NOT perf claims): decode 101 ms/step at s in [190,210] (n=21), NaN ms/step at s in [1014,1034] (n=0) | lane-4 re-prefill was ~1100 ms/step at s in [190,210]
DSV4 GPU DECODE GATE: PASS (a1/c/d/e) (a1 true | b-raw 18/160 [verdict via oracle-check] | c true | d true | e true) | total 246s
