build tpg2 12a0517b0 gate 52e57612981958bb
greedy cap 1024 steps 304 [load] lane-8 peer byte-integrity probe PASS: 1 boundaries, 10 copies, ladder [16384, 65536, 524288, 1048576, 67108864] bytes, 335.6ms SAMPLING greedy REPLAY_VARIANTS rank0=[228, 304, 74, 2] rank1=[228, 304, 74, 2] (ordinary, commit, c4, c4+c128) captures=[3, 1] PASS: 304 replayed steps from position 400 to 704 bit-identical to eager (token, logits, cache and hidden digests); tokens_sha256=2b6e1eba196f53db TIME rep=0 eager_ms_per_token=17.577 replay_ms_per_token=14.137 eager_tok_s=56.89 replay_tok_s=70.74 speedup=1.243 TIME rep=1 eager_ms_per_token=17.443 replay_ms_per_token=14.035 eager_tok_s=57.33 replay_tok_s=71.25 speedup=1.243 TIME rep=2 eager_ms_per_token=17.326 replay_ms_per_token=13.906 eager_tok_s=57.72 replay_tok_s=71.91 speedup=1.246 GATE_DONE rc=0 utc=2026-09-24T20:13:13Z 
greedy cap 4096 steps 1000 [load] lane-8 peer byte-integrity probe PASS: 1 boundaries, 10 copies, ladder [16384, 65536, 524288, 1048576, 67108864] bytes, 346.9ms SAMPLING greedy REPLAY_VARIANTS rank0=[750, 1000, 243, 7] rank1=[750, 1000, 243, 7] (ordinary, commit, c4, c4+c128) captures=[3, 1] PASS: 1000 replayed steps from position 400 to 1400 bit-identical to eager (token, logits, cache and hidden digests); tokens_sha256=8f1560aa3e903ae8 TIME rep=0 eager_ms_per_token=17.605 replay_ms_per_token=13.979 eager_tok_s=56.80 replay_tok_s=71.54 speedup=1.259 TIME rep=1 eager_ms_per_token=17.240 replay_ms_per_token=13.955 eager_tok_s=58.01 replay_tok_s=71.66 speedup=1.235 TIME rep=2 eager_ms_per_token=17.295 replay_ms_per_token=13.951 eager_tok_s=57.82 replay_tok_s=71.68 speedup=1.240 GATE_DONE rc=0 utc=2026-09-24T20:22:46Z 
V3U_DONE
