build tpc 4a7d0433e gate 94d166f737328d6d
cap 4096 steps 3000 [load] lane-8 peer byte-integrity probe PASS: 1 boundaries, 10 copies, ladder [16384, 65536, 524288, 1048576, 67108864] bytes, 339.4ms REPLAY_VARIANTS rank0=[2250, 3000, 727, 23] rank1=[2250, 3000, 727, 23] (ordinary, commit, c4, c4+c128) captures=[3, 1] PASS: 3000 replayed steps from position 400 to 3400 bit-identical to eager (token, logits, cache and hidden digests); tokens_sha256=b7cf831844bda91f TIME rep=0 eager_ms_per_token=17.766 replay_ms_per_token=14.230 eager_tok_s=56.29 replay_tok_s=70.27 speedup=1.248 TIME rep=1 eager_ms_per_token=17.514 replay_ms_per_token=14.208 eager_tok_s=57.10 replay_tok_s=70.38 speedup=1.233 TIME rep=2 eager_ms_per_token=17.612 replay_ms_per_token=14.231 eager_tok_s=56.78 replay_tok_s=70.27 speedup=1.238 GATE_DONE rc=0 utc=2026-09-24T19:33:19Z 
cap 16384 steps 3000 [load] lane-8 peer byte-integrity probe PASS: 1 boundaries, 10 copies, ladder [16384, 65536, 524288, 1048576, 67108864] bytes, 346.8ms REPLAY_VARIANTS rank0=[2250, 3000, 727, 23] rank1=[2250, 3000, 727, 23] (ordinary, commit, c4, c4+c128) captures=[3, 1] PASS: 3000 replayed steps from position 400 to 3400 bit-identical to eager (token, logits, cache and hidden digests); tokens_sha256=b7cf831844bda91f TIME rep=0 eager_ms_per_token=17.797 replay_ms_per_token=14.255 eager_tok_s=56.19 replay_tok_s=70.15 speedup=1.248 TIME rep=1 eager_ms_per_token=17.596 replay_ms_per_token=14.169 eager_tok_s=56.83 replay_tok_s=70.57 speedup=1.242 TIME rep=2 eager_ms_per_token=17.641 replay_ms_per_token=14.237 eager_tok_s=56.69 replay_tok_s=70.24 speedup=1.239 GATE_DONE rc=0 utc=2026-09-24T19:49:30Z 
cap 1024 steps 600 [load] lane-8 peer byte-integrity probe PASS: 1 boundaries, 10 copies, ladder [16384, 65536, 524288, 1048576, 67108864] bytes, 347.8ms REPLAY_VARIANTS rank0=[450, 600, 146, 4] rank1=[450, 600, 146, 4] (ordinary, commit, c4, c4+c128) captures=[3, 1] PASS: 600 replayed steps from position 400 to 1000 bit-identical to eager (token, logits, cache and hidden digests); tokens_sha256=def83d3424a9f716 TIME rep=0 eager_ms_per_token=17.652 replay_ms_per_token=14.075 eager_tok_s=56.65 replay_tok_s=71.05 speedup=1.254 TIME rep=1 eager_ms_per_token=17.366 replay_ms_per_token=14.002 eager_tok_s=57.58 replay_tok_s=71.42 speedup=1.240 TIME rep=2 eager_ms_per_token=17.365 replay_ms_per_token=13.992 eager_tok_s=57.59 replay_tok_s=71.47 speedup=1.241 GATE_DONE rc=0 utc=2026-09-24T19:55:36Z 
cap 4096 steps 600 [load] lane-8 peer byte-integrity probe PASS: 1 boundaries, 10 copies, ladder [16384, 65536, 524288, 1048576, 67108864] bytes, 347.2ms REPLAY_VARIANTS rank0=[450, 600, 146, 4] rank1=[450, 600, 146, 4] (ordinary, commit, c4, c4+c128) captures=[3, 1] PASS: 600 replayed steps from position 400 to 1000 bit-identical to eager (token, logits, cache and hidden digests); tokens_sha256=def83d3424a9f716 TIME rep=0 eager_ms_per_token=17.572 replay_ms_per_token=14.057 eager_tok_s=56.91 replay_tok_s=71.14 speedup=1.250 TIME rep=1 eager_ms_per_token=17.242 replay_ms_per_token=13.976 eager_tok_s=58.00 replay_tok_s=71.55 speedup=1.234 TIME rep=2 eager_ms_per_token=17.241 replay_ms_per_token=13.969 eager_tok_s=58.00 replay_tok_s=71.59 speedup=1.234 GATE_DONE rc=0 utc=2026-09-24T20:02:34Z 
V3T_DONE
