build tpv b895160d5 gate dd8adfb5c1a8d056
val default cap 1024 steps 304 [load] lane-8 peer byte-integrity probe PASS: 1 boundaries, 10 copies, ladder [16384, 65536, 524288, 1048576, 67108864] bytes, 339.9ms VALIDATION on SAMPLING default REPLAY_VARIANTS rank0=[228, 304, 74, 2] rank1=[228, 304, 74, 2] (ordinary, commit, c4, c4+c128) captures=[3, 1] PASS: 304 replayed steps from position 400 to 704 bit-identical to eager (token, logits, cache and hidden digests); tokens_sha256=112c2fc66fe1f760 TIME rep=0 eager_ms_per_token=17.539 replay_ms_per_token=14.176 eager_tok_s=57.01 replay_tok_s=70.54 speedup=1.237 TIME rep=1 eager_ms_per_token=17.433 replay_ms_per_token=14.044 eager_tok_s=57.36 replay_tok_s=71.20 speedup=1.241 TIME rep=2 eager_ms_per_token=17.298 replay_ms_per_token=13.928 eager_tok_s=57.81 replay_tok_s=71.80 speedup=1.242 GATE_DONE rc=0 utc=2026-09-24T20:34:50Z 
val greedy cap 1024 steps 304 [load] lane-8 peer byte-integrity probe PASS: 1 boundaries, 10 copies, ladder [16384, 65536, 524288, 1048576, 67108864] bytes, 347.5ms VALIDATION on SAMPLING greedy REPLAY_VARIANTS rank0=[228, 304, 74, 2] rank1=[228, 304, 74, 2] (ordinary, commit, c4, c4+c128) captures=[3, 1] PASS: 304 replayed steps from position 400 to 704 bit-identical to eager (token, logits, cache and hidden digests); tokens_sha256=2b6e1eba196f53db TIME rep=0 eager_ms_per_token=17.508 replay_ms_per_token=14.112 eager_tok_s=57.12 replay_tok_s=70.86 speedup=1.241 TIME rep=1 eager_ms_per_token=17.342 replay_ms_per_token=13.968 eager_tok_s=57.66 replay_tok_s=71.59 speedup=1.242 TIME rep=2 eager_ms_per_token=17.288 replay_ms_per_token=13.898 eager_tok_s=57.84 replay_tok_s=71.95 speedup=1.244 GATE_DONE rc=0 utc=2026-09-24T20:42:39Z 
val default cap 4096 steps 1000 [load] lane-8 peer byte-integrity probe PASS: 1 boundaries, 10 copies, ladder [16384, 65536, 524288, 1048576, 67108864] bytes, 346.1ms VALIDATION on SAMPLING default REPLAY_VARIANTS rank0=[750, 1000, 243, 7] rank1=[750, 1000, 243, 7] (ordinary, commit, c4, c4+c128) captures=[3, 1] PASS: 1000 replayed steps from position 400 to 1400 bit-identical to eager (token, logits, cache and hidden digests); tokens_sha256=7b2668dd65acb08d TIME rep=0 eager_ms_per_token=17.563 replay_ms_per_token=14.023 eager_tok_s=56.94 replay_tok_s=71.31 speedup=1.252 TIME rep=1 eager_ms_per_token=17.219 replay_ms_per_token=13.982 eager_tok_s=58.07 replay_tok_s=71.52 speedup=1.232 TIME rep=2 eager_ms_per_token=17.296 replay_ms_per_token=13.982 eager_tok_s=57.82 replay_tok_s=71.52 speedup=1.237 GATE_DONE rc=0 utc=2026-09-24T20:49:56Z 
V3V_DONE
