serve r1 C rc=0 CELL greedy-c1 c=1 ok=8/8 agg=71.63 tok/s decode_p50=74.61 tok/s ttft_p50=161 ms tpot_p50=13.40 ms errs=[] CELL greedy-c2-2k c=2 ok=8/8 agg=17.76 tok/s decode_p50=40.04 tok/s ttft_p50=11236 ms tpot_p50=24.97 ms errs=[] CELL greedy-c1-12k c=1 ok=2/2 agg=5.21 tok/s decode_p50=60.03 tok/s ttft_p50=44856 ms tpot_p50=16.66 ms errs=[] 
serve r2 E rc=0 CELL greedy-c1 c=1 ok=8/8 agg=71.40 tok/s decode_p50=74.51 tok/s ttft_p50=160 ms tpot_p50=13.42 ms errs=[] CELL greedy-c2-2k c=2 ok=8/8 agg=22.65 tok/s decode_p50=40.74 tok/s ttft_p50=8154 ms tpot_p50=24.55 ms errs=[] CELL greedy-c1-12k c=1 ok=2/2 agg=6.77 tok/s decode_p50=60.68 tok/s ttft_p50=33620 ms tpot_p50=16.48 ms errs=[] 
serve r3 E rc=0 CELL greedy-c1 c=1 ok=8/8 agg=71.34 tok/s decode_p50=74.41 tok/s ttft_p50=159 ms tpot_p50=13.44 ms errs=[] CELL greedy-c2-2k c=2 ok=8/8 agg=22.85 tok/s decode_p50=41.00 tok/s ttft_p50=8094 ms tpot_p50=24.39 ms errs=[] CELL greedy-c1-12k c=1 ok=2/2 agg=6.65 tok/s decode_p50=60.45 tok/s ttft_p50=34265 ms tpot_p50=16.54 ms errs=[] 
serve r4 C rc=0 CELL greedy-c1 c=1 ok=8/8 agg=71.52 tok/s decode_p50=74.55 tok/s ttft_p50=162 ms tpot_p50=13.41 ms errs=[] CELL greedy-c2-2k c=2 ok=8/8 agg=18.88 tok/s decode_p50=40.20 tok/s ttft_p50=10385 ms tpot_p50=24.88 ms errs=[] CELL greedy-c1-12k c=1 ok=2/2 agg=5.56 tok/s decode_p50=60.23 tok/s ttft_p50=41795 ms tpot_p50=16.60 ms errs=[] 
serve r5 C rc=0 CELL greedy-c1 c=1 ok=8/8 agg=71.60 tok/s decode_p50=74.48 tok/s ttft_p50=158 ms tpot_p50=13.43 ms errs=[] CELL greedy-c2-2k c=2 ok=8/8 agg=20.13 tok/s decode_p50=40.80 tok/s ttft_p50=9590 ms tpot_p50=24.51 ms errs=[] CELL greedy-c1-12k c=1 ok=2/2 agg=5.95 tok/s decode_p50=60.93 tok/s ttft_p50=38863 ms tpot_p50=16.41 ms errs=[] 
serve r6 E rc=0 CELL greedy-c1 c=1 ok=8/8 agg=71.35 tok/s decode_p50=74.45 tok/s ttft_p50=159 ms tpot_p50=13.43 ms errs=[] CELL greedy-c2-2k c=2 ok=8/8 agg=22.02 tok/s decode_p50=40.56 tok/s ttft_p50=8492 ms tpot_p50=24.65 ms errs=[] CELL greedy-c1-12k c=1 ok=2/2 agg=6.57 tok/s decode_p50=60.15 tok/s ttft_p50=34732 ms tpot_p50=16.62 ms errs=[] 
S2G_DONE
