build mft2 11db56e71 SERVER_EXIT=0 ENGINE_EXIT=0 
component rc=0 EXACT fused partition rows=3 rank=0 contribution word=0 EXACT fused partition rows=3 rank=1 contribution word=0 test result: ok. 5 passed; 0 failed; 0 ignored; 0 measured; 628 filtered out; finished in 2.37s 
long-304 F rc=0 PASS: 304 PROGRAM_SHA256 fbce1a0492d69635  replay_ms_per_token=11.395 replay_ms_per_token=11.333 replay_ms_per_token=11.321 
rows tp_ep rc=0 PASS: every row bit-identical to its solo step across join, leave and row moves PASS: replayed, then 8 B-row steps beside a peer while armed, then replayed again: bit-identical to solo steps PASS: sampled B-row graph draws equal the eager B-row draws (24 steps x 4 rows) [dsv4-moe-fused] ENGAGED on TP/EP: t=1 slots=6 experts [0, 128) of 256, two launches, the slot sums after the rank-order join [load] lane-8 peer byte-integrity probe PASS: 1 boundaries, 10 copies, ladder [16384, 65536, 524288, 1048576, 67108864] bytes, 339.9ms 
split rc=0 PASS: position-split C4 store bit-identical to the replicated program 
dspark-tpep F cc6082ddea76827e 373e6557e6d118f1 373e6557e6d118f1  | [dsv4-moe-fused] ENGAGED on TP/EP: t=1 slots=6 experts [0, 128) of 256, two launches, the slot sums after the rank-order join verdict (c) batched==sequential: 14 cells, 77 logit rows, 3206 cache-class comparisons — ALL BIT-IDENTICAL arm P (plain device greedy): 160 tokens t=255s | m1 stream ON dispatches 0 | fused MoE ON dispatches 27520 verdict (d) accepted-position ring writes: 3 ring classes compared, 0 mismatching [REPORTED, not gated] arm P vs banked torch REF trajectory: 0/160 positions equal, common prefix 0 (torch-vs-GPU realization flips are the teacher-forcing gate's business GATE_DONE rc=1 utc=2026-09-26T23:36:44Z 
serve p1 M rc=0 CELL greedy-c1 c=1 ok=8/8 agg=76.57 tok/s decode_p50=80.43 tok/s ttft_p50=169 ms tpot_p50=12.43 ms errs=[] CELL sampled-c1 c=1 ok=8/8 agg=77.00 tok/s decode_p50=80.92 tok/s ttft_p50=169 ms tpot_p50=12.36 ms errs=[] CELL greedy-c2 c=2 ok=8/8 agg=103.31 tok/s decode_p50=54.26 tok/s ttft_p50=266 ms tpot_p50=18.43 ms errs=[] CELL greedy-c4 c=4 ok=8/8 agg=131.70 tok/s decode_p50=35.07 tok/s ttft_p50=463 ms tpot_p50=28.51 ms errs=[] CELL greedy-c2-2k c=2 ok=8/8 agg=18.17 tok/s decode_p50=42.67 tok/s ttft_p50=11085 ms tpot_p50=23.44 ms errs=[] 
serve p2 F rc=0 CELL greedy-c1 c=1 ok=8/8 agg=84.49 tok/s decode_p50=88.86 tok/s ttft_p50=163 ms tpot_p50=11.25 ms errs=[] CELL sampled-c1 c=1 ok=8/8 agg=84.72 tok/s decode_p50=89.06 tok/s ttft_p50=157 ms tpot_p50=11.23 ms errs=[] CELL greedy-c2 c=2 ok=8/8 agg=116.45 tok/s decode_p50=61.41 tok/s ttft_p50=236 ms tpot_p50=16.28 ms errs=[] CELL greedy-c4 c=4 ok=8/8 agg=146.64 tok/s decode_p50=38.96 tok/s ttft_p50=430 ms tpot_p50=25.67 ms errs=[] CELL greedy-c2-2k c=2 ok=8/8 agg=18.36 tok/s decode_p50=46.42 tok/s ttft_p50=11185 ms tpot_p50=21.54 ms errs=[] 
serve p3 F rc=0 CELL greedy-c1 c=1 ok=8/8 agg=84.45 tok/s decode_p50=88.79 tok/s ttft_p50=161 ms tpot_p50=11.26 ms errs=[] CELL sampled-c1 c=1 ok=8/8 agg=84.87 tok/s decode_p50=89.20 tok/s ttft_p50=155 ms tpot_p50=11.21 ms errs=[] CELL greedy-c2 c=2 ok=8/8 agg=115.24 tok/s decode_p50=60.80 tok/s ttft_p50=243 ms tpot_p50=16.45 ms errs=[] CELL greedy-c4 c=4 ok=8/8 agg=95.26 tok/s decode_p50=24.98 tok/s ttft_p50=427 ms tpot_p50=40.03 ms errs=[] CELL greedy-c2-2k c=2 ok=8/8 agg=19.16 tok/s decode_p50=38.52 tok/s ttft_p50=10061 ms tpot_p50=25.96 ms errs=[] 
serve p4 M rc=0 CELL greedy-c1 c=1 ok=8/8 agg=77.84 tok/s decode_p50=81.30 tok/s ttft_p50=155 ms tpot_p50=12.30 ms errs=[] CELL sampled-c1 c=1 ok=8/8 agg=78.05 tok/s decode_p50=81.51 tok/s ttft_p50=150 ms tpot_p50=12.27 ms errs=[] CELL greedy-c2 c=2 ok=8/8 agg=105.18 tok/s decode_p50=55.16 tok/s ttft_p50=233 ms tpot_p50=18.13 ms errs=[] CELL greedy-c4 c=4 ok=8/8 agg=103.99 tok/s decode_p50=27.19 tok/s ttft_p50=458 ms tpot_p50=36.78 ms errs=[] CELL greedy-c2-2k c=2 ok=8/8 agg=19.89 tok/s decode_p50=42.68 tok/s ttft_p50=9877 ms tpot_p50=23.43 ms errs=[] 
serve p5 M rc=0 CELL greedy-c1 c=1 ok=8/8 agg=77.36 tok/s decode_p50=80.93 tok/s ttft_p50=159 ms tpot_p50=12.36 ms errs=[] CELL sampled-c1 c=1 ok=8/8 agg=77.36 tok/s decode_p50=81.00 tok/s ttft_p50=162 ms tpot_p50=12.35 ms errs=[] CELL greedy-c2 c=2 ok=8/8 agg=103.75 tok/s decode_p50=55.16 tok/s ttft_p50=222 ms tpot_p50=18.13 ms errs=[] CELL greedy-c4 c=4 ok=8/8 agg=130.48 tok/s decode_p50=34.89 tok/s ttft_p50=454 ms tpot_p50=28.66 ms errs=[] CELL greedy-c2-2k c=2 ok=8/8 agg=19.10 tok/s decode_p50=41.90 tok/s ttft_p50=10324 ms tpot_p50=23.87 ms errs=[] 
serve p6 F rc=0 CELL greedy-c1 c=1 ok=8/8 agg=84.87 tok/s decode_p50=89.14 tok/s ttft_p50=157 ms tpot_p50=11.22 ms errs=[] CELL sampled-c1 c=1 ok=8/8 agg=84.80 tok/s decode_p50=89.32 tok/s ttft_p50=161 ms tpot_p50=11.20 ms errs=[] CELL greedy-c2 c=2 ok=8/8 agg=116.65 tok/s decode_p50=61.75 tok/s ttft_p50=249 ms tpot_p50=16.19 ms errs=[] CELL greedy-c4 c=4 ok=8/8 agg=146.44 tok/s decode_p50=38.96 tok/s ttft_p50=446 ms tpot_p50=25.67 ms errs=[] CELL greedy-c2-2k c=2 ok=8/8 agg=19.39 tok/s decode_p50=47.04 tok/s ttft_p50=10460 ms tpot_p50=21.26 ms errs=[] 
dspark d1 M rc=0 CELL greedy-c1 c=1 ok=8/8 agg=88.99 tok/s decode_p50=94.78 tok/s ttft_p50=174 ms tpot_p50=10.55 ms errs=[] CELL sampled-c1 c=1 ok=8/8 agg=75.16 tok/s decode_p50=77.37 tok/s ttft_p50=185 ms tpot_p50=12.93 ms errs=[] 
dspark d2 F rc=0 CELL greedy-c1 c=1 ok=8/8 agg=95.81 tok/s decode_p50=101.90 tok/s ttft_p50=171 ms tpot_p50=9.81 ms errs=[] CELL sampled-c1 c=1 ok=8/8 agg=79.01 tok/s decode_p50=82.26 tok/s ttft_p50=182 ms tpot_p50=12.16 ms errs=[] 
dspark d3 F rc=0 CELL greedy-c1 c=1 ok=8/8 agg=94.57 tok/s decode_p50=100.58 tok/s ttft_p50=172 ms tpot_p50=9.94 ms errs=[] CELL sampled-c1 c=1 ok=8/8 agg=79.43 tok/s decode_p50=81.58 tok/s ttft_p50=182 ms tpot_p50=12.26 ms errs=[] 
dspark d4 M rc=0 CELL greedy-c1 c=1 ok=8/8 agg=86.18 tok/s decode_p50=91.75 tok/s ttft_p50=180 ms tpot_p50=10.90 ms errs=[] CELL sampled-c1 c=1 ok=8/8 agg=73.09 tok/s decode_p50=75.08 tok/s ttft_p50=190 ms tpot_p50=13.32 ms errs=[] 
dspark d5 M rc=0 CELL greedy-c1 c=1 ok=8/8 agg=89.45 tok/s decode_p50=94.90 tok/s ttft_p50=174 ms tpot_p50=10.54 ms errs=[] CELL sampled-c1 c=1 ok=8/8 agg=76.01 tok/s decode_p50=78.28 tok/s ttft_p50=183 ms tpot_p50=12.78 ms errs=[] 
dspark d6 F rc=0 CELL greedy-c1 c=1 ok=8/8 agg=95.63 tok/s decode_p50=101.70 tok/s ttft_p50=171 ms tpot_p50=9.83 ms errs=[] CELL sampled-c1 c=1 ok=8/8 agg=80.50 tok/s decode_p50=82.93 tok/s ttft_p50=180 ms tpot_p50=12.06 ms errs=[] 
S2M_DONE 11db56e719e6bf09420eebb4066edd9c3698ee13
