test worker::tests::option_b_postpublish_refusal_retires_the_ticket_and_keeps_the_tier_on ... ok
test worker::tests::option_b_presubmit_refusal_returns_every_plane_and_keeps_the_tier_on ... ok
test worker::tests::option_b_span_attach_fault_hands_every_span_back ... ok
test worker::tests::option_b_span_postpublish_refusal_returns_the_staging_to_the_set ... ok
test worker::tests::option_b_span_refusal_returns_every_plane_and_keeps_the_tier_on ... ok
test worker::tests::option_b_span_staging_charge_refusal_refuses_the_attach_and_keeps_the_tier_on ... ok
test worker::tests::option_b_spans_ride_the_ticket_and_land_bitwise ... ok
test worker::tests::option_c_first_ready_view_failure_unwinds_through_the_published_arm ... ok
test worker::tests::option_c_off_tick_checksums_ride_the_hash_helper_and_a_corrupt_lease_is_refused ... ok
test worker::tests::option_c_partial_acceptance_unwinds_refused_with_every_destination_released ... ok
test worker::tests::option_c_postpublish_refusal_retires_the_ticket_and_keeps_the_host_twin ... ok
test worker::tests::option_c_presubmit_refusal_releases_every_destination_and_keeps_the_host_twin ... ok
test worker::tests::option_c_promote_routes_every_contract_plane_and_keeps_the_host_twin ... ok
test worker::tests::option_c_receipt_mismatch_cancels_before_publication_and_recovers_the_source ... ok
test worker::tests::option_c_span_attach_fault_hands_every_span_back ... ok
test worker::tests::option_c_span_postpublish_refusal_returns_the_staging_to_the_set ... ok
test worker::tests::option_c_spans_ride_the_promote_ticket_and_land_bitwise ... ok
test result: ok. 17 passed; 0 failed; 0 ignored; 0 measured; 883 filtered out; finished in 0.58s
test tier_transfer::tests::d2d_capture_lands_on_the_copy_stream_and_publishes_only_after_its_event ... ok
test tier_transfer::tests::d2d_early_reader_fault_is_refused_by_the_receipt ... ok
test tier_transfer::tests::d2d_receipt_digest_matches_the_cpu_oracle ... ok
test tier_transfer::tests::d2d_receipt_digest_price_against_the_copy ... D2D-RECEIPT PRICE order=copy-first bytes=165675008 n_per_arm=5 copy_ms=[0.197792, 0.199584, 0.201376, 0.199392, 0.200448] copy_median=0.200 digest_ms=[0.140448, 0.13376, 0.135776, 0.134432, 0.137376] digest_median=0.136 pair_median=0.272 pair_over_copy=1.36
test tier_transfer::tests::d2d_restore_lands_on_the_copy_stream_and_is_ready_only_after_the_installed_wait ... ok
test tier_transfer::tests::d2h_span_batch_lands_with_its_ticket_on_the_copy_stream ... ok
test tier_transfer::tests::h2d_deferred_checksum_lands_with_the_supplied_digests ... ok
test tier_transfer::tests::h2d_fill_host_function_does_not_hold_the_owner_thread ... owner-thread work while the copy stream's host function sleeps: 0.42 ms; the copy behind the host function still pending: true
test tier_transfer::tests::h2d_span_batch_lands_with_its_ticket_on_the_copy_stream ... ok
test tier_transfer::tests::h2d_span_filled_batch_fills_on_the_copy_stream_before_its_copies ... ok
test result: ok. 10 passed; 0 failed; 0 ignored; 0 measured; 576 filtered out; finished in 6.76s
test worker::tests::hash_fault_door_values_are_the_helpers_and_never_the_contract_routes ... ok
test worker::tests::option_c_off_tick_checksums_ride_the_hash_helper_and_a_corrupt_lease_is_refused ... ignored, requires one CUDA device; run on the target card under the rig lock
test worker::tests::day31_the_copy_complete_line_tallies_the_payload_bytes_by_class ... ok
test worker::tests::day34_the_promote_checksums_ride_the_hash_helper_in_the_stated_order ... ok
test worker::tests::day31_the_staging_goes_back_on_every_exit_and_is_charged_once ... ok
test worker::tests::the_d2h_spans_ride_the_ticket_in_the_stated_order ... ok
test worker::tests::every_path_that_meets_a_demoting_entry_settles_it_first ... ok
test worker::tests::hash_helper_gone_is_a_typed_refusal_that_latches_under_poll_and_under_block ... ok
test worker::tests::every_path_that_meets_a_promoting_entry_settles_it_first ... ok
test worker::tests::the_run_loop_waits_boundedly_when_the_queue_is_only_requests_parked_on_a_promote ... ok
test worker::tests::every_path_that_meets_a_hashing_demote_meets_it_through_the_same_settle ... ok
test worker::tests::day33_the_promote_submits_its_filled_spans_in_the_probes_tick ... ok
test worker::tests::hashing_hit_parks_the_request_once_per_id_and_a_miss_does_not ... ok
test worker::tests::hash_digests_never_landing_latch_at_the_deadline_under_poll_and_under_block ... ok
test worker::tests::hashing_demote_keeps_its_state_until_the_digests_land_then_reaches_publication ... ok
test worker::tests::hash_helper_digests_equal_the_owner_thread_digests_bitwise ... ok
test worker::tests::hash_reply_that_does_not_describe_the_image_is_a_typed_refusal_that_latches ... ok
test result: ok. 16 passed; 0 failed; 1 ignored; 0 measured; 883 filtered out; finished in 0.71s
test tier_transfer::tests::d2d_restore_rules_are_as_stated ... ok
test tier_transfer::tests::copy_stream_issue_and_owner_wait_rules_are_as_stated ... ok
test tier_transfer::tests::h2d_deferred_checksum_rules_are_as_stated ... ok
test tier_transfer::tests::d2h_span_rules_are_as_stated ... ok
test tier_transfer::tests::d2d_capture_rules_are_as_stated ... ok
test tier_transfer::tests::h2d_span_rules_are_as_stated ... ok
test result: ok. 6 passed; 0 failed; 0 ignored; 0 measured; 580 filtered out; finished in 0.00s
test d2h_span_bindings::d2h_span_enqueue_failure_quarantines_the_ticket ... ok
test h2d_deferred_checksum_bindings::h2d_deferred_checksum_lands_with_its_digests_and_passes_the_gate ... ok
test d2h_span_bindings::d2h_span_batch_lands_with_its_ticket_and_comes_back_once ... ok
test d2h_span_bindings::d2h_span_red_arm_a_take_on_the_items_landing_fails ... ok
test h2d_deferred_checksum_bindings::h2d_deferred_checksum_mismatch_is_refused_corrupt ... ok
test h2d_span_bindings::h2d_span_enqueue_failure_quarantines_the_ticket ... ok
test h2d_span_bindings::h2d_span_batch_lands_with_its_ticket_and_is_read_behind_the_wait ... ok
test h2d_deferred_checksum_bindings::h2d_deferred_checksum_red_arm_a_copy_alone_fails ... ok
test h2d_span_bindings::h2d_span_fill_runs_ahead_of_every_copy ... ok
test h2d_span_bindings::h2d_span_red_arm_a_copy_before_its_fill_fails ... ok
test h2d_span_bindings::h2d_span_red_arm_an_owner_read_before_the_wait_fails ... ok
test reader_fence_bindings::day19_h2d_reader_fence_at_settle_with_a_wait_on_the_reader_stream ... ok
test reader_fence_bindings::day19_h2d_reader_fence_at_submit_is_the_engines_day18_program ... ok
test result: ok. 13 passed; 0 failed; 0 ignored; 0 measured; 85 filtered out; finished in 0.00s
unit-cells rc=0 engine-rc=0 hash-rc=0 engine-census-rc=0 tier-rc=0
{
  "schema_version": 1,
  "kind": "subprocess-capture",
  "command": [
    "bash",
    "research/spill-a-20260919/pro-single-day34/unit-cells.sh",
    "3"
  ],
  "exit_code": 0,
  "timed_out": false,
  "parse_error": null,
  "status": "executed-not-qualified",
  "gpu_power_limits": [
    {
      "device": "0",
      "power.limit": "600.00 W",
      "power.max_limit": "600.00 W"
    }
  ],
  "started_monotonic_ns": 537632963131220,
  "ended_monotonic_ns": 537937913122061,
  "started_utc": "2026-09-23T20:49:30.293512+00:00",
  "ended_utc": "2026-09-23T20:54:35.243504+00:00",
  "elapsed_seconds": 304.949990841,
  "timing_scope": "collector-with-snapshots-and-sampler",
  "storage": null,
  "raw_log": {
    "path": "command.log",
    "bytes": 6684,
    "sha256": "3ab66cc6a91b4797befa822f3b4f03c1c94ef0c894791323643a10058ea5d229"
  },
  "failure_quote": null,
  "result": null,
  "gpu_telemetry": {
    "status": "captured-unvalidated",
    "interval_ms": 250,
    "command": [
      "/usr/bin/nvidia-smi",
      "--query-gpu=timestamp,index,pstate,clocks.sm,clocks.mem,power.draw,power.limit,power.max_limit,temperature.gpu,memory.used,utilization.gpu,pcie.link.gen.current,pcie.link.width.current",
      "--format=csv",
      "-lms",
      "250"
    ],
    "tier_counters": "not collected",
    "exit_code": 0,
    "raw_csv": {
      "path": "command.gpu.csv",
      "bytes": 123229,
      "sha256": "a9d44218771bd202d4a8022c0c3f5e1f41115fdb6300f7c8f5108c4cf3dcd2f4"
    },
    "stderr": {
      "path": "command.sampler.log",
      "bytes": 0,
      "sha256": "e3b0c44298fc1c149afbf4c8996fb92427ae41e4649b934ca495991b7852b855"
    }
  },
  "compute_apps": {
    "before": {
      "exit_code": 0,
      "timed_out": false,
      "raw_log": {
        "path": "command.before.log",
        "bytes": 41,
        "sha256": "cae79969ce448872401f5d9bcd1d52bbefa1a5450cf3a5658f62f068ab59294b"
      }
    },
    "after": {
      "exit_code": 0,
      "timed_out": false,
      "raw_log": {
        "path": "command.after.log",
        "bytes": 41,
        "sha256": "cae79969ce448872401f5d9bcd1d52bbefa1a5450cf3a5658f62f068ab59294b"
      }
    }
  },
  "qualification": false,
  "lock_proof": {
    "path": "lock.json",
    "bytes": 183,
    "sha256": "c3d7394a6acccd2b1b067b2dcdce3b8f67768eb42174fc50aff9b3163e369061"
  }
}
