build tpa ab1ee3c24 gate a08e6ac710cd923d
anat replay [load] lane-8 peer byte-integrity probe PASS: 1 boundaries, 10 copies, ladder [16384, 65536, 524288, 1048576, 67108864] bytes, 327.0ms PASS: 304 replayed steps from position 400 to 704 bit-identical to eager (token, logits, cache and hidden digests); tokens_sha256=112c2fc66fe1f76029c4ff1a8ce344 PROFILE arm=replay steps=304 ms_per_token=17.625  | capture span 5357.6 ms over 304 steps = 17.62 ms/step dev0: kernels 785660 (2584/step) kernel-sum 15.84 ms/step busy-union 16.05 ms/step memcpys 170/step dev1: kernels 793868 (2611/step) kernel-sum 16.51 ms/step busy-union 16.71 ms/step memcpys 171/step 
anat eager [load] lane-8 peer byte-integrity probe PASS: 1 boundaries, 10 copies, ladder [16384, 65536, 524288, 1048576, 67108864] bytes, 356.7ms PASS: 304 replayed steps from position 400 to 704 bit-identical to eager (token, logits, cache and hidden digests); tokens_sha256=112c2fc66fe1f76029c4ff1a8ce344 PROFILE arm=eager steps=304 ms_per_token=20.727  | capture span 6301.1 ms over 304 steps = 20.73 ms/step dev0: kernels 731356 (2406/step) kernel-sum 15.73 ms/step busy-union 15.98 ms/step memcpys 204/step dev1: kernels 739564 (2433/step) kernel-sum 16.42 ms/step busy-union 16.66 ms/step memcpys 205/step 
V3Q_DONE
