   Compiling proc-macro2 v1.0.106
   Compiling quote v1.0.46
   Compiling unicode-ident v1.0.24
   Compiling autocfg v1.5.1
   Compiling serde_core v1.0.228
   Compiling num-traits v0.2.19
   Compiling serde v1.0.228
   Compiling anyhow v1.0.104
   Compiling syn v2.0.118
Traceback (most recent call last):
  File "/home/evidence-user/.local/state/evidence-campaign-20261002/receipts/manager/package-identity-979/final-joint-preparation/prepared-current-source/package/build-support/package_source_rustc.py", line 17, in <module>
    m.require(package not in ('memra-engine','memra-server') and len(matches)==1 and os.environ.get('CARGO_MANIFEST_DIR')==matches[0]['root'],'unadmitted root/engine/compiler owner before execution')
    ~~~~~~~~~^^^^^^^^^^^^^^^^^^^^^^^^^^^^^^^^^^^^^^^^^^^^^^^^^^^^^^^^^^^^^^^^^^^^^^^^^^^^^^^^^^^^^^^^^^^^^^^^^^^^^^^^^^^^^^^^^^^^^^^^^^^^^^^^^^^^^^^^^^^^^^^^^^^^^^^^^^^^^^^^^^^^^^^^^^^^^^^^^^^^^^^^^^
  File "/home/evidence-user/projects/evidence-source-worktree-979/tools/package_source_identity.py", line 33, in require
    raise Refused(reason)
m.Refused: unadmitted root/engine/compiler owner before execution
error: could not compile `syn` (lib)

Caused by:
  process didn't exit successfully: `/home/evidence-user/.local/state/evidence-campaign-20261002/receipts/manager/package-identity-979/final-joint-preparation/prepared-current-source/package/build-support/package_source_rustc.py /home/evidence-user/.rustup/toolchains/1.97.1-x86_64-unknown-linux-gnu/bin/rustc --crate-name syn --edition=2021 /home/evidence-user/.local/state/evidence-campaign-20261002/receipts/manager/package-identity-979/final-joint-preparation/prepared-current-source/package/vendor/syn-2.0.118/src/lib.rs --error-format=json --json=diagnostic-rendered-ansi,artifacts,future-incompat --crate-type lib --emit=dep-info,metadata,link -C embed-bitcode=no -C debug-assertions=off --cfg 'feature="clone-impls"' --cfg 'feature="default"' --cfg 'feature="derive"' --cfg 'feature="full"' --cfg 'feature="parsing"' --cfg 'feature="printing"' --cfg 'feature="proc-macro"' --cfg 'feature="visit-mut"' --check-cfg 'cfg(docsrs,test)' --check-cfg 'cfg(feature, values("clone-impls", "default", "derive", "extra-traits", "fold", "full", "parsing", "printing", "proc-macro", "test", "visit", "visit-mut"))' -C metadata=869d232e79cf6839 -C extra-filename=-295cc183d1f15161 --out-dir /home/evidence-user/.local/state/evidence-campaign-20261002/receipts/manager/package-identity-979/final-joint-preparation/prepared-current-source/final-target/release/deps -C strip=debuginfo -L dependency=/home/evidence-user/.local/state/evidence-campaign-20261002/receipts/manager/package-identity-979/final-joint-preparation/prepared-current-source/final-target/release/deps --extern proc_macro2=/home/evidence-user/.local/state/evidence-campaign-20261002/receipts/manager/package-identity-979/final-joint-preparation/prepared-current-source/final-target/release/deps/libproc_macro2-dd944b81ef4e6c21.rmeta --extern quote=/home/evidence-user/.local/state/evidence-campaign-20261002/receipts/manager/package-identity-979/final-joint-preparation/prepared-current-source/final-target/release/deps/libquote-851c59042484f139.rmeta --extern unicode_ident=/home/evidence-user/.local/state/evidence-campaign-20261002/receipts/manager/package-identity-979/final-joint-preparation/prepared-current-source/final-target/release/deps/libunicode_ident-221fb5e8a6ed2b89.rmeta --cap-lints allow` (exit status: 1)
warning: build failed, waiting for other jobs to finish...
