START utc=2026-09-23T23:02:01Z cmd=/root/lane/target-attn/release/dsv4_tp_ep_verify_gate /data/dsv4f/nvfp4 /root/box/tape-rebuild.txt tpep
PROTOCOL {"topology":"tpep","attention_tp":true,"prompt":160,"tape":224,"chunk":16,"tmax":6,"rounds":[(6, 6), (1, 1), (6, 2), (3, 3), (6, 1), (5, 4), (6, 6), (2, 1), (6, 3), (4, 4), (6, 5), (6, 6), (1, 1), (6, 6)],"source_sha256":"11e4bd80352f4a24504ffdee519b33bbc527b3b9bcfeb531815e5731b190cb8c"}
[load] plain sampler: Host
[load] sampled candidate order: Radix
[load] placement: split_at=22 trunk_layers=43 dspark_tail_reserve=0.00 GiB
[load] expert arm: Native | decode path: Device { host_math: false } | dots arm: f32x (dots + sink/norm/indexer chains)
[load] topology: TpEpAllLayers | layers=43 per-rank-resident=all
[load] indexer score: Scalar
[load] prefill head: All
[load] prefill DSpark prime: All
[load] sampled DSpark proposal: Greedy
[load] prefill MoE: reference
[load] dspark exit-head dots arm: f32x (rung-4c fork; drafts only, never the emitted stream)
[load] dspark selected-expert dispatch: per-expert reference
[load] dense arm: fp8 (iteration-5; fp8 = FP8-blk linears as-stored on the device decode/verify paths, bit-identical twins)
[load] lane-8 peer byte-integrity probe PASS: 1 boundaries, 10 copies, ladder [16384, 65536, 524288, 1048576, 67108864] bytes, 347.0ms
[load] lane-8 peer transport enabled (1 boundaries)
[load] layer 3 -> 2 rank copies done t=20s
[load] layer 7 -> 2 rank copies done t=40s
[load] layer 11 -> 2 rank copies done t=60s
[load] layer 15 -> 2 rank copies done t=80s
[load] layer 19 -> 2 rank copies done t=100s
[load] layer 23 -> 2 rank copies done t=136s
[load] layer 27 -> 2 rank copies done t=156s
[load] layer 31 -> 2 rank copies done t=175s
[load] layer 35 -> 2 rank copies done t=196s
[load] layer 39 -> 2 rank copies done t=216s
[load] layer 42 -> 2 rank copies done t=244s
[load] drafter: 3 DSpark block(s) (mtp.0.e_proj absent) — GPU drafter path off (set MEMRA_DSV4_DRAFTER=dspark); trunk-only
[load] sink score: Scalar
[TP/EP load] local expert banks resident by ID: rank0=0..128, rank1=128..256; peer dispatch disabled
[load] expert program: matrix (grouped ModelOpt split-plane executor via dsv4_grouped; tensor-core MMA class, the loaded default since 2026-09-11), EP pair (all-layer TP/EP local banks)
[attention-TP2] packed rank-local Q_b/wo_a/wo_b rows: heads=32 groups=4 wo_b_rows=2048 full_planes_freed=8.06 GiB numeric_class=dsv4_attention_head_split_row_gather_exact
[dsv4-doors] program=loaded door="replay cadence" env=MEMRA_DSV4_REPLAY_CADENCE merged=#374 declared_default=On resolved=NoServingCaller("full-token replay is armed per request by a gate binary only; no serving or eager request arms it, so the cadence choice has no caller") disposition=ReclassifyAsGateInput
[dsv4-doors] program=loaded door="dense exact-tail transport" env=MEMRA_DSV4_DENSE_EXACT_TAIL merged=#374 declared_default=On resolved=On(DecodeOnlyM1) disposition=Engaged
[dsv4-doors] program=loaded door="dense-fast" env=MEMRA_DSV4_DENSE_FAST merged=#404 declared_default=On resolved=On(DecodeOnlyM1) disposition=Engaged
[dsv4-doors] program=loaded door="HC dot split S16" env=MEMRA_DSV4_HC_DOT_SPLIT merged=#418 declared_default=On resolved=On(AllRoutedShapes) disposition=Engaged
MEMORY dev=0 total_gib=94.97 effective_free_gib=14.85 pool_used_gib=79.57
MEMORY dev=1 total_gib=94.97 effective_free_gib=14.85 pool_used_gib=79.57
SEQ rows=224 deterministic=true
CHUNK rows=65
VERIFY rows=70
RESTORE rows=22
PASS topology=tpep rows chunk=65 verify=70 restore=22 bit-equal to sequential
GATE_DONE rc=0 utc=2026-09-23T23:06:26Z
