tree 31dd1145523ddf6bb5f78605f44b9897bb429b88 + defer-lane.patch 282f111a8bca38f3
BUILD defer head=31dd1145523ddf6bb5f78605f44b9897bb429b88 utc=2026-09-23T08:01:51Z SERVER_EXIT=0 ENGINE_EXIT=0 
test-bin /root/lane/target-defer/release/deps/memra_engine-88d7a4f71e6f66fa
component test result: ok. 8 passed; 0 failed; 0 ignored; 0 measured; 568 filtered out; finished in 3.69s GATE_DONE rc=0 utc=2026-09-23T08:06:42Z 
ab r1 on rc=0 CELL greedy-c1 c=1 ok=8/8 agg=51.57 tok/s decode_p50=53.51 tok/s ttft_p50=197 ms tpot_p50=18.69 ms errs=[] CELL sampled-c1 c=1 ok=8/8 agg=47.58 tok/s decode_p50=49.23 tok/s ttft_p50=199 ms tpot_p50=20.31 ms errs=[] 
ab r2 off rc=0 CELL greedy-c1 c=1 ok=8/8 agg=48.36 tok/s decode_p50=50.09 tok/s ttft_p50=200 ms tpot_p50=19.96 ms errs=[] CELL sampled-c1 c=1 ok=8/8 agg=44.84 tok/s decode_p50=46.31 tok/s ttft_p50=202 ms tpot_p50=21.59 ms errs=[] 
ab r3 off rc=0 CELL greedy-c1 c=1 ok=8/8 agg=48.35 tok/s decode_p50=50.07 tok/s ttft_p50=200 ms tpot_p50=19.97 ms errs=[] CELL sampled-c1 c=1 ok=8/8 agg=44.80 tok/s decode_p50=46.27 tok/s ttft_p50=202 ms tpot_p50=21.61 ms errs=[] 
ab r4 on rc=0 CELL greedy-c1 c=1 ok=8/8 agg=51.53 tok/s decode_p50=53.48 tok/s ttft_p50=198 ms tpot_p50=18.70 ms errs=[] CELL sampled-c1 c=1 ok=8/8 agg=47.59 tok/s decode_p50=49.25 tok/s ttft_p50=198 ms tpot_p50=20.30 ms errs=[] 
ab r5 on rc=0 CELL greedy-c1 c=1 ok=8/8 agg=51.52 tok/s decode_p50=53.44 tok/s ttft_p50=197 ms tpot_p50=18.71 ms errs=[] CELL sampled-c1 c=1 ok=8/8 agg=47.56 tok/s decode_p50=49.20 tok/s ttft_p50=199 ms tpot_p50=20.32 ms errs=[] 
ab r6 off rc=0 CELL greedy-c1 c=1 ok=8/8 agg=48.34 tok/s decode_p50=50.07 tok/s ttft_p50=201 ms tpot_p50=19.97 ms errs=[] CELL sampled-c1 c=1 ok=8/8 agg=44.87 tok/s decode_p50=46.36 tok/s ttft_p50=202 ms tpot_p50=21.57 ms errs=[] 
ab r7 off rc=0 CELL greedy-c1 c=1 ok=8/8 agg=48.34 tok/s decode_p50=50.05 tok/s ttft_p50=200 ms tpot_p50=19.98 ms errs=[] CELL sampled-c1 c=1 ok=8/8 agg=44.84 tok/s decode_p50=46.30 tok/s ttft_p50=202 ms tpot_p50=21.60 ms errs=[] 
ab r8 on rc=0 CELL greedy-c1 c=1 ok=8/8 agg=51.54 tok/s decode_p50=53.48 tok/s ttft_p50=197 ms tpot_p50=18.70 ms errs=[] CELL sampled-c1 c=1 ok=8/8 agg=47.55 tok/s decode_p50=49.18 tok/s ttft_p50=200 ms tpot_p50=20.33 ms errs=[] 
ab r9 on rc=0 CELL greedy-c1 c=1 ok=8/8 agg=51.53 tok/s decode_p50=53.45 tok/s ttft_p50=197 ms tpot_p50=18.71 ms errs=[] CELL sampled-c1 c=1 ok=8/8 agg=47.59 tok/s decode_p50=49.24 tok/s ttft_p50=199 ms tpot_p50=20.31 ms errs=[] 
ab r10 off rc=0 CELL greedy-c1 c=1 ok=8/8 agg=48.34 tok/s decode_p50=50.06 tok/s ttft_p50=200 ms tpot_p50=19.98 ms errs=[] CELL sampled-c1 c=1 ok=8/8 agg=44.87 tok/s decode_p50=46.35 tok/s ttft_p50=202 ms tpot_p50=21.57 ms errs=[] 
spec s1 on rc=0 CELL greedy-c1 c=1 ok=8/8 agg=68.13 tok/s decode_p50=73.11 tok/s ttft_p50=245 ms tpot_p50=13.68 ms errs=[] CELL sampled-c1 c=1 ok=8/8 agg=58.30 tok/s decode_p50=60.18 tok/s ttft_p50=258 ms tpot_p50=16.62 ms errs=[] CELL greedy-c1-ignore-eos c=1 ok=4/4 agg=67.55 tok/s decode_p50=72.96 tok/s ttft_p50=246 ms tpot_p50=13.71 ms errs=[] 
spec s2 off rc=0 CELL greedy-c1 c=1 ok=8/8 agg=66.28 tok/s decode_p50=71.18 tok/s ttft_p50=251 ms tpot_p50=14.05 ms errs=[] CELL sampled-c1 c=1 ok=8/8 agg=56.94 tok/s decode_p50=58.84 tok/s ttft_p50=262 ms tpot_p50=17.00 ms errs=[] CELL greedy-c1-ignore-eos c=1 ok=4/4 agg=65.82 tok/s decode_p50=71.02 tok/s ttft_p50=250 ms tpot_p50=14.08 ms errs=[] 
spec s3 off rc=0 CELL greedy-c1 c=1 ok=8/8 agg=66.32 tok/s decode_p50=71.20 tok/s ttft_p50=249 ms tpot_p50=14.05 ms errs=[] CELL sampled-c1 c=1 ok=8/8 agg=56.90 tok/s decode_p50=58.83 tok/s ttft_p50=261 ms tpot_p50=17.00 ms errs=[] CELL greedy-c1-ignore-eos c=1 ok=4/4 agg=65.84 tok/s decode_p50=71.06 tok/s ttft_p50=250 ms tpot_p50=14.07 ms errs=[] 
spec s4 on rc=0 CELL greedy-c1 c=1 ok=8/8 agg=68.14 tok/s decode_p50=73.10 tok/s ttft_p50=245 ms tpot_p50=13.68 ms errs=[] CELL sampled-c1 c=1 ok=8/8 agg=58.31 tok/s decode_p50=60.41 tok/s ttft_p50=257 ms tpot_p50=16.55 ms errs=[] CELL greedy-c1-ignore-eos c=1 ok=4/4 agg=67.50 tok/s decode_p50=72.91 tok/s ttft_p50=249 ms tpot_p50=13.72 ms errs=[] 
spec s5 on rc=0 CELL greedy-c1 c=1 ok=8/8 agg=68.21 tok/s decode_p50=73.19 tok/s ttft_p50=245 ms tpot_p50=13.66 ms errs=[] CELL sampled-c1 c=1 ok=8/8 agg=58.42 tok/s decode_p50=60.46 tok/s ttft_p50=258 ms tpot_p50=16.54 ms errs=[] CELL greedy-c1-ignore-eos c=1 ok=4/4 agg=67.58 tok/s decode_p50=73.06 tok/s ttft_p50=249 ms tpot_p50=13.69 ms errs=[] 
spec s6 off rc=0 CELL greedy-c1 c=1 ok=8/8 agg=66.32 tok/s decode_p50=71.20 tok/s ttft_p50=249 ms tpot_p50=14.04 ms errs=[] CELL sampled-c1 c=1 ok=8/8 agg=56.90 tok/s decode_p50=58.90 tok/s ttft_p50=261 ms tpot_p50=16.98 ms errs=[] CELL greedy-c1-ignore-eos c=1 ok=4/4 agg=65.84 tok/s decode_p50=71.09 tok/s ttft_p50=250 ms tpot_p50=14.07 ms errs=[] 
spec s7 off rc=0 CELL greedy-c1 c=1 ok=8/8 agg=66.27 tok/s decode_p50=71.10 tok/s ttft_p50=250 ms tpot_p50=14.06 ms errs=[] CELL sampled-c1 c=1 ok=8/8 agg=56.81 tok/s decode_p50=58.74 tok/s ttft_p50=263 ms tpot_p50=17.02 ms errs=[] CELL greedy-c1-ignore-eos c=1 ok=4/4 agg=65.81 tok/s decode_p50=71.02 tok/s ttft_p50=250 ms tpot_p50=14.08 ms errs=[] 
spec s8 on rc=0 CELL greedy-c1 c=1 ok=8/8 agg=68.13 tok/s decode_p50=73.08 tok/s ttft_p50=246 ms tpot_p50=13.68 ms errs=[] CELL sampled-c1 c=1 ok=8/8 agg=58.28 tok/s decode_p50=60.29 tok/s ttft_p50=257 ms tpot_p50=16.59 ms errs=[] CELL greedy-c1-ignore-eos c=1 ok=4/4 agg=67.57 tok/s decode_p50=72.99 tok/s ttft_p50=246 ms tpot_p50=13.70 ms errs=[] 
spec s9 on rc=0 CELL greedy-c1 c=1 ok=8/8 agg=68.13 tok/s decode_p50=73.12 tok/s ttft_p50=246 ms tpot_p50=13.68 ms errs=[] CELL sampled-c1 c=1 ok=8/8 agg=58.34 tok/s decode_p50=60.33 tok/s ttft_p50=258 ms tpot_p50=16.57 ms errs=[] CELL greedy-c1-ignore-eos c=1 ok=4/4 agg=67.54 tok/s decode_p50=72.98 tok/s ttft_p50=246 ms tpot_p50=13.70 ms errs=[] 
spec s10 off rc=0 CELL greedy-c1 c=1 ok=8/8 agg=66.23 tok/s decode_p50=71.01 tok/s ttft_p50=249 ms tpot_p50=14.08 ms errs=[] CELL sampled-c1 c=1 ok=8/8 agg=56.88 tok/s decode_p50=58.79 tok/s ttft_p50=261 ms tpot_p50=17.01 ms errs=[] CELL greedy-c1-ignore-eos c=1 ok=4/4 agg=65.69 tok/s decode_p50=70.92 tok/s ttft_p50=250 ms tpot_p50=14.10 ms errs=[] 
dspark-served GPU DSPARK GATE [PASS] GATE_DONE rc=0 utc=2026-09-23T09:19:45Z 
prof on PROF_DONE capture span 10399.1 ms over 510 steps = 20.39 ms/step dev0: kernels 872504 (1711/step) kernel-sum 9.06 ms/step busy-union 9.26 ms/step memcpys 229/step dev1: kernels 847580 (1662/step) kernel-sum 9.41 ms/step busy-union 9.62 ms/step memcpys 237/step 
prof off PROF_DONE capture span 11262.8 ms over 510 steps = 22.08 ms/step dev0: kernels 872504 (1711/step) kernel-sum 9.06 ms/step busy-union 9.29 ms/step memcpys 294/step dev1: kernels 847580 (1662/step) kernel-sum 9.41 ms/step busy-union 9.65 ms/step memcpys 300/step 
DEFER_DONE
