[server] starting; models config = [("zai/glm-5.3-flash", "/root/models/glm53-nvfp4", None)]
[gpu-watch] Xid source: journalctl -k -f (/dev/kmsg unreadable — kernel.dmesg_restrict)
[gpu-watch] on: every 60s, probe deadline 10s, fatal Xid [48, 64, 79, 94, 95, 119, 120]
[worker] Engine ready (device=2, MEMRA_FAST=true)
[spec-k] operator pin K=1: automatic placement/concurrency/prompt policy and automatic demotion disabled
[worker] loading model "zai/glm-5.3-flash" <- /root/models/glm53-nvfp4
[pp] peer byte-integrity probe PASS: label=fixed-16KiB bytes=16384 copies=4 skipped=0 mismatches=0 elapsed_ms=2.659
[pp] cross-device transport: stage0=dev0 stage1=dev1 stage2=dev2 (cudaMemcpyPeerAsync per cross boundary; peer + default-pool access granted all pairs over [0, 1, 2]; weight home: per-stage (sharded loader))
[pp] production-slot peer probe direction: boundary=0 dev0->dev1 copies=4 skipped=0 mismatches=0 largest_clean_payload_bytes=67108864
[pp] production-slot peer probe direction: boundary=0 dev1->dev0 copies=4 skipped=0 mismatches=0 largest_clean_payload_bytes=67108864
[pp] production-slot peer probe direction: boundary=1 dev1->dev2 copies=4 skipped=0 mismatches=0 largest_clean_payload_bytes=67108864
[pp] production-slot peer probe direction: boundary=1 dev2->dev1 copies=4 skipped=0 mismatches=0 largest_clean_payload_bytes=67108864
[pp] production-slot peer probe PASS: widths_tokens=[1, 8, 16, 4096] copies=16 skipped=0 mismatches=0 largest_clean_payload_bytes=67108864 elapsed_ms=1597.809
[bf16-mmv] RESIDENT output.weight ne=[4096, 154880] n=634388480 admit=bf16_mmv
[bf16-mmv] RESIDENT blk.0.kda_q.weight ne=[4096, 8192] n=33554432 admit=bf16_mmv
[bf16-mmv] RESIDENT blk.0.kda_k.weight ne=[4096, 8192] n=33554432 admit=bf16_mmv
[bf16-mmv] RESIDENT blk.0.kda_v.weight ne=[4096, 8192] n=33554432 admit=bf16_mmv
[loader-law] WARNING: blk.*.kda_f_a.weight loads as 2D Float ne=[4096, 128] (src BF16) — a Float matmul weight rides cuBLAS f32 GEMV and poisons all-or-nothing q8-fast predicates (uses_q8_1_fast/mixer_in_q8_1_fast). If matmul-class: Q8_0-encode at load (model.rs ssm arm / source.rs BF16+F8 gates). If deliberately Float: add it to float_2d_audited with the audit rationale.
[loader-law] WARNING: blk.*.kda_f_b.weight loads as 2D Float ne=[128, 8192] (src BF16) — a Float matmul weight rides cuBLAS f32 GEMV and poisons all-or-nothing q8-fast predicates (uses_q8_1_fast/mixer_in_q8_1_fast). If matmul-class: Q8_0-encode at load (model.rs ssm arm / source.rs BF16+F8 gates). If deliberately Float: add it to float_2d_audited with the audit rationale.
[loader-law] WARNING: blk.*.kda_g_a.weight loads as 2D Float ne=[4096, 128] (src BF16) — a Float matmul weight rides cuBLAS f32 GEMV and poisons all-or-nothing q8-fast predicates (uses_q8_1_fast/mixer_in_q8_1_fast). If matmul-class: Q8_0-encode at load (model.rs ssm arm / source.rs BF16+F8 gates). If deliberately Float: add it to float_2d_audited with the audit rationale.
[loader-law] WARNING: blk.*.kda_g_b.weight loads as 2D Float ne=[128, 8192] (src BF16) — a Float matmul weight rides cuBLAS f32 GEMV and poisons all-or-nothing q8-fast predicates (uses_q8_1_fast/mixer_in_q8_1_fast). If matmul-class: Q8_0-encode at load (model.rs ssm arm / source.rs BF16+F8 gates). If deliberately Float: add it to float_2d_audited with the audit rationale.
[loader-law] WARNING: blk.*.kda_b.weight loads as 2D Float ne=[4096, 64] (src BF16) — a Float matmul weight rides cuBLAS f32 GEMV and poisons all-or-nothing q8-fast predicates (uses_q8_1_fast/mixer_in_q8_1_fast). If matmul-class: Q8_0-encode at load (model.rs ssm arm / source.rs BF16+F8 gates). If deliberately Float: add it to float_2d_audited with the audit rationale.
[bf16-mmv] RESIDENT blk.0.kda_out.weight ne=[8192, 4096] n=33554432 admit=bf16_mmv
[bf16-mmv] RESIDENT blk.1.kda_q.weight ne=[4096, 8192] n=33554432 admit=bf16_mmv
[bf16-mmv] RESIDENT blk.1.kda_k.weight ne=[4096, 8192] n=33554432 admit=bf16_mmv
[bf16-mmv] RESIDENT blk.1.kda_v.weight ne=[4096, 8192] n=33554432 admit=bf16_mmv
[bf16-mmv] RESIDENT blk.1.kda_out.weight ne=[8192, 4096] n=33554432 admit=bf16_mmv
[bf16-mmv] RESIDENT blk.2.kda_q.weight ne=[4096, 8192] n=33554432 admit=bf16_mmv
[bf16-mmv] RESIDENT blk.2.kda_k.weight ne=[4096, 8192] n=33554432 admit=bf16_mmv
[bf16-mmv] RESIDENT blk.2.kda_v.weight ne=[4096, 8192] n=33554432 admit=bf16_mmv
[bf16-mmv] RESIDENT blk.2.kda_out.weight ne=[8192, 4096] n=33554432 admit=bf16_mmv
[bf16-mmv] RESIDENT blk.3.indexer.attn_q_b.weight ne=[1536, 4096] n=6291456 admit=bf16_mmv
[loader-law] WARNING: blk.*.indexer.attn_k.weight loads as 2D Float ne=[4096, 128] (src BF16) — a Float matmul weight rides cuBLAS f32 GEMV and poisons all-or-nothing q8-fast predicates (uses_q8_1_fast/mixer_in_q8_1_fast). If matmul-class: Q8_0-encode at load (model.rs ssm arm / source.rs BF16+F8 gates). If deliberately Float: add it to float_2d_audited with the audit rationale.
[loader-law] WARNING: blk.*.indexer.proj.weight loads as 2D Float ne=[4096, 32] (src BF16) — a Float matmul weight rides cuBLAS f32 GEMV and poisons all-or-nothing q8-fast predicates (uses_q8_1_fast/mixer_in_q8_1_fast). If matmul-class: Q8_0-encode at load (model.rs ssm arm / source.rs BF16+F8 gates). If deliberately Float: add it to float_2d_audited with the audit rationale.
[loader-law] WARNING: blk.*.indexer.kpool_gate.weight loads as 2D Float ne=[4096, 128] (src BF16) — a Float matmul weight rides cuBLAS f32 GEMV and poisons all-or-nothing q8-fast predicates (uses_q8_1_fast/mixer_in_q8_1_fast). If matmul-class: Q8_0-encode at load (model.rs ssm arm / source.rs BF16+F8 gates). If deliberately Float: add it to float_2d_audited with the audit rationale.
[slab-populate] blk3-gate: 1296 MiB in 0.1s (22092 MiB/s)
[slab-populate] blk3-up: 1296 MiB in 0.1s (22253 MiB/s)
[slab-populate] blk3-down: 1296 MiB in 0.1s (22218 MiB/s)
[moe] resident-experts decision (PP dev0): experts 61.15GB + trunk 0.00GB vs free 100.04GB (expert budget 98.00GB) -> RESIDENT
[bf16-mmv] RESIDENT blk.4.kda_q.weight ne=[4096, 8192] n=33554432 admit=bf16_mmv
[bf16-mmv] RESIDENT blk.4.kda_k.weight ne=[4096, 8192] n=33554432 admit=bf16_mmv
[bf16-mmv] RESIDENT blk.4.kda_v.weight ne=[4096, 8192] n=33554432 admit=bf16_mmv
[bf16-mmv] RESIDENT blk.4.kda_out.weight ne=[8192, 4096] n=33554432 admit=bf16_mmv
[slab-populate] blk4-gate: 1296 MiB in 0.1s (19932 MiB/s)
[slab-populate] blk4-up: 1296 MiB in 0.1s (19942 MiB/s)
[slab-populate] blk4-down: 1296 MiB in 0.1s (19955 MiB/s)
[bf16-mmv] RESIDENT blk.5.kda_q.weight ne=[4096, 8192] n=33554432 admit=bf16_mmv
[bf16-mmv] RESIDENT blk.5.kda_k.weight ne=[4096, 8192] n=33554432 admit=bf16_mmv
[bf16-mmv] RESIDENT blk.5.kda_v.weight ne=[4096, 8192] n=33554432 admit=bf16_mmv
[bf16-mmv] RESIDENT blk.5.kda_out.weight ne=[8192, 4096] n=33554432 admit=bf16_mmv
[slab-populate] blk5-gate: 1296 MiB in 0.1s (19968 MiB/s)
[slab-populate] blk5-up: 1296 MiB in 0.1s (19976 MiB/s)
[slab-populate] blk5-down: 1296 MiB in 0.1s (19929 MiB/s)
[bf16-mmv] RESIDENT blk.6.kda_q.weight ne=[4096, 8192] n=33554432 admit=bf16_mmv
[bf16-mmv] RESIDENT blk.6.kda_k.weight ne=[4096, 8192] n=33554432 admit=bf16_mmv
[bf16-mmv] RESIDENT blk.6.kda_v.weight ne=[4096, 8192] n=33554432 admit=bf16_mmv
[bf16-mmv] RESIDENT blk.6.kda_out.weight ne=[8192, 4096] n=33554432 admit=bf16_mmv
[slab-populate] blk6-gate: 1296 MiB in 0.1s (19954 MiB/s)
[slab-populate] blk6-up: 1296 MiB in 0.1s (19972 MiB/s)
[slab-populate] blk6-down: 1296 MiB in 0.1s (19942 MiB/s)
[bf16-mmv] RESIDENT blk.7.indexer.attn_q_b.weight ne=[1536, 4096] n=6291456 admit=bf16_mmv
[slab-populate] blk7-gate: 1296 MiB in 0.1s (19799 MiB/s)
[slab-populate] blk7-up: 1296 MiB in 0.1s (19979 MiB/s)
[slab-populate] blk7-down: 1296 MiB in 0.1s (19984 MiB/s)
[bf16-mmv] RESIDENT blk.8.kda_q.weight ne=[4096, 8192] n=33554432 admit=bf16_mmv
[bf16-mmv] RESIDENT blk.8.kda_k.weight ne=[4096, 8192] n=33554432 admit=bf16_mmv
[bf16-mmv] RESIDENT blk.8.kda_v.weight ne=[4096, 8192] n=33554432 admit=bf16_mmv
[bf16-mmv] RESIDENT blk.8.kda_out.weight ne=[8192, 4096] n=33554432 admit=bf16_mmv
[slab-populate] blk8-gate: 1296 MiB in 0.1s (19910 MiB/s)
[slab-populate] blk8-up: 1296 MiB in 0.1s (19905 MiB/s)
[slab-populate] blk8-down: 1296 MiB in 0.1s (19931 MiB/s)
[bf16-mmv] RESIDENT blk.9.kda_q.weight ne=[4096, 8192] n=33554432 admit=bf16_mmv
[bf16-mmv] RESIDENT blk.9.kda_k.weight ne=[4096, 8192] n=33554432 admit=bf16_mmv
[bf16-mmv] RESIDENT blk.9.kda_v.weight ne=[4096, 8192] n=33554432 admit=bf16_mmv
[bf16-mmv] RESIDENT blk.9.kda_out.weight ne=[8192, 4096] n=33554432 admit=bf16_mmv
[slab-populate] blk9-gate: 1296 MiB in 0.1s (19418 MiB/s)
[slab-populate] blk9-up: 1296 MiB in 0.1s (20001 MiB/s)
[slab-populate] blk9-down: 1296 MiB in 0.1s (19468 MiB/s)
[bf16-mmv] RESIDENT blk.10.kda_q.weight ne=[4096, 8192] n=33554432 admit=bf16_mmv
[bf16-mmv] RESIDENT blk.10.kda_k.weight ne=[4096, 8192] n=33554432 admit=bf16_mmv
[bf16-mmv] RESIDENT blk.10.kda_v.weight ne=[4096, 8192] n=33554432 admit=bf16_mmv
[bf16-mmv] RESIDENT blk.10.kda_out.weight ne=[8192, 4096] n=33554432 admit=bf16_mmv
[slab-populate] blk10-gate: 1296 MiB in 0.1s (20358 MiB/s)
[slab-populate] blk10-up: 1296 MiB in 0.1s (20386 MiB/s)
[slab-populate] blk10-down: 1296 MiB in 0.1s (20655 MiB/s)
[bf16-mmv] RESIDENT blk.11.indexer.attn_q_b.weight ne=[1536, 4096] n=6291456 admit=bf16_mmv
[slab-populate] blk11-gate: 1296 MiB in 0.1s (20191 MiB/s)
[slab-populate] blk11-up: 1296 MiB in 0.1s (20359 MiB/s)
[slab-populate] blk11-down: 1296 MiB in 0.1s (20366 MiB/s)
[bf16-mmv] RESIDENT blk.12.kda_q.weight ne=[4096, 8192] n=33554432 admit=bf16_mmv
[bf16-mmv] RESIDENT blk.12.kda_k.weight ne=[4096, 8192] n=33554432 admit=bf16_mmv
[bf16-mmv] RESIDENT blk.12.kda_v.weight ne=[4096, 8192] n=33554432 admit=bf16_mmv
[bf16-mmv] RESIDENT blk.12.kda_out.weight ne=[8192, 4096] n=33554432 admit=bf16_mmv
[slab-populate] blk12-gate: 1296 MiB in 0.1s (20294 MiB/s)
[slab-populate] blk12-up: 1296 MiB in 0.1s (20362 MiB/s)
[slab-populate] blk12-down: 1296 MiB in 0.1s (20375 MiB/s)
[bf16-mmv] RESIDENT blk.13.kda_q.weight ne=[4096, 8192] n=33554432 admit=bf16_mmv
[bf16-mmv] RESIDENT blk.13.kda_k.weight ne=[4096, 8192] n=33554432 admit=bf16_mmv
[bf16-mmv] RESIDENT blk.13.kda_v.weight ne=[4096, 8192] n=33554432 admit=bf16_mmv
[bf16-mmv] RESIDENT blk.13.kda_out.weight ne=[8192, 4096] n=33554432 admit=bf16_mmv
[slab-populate] blk13-gate: 1296 MiB in 0.1s (20606 MiB/s)
[slab-populate] blk13-up: 1296 MiB in 0.1s (20346 MiB/s)
[slab-populate] blk13-down: 1296 MiB in 0.1s (20351 MiB/s)
[bf16-mmv] RESIDENT blk.14.kda_q.weight ne=[4096, 8192] n=33554432 admit=bf16_mmv
[bf16-mmv] RESIDENT blk.14.kda_k.weight ne=[4096, 8192] n=33554432 admit=bf16_mmv
[bf16-mmv] RESIDENT blk.14.kda_v.weight ne=[4096, 8192] n=33554432 admit=bf16_mmv
[bf16-mmv] RESIDENT blk.14.kda_out.weight ne=[8192, 4096] n=33554432 admit=bf16_mmv
[slab-populate] blk14-gate: 1296 MiB in 0.1s (20629 MiB/s)
[slab-populate] blk14-up: 1296 MiB in 0.1s (20417 MiB/s)
[slab-populate] blk14-down: 1296 MiB in 0.1s (20344 MiB/s)
[bf16-mmv] RESIDENT blk.15.indexer.attn_q_b.weight ne=[1536, 4096] n=6291456 admit=bf16_mmv
[slab-populate] blk15-gate: 1296 MiB in 0.1s (20264 MiB/s)
[slab-populate] blk15-up: 1296 MiB in 0.1s (20648 MiB/s)
[slab-populate] blk15-down: 1296 MiB in 0.1s (20395 MiB/s)
[moe] resident-experts decision (PP dev1): experts 61.15GB + trunk 0.00GB vs free 101.15GB (expert budget 98.00GB) -> RESIDENT
[bf16-mmv] RESIDENT blk.16.kda_q.weight ne=[4096, 8192] n=33554432 admit=bf16_mmv
[bf16-mmv] RESIDENT blk.16.kda_k.weight ne=[4096, 8192] n=33554432 admit=bf16_mmv
[bf16-mmv] RESIDENT blk.16.kda_v.weight ne=[4096, 8192] n=33554432 admit=bf16_mmv
[bf16-mmv] RESIDENT blk.16.kda_out.weight ne=[8192, 4096] n=33554432 admit=bf16_mmv
[slab-populate] blk16-gate: 1296 MiB in 0.1s (21881 MiB/s)
[slab-populate] blk16-up: 1296 MiB in 0.1s (21796 MiB/s)
[slab-populate] blk16-down: 1296 MiB in 0.1s (21922 MiB/s)
[bf16-mmv] RESIDENT blk.17.kda_q.weight ne=[4096, 8192] n=33554432 admit=bf16_mmv
[bf16-mmv] RESIDENT blk.17.kda_k.weight ne=[4096, 8192] n=33554432 admit=bf16_mmv
[bf16-mmv] RESIDENT blk.17.kda_v.weight ne=[4096, 8192] n=33554432 admit=bf16_mmv
[bf16-mmv] RESIDENT blk.17.kda_out.weight ne=[8192, 4096] n=33554432 admit=bf16_mmv
[slab-populate] blk17-gate: 1296 MiB in 0.1s (21870 MiB/s)
[slab-populate] blk17-up: 1296 MiB in 0.1s (21868 MiB/s)
[slab-populate] blk17-down: 1296 MiB in 0.1s (21935 MiB/s)
[bf16-mmv] RESIDENT blk.18.kda_q.weight ne=[4096, 8192] n=33554432 admit=bf16_mmv
[bf16-mmv] RESIDENT blk.18.kda_k.weight ne=[4096, 8192] n=33554432 admit=bf16_mmv
[bf16-mmv] RESIDENT blk.18.kda_v.weight ne=[4096, 8192] n=33554432 admit=bf16_mmv
[bf16-mmv] RESIDENT blk.18.kda_out.weight ne=[8192, 4096] n=33554432 admit=bf16_mmv
[slab-populate] blk18-gate: 1296 MiB in 0.1s (21820 MiB/s)
[slab-populate] blk18-up: 1296 MiB in 0.1s (21919 MiB/s)
[slab-populate] blk18-down: 1296 MiB in 0.1s (21880 MiB/s)
[bf16-mmv] RESIDENT blk.19.indexer.attn_q_b.weight ne=[1536, 4096] n=6291456 admit=bf16_mmv
[slab-populate] blk19-gate: 1296 MiB in 0.1s (21778 MiB/s)
[slab-populate] blk19-up: 1296 MiB in 0.1s (21960 MiB/s)
[slab-populate] blk19-down: 1296 MiB in 0.1s (21862 MiB/s)
[bf16-mmv] RESIDENT blk.20.kda_q.weight ne=[4096, 8192] n=33554432 admit=bf16_mmv
[bf16-mmv] RESIDENT blk.20.kda_k.weight ne=[4096, 8192] n=33554432 admit=bf16_mmv
[bf16-mmv] RESIDENT blk.20.kda_v.weight ne=[4096, 8192] n=33554432 admit=bf16_mmv
[bf16-mmv] RESIDENT blk.20.kda_out.weight ne=[8192, 4096] n=33554432 admit=bf16_mmv
[slab-populate] blk20-gate: 1296 MiB in 0.1s (21864 MiB/s)
[slab-populate] blk20-up: 1296 MiB in 0.1s (21920 MiB/s)
[slab-populate] blk20-down: 1296 MiB in 0.1s (22000 MiB/s)
[bf16-mmv] RESIDENT blk.21.kda_q.weight ne=[4096, 8192] n=33554432 admit=bf16_mmv
[bf16-mmv] RESIDENT blk.21.kda_k.weight ne=[4096, 8192] n=33554432 admit=bf16_mmv
[bf16-mmv] RESIDENT blk.21.kda_v.weight ne=[4096, 8192] n=33554432 admit=bf16_mmv
[bf16-mmv] RESIDENT blk.21.kda_out.weight ne=[8192, 4096] n=33554432 admit=bf16_mmv
[slab-populate] blk21-gate: 1296 MiB in 0.1s (21890 MiB/s)
[slab-populate] blk21-up: 1296 MiB in 0.1s (21910 MiB/s)
[slab-populate] blk21-down: 1296 MiB in 0.1s (21970 MiB/s)
[bf16-mmv] RESIDENT blk.22.kda_q.weight ne=[4096, 8192] n=33554432 admit=bf16_mmv
[bf16-mmv] RESIDENT blk.22.kda_k.weight ne=[4096, 8192] n=33554432 admit=bf16_mmv
[bf16-mmv] RESIDENT blk.22.kda_v.weight ne=[4096, 8192] n=33554432 admit=bf16_mmv
[bf16-mmv] RESIDENT blk.22.kda_out.weight ne=[8192, 4096] n=33554432 admit=bf16_mmv
[slab-populate] blk22-gate: 1296 MiB in 0.1s (22525 MiB/s)
[slab-populate] blk22-up: 1296 MiB in 0.1s (22514 MiB/s)
[slab-populate] blk22-down: 1296 MiB in 0.1s (22537 MiB/s)
[bf16-mmv] RESIDENT blk.23.indexer.attn_q_b.weight ne=[1536, 4096] n=6291456 admit=bf16_mmv
[slab-populate] blk23-gate: 1296 MiB in 0.1s (22346 MiB/s)
[slab-populate] blk23-up: 1296 MiB in 0.1s (22563 MiB/s)
[slab-populate] blk23-down: 1296 MiB in 0.1s (22584 MiB/s)
[bf16-mmv] RESIDENT blk.24.kda_q.weight ne=[4096, 8192] n=33554432 admit=bf16_mmv
[bf16-mmv] RESIDENT blk.24.kda_k.weight ne=[4096, 8192] n=33554432 admit=bf16_mmv
[bf16-mmv] RESIDENT blk.24.kda_v.weight ne=[4096, 8192] n=33554432 admit=bf16_mmv
[bf16-mmv] RESIDENT blk.24.kda_out.weight ne=[8192, 4096] n=33554432 admit=bf16_mmv
[slab-populate] blk24-gate: 1296 MiB in 0.1s (22514 MiB/s)
[slab-populate] blk24-up: 1296 MiB in 0.1s (22482 MiB/s)
[slab-populate] blk24-down: 1296 MiB in 0.1s (22593 MiB/s)
[bf16-mmv] RESIDENT blk.25.kda_q.weight ne=[4096, 8192] n=33554432 admit=bf16_mmv
[bf16-mmv] RESIDENT blk.25.kda_k.weight ne=[4096, 8192] n=33554432 admit=bf16_mmv
[bf16-mmv] RESIDENT blk.25.kda_v.weight ne=[4096, 8192] n=33554432 admit=bf16_mmv
[bf16-mmv] RESIDENT blk.25.kda_out.weight ne=[8192, 4096] n=33554432 admit=bf16_mmv
[slab-populate] blk25-gate: 1296 MiB in 0.1s (22436 MiB/s)
[slab-populate] blk25-up: 1296 MiB in 0.1s (22543 MiB/s)
[slab-populate] blk25-down: 1296 MiB in 0.1s (22541 MiB/s)
[bf16-mmv] RESIDENT blk.26.kda_q.weight ne=[4096, 8192] n=33554432 admit=bf16_mmv
[bf16-mmv] RESIDENT blk.26.kda_k.weight ne=[4096, 8192] n=33554432 admit=bf16_mmv
[bf16-mmv] RESIDENT blk.26.kda_v.weight ne=[4096, 8192] n=33554432 admit=bf16_mmv
[bf16-mmv] RESIDENT blk.26.kda_out.weight ne=[8192, 4096] n=33554432 admit=bf16_mmv
[slab-populate] blk26-gate: 1296 MiB in 0.1s (22509 MiB/s)
[slab-populate] blk26-up: 1296 MiB in 0.1s (22427 MiB/s)
[slab-populate] blk26-down: 1296 MiB in 0.1s (22538 MiB/s)
[bf16-mmv] RESIDENT blk.27.indexer.attn_q_b.weight ne=[1536, 4096] n=6291456 admit=bf16_mmv
[slab-populate] blk27-gate: 1296 MiB in 0.1s (22422 MiB/s)
[slab-populate] blk27-up: 1296 MiB in 0.1s (22553 MiB/s)
[slab-populate] blk27-down: 1296 MiB in 0.1s (22544 MiB/s)
[bf16-mmv] RESIDENT blk.28.kda_q.weight ne=[4096, 8192] n=33554432 admit=bf16_mmv
[bf16-mmv] RESIDENT blk.28.kda_k.weight ne=[4096, 8192] n=33554432 admit=bf16_mmv
[bf16-mmv] RESIDENT blk.28.kda_v.weight ne=[4096, 8192] n=33554432 admit=bf16_mmv
[bf16-mmv] RESIDENT blk.28.kda_out.weight ne=[8192, 4096] n=33554432 admit=bf16_mmv
[slab-populate] blk28-gate: 1296 MiB in 0.1s (21964 MiB/s)
[slab-populate] blk28-up: 1296 MiB in 0.1s (22130 MiB/s)
[slab-populate] blk28-down: 1296 MiB in 0.1s (22021 MiB/s)
[bf16-mmv] RESIDENT blk.29.kda_q.weight ne=[4096, 8192] n=33554432 admit=bf16_mmv
[bf16-mmv] RESIDENT blk.29.kda_k.weight ne=[4096, 8192] n=33554432 admit=bf16_mmv
[bf16-mmv] RESIDENT blk.29.kda_v.weight ne=[4096, 8192] n=33554432 admit=bf16_mmv
[bf16-mmv] RESIDENT blk.29.kda_out.weight ne=[8192, 4096] n=33554432 admit=bf16_mmv
[slab-populate] blk29-gate: 1296 MiB in 0.1s (21989 MiB/s)
[slab-populate] blk29-up: 1296 MiB in 0.1s (22096 MiB/s)
[slab-populate] blk29-down: 1296 MiB in 0.1s (21966 MiB/s)
[bf16-mmv] RESIDENT blk.30.kda_q.weight ne=[4096, 8192] n=33554432 admit=bf16_mmv
[bf16-mmv] RESIDENT blk.30.kda_k.weight ne=[4096, 8192] n=33554432 admit=bf16_mmv
[bf16-mmv] RESIDENT blk.30.kda_v.weight ne=[4096, 8192] n=33554432 admit=bf16_mmv
[bf16-mmv] RESIDENT blk.30.kda_out.weight ne=[8192, 4096] n=33554432 admit=bf16_mmv
[slab-populate] blk30-gate: 1296 MiB in 0.1s (22068 MiB/s)
[slab-populate] blk30-up: 1296 MiB in 0.1s (22029 MiB/s)
[slab-populate] blk30-down: 1296 MiB in 0.1s (22093 MiB/s)
[moe] resident-experts decision (PP dev2): experts 65.23GB + trunk 0.00GB vs free 99.70GB (expert budget 98.00GB) -> RESIDENT
[bf16-mmv] RESIDENT blk.31.indexer.attn_q_b.weight ne=[1536, 4096] n=6291456 admit=bf16_mmv
[slab-populate] blk31-gate: 1296 MiB in 0.1s (21919 MiB/s)
[slab-populate] blk31-up: 1296 MiB in 0.1s (22116 MiB/s)
[slab-populate] blk31-down: 1296 MiB in 0.1s (22063 MiB/s)
[bf16-mmv] RESIDENT blk.32.kda_q.weight ne=[4096, 8192] n=33554432 admit=bf16_mmv
[bf16-mmv] RESIDENT blk.32.kda_k.weight ne=[4096, 8192] n=33554432 admit=bf16_mmv
[bf16-mmv] RESIDENT blk.32.kda_v.weight ne=[4096, 8192] n=33554432 admit=bf16_mmv
[bf16-mmv] RESIDENT blk.32.kda_out.weight ne=[8192, 4096] n=33554432 admit=bf16_mmv
[slab-populate] blk32-gate: 1296 MiB in 0.1s (21997 MiB/s)
[slab-populate] blk32-up: 1296 MiB in 0.1s (22012 MiB/s)
[slab-populate] blk32-down: 1296 MiB in 0.1s (22100 MiB/s)
[bf16-mmv] RESIDENT blk.33.kda_q.weight ne=[4096, 8192] n=33554432 admit=bf16_mmv
[bf16-mmv] RESIDENT blk.33.kda_k.weight ne=[4096, 8192] n=33554432 admit=bf16_mmv
[bf16-mmv] RESIDENT blk.33.kda_v.weight ne=[4096, 8192] n=33554432 admit=bf16_mmv
[bf16-mmv] RESIDENT blk.33.kda_out.weight ne=[8192, 4096] n=33554432 admit=bf16_mmv
[slab-populate] blk33-gate: 1296 MiB in 0.1s (22075 MiB/s)
[slab-populate] blk33-up: 1296 MiB in 0.1s (22072 MiB/s)
[slab-populate] blk33-down: 1296 MiB in 0.1s (22048 MiB/s)
[bf16-mmv] RESIDENT blk.34.kda_q.weight ne=[4096, 8192] n=33554432 admit=bf16_mmv
[bf16-mmv] RESIDENT blk.34.kda_k.weight ne=[4096, 8192] n=33554432 admit=bf16_mmv
[bf16-mmv] RESIDENT blk.34.kda_v.weight ne=[4096, 8192] n=33554432 admit=bf16_mmv
[bf16-mmv] RESIDENT blk.34.kda_out.weight ne=[8192, 4096] n=33554432 admit=bf16_mmv
[slab-populate] blk34-gate: 1296 MiB in 0.1s (24629 MiB/s)
[slab-populate] blk34-up: 1296 MiB in 0.0s (25922 MiB/s)
[slab-populate] blk34-down: 1296 MiB in 0.1s (25913 MiB/s)
[bf16-mmv] RESIDENT blk.35.indexer.attn_q_b.weight ne=[1536, 4096] n=6291456 admit=bf16_mmv
[slab-populate] blk35-gate: 1296 MiB in 0.1s (24144 MiB/s)
[slab-populate] blk35-up: 1296 MiB in 0.1s (25842 MiB/s)
[slab-populate] blk35-down: 1296 MiB in 0.0s (25935 MiB/s)
[bf16-mmv] RESIDENT blk.36.kda_q.weight ne=[4096, 8192] n=33554432 admit=bf16_mmv
[bf16-mmv] RESIDENT blk.36.kda_k.weight ne=[4096, 8192] n=33554432 admit=bf16_mmv
[bf16-mmv] RESIDENT blk.36.kda_v.weight ne=[4096, 8192] n=33554432 admit=bf16_mmv
[bf16-mmv] RESIDENT blk.36.kda_out.weight ne=[8192, 4096] n=33554432 admit=bf16_mmv
[slab-populate] blk36-gate: 1296 MiB in 0.1s (24604 MiB/s)
[slab-populate] blk36-up: 1296 MiB in 0.1s (25905 MiB/s)
[slab-populate] blk36-down: 1296 MiB in 0.0s (25997 MiB/s)
[bf16-mmv] RESIDENT blk.37.kda_q.weight ne=[4096, 8192] n=33554432 admit=bf16_mmv
[bf16-mmv] RESIDENT blk.37.kda_k.weight ne=[4096, 8192] n=33554432 admit=bf16_mmv
[bf16-mmv] RESIDENT blk.37.kda_v.weight ne=[4096, 8192] n=33554432 admit=bf16_mmv
[bf16-mmv] RESIDENT blk.37.kda_out.weight ne=[8192, 4096] n=33554432 admit=bf16_mmv
[slab-populate] blk37-gate: 1296 MiB in 0.1s (23733 MiB/s)
[slab-populate] blk37-up: 1296 MiB in 0.0s (25950 MiB/s)
[slab-populate] blk37-down: 1296 MiB in 0.1s (25870 MiB/s)
[bf16-mmv] RESIDENT blk.38.kda_q.weight ne=[4096, 8192] n=33554432 admit=bf16_mmv
[bf16-mmv] RESIDENT blk.38.kda_k.weight ne=[4096, 8192] n=33554432 admit=bf16_mmv
[bf16-mmv] RESIDENT blk.38.kda_v.weight ne=[4096, 8192] n=33554432 admit=bf16_mmv
[bf16-mmv] RESIDENT blk.38.kda_out.weight ne=[8192, 4096] n=33554432 admit=bf16_mmv
[slab-populate] blk38-gate: 1296 MiB in 0.1s (24932 MiB/s)
[slab-populate] blk38-up: 1296 MiB in 0.0s (26031 MiB/s)
[slab-populate] blk38-down: 1296 MiB in 0.0s (25977 MiB/s)
[bf16-mmv] RESIDENT blk.39.indexer.attn_q_b.weight ne=[1536, 4096] n=6291456 admit=bf16_mmv
[slab-populate] blk39-gate: 1296 MiB in 0.1s (24871 MiB/s)
[slab-populate] blk39-up: 1296 MiB in 0.0s (25990 MiB/s)
[slab-populate] blk39-down: 1296 MiB in 0.1s (25860 MiB/s)
[bf16-mmv] RESIDENT blk.40.kda_q.weight ne=[4096, 8192] n=33554432 admit=bf16_mmv
[bf16-mmv] RESIDENT blk.40.kda_k.weight ne=[4096, 8192] n=33554432 admit=bf16_mmv
[bf16-mmv] RESIDENT blk.40.kda_v.weight ne=[4096, 8192] n=33554432 admit=bf16_mmv
[bf16-mmv] RESIDENT blk.40.kda_out.weight ne=[8192, 4096] n=33554432 admit=bf16_mmv
[slab-populate] blk40-gate: 1296 MiB in 0.1s (19759 MiB/s)
[slab-populate] blk40-up: 1296 MiB in 0.1s (19779 MiB/s)
[slab-populate] blk40-down: 1296 MiB in 0.1s (19823 MiB/s)
[bf16-mmv] RESIDENT blk.41.kda_q.weight ne=[4096, 8192] n=33554432 admit=bf16_mmv
[bf16-mmv] RESIDENT blk.41.kda_k.weight ne=[4096, 8192] n=33554432 admit=bf16_mmv
[bf16-mmv] RESIDENT blk.41.kda_v.weight ne=[4096, 8192] n=33554432 admit=bf16_mmv
[bf16-mmv] RESIDENT blk.41.kda_out.weight ne=[8192, 4096] n=33554432 admit=bf16_mmv
[slab-populate] blk41-gate: 1296 MiB in 0.1s (19772 MiB/s)
[slab-populate] blk41-up: 1296 MiB in 0.1s (19817 MiB/s)
[slab-populate] blk41-down: 1296 MiB in 0.1s (19803 MiB/s)
[bf16-mmv] RESIDENT blk.42.kda_q.weight ne=[4096, 8192] n=33554432 admit=bf16_mmv
[bf16-mmv] RESIDENT blk.42.kda_k.weight ne=[4096, 8192] n=33554432 admit=bf16_mmv
[bf16-mmv] RESIDENT blk.42.kda_v.weight ne=[4096, 8192] n=33554432 admit=bf16_mmv
[bf16-mmv] RESIDENT blk.42.kda_out.weight ne=[8192, 4096] n=33554432 admit=bf16_mmv
[slab-populate] blk42-gate: 1296 MiB in 0.1s (19764 MiB/s)
[slab-populate] blk42-up: 1296 MiB in 0.1s (19762 MiB/s)
[slab-populate] blk42-down: 1296 MiB in 0.1s (19832 MiB/s)
[bf16-mmv] RESIDENT blk.43.indexer.attn_q_b.weight ne=[1536, 4096] n=6291456 admit=bf16_mmv
[slab-populate] blk43-gate: 1296 MiB in 0.1s (19619 MiB/s)
[slab-populate] blk43-up: 1296 MiB in 0.1s (19767 MiB/s)
[slab-populate] blk43-down: 1296 MiB in 0.1s (19837 MiB/s)
[bf16-mmv] RESIDENT blk.44.kda_q.weight ne=[4096, 8192] n=33554432 admit=bf16_mmv
[bf16-mmv] RESIDENT blk.44.kda_k.weight ne=[4096, 8192] n=33554432 admit=bf16_mmv
[bf16-mmv] RESIDENT blk.44.kda_v.weight ne=[4096, 8192] n=33554432 admit=bf16_mmv
[bf16-mmv] RESIDENT blk.44.kda_out.weight ne=[8192, 4096] n=33554432 admit=bf16_mmv
[slab-populate] blk44-gate: 1296 MiB in 0.1s (19843 MiB/s)
[slab-populate] blk44-up: 1296 MiB in 0.1s (19751 MiB/s)
[slab-populate] blk44-down: 1296 MiB in 0.1s (19795 MiB/s)
[dspark] precision=q4 (MEMRA_DFLASH_PREC unset)
[dspark] harvest=dflash (checkpoint census dflash2=true strategy_dspark=false, MEMRA_DSPARK_HARVEST unset)
[dspark] verify-window=Ladder (accept-rate head ABSENT -> ladder, MEMRA_DSPARK_VT unset)
[glm5-spec] serve route ARMED: draft source = dflash2 @ b33c0347; draft head FULL target vocab; native MTP head NOT loaded (the q38 pattern: a full MoE trunk layer of VRAM saved)
[worker]   loaded "zai/glm-5.3-flash": 46 layers, eos=154820, stop=[154820, 154827, 154829]
[worker] zai/glm-5.3-flash: template caps tools=true think=true think_switch=false chat_ok=true effort_levels=true qwen_effort=false gemma_think=false dsv4=false glm5=true ctx=1048576 tok="glm4" instruct=Some("glm") chat_defaults=None/None
[worker] zai/glm-5.3-flash: decode wave cap 1; scheduler tick cap 1
[worker] zai/glm-5.3-flash: EAGER-ONLY serving (hyper-connections residual — no batched decode arm): per-session eager decode, monolithic prefill, no graph promotion, no prime batching
[glm5-vision] tower loaded from /root/models/glm53-nvfp4 (24 blocks, out_width 4096, f32-resident, 2.12 GiB device delta at load)
[admission] "zai/glm-5.3-flash": plain 23936 B/token, spec 23936 B/token; fixed residual learns from effective-free deltas
[server] worker ready; serving models: ["zai/glm-5.3-flash"]
[server] listening on http://127.0.0.1:18400
[meter] admit id=chatcmpl-d5b83110b874a56414855ba85c0f37b3 tenant=default lane=interactive model="zai/glm-5.3-flash"
[admission] request cost: model="zai/glm-5.3-flash" ctx=367 path=plain = 23936 B/token x ctx + 259MB prefill-workspace + 0MB fixed = 268MB
[glm5-spec] route=spec K=1 model="zai/glm-5.3-flash" tenant="" prompt=239 wave=1 sampled=0 penalized=0 cold=1
[hc-fused-pre] engaged streams=4 hidden=4096 t=239 (one launch replaces rowsq_scale + sinkhorn + collapse per site; MEMRA_HC_FUSED_PRE=1)
[bf16-tc] flag=on (MEMRA_PP_BF16; engagement is the per-shape ENGAGED line + the dispatch counter)
[bf16-tc] ENGAGED m=239 n=8192 k=4096 (bf16 tensor-core GEMM on resident checkpoint bytes)
[bf16-tc] ENGAGED m=239 n=4096 k=8192 (bf16 tensor-core GEMM on resident checkpoint bytes)
[bf16-tc] ENGAGED m=239 n=4096 k=1536 (bf16 tensor-core GEMM on resident checkpoint bytes)
[mla-tc-prefill] engaged: absorb/decompress = strided-batched bf16 TC GEMMs, attention = fa_mla_gathered_bf16 (t=239, t_kv=239, nh=64, width=239); dispatches counted in MLA_TC_PREFILL_DISPATCHES
[moe-grouped-prefill] flag=on t=239 il=3 (announce printed in both arms; engagement is the per-layer execute line + the dispatch counter)
[moe-sk-form] dev=0 qt=7 sms=188 occ128=1 occ32=7 occt=3 cross=64 xcross=64 bdb=0 in_f=4096 out_f=2048 n_active=276 max_m=94
[moe-grouped-prefill] execute layer=3 tokens=239 n_active=276 provenance=resident-slab router=sigmoid-host-oracle epilogue=pre-clamped macro_fold=gate-up-rows+down-weight performance_claim=false (logged once per layer)
[moe-grouped-prefill] execute layer=4 tokens=239 n_active=278 provenance=resident-slab router=sigmoid-host-oracle epilogue=pre-clamped macro_fold=gate-up-rows+down-weight performance_claim=false (logged once per layer)
[moe-grouped-prefill] execute layer=5 tokens=239 n_active=280 provenance=resident-slab router=sigmoid-host-oracle epilogue=pre-clamped macro_fold=gate-up-rows+down-weight performance_claim=false (logged once per layer)
[moe-grouped-prefill] execute layer=6 tokens=239 n_active=275 provenance=resident-slab router=sigmoid-host-oracle epilogue=pre-clamped macro_fold=gate-up-rows+down-weight performance_claim=false (logged once per layer)
[moe-grouped-prefill] execute layer=7 tokens=239 n_active=246 provenance=resident-slab router=sigmoid-host-oracle epilogue=pre-clamped macro_fold=gate-up-rows+down-weight performance_claim=false (logged once per layer)
[moe-grouped-prefill] execute layer=8 tokens=239 n_active=259 provenance=resident-slab router=sigmoid-host-oracle epilogue=pre-clamped macro_fold=gate-up-rows+down-weight performance_claim=false (logged once per layer)
[moe-grouped-prefill] execute layer=9 tokens=239 n_active=256 provenance=resident-slab router=sigmoid-host-oracle epilogue=pre-clamped macro_fold=gate-up-rows+down-weight performance_claim=false (logged once per layer)
[moe-grouped-prefill] execute layer=10 tokens=239 n_active=255 provenance=resident-slab router=sigmoid-host-oracle epilogue=pre-clamped macro_fold=gate-up-rows+down-weight performance_claim=false (logged once per layer)
[moe-grouped-prefill] execute layer=11 tokens=239 n_active=245 provenance=resident-slab router=sigmoid-host-oracle epilogue=pre-clamped macro_fold=gate-up-rows+down-weight performance_claim=false (logged once per layer)
[moe-grouped-prefill] execute layer=12 tokens=239 n_active=238 provenance=resident-slab router=sigmoid-host-oracle epilogue=pre-clamped macro_fold=gate-up-rows+down-weight performance_claim=false (logged once per layer)
[moe-grouped-prefill] execute layer=13 tokens=239 n_active=218 provenance=resident-slab router=sigmoid-host-oracle epilogue=pre-clamped macro_fold=gate-up-rows+down-weight performance_claim=false (logged once per layer)
[moe-grouped-prefill] execute layer=14 tokens=239 n_active=213 provenance=resident-slab router=sigmoid-host-oracle epilogue=pre-clamped macro_fold=gate-up-rows+down-weight performance_claim=false (logged once per layer)
[moe-grouped-prefill] execute layer=15 tokens=239 n_active=217 provenance=resident-slab router=sigmoid-host-oracle epilogue=pre-clamped macro_fold=gate-up-rows+down-weight performance_claim=false (logged once per layer)
[moe-grouped-prefill] execute layer=16 tokens=239 n_active=206 provenance=resident-slab router=sigmoid-host-oracle epilogue=pre-clamped macro_fold=gate-up-rows+down-weight performance_claim=false (logged once per layer)
[moe-grouped-prefill] execute layer=17 tokens=239 n_active=196 provenance=resident-slab router=sigmoid-host-oracle epilogue=pre-clamped macro_fold=gate-up-rows+down-weight performance_claim=false (logged once per layer)
[moe-grouped-prefill] execute layer=18 tokens=239 n_active=180 provenance=resident-slab router=sigmoid-host-oracle epilogue=pre-clamped macro_fold=gate-up-rows+down-weight performance_claim=false (logged once per layer)
[moe-grouped-prefill] execute layer=19 tokens=239 n_active=177 provenance=resident-slab router=sigmoid-host-oracle epilogue=pre-clamped macro_fold=gate-up-rows+down-weight performance_claim=false (logged once per layer)
[moe-grouped-prefill] execute layer=20 tokens=239 n_active=178 provenance=resident-slab router=sigmoid-host-oracle epilogue=pre-clamped macro_fold=gate-up-rows+down-weight performance_claim=false (logged once per layer)
[moe-grouped-prefill] execute layer=21 tokens=239 n_active=171 provenance=resident-slab router=sigmoid-host-oracle epilogue=pre-clamped macro_fold=gate-up-rows+down-weight performance_claim=false (logged once per layer)
[moe-grouped-prefill] execute layer=22 tokens=239 n_active=177 provenance=resident-slab router=sigmoid-host-oracle epilogue=pre-clamped macro_fold=gate-up-rows+down-weight performance_claim=false (logged once per layer)
[moe-grouped-prefill] execute layer=23 tokens=239 n_active=185 provenance=resident-slab router=sigmoid-host-oracle epilogue=pre-clamped macro_fold=gate-up-rows+down-weight performance_claim=false (logged once per layer)
[moe-grouped-prefill] execute layer=24 tokens=239 n_active=182 provenance=resident-slab router=sigmoid-host-oracle epilogue=pre-clamped macro_fold=gate-up-rows+down-weight performance_claim=false (logged once per layer)
[moe-grouped-prefill] execute layer=25 tokens=239 n_active=207 provenance=resident-slab router=sigmoid-host-oracle epilogue=pre-clamped macro_fold=gate-up-rows+down-weight performance_claim=false (logged once per layer)
[moe-grouped-prefill] execute layer=26 tokens=239 n_active=201 provenance=resident-slab router=sigmoid-host-oracle epilogue=pre-clamped macro_fold=gate-up-rows+down-weight performance_claim=false (logged once per layer)
[moe-grouped-prefill] execute layer=27 tokens=239 n_active=211 provenance=resident-slab router=sigmoid-host-oracle epilogue=pre-clamped macro_fold=gate-up-rows+down-weight performance_claim=false (logged once per layer)
[moe-grouped-prefill] execute layer=28 tokens=239 n_active=220 provenance=resident-slab router=sigmoid-host-oracle epilogue=pre-clamped macro_fold=gate-up-rows+down-weight performance_claim=false (logged once per layer)
[moe-grouped-prefill] execute layer=29 tokens=239 n_active=211 provenance=resident-slab router=sigmoid-host-oracle epilogue=pre-clamped macro_fold=gate-up-rows+down-weight performance_claim=false (logged once per layer)
[moe-grouped-prefill] execute layer=30 tokens=239 n_active=220 provenance=resident-slab router=sigmoid-host-oracle epilogue=pre-clamped macro_fold=gate-up-rows+down-weight performance_claim=false (logged once per layer)
[moe-grouped-prefill] execute layer=31 tokens=239 n_active=227 provenance=resident-slab router=sigmoid-host-oracle epilogue=pre-clamped macro_fold=gate-up-rows+down-weight performance_claim=false (logged once per layer)
[moe-grouped-prefill] execute layer=32 tokens=239 n_active=226 provenance=resident-slab router=sigmoid-host-oracle epilogue=pre-clamped macro_fold=gate-up-rows+down-weight performance_claim=false (logged once per layer)
[moe-grouped-prefill] execute layer=33 tokens=239 n_active=218 provenance=resident-slab router=sigmoid-host-oracle epilogue=pre-clamped macro_fold=gate-up-rows+down-weight performance_claim=false (logged once per layer)
[moe-grouped-prefill] execute layer=34 tokens=239 n_active=229 provenance=resident-slab router=sigmoid-host-oracle epilogue=pre-clamped macro_fold=gate-up-rows+down-weight performance_claim=false (logged once per layer)
[moe-grouped-prefill] execute layer=35 tokens=239 n_active=245 provenance=resident-slab router=sigmoid-host-oracle epilogue=pre-clamped macro_fold=gate-up-rows+down-weight performance_claim=false (logged once per layer)
[moe-grouped-prefill] execute layer=36 tokens=239 n_active=229 provenance=resident-slab router=sigmoid-host-oracle epilogue=pre-clamped macro_fold=gate-up-rows+down-weight performance_claim=false (logged once per layer)
[moe-grouped-prefill] execute layer=37 tokens=239 n_active=223 provenance=resident-slab router=sigmoid-host-oracle epilogue=pre-clamped macro_fold=gate-up-rows+down-weight performance_claim=false (logged once per layer)
[moe-grouped-prefill] execute layer=38 tokens=239 n_active=239 provenance=resident-slab router=sigmoid-host-oracle epilogue=pre-clamped macro_fold=gate-up-rows+down-weight performance_claim=false (logged once per layer)
[moe-grouped-prefill] execute layer=39 tokens=239 n_active=230 provenance=resident-slab router=sigmoid-host-oracle epilogue=pre-clamped macro_fold=gate-up-rows+down-weight performance_claim=false (logged once per layer)
[moe-grouped-prefill] execute layer=40 tokens=239 n_active=224 provenance=resident-slab router=sigmoid-host-oracle epilogue=pre-clamped macro_fold=gate-up-rows+down-weight performance_claim=false (logged once per layer)
[moe-grouped-prefill] execute layer=41 tokens=239 n_active=222 provenance=resident-slab router=sigmoid-host-oracle epilogue=pre-clamped macro_fold=gate-up-rows+down-weight performance_claim=false (logged once per layer)
[moe-grouped-prefill] execute layer=42 tokens=239 n_active=221 provenance=resident-slab router=sigmoid-host-oracle epilogue=pre-clamped macro_fold=gate-up-rows+down-weight performance_claim=false (logged once per layer)
[moe-grouped-prefill] execute layer=43 tokens=239 n_active=210 provenance=resident-slab router=sigmoid-host-oracle epilogue=pre-clamped macro_fold=gate-up-rows+down-weight performance_claim=false (logged once per layer)
[moe-grouped-prefill] execute layer=44 tokens=239 n_active=224 provenance=resident-slab router=sigmoid-host-oracle epilogue=pre-clamped macro_fold=gate-up-rows+down-weight performance_claim=false (logged once per layer)
[glm5-spec] verify walk BATCHED per layer: kda=one t-call (scan sequential in-kernel), mla=rows-exact t-call, head=rows-exact (MEMRA_GLM5_VERIFY_BATCH default ON)
[kda-fused6] engaged arm=bf16 in_f=4096 out=[8192, 8192, 8192, 128, 128, 64] t=2 (one launch replaces the six-projection group on the bf16-resident serving recipe; MEMRA_KDA_FUSED_PROJ=1)
[mla-decode-split] engaged absorb_q t=2 heads=64 split=8 (output-range split of the (token, head) blocks; MEMRA_MLA_DECODE_SPLIT=1)
[glm5-acc] ctx=239 burst=15/17 cum=15/17=0.882
[glm5-acc] ctx=272 burst=14/17 cum=29/34=0.853
[meter] admit id=chatcmpl-cadde758bfb6962034a0f1d85c60b398 tenant=default lane=interactive model="zai/glm-5.3-flash"
[admission] request cost: model="zai/glm-5.3-flash" ctx=559 path=plain = 23936 B/token x ctx + 259MB prefill-workspace + 0MB fixed = 272MB
[glm5-spec] route=spec K=1 model="zai/glm-5.3-flash" tenant="" prompt=239 wave=1 sampled=0 penalized=0 cold=1
[glm5-acc] ctx=239 burst=15/17 cum=15/17=0.882
[glm5-acc] ctx=272 burst=15/18 cum=30/35=0.857
[glm5-acc] ctx=305 burst=16/16 cum=46/51=0.902
[glm5-acc] ctx=337 burst=15/17 cum=61/68=0.897
[glm5-acc] ctx=369 burst=16/17 cum=77/85=0.906
[glm5-acc] ctx=402 burst=15/17 cum=92/102=0.902
[glm5-acc] ctx=434 burst=16/16 cum=108/118=0.915
[glm5-acc] ctx=466 burst=11/18 cum=119/136=0.875
[meter] admit id=chatcmpl-98f65be8f6e282468c29009ce1773d36 tenant=default lane=interactive model="zai/glm-5.3-flash"
[admission] request cost: model="zai/glm-5.3-flash" ctx=609 path=plain = 23936 B/token x ctx + 313MB prefill-workspace + 0MB fixed = 328MB
[glm5-spec] route=spec K=1 model="zai/glm-5.3-flash" tenant="" prompt=289 wave=1 sampled=0 penalized=0 cold=1
[bf16-tc] ENGAGED m=289 n=8192 k=4096 (bf16 tensor-core GEMM on resident checkpoint bytes)
[bf16-tc] ENGAGED m=289 n=4096 k=8192 (bf16 tensor-core GEMM on resident checkpoint bytes)
[bf16-tc] ENGAGED m=289 n=4096 k=1536 (bf16 tensor-core GEMM on resident checkpoint bytes)
[glm5-acc] ctx=289 burst=13/18 cum=13/18=0.722
[glm5-acc] ctx=321 burst=9/24 cum=22/42=0.524
[glm5-acc] ctx=354 burst=13/19 cum=35/61=0.574
[glm5-acc] ctx=386 burst=15/17 cum=50/78=0.641
[glm5-acc] ctx=418 burst=15/17 cum=65/95=0.684
[glm5-acc] ctx=450 burst=16/16 cum=81/111=0.730
[glm5-acc] ctx=482 burst=13/19 cum=94/130=0.723
[glm5-acc] ctx=514 burst=15/17 cum=109/147=0.741
[meter] admit id=chatcmpl-ab6145022d94ea49046de086570cd87d tenant=default lane=interactive model="zai/glm-5.3-flash"
[admission] request cost: model="zai/glm-5.3-flash" ctx=883 path=plain = 23936 B/token x ctx + 610MB prefill-workspace + 0MB fixed = 631MB
[glm5-spec] route=spec K=1 model="zai/glm-5.3-flash" tenant="" prompt=563 wave=1 sampled=0 penalized=0 cold=1
[bf16-tc] ENGAGED m=563 n=8192 k=4096 (bf16 tensor-core GEMM on resident checkpoint bytes)
[bf16-tc] ENGAGED m=563 n=4096 k=8192 (bf16 tensor-core GEMM on resident checkpoint bytes)
[bf16-tc] ENGAGED m=563 n=4096 k=1536 (bf16 tensor-core GEMM on resident checkpoint bytes)
[glm5-acc] ctx=563 burst=15/16 cum=15/16=0.938
[glm5-acc] ctx=595 burst=15/17 cum=30/33=0.909
[glm5-acc] ctx=627 burst=15/17 cum=45/50=0.900
[glm5-acc] ctx=659 burst=15/17 cum=60/67=0.896
[glm5-acc] ctx=691 burst=16/17 cum=76/84=0.905
[glm5-acc] ctx=724 burst=16/16 cum=92/100=0.920
[glm5-acc] ctx=756 burst=13/14 cum=105/114=0.921
[meter] admit id=chatcmpl-35cc9cce43435363b04164c01578e48b tenant=default lane=interactive model="zai/glm-5.3-flash"
[admission] request cost: model="zai/glm-5.3-flash" ctx=773 path=plain = 23936 B/token x ctx + 491MB prefill-workspace + 0MB fixed = 509MB
[glm5-spec] route=spec K=1 model="zai/glm-5.3-flash" tenant="" prompt=453 wave=1 sampled=0 penalized=0 cold=1
[bf16-tc] ENGAGED m=453 n=8192 k=4096 (bf16 tensor-core GEMM on resident checkpoint bytes)
[bf16-tc] ENGAGED m=453 n=4096 k=8192 (bf16 tensor-core GEMM on resident checkpoint bytes)
[bf16-tc] ENGAGED m=453 n=4096 k=1536 (bf16 tensor-core GEMM on resident checkpoint bytes)
[glm5-acc] ctx=453 burst=15/17 cum=15/17=0.882
[glm5-acc] ctx=486 burst=12/20 cum=27/37=0.730
[glm5-acc] ctx=518 burst=15/17 cum=42/54=0.778
[glm5-acc] ctx=550 burst=14/18 cum=56/72=0.778
[glm5-acc] ctx=582 burst=15/17 cum=71/89=0.798
[glm5-acc] ctx=614 burst=15/17 cum=86/106=0.811
[glm5-acc] ctx=646 burst=14/18 cum=100/124=0.806
[glm5-acc] ctx=678 burst=13/18 cum=113/142=0.796
[meter] admit id=chatcmpl-4839cfdfd7b4629ea8d414adf2354c4e tenant=default lane=interactive model="zai/glm-5.3-flash"
[admission] request cost: model="zai/glm-5.3-flash" ctx=840 path=plain = 23936 B/token x ctx + 564MB prefill-workspace + 0MB fixed = 584MB
[glm5-spec] route=spec K=1 model="zai/glm-5.3-flash" tenant="" prompt=520 wave=1 sampled=0 penalized=0 cold=1
[bf16-tc] ENGAGED m=520 n=8192 k=4096 (bf16 tensor-core GEMM on resident checkpoint bytes)
[bf16-tc] ENGAGED m=520 n=4096 k=8192 (bf16 tensor-core GEMM on resident checkpoint bytes)
[bf16-tc] ENGAGED m=520 n=4096 k=1536 (bf16 tensor-core GEMM on resident checkpoint bytes)
[glm5-acc] ctx=520 burst=14/18 cum=14/18=0.778
[glm5-acc] ctx=553 burst=15/17 cum=29/35=0.829
[glm5-acc] ctx=585 burst=14/19 cum=43/54=0.796
[glm5-acc] ctx=618 burst=16/17 cum=59/71=0.831
[glm5-acc] ctx=651 burst=15/18 cum=74/89=0.831
[glm5-acc] ctx=684 burst=3/3 cum=77/92=0.837
[meter] admit id=chatcmpl-0284d19985f0541bb9488335e3fd019c tenant=default lane=interactive model="zai/glm-5.3-flash"
[admission] request cost: model="zai/glm-5.3-flash" ctx=512 path=plain = 23936 B/token x ctx + 208MB prefill-workspace + 0MB fixed = 220MB
[glm5-spec] route=spec K=1 model="zai/glm-5.3-flash" tenant="" prompt=192 wave=1 sampled=0 penalized=0 cold=1
[bf16-tc] ENGAGED m=192 n=8192 k=4096 (bf16 tensor-core GEMM on resident checkpoint bytes)
[bf16-tc] ENGAGED m=192 n=4096 k=8192 (bf16 tensor-core GEMM on resident checkpoint bytes)
[bf16-tc] ENGAGED m=192 n=4096 k=1536 (bf16 tensor-core GEMM on resident checkpoint bytes)
[glm5-acc] ctx=192 burst=12/19 cum=12/19=0.632
[glm5-acc] ctx=224 burst=14/18 cum=26/37=0.703
[glm5-acc] ctx=256 burst=15/18 cum=41/55=0.745
[glm5-acc] ctx=289 burst=16/16 cum=57/71=0.803
[glm5-acc] ctx=321 burst=16/17 cum=73/88=0.830
[glm5-acc] ctx=354 burst=15/18 cum=88/106=0.830
[glm5-acc] ctx=387 burst=16/17 cum=104/123=0.846
[glm5-acc] ctx=420 burst=12/17 cum=116/140=0.829
[meter] admit id=chatcmpl-351a186cf4f34327bd994771afc337a0 tenant=default lane=interactive model="zai/glm-5.3-flash"
[admission] request cost: model="zai/glm-5.3-flash" ctx=451 path=plain = 23936 B/token x ctx + 142MB prefill-workspace + 0MB fixed = 153MB
[glm5-spec] route=spec K=1 model="zai/glm-5.3-flash" tenant="" prompt=131 wave=1 sampled=0 penalized=0 cold=1
[bf16-tc] ENGAGED m=131 n=8192 k=4096 (bf16 tensor-core GEMM on resident checkpoint bytes)
[bf16-tc] ENGAGED m=131 n=4096 k=8192 (bf16 tensor-core GEMM on resident checkpoint bytes)
[bf16-tc] ENGAGED m=131 n=4096 k=1536 (bf16 tensor-core GEMM on resident checkpoint bytes)
[glm5-acc] ctx=131 burst=14/17 cum=14/17=0.824
[glm5-acc] ctx=163 burst=16/16 cum=30/33=0.909
[glm5-acc] ctx=195 burst=16/16 cum=46/49=0.939
[glm5-acc] ctx=227 burst=16/16 cum=62/65=0.954
[glm5-acc] ctx=259 burst=16/16 cum=78/81=0.963
[glm5-acc] ctx=291 burst=14/18 cum=92/99=0.929
[glm5-acc] ctx=323 burst=15/18 cum=107/117=0.915
[glm5-acc] ctx=356 burst=15/17 cum=122/134=0.910
[meter] admit id=chatcmpl-b8c0a23c93c6304412d8870aa13cf5aa tenant=default lane=interactive model="zai/glm-5.3-flash"
[admission] request cost: model="zai/glm-5.3-flash" ctx=601 path=plain = 23936 B/token x ctx + 305MB prefill-workspace + 0MB fixed = 319MB
[glm5-spec] route=spec K=1 model="zai/glm-5.3-flash" tenant="" prompt=281 wave=1 sampled=0 penalized=0 cold=1
[bf16-tc] ENGAGED m=281 n=8192 k=4096 (bf16 tensor-core GEMM on resident checkpoint bytes)
[bf16-tc] ENGAGED m=281 n=4096 k=8192 (bf16 tensor-core GEMM on resident checkpoint bytes)
[bf16-tc] ENGAGED m=281 n=4096 k=1536 (bf16 tensor-core GEMM on resident checkpoint bytes)
[glm5-acc] ctx=281 burst=13/18 cum=13/18=0.722
[glm5-acc] ctx=313 burst=14/18 cum=27/36=0.750
[glm5-acc] ctx=345 burst=15/18 cum=42/54=0.778
[glm5-acc] ctx=378 burst=16/16 cum=58/70=0.829
[glm5-acc] ctx=410 burst=16/16 cum=74/86=0.860
[glm5-acc] ctx=442 burst=15/18 cum=89/104=0.856
[glm5-acc] ctx=475 burst=16/17 cum=105/121=0.868
[glm5-acc] ctx=508 burst=13/17 cum=118/138=0.855
[meter] admit id=chatcmpl-53a0c9b32ae48132f11def4e700c31de tenant=default lane=interactive model="zai/glm-5.3-flash"
[admission] request cost: model="zai/glm-5.3-flash" ctx=545 path=plain = 23936 B/token x ctx + 244MB prefill-workspace + 0MB fixed = 257MB
[glm5-spec] route=spec K=1 model="zai/glm-5.3-flash" tenant="" prompt=225 wave=1 sampled=0 penalized=0 cold=1
[bf16-tc] ENGAGED m=225 n=8192 k=4096 (bf16 tensor-core GEMM on resident checkpoint bytes)
[bf16-tc] ENGAGED m=225 n=4096 k=8192 (bf16 tensor-core GEMM on resident checkpoint bytes)
[bf16-tc] ENGAGED m=225 n=4096 k=1536 (bf16 tensor-core GEMM on resident checkpoint bytes)
[glm5-acc] ctx=225 burst=13/18 cum=13/18=0.722
[glm5-acc] ctx=257 burst=16/17 cum=29/35=0.829
[glm5-acc] ctx=290 burst=16/17 cum=45/52=0.865
[glm5-acc] ctx=323 burst=15/18 cum=60/70=0.857
[glm5-acc] ctx=356 burst=16/17 cum=76/87=0.874
[glm5-acc] ctx=389 burst=16/16 cum=92/103=0.893
[glm5-acc] ctx=421 burst=15/18 cum=107/121=0.884
[glm5-acc] ctx=454 burst=12/15 cum=119/136=0.875
[meter] admit id=chatcmpl-24733e8f0bc7f3ee4dd7da008aa3e21c tenant=default lane=interactive model="zai/glm-5.3-flash"
[admission] request cost: model="zai/glm-5.3-flash" ctx=460 path=plain = 23936 B/token x ctx + 152MB prefill-workspace + 0MB fixed = 163MB
[glm5-spec] route=spec K=1 model="zai/glm-5.3-flash" tenant="" prompt=140 wave=1 sampled=0 penalized=0 cold=1
[bf16-tc] ENGAGED m=140 n=8192 k=4096 (bf16 tensor-core GEMM on resident checkpoint bytes)
[bf16-tc] ENGAGED m=140 n=4096 k=8192 (bf16 tensor-core GEMM on resident checkpoint bytes)
[bf16-tc] ENGAGED m=140 n=4096 k=1536 (bf16 tensor-core GEMM on resident checkpoint bytes)
[glm5-acc] ctx=140 burst=14/17 cum=14/17=0.824
[glm5-acc] ctx=172 burst=14/18 cum=28/35=0.800
[glm5-acc] ctx=204 burst=14/18 cum=42/53=0.792
[glm5-acc] ctx=236 burst=15/18 cum=57/71=0.803
[glm5-acc] ctx=269 burst=15/17 cum=72/88=0.818
[glm5-acc] ctx=301 burst=15/17 cum=87/105=0.829
[glm5-acc] ctx=333 burst=16/17 cum=103/122=0.844
[glm5-acc] ctx=366 burst=14/16 cum=117/138=0.848
[meter] admit id=chatcmpl-5654a5d4947a364480c711bd8150ad05 tenant=default lane=interactive model="zai/glm-5.3-flash"
[admission] request cost: model="zai/glm-5.3-flash" ctx=747 path=plain = 23936 B/token x ctx + 463MB prefill-workspace + 0MB fixed = 481MB
[glm5-spec] route=spec K=1 model="zai/glm-5.3-flash" tenant="" prompt=427 wave=1 sampled=0 penalized=0 cold=1
[bf16-tc] ENGAGED m=427 n=8192 k=4096 (bf16 tensor-core GEMM on resident checkpoint bytes)
[bf16-tc] ENGAGED m=427 n=4096 k=8192 (bf16 tensor-core GEMM on resident checkpoint bytes)
[bf16-tc] ENGAGED m=427 n=4096 k=1536 (bf16 tensor-core GEMM on resident checkpoint bytes)
[glm5-acc] ctx=427 burst=14/17 cum=14/17=0.824
[glm5-acc] ctx=459 burst=15/18 cum=29/35=0.829
[glm5-acc] ctx=492 burst=16/16 cum=45/51=0.882
[glm5-acc] ctx=524 burst=16/16 cum=61/67=0.910
[glm5-acc] ctx=556 burst=16/16 cum=77/83=0.928
[glm5-acc] ctx=588 burst=16/16 cum=93/99=0.939
[glm5-acc] ctx=620 burst=16/17 cum=109/116=0.940
[glm5-acc] ctx=653 burst=15/15 cum=124/131=0.947
[meter] admit id=chatcmpl-534d419ad38d057f55bdd7c7728d94a1 tenant=default lane=interactive model="zai/glm-5.3-flash"
[admission] request cost: model="zai/glm-5.3-flash" ctx=4946 path=plain = 23936 B/token x ctx + 4465MB prefill-workspace + 0MB fixed = 4584MB
[glm5-spec] route=spec K=1 model="zai/glm-5.3-flash" tenant="" prompt=4626 wave=1 sampled=0 penalized=0 cold=1
[bf16-tc] ENGAGED m=4096 n=8192 k=4096 (bf16 tensor-core GEMM on resident checkpoint bytes)
[bf16-tc] ENGAGED m=4096 n=4096 k=8192 (bf16 tensor-core GEMM on resident checkpoint bytes)
[bf16-tc] ENGAGED m=4096 n=4096 k=1536 (bf16 tensor-core GEMM on resident checkpoint bytes)
[bf16-tc] ENGAGED m=530 n=8192 k=4096 (bf16 tensor-core GEMM on resident checkpoint bytes)
[bf16-tc] ENGAGED m=530 n=4096 k=8192 (bf16 tensor-core GEMM on resident checkpoint bytes)
[bf16-tc] ENGAGED m=530 n=4096 k=1536 (bf16 tensor-core GEMM on resident checkpoint bytes)
[glm5-acc] ctx=4626 burst=13/19 cum=13/19=0.684
[glm5-acc] ctx=4659 burst=14/18 cum=27/37=0.730
[glm5-acc] ctx=4691 burst=14/18 cum=41/55=0.745
[glm5-acc] ctx=4723 burst=15/18 cum=56/73=0.767
[glm5-acc] ctx=4756 burst=15/18 cum=71/91=0.780
[glm5-acc] ctx=4789 burst=13/19 cum=84/110=0.764
[glm5-acc] ctx=4821 burst=16/17 cum=100/127=0.787
[glm5-acc] ctx=4854 burst=13/16 cum=113/143=0.790
[meter] admit id=chatcmpl-636e88e09d3417d1065888e7c1ef7d5f tenant=default lane=interactive model="zai/glm-5.3-flash"
[admission] request cost: model="zai/glm-5.3-flash" ctx=5867 path=plain = 23936 B/token x ctx + 4484MB prefill-workspace + 0MB fixed = 4625MB
[glm5-spec] route=spec K=1 model="zai/glm-5.3-flash" tenant="" prompt=5547 wave=1 sampled=0 penalized=0 cold=1
[bf16-tc] ENGAGED m=1451 n=8192 k=4096 (bf16 tensor-core GEMM on resident checkpoint bytes)
[bf16-tc] ENGAGED m=1451 n=4096 k=8192 (bf16 tensor-core GEMM on resident checkpoint bytes)
[bf16-tc] ENGAGED m=1451 n=4096 k=1536 (bf16 tensor-core GEMM on resident checkpoint bytes)
[glm5-acc] ctx=5547 burst=14/18 cum=14/18=0.778
[glm5-acc] ctx=5580 burst=15/18 cum=29/36=0.806
[glm5-acc] ctx=5613 burst=14/18 cum=43/54=0.796
[glm5-acc] ctx=5645 burst=15/18 cum=58/72=0.806
[glm5-acc] ctx=5678 burst=15/18 cum=73/90=0.811
[glm5-acc] ctx=5711 burst=15/18 cum=88/108=0.815
[glm5-acc] ctx=5744 burst=15/17 cum=103/125=0.824
[glm5-acc] ctx=5776 burst=13/15 cum=116/140=0.829
[meter] admit id=chatcmpl-804001fd8eaaf1483014c7241a3d5812 tenant=default lane=interactive model="zai/glm-5.3-flash"
[admission] request cost: model="zai/glm-5.3-flash" ctx=6787 path=plain = 23936 B/token x ctx + 4503MB prefill-workspace + 0MB fixed = 4665MB
[glm5-spec] route=spec K=1 model="zai/glm-5.3-flash" tenant="" prompt=6467 wave=1 sampled=0 penalized=0 cold=1
[bf16-tc] ENGAGED m=2371 n=8192 k=4096 (bf16 tensor-core GEMM on resident checkpoint bytes)
[bf16-tc] ENGAGED m=2371 n=4096 k=8192 (bf16 tensor-core GEMM on resident checkpoint bytes)
[bf16-tc] ENGAGED m=2371 n=4096 k=1536 (bf16 tensor-core GEMM on resident checkpoint bytes)
[glm5-acc] ctx=6467 burst=14/17 cum=14/17=0.824
[glm5-acc] ctx=6499 burst=15/18 cum=29/35=0.829
[glm5-acc] ctx=6532 burst=15/17 cum=44/52=0.846
[glm5-acc] ctx=6564 burst=16/17 cum=60/69=0.870
[glm5-acc] ctx=6597 burst=15/17 cum=75/86=0.872
[glm5-acc] ctx=6629 burst=15/18 cum=90/104=0.865
[glm5-acc] ctx=6662 burst=15/18 cum=105/122=0.861
[glm5-acc] ctx=6695 burst=14/14 cum=119/136=0.875
[meter] admit id=chatcmpl-5e569aec8eb95c69697e2aa2943fbc67 tenant=default lane=interactive model="zai/glm-5.3-flash"
[admission] request cost: model="zai/glm-5.3-flash" ctx=555 path=plain = 23936 B/token x ctx + 463MB prefill-workspace + 0MB fixed = 476MB
[glm5-spec] route=spec K=1 model="zai/glm-5.3-flash" tenant="" prompt=427 wave=1 sampled=0 penalized=0 cold=1
[glm5-acc] ctx=427 burst=14/17 cum=14/17=0.824
[glm5-acc] ctx=459 burst=15/18 cum=29/35=0.829
[meter] admit id=chatcmpl-70a0e41ce3ffabab5f953797dc9c2918 tenant=default lane=interactive model="zai/glm-5.3-flash"
[admission] request cost: model="zai/glm-5.3-flash" ctx=4754 path=plain = 23936 B/token x ctx + 4465MB prefill-workspace + 0MB fixed = 4579MB
[glm5-spec] route=spec K=1 model="zai/glm-5.3-flash" tenant="" prompt=4626 wave=1 sampled=0 penalized=0 cold=1
[glm5-acc] ctx=4626 burst=13/19 cum=13/19=0.684
[glm5-acc] ctx=4659 burst=14/18 cum=27/37=0.730
[meter] admit id=chatcmpl-886435b54176d06f4c49b25aaecd6ae9 tenant=default lane=interactive model="zai/glm-5.3-flash"
[admission] request cost: model="zai/glm-5.3-flash" ctx=840 path=plain = 23936 B/token x ctx + 564MB prefill-workspace + 0MB fixed = 584MB
[glm5-spec] route=spec K=1 model="zai/glm-5.3-flash" tenant="" prompt=520 wave=1 sampled=1 penalized=0 cold=1
[glm5-acc] ctx=520 burst=15/16 cum=15/16=0.938
[glm5-acc] ctx=552 burst=12/21 cum=27/37=0.730
[glm5-acc] ctx=585 burst=9/23 cum=36/60=0.600
[glm5-acc] ctx=617 burst=6/26 cum=42/86=0.488
[glm5-acc] ctx=649 burst=15/18 cum=57/104=0.548
[glm5-acc] ctx=682 burst=16/16 cum=73/120=0.608
[glm5-acc] ctx=714 burst=16/16 cum=89/136=0.654
[glm5-acc] ctx=746 burst=15/15 cum=104/151=0.689
[server] SIGTERM: draining (0 in flight, deadline 30s)
[server] drain complete in 0.0s; exiting
[server] GPU worker shutdown complete
