[w4a16] artifact contract accepted: expert_weights=nvfp4 expert_activations=bf16-rounded q8_expert_program=disabled
[loader-law] WARNING: output.weight loads as 2D Float ne=[4096, 120832] (src BF16) — a Float matmul weight rides cuBLAS f32 GEMV and poisons all-or-nothing q8-fast predicates (uses_q8_1_fast/mixer_in_q8_1_fast). If matmul-class: Q8_0-encode at load (model.rs ssm arm / source.rs BF16+F8 gates). If deliberately Float: add it to float_2d_audited with the audit rationale.
[loader-law] WARNING: blk.*.attn_q.weight loads as 2D Float ne=[4096, 8192] (src BF16) — a Float matmul weight rides cuBLAS f32 GEMV and poisons all-or-nothing q8-fast predicates (uses_q8_1_fast/mixer_in_q8_1_fast). If matmul-class: Q8_0-encode at load (model.rs ssm arm / source.rs BF16+F8 gates). If deliberately Float: add it to float_2d_audited with the audit rationale.
[loader-law] WARNING: blk.*.attn_k.weight loads as 2D Float ne=[4096, 1024] (src BF16) — a Float matmul weight rides cuBLAS f32 GEMV and poisons all-or-nothing q8-fast predicates (uses_q8_1_fast/mixer_in_q8_1_fast). If matmul-class: Q8_0-encode at load (model.rs ssm arm / source.rs BF16+F8 gates). If deliberately Float: add it to float_2d_audited with the audit rationale.
[loader-law] WARNING: blk.*.attn_v.weight loads as 2D Float ne=[4096, 1024] (src BF16) — a Float matmul weight rides cuBLAS f32 GEMV and poisons all-or-nothing q8-fast predicates (uses_q8_1_fast/mixer_in_q8_1_fast). If matmul-class: Q8_0-encode at load (model.rs ssm arm / source.rs BF16+F8 gates). If deliberately Float: add it to float_2d_audited with the audit rationale.
[loader-law] WARNING: blk.*.attn_output.weight loads as 2D Float ne=[8192, 4096] (src BF16) — a Float matmul weight rides cuBLAS f32 GEMV and poisons all-or-nothing q8-fast predicates (uses_q8_1_fast/mixer_in_q8_1_fast). If matmul-class: Q8_0-encode at load (model.rs ssm arm / source.rs BF16+F8 gates). If deliberately Float: add it to float_2d_audited with the audit rationale.
[loader-law] WARNING: blk.*.ffn_gate.weight loads as 2D Float ne=[4096, 13312] (src BF16) — a Float matmul weight rides cuBLAS f32 GEMV and poisons all-or-nothing q8-fast predicates (uses_q8_1_fast/mixer_in_q8_1_fast). If matmul-class: Q8_0-encode at load (model.rs ssm arm / source.rs BF16+F8 gates). If deliberately Float: add it to float_2d_audited with the audit rationale.
[loader-law] WARNING: blk.*.ffn_up.weight loads as 2D Float ne=[4096, 13312] (src BF16) — a Float matmul weight rides cuBLAS f32 GEMV and poisons all-or-nothing q8-fast predicates (uses_q8_1_fast/mixer_in_q8_1_fast). If matmul-class: Q8_0-encode at load (model.rs ssm arm / source.rs BF16+F8 gates). If deliberately Float: add it to float_2d_audited with the audit rationale.
[loader-law] WARNING: blk.*.ffn_down.weight loads as 2D Float ne=[13312, 4096] (src BF16) — a Float matmul weight rides cuBLAS f32 GEMV and poisons all-or-nothing q8-fast predicates (uses_q8_1_fast/mixer_in_q8_1_fast). If matmul-class: Q8_0-encode at load (model.rs ssm arm / source.rs BF16+F8 gates). If deliberately Float: add it to float_2d_audited with the audit rationale.
[slab-populate] blk1-gate: 648 MiB in 0.2s (4231 MiB/s)
[slab-populate] blk1-up: 648 MiB in 0.1s (5417 MiB/s)
[slab-populate] blk1-down: 648 MiB in 0.1s (5445 MiB/s)
[moe] resident-experts decision (dev0): experts 165.11GB + trunk 0.00GB vs free 98.10GB (expert budget 96.10GB) -> SLRU cache
[loader-law] WARNING: blk.*.ffn_gate_shexp.weight loads as 2D Float ne=[4096, 1536] (src BF16) — a Float matmul weight rides cuBLAS f32 GEMV and poisons all-or-nothing q8-fast predicates (uses_q8_1_fast/mixer_in_q8_1_fast). If matmul-class: Q8_0-encode at load (model.rs ssm arm / source.rs BF16+F8 gates). If deliberately Float: add it to float_2d_audited with the audit rationale.
[loader-law] WARNING: blk.*.ffn_up_shexp.weight loads as 2D Float ne=[4096, 1536] (src BF16) — a Float matmul weight rides cuBLAS f32 GEMV and poisons all-or-nothing q8-fast predicates (uses_q8_1_fast/mixer_in_q8_1_fast). If matmul-class: Q8_0-encode at load (model.rs ssm arm / source.rs BF16+F8 gates). If deliberately Float: add it to float_2d_audited with the audit rationale.
[loader-law] WARNING: blk.*.ffn_down_shexp.weight loads as 2D Float ne=[1536, 4096] (src BF16) — a Float matmul weight rides cuBLAS f32 GEMV and poisons all-or-nothing q8-fast predicates (uses_q8_1_fast/mixer_in_q8_1_fast). If matmul-class: Q8_0-encode at load (model.rs ssm arm / source.rs BF16+F8 gates). If deliberately Float: add it to float_2d_audited with the audit rationale.
[slab-populate] blk2-gate: 648 MiB in 0.1s (5761 MiB/s)
[slab-populate] blk2-up: 648 MiB in 0.1s (5839 MiB/s)
[slab-populate] blk2-down: 648 MiB in 0.1s (5813 MiB/s)
[slab-populate] blk3-gate: 648 MiB in 0.1s (6007 MiB/s)
[slab-populate] blk3-up: 648 MiB in 0.1s (6154 MiB/s)
[slab-populate] blk3-down: 648 MiB in 0.1s (6182 MiB/s)
[slab-populate] blk4-gate: 648 MiB in 0.1s (6020 MiB/s)
[slab-populate] blk4-up: 648 MiB in 0.1s (6011 MiB/s)
[slab-populate] blk4-down: 648 MiB in 0.1s (5995 MiB/s)
[slab-populate] blk5-gate: 648 MiB in 0.1s (5958 MiB/s)
[slab-populate] blk5-up: 648 MiB in 0.1s (6006 MiB/s)
[slab-populate] blk5-down: 648 MiB in 0.1s (6003 MiB/s)
[slab-populate] blk6-gate: 648 MiB in 0.1s (5973 MiB/s)
[slab-populate] blk6-up: 648 MiB in 0.1s (6067 MiB/s)
[slab-populate] blk6-down: 648 MiB in 0.1s (5995 MiB/s)
[slab-populate] blk7-gate: 648 MiB in 0.1s (5877 MiB/s)
[slab-populate] blk7-up: 648 MiB in 0.1s (5865 MiB/s)
[slab-populate] blk7-down: 648 MiB in 0.1s (5913 MiB/s)
[slab-populate] blk8-gate: 648 MiB in 0.1s (5694 MiB/s)
[slab-populate] blk8-up: 648 MiB in 0.1s (5690 MiB/s)
[slab-populate] blk8-down: 648 MiB in 0.1s (5758 MiB/s)
[slab-populate] blk9-gate: 648 MiB in 0.1s (5722 MiB/s)
[slab-populate] blk9-up: 648 MiB in 0.1s (5738 MiB/s)
[slab-populate] blk9-down: 648 MiB in 0.1s (5803 MiB/s)
[slab-populate] blk10-gate: 648 MiB in 0.1s (5676 MiB/s)
[slab-populate] blk10-up: 648 MiB in 0.1s (5683 MiB/s)
[slab-populate] blk10-down: 648 MiB in 0.1s (5695 MiB/s)
[slab-populate] blk11-gate: 648 MiB in 0.1s (5913 MiB/s)
[slab-populate] blk11-up: 648 MiB in 0.1s (6001 MiB/s)
[slab-populate] blk11-down: 648 MiB in 0.1s (5975 MiB/s)
[slab-populate] blk12-gate: 648 MiB in 0.1s (5922 MiB/s)
[slab-populate] blk12-up: 648 MiB in 0.1s (5932 MiB/s)
[slab-populate] blk12-down: 648 MiB in 0.1s (5951 MiB/s)
[slab-populate] blk13-gate: 648 MiB in 0.1s (6011 MiB/s)
[slab-populate] blk13-up: 648 MiB in 0.1s (6023 MiB/s)
[slab-populate] blk13-down: 648 MiB in 0.1s (5947 MiB/s)
[slab-populate] blk14-gate: 648 MiB in 0.1s (5916 MiB/s)
[slab-populate] blk14-up: 648 MiB in 0.1s (5970 MiB/s)
[slab-populate] blk14-down: 648 MiB in 0.1s (5943 MiB/s)
[slab-populate] blk15-gate: 648 MiB in 0.1s (5848 MiB/s)
[slab-populate] blk15-up: 648 MiB in 0.1s (5893 MiB/s)
[slab-populate] blk15-down: 648 MiB in 0.1s (5770 MiB/s)
[slab-populate] blk16-gate: 648 MiB in 0.1s (5774 MiB/s)
[slab-populate] blk16-up: 648 MiB in 0.1s (5818 MiB/s)
[slab-populate] blk16-down: 648 MiB in 0.1s (5553 MiB/s)
[slab-populate] blk17-gate: 648 MiB in 0.1s (5682 MiB/s)
[slab-populate] blk17-up: 648 MiB in 0.1s (5682 MiB/s)
[slab-populate] blk17-down: 648 MiB in 0.1s (5635 MiB/s)
[slab-populate] blk18-gate: 648 MiB in 0.1s (5601 MiB/s)
[slab-populate] blk18-up: 648 MiB in 0.1s (5662 MiB/s)
[slab-populate] blk18-down: 648 MiB in 0.1s (5648 MiB/s)
[slab-populate] blk19-gate: 648 MiB in 0.1s (6018 MiB/s)
[slab-populate] blk19-up: 648 MiB in 0.1s (5629 MiB/s)
[slab-populate] blk19-down: 648 MiB in 0.1s (5655 MiB/s)
[slab-populate] blk20-gate: 648 MiB in 0.1s (5630 MiB/s)
[slab-populate] blk20-up: 648 MiB in 0.1s (5654 MiB/s)
[slab-populate] blk20-down: 648 MiB in 0.1s (5650 MiB/s)
[slab-populate] blk21-gate: 648 MiB in 0.1s (5642 MiB/s)
[slab-populate] blk21-up: 648 MiB in 0.1s (5648 MiB/s)
[slab-populate] blk21-down: 648 MiB in 0.1s (5653 MiB/s)
[slab-populate] blk22-gate: 648 MiB in 0.1s (5613 MiB/s)
[slab-populate] blk22-up: 648 MiB in 0.1s (5652 MiB/s)
[slab-populate] blk22-down: 648 MiB in 0.1s (5646 MiB/s)
[slab-populate] blk23-gate: 648 MiB in 0.1s (5627 MiB/s)
[slab-populate] blk23-up: 648 MiB in 0.1s (5625 MiB/s)
[slab-populate] blk23-down: 648 MiB in 0.1s (5644 MiB/s)
[slab-populate] blk24-gate: 648 MiB in 0.1s (5629 MiB/s)
[slab-populate] blk24-up: 648 MiB in 0.1s (5639 MiB/s)
[slab-populate] blk24-down: 648 MiB in 0.1s (5630 MiB/s)
[slab-populate] blk25-gate: 648 MiB in 0.1s (5469 MiB/s)
[slab-populate] blk25-up: 648 MiB in 0.1s (5350 MiB/s)
[slab-populate] blk25-down: 648 MiB in 0.1s (5368 MiB/s)
[slab-populate] blk26-gate: 648 MiB in 0.1s (5343 MiB/s)
[slab-populate] blk26-up: 648 MiB in 0.1s (5350 MiB/s)
[slab-populate] blk26-down: 648 MiB in 0.1s (5478 MiB/s)
[slab-populate] blk27-gate: 648 MiB in 0.1s (5492 MiB/s)
[slab-populate] blk27-up: 648 MiB in 0.1s (5351 MiB/s)
[slab-populate] blk27-down: 648 MiB in 0.1s (5379 MiB/s)
[slab-populate] blk28-gate: 648 MiB in 0.1s (5291 MiB/s)
[slab-populate] blk28-up: 648 MiB in 0.1s (5369 MiB/s)
[slab-populate] blk28-down: 648 MiB in 0.1s (5392 MiB/s)
[slab-populate] blk29-gate: 648 MiB in 0.1s (5350 MiB/s)
[slab-populate] blk29-up: 648 MiB in 0.1s (5425 MiB/s)
[slab-populate] blk29-down: 648 MiB in 0.1s (5503 MiB/s)
[slab-populate] blk30-gate: 648 MiB in 0.1s (5398 MiB/s)
[slab-populate] blk30-up: 648 MiB in 0.1s (5480 MiB/s)
[slab-populate] blk30-down: 648 MiB in 0.1s (5381 MiB/s)
[slab-populate] blk31-gate: 648 MiB in 0.1s (5345 MiB/s)
[slab-populate] blk31-up: 648 MiB in 0.1s (5384 MiB/s)
[slab-populate] blk31-down: 648 MiB in 0.1s (5451 MiB/s)
[slab-populate] blk32-gate: 648 MiB in 0.1s (5370 MiB/s)
[slab-populate] blk32-up: 648 MiB in 0.1s (5432 MiB/s)
[slab-populate] blk32-down: 648 MiB in 0.1s (5392 MiB/s)
[slab-populate] blk33-gate: 648 MiB in 0.1s (5314 MiB/s)
[slab-populate] blk33-up: 648 MiB in 0.1s (5307 MiB/s)
[slab-populate] blk33-down: 648 MiB in 0.1s (5512 MiB/s)
[slab-populate] blk34-gate: 648 MiB in 0.1s (5451 MiB/s)
[slab-populate] blk34-up: 648 MiB in 0.1s (5492 MiB/s)
[slab-populate] blk34-down: 648 MiB in 0.1s (5514 MiB/s)
[slab-populate] blk35-gate: 648 MiB in 0.1s (5449 MiB/s)
[slab-populate] blk35-up: 648 MiB in 0.1s (5487 MiB/s)
[slab-populate] blk35-down: 648 MiB in 0.1s (5482 MiB/s)
[slab-populate] blk36-gate: 648 MiB in 0.1s (5372 MiB/s)
[slab-populate] blk36-up: 648 MiB in 0.1s (5501 MiB/s)
[slab-populate] blk36-down: 648 MiB in 0.1s (5496 MiB/s)
[slab-populate] blk37-gate: 648 MiB in 0.1s (5442 MiB/s)
[slab-populate] blk37-up: 648 MiB in 0.1s (5432 MiB/s)
[slab-populate] blk37-down: 648 MiB in 0.1s (5485 MiB/s)
[slab-populate] blk38-gate: 648 MiB in 0.1s (5392 MiB/s)
[slab-populate] blk38-up: 648 MiB in 0.1s (5482 MiB/s)
[slab-populate] blk38-down: 648 MiB in 0.1s (5470 MiB/s)
[slab-populate] blk39-gate: 648 MiB in 0.1s (5500 MiB/s)
[slab-populate] blk39-up: 648 MiB in 0.1s (5416 MiB/s)
[slab-populate] blk39-down: 648 MiB in 0.1s (5475 MiB/s)
[slab-populate] blk40-gate: 648 MiB in 0.1s (5423 MiB/s)
[slab-populate] blk40-up: 648 MiB in 0.1s (5502 MiB/s)
[slab-populate] blk40-down: 648 MiB in 0.1s (5502 MiB/s)
[slab-populate] blk41-gate: 648 MiB in 0.1s (5425 MiB/s)
[slab-populate] blk41-up: 648 MiB in 0.1s (5467 MiB/s)
[slab-populate] blk41-down: 648 MiB in 0.1s (5491 MiB/s)
[slab-populate] blk42-gate: 648 MiB in 0.1s (5461 MiB/s)
[slab-populate] blk42-up: 648 MiB in 0.1s (5464 MiB/s)
[slab-populate] blk42-down: 648 MiB in 0.1s (5496 MiB/s)
[slab-populate] blk43-gate: 648 MiB in 0.1s (5431 MiB/s)
[slab-populate] blk43-up: 648 MiB in 0.1s (5456 MiB/s)
[slab-populate] blk43-down: 648 MiB in 0.1s (5495 MiB/s)
[slab-populate] blk44-gate: 648 MiB in 0.1s (5439 MiB/s)
[slab-populate] blk44-up: 648 MiB in 0.1s (5469 MiB/s)
[slab-populate] blk44-down: 648 MiB in 0.1s (5459 MiB/s)
[slab-populate] blk45-gate: 648 MiB in 0.1s (5468 MiB/s)
[slab-populate] blk45-up: 648 MiB in 0.1s (5466 MiB/s)
[slab-populate] blk45-down: 648 MiB in 0.1s (5439 MiB/s)
[slab-populate] blk46-gate: 648 MiB in 0.1s (5489 MiB/s)
[slab-populate] blk46-up: 648 MiB in 0.1s (5437 MiB/s)
[slab-populate] blk46-down: 648 MiB in 0.1s (5485 MiB/s)
[slab-populate] blk47-gate: 648 MiB in 0.1s (5416 MiB/s)
[slab-populate] blk47-up: 648 MiB in 0.1s (5479 MiB/s)
[slab-populate] blk47-down: 648 MiB in 0.1s (5482 MiB/s)
[slab-populate] blk48-gate: 648 MiB in 0.1s (5426 MiB/s)
[slab-populate] blk48-up: 648 MiB in 0.1s (5455 MiB/s)
[slab-populate] blk48-down: 648 MiB in 0.1s (5454 MiB/s)
[slab-populate] blk49-gate: 648 MiB in 0.1s (5455 MiB/s)
[slab-populate] blk49-up: 648 MiB in 0.1s (5517 MiB/s)
[slab-populate] blk49-down: 648 MiB in 0.1s (5485 MiB/s)
[slab-populate] blk50-gate: 648 MiB in 0.1s (5414 MiB/s)
[slab-populate] blk50-up: 648 MiB in 0.1s (5492 MiB/s)
[slab-populate] blk50-down: 648 MiB in 0.1s (5446 MiB/s)
[slab-populate] blk51-gate: 648 MiB in 0.1s (5452 MiB/s)
[slab-populate] blk51-up: 648 MiB in 0.1s (5501 MiB/s)
[slab-populate] blk51-down: 648 MiB in 0.1s (5534 MiB/s)
[slab-populate] blk52-gate: 648 MiB in 0.1s (5428 MiB/s)
[slab-populate] blk52-up: 648 MiB in 0.1s (5455 MiB/s)
[slab-populate] blk52-down: 648 MiB in 0.1s (5490 MiB/s)
[slab-populate] blk53-gate: 648 MiB in 0.1s (5451 MiB/s)
[slab-populate] blk53-up: 648 MiB in 0.1s (5438 MiB/s)
[slab-populate] blk53-down: 648 MiB in 0.1s (5482 MiB/s)
[slab-populate] blk54-gate: 648 MiB in 0.1s (5436 MiB/s)
[slab-populate] blk54-up: 648 MiB in 0.1s (5461 MiB/s)
[slab-populate] blk54-down: 648 MiB in 0.1s (5523 MiB/s)
[slab-populate] blk55-gate: 648 MiB in 0.1s (5432 MiB/s)
[slab-populate] blk55-up: 648 MiB in 0.1s (5454 MiB/s)
[slab-populate] blk55-down: 648 MiB in 0.1s (5503 MiB/s)
[slab-populate] blk56-gate: 648 MiB in 0.1s (5439 MiB/s)
[slab-populate] blk56-up: 648 MiB in 0.1s (5449 MiB/s)
[slab-populate] blk56-down: 648 MiB in 0.1s (5467 MiB/s)
[slab-populate] blk57-gate: 648 MiB in 0.1s (5453 MiB/s)
[slab-populate] blk57-up: 648 MiB in 0.1s (5475 MiB/s)
[slab-populate] blk57-down: 648 MiB in 0.1s (5480 MiB/s)
[slab-populate] blk58-gate: 648 MiB in 0.1s (5478 MiB/s)
[slab-populate] blk58-up: 648 MiB in 0.1s (5444 MiB/s)
[slab-populate] blk58-down: 648 MiB in 0.1s (5502 MiB/s)
[slab-populate] blk59-gate: 648 MiB in 0.1s (5415 MiB/s)
[slab-populate] blk59-up: 648 MiB in 0.1s (5493 MiB/s)
[slab-populate] blk59-down: 648 MiB in 0.1s (5453 MiB/s)
[slab-populate] blk60-gate: 648 MiB in 0.1s (5423 MiB/s)
[slab-populate] blk60-up: 648 MiB in 0.1s (5457 MiB/s)
[slab-populate] blk60-down: 648 MiB in 0.1s (5401 MiB/s)
[slab-populate] blk61-gate: 648 MiB in 0.1s (5414 MiB/s)
[slab-populate] blk61-up: 648 MiB in 0.1s (5474 MiB/s)
[slab-populate] blk61-down: 648 MiB in 0.1s (5469 MiB/s)
[slab-populate] blk62-gate: 648 MiB in 0.1s (5405 MiB/s)
[slab-populate] blk62-up: 648 MiB in 0.1s (5430 MiB/s)
[slab-populate] blk62-down: 648 MiB in 0.1s (5480 MiB/s)
[slab-populate] blk63-gate: 648 MiB in 0.1s (5565 MiB/s)
[slab-populate] blk63-up: 648 MiB in 0.1s (5473 MiB/s)
[slab-populate] blk63-down: 648 MiB in 0.1s (5518 MiB/s)
[slab-populate] blk64-gate: 648 MiB in 0.1s (5497 MiB/s)
[slab-populate] blk64-up: 648 MiB in 0.1s (5443 MiB/s)
[slab-populate] blk64-down: 648 MiB in 0.1s (5501 MiB/s)
[slab-populate] blk65-gate: 648 MiB in 0.1s (5453 MiB/s)
[slab-populate] blk65-up: 648 MiB in 0.1s (5476 MiB/s)
[slab-populate] blk65-down: 648 MiB in 0.1s (5471 MiB/s)
[slab-populate] blk66-gate: 648 MiB in 0.1s (5425 MiB/s)
[slab-populate] blk66-up: 648 MiB in 0.1s (5423 MiB/s)
[slab-populate] blk66-down: 648 MiB in 0.1s (5468 MiB/s)
[slab-populate] blk67-gate: 648 MiB in 0.1s (5415 MiB/s)
[slab-populate] blk67-up: 648 MiB in 0.1s (5458 MiB/s)
[slab-populate] blk67-down: 648 MiB in 0.1s (5483 MiB/s)
[slab-populate] blk68-gate: 648 MiB in 0.1s (5411 MiB/s)
[slab-populate] blk68-up: 648 MiB in 0.1s (5446 MiB/s)
[slab-populate] blk68-down: 648 MiB in 0.1s (5486 MiB/s)
[slab-populate] blk69-gate: 648 MiB in 0.1s (5418 MiB/s)
[slab-populate] blk69-up: 648 MiB in 0.1s (5023 MiB/s)
[slab-populate] blk69-down: 648 MiB in 0.2s (3078 MiB/s)
[slab-populate] blk70-gate: 648 MiB in 0.2s (3475 MiB/s)
[slab-populate] blk70-up: 648 MiB in 0.2s (3311 MiB/s)
[slab-populate] blk70-down: 648 MiB in 1.2s (551 MiB/s)
[slab-populate] blk71-gate: 648 MiB in 0.4s (1526 MiB/s)
[slab-populate] blk71-up: 648 MiB in 0.2s (2643 MiB/s)
[slab-populate] blk71-down: 648 MiB in 0.2s (3114 MiB/s)
[slab-populate] blk72-gate: 648 MiB in 0.2s (3511 MiB/s)
[slab-populate] blk72-up: 648 MiB in 0.2s (3189 MiB/s)
[slab-populate] blk72-down: 648 MiB in 0.2s (3364 MiB/s)
[slab-populate] blk73-gate: 648 MiB in 0.2s (3555 MiB/s)
[slab-populate] blk73-up: 648 MiB in 0.2s (3232 MiB/s)
[slab-populate] blk73-down: 648 MiB in 0.2s (3412 MiB/s)
[slab-populate] blk74-gate: 648 MiB in 0.2s (3575 MiB/s)
[slab-populate] blk74-up: 648 MiB in 0.2s (3247 MiB/s)
[slab-populate] blk74-down: 648 MiB in 0.2s (3409 MiB/s)
[slab-populate] blk75-gate: 648 MiB in 0.2s (3592 MiB/s)
[slab-populate] blk75-up: 648 MiB in 0.1s (5193 MiB/s)
[slab-populate] blk75-down: 648 MiB in 0.1s (5172 MiB/s)
[slab-populate] blk76-gate: 648 MiB in 0.1s (5173 MiB/s)
[slab-populate] blk76-up: 648 MiB in 0.1s (5163 MiB/s)
[slab-populate] blk76-down: 648 MiB in 0.1s (5186 MiB/s)
[slab-populate] blk77-gate: 648 MiB in 0.1s (5147 MiB/s)
[slab-populate] blk77-up: 648 MiB in 0.1s (5160 MiB/s)
[slab-populate] blk77-down: 648 MiB in 0.1s (5213 MiB/s)
[slab-populate] blk78-gate: 648 MiB in 0.1s (5221 MiB/s)
[slab-populate] blk78-up: 648 MiB in 0.1s (5229 MiB/s)
[slab-populate] blk78-down: 648 MiB in 0.1s (5250 MiB/s)
[slab-populate] blk79-gate: 648 MiB in 0.1s (5234 MiB/s)
[slab-populate] blk79-up: 648 MiB in 0.1s (5245 MiB/s)
[slab-populate] blk79-down: 648 MiB in 0.1s (5246 MiB/s)
loaded Hy3 (80 trunk layers)
prompts: 1 distinct across m=1 streams (lens [20]), n_new=32
[moe-cache] size-aware fixed slots: 16410 slots in 1 classes, 58.07 GB / 58.08 GB budget
[spill-pread] enabled: depth=32 buffer_bytes=3538944 total_pinned_bytes=113246208 (bounded O_DIRECT worker prefetch, caller-thread compute-stream H2D, mmap error fallback)
[moe-cache] residency frozen: 16410 slots, 15675 resident blocks; 5225 complete experts, 0 one-projection fragments, 0 two-projection fragments (0 stranded blocks)
[moe-cache] freeze profile restored: 15675/15675 blocks restaged from /root/lane/hy3.freeze
[fa-pool] grow #0 dev=0 o_len 0 -> 8192 ml_len 0 -> 64 (retired kept, zero=false)
[glm5-vrows-t1-deny] dev=0 il=1 capture_open=false t1_dev=false forced=false slab_bases=false moe_q8=false uniform=true n_used=8 sigmoid_cfg=true pre_clamp=false cpu_hybrid=true observe_routes=false sig_router_env=true — the T=1 device-table MoE arm stood down and this layer takes the host-readback path. Benign with capture_open=false (an eager gap layer); with capture_open=true it is the wrong-answer class the router guard refuses, and the first denied conjunct on the line is the reason.
[glm5-vrows-t1-deny] dev=0 il=2 capture_open=false t1_dev=false forced=false slab_bases=false moe_q8=false uniform=true n_used=8 sigmoid_cfg=true pre_clamp=false cpu_hybrid=true observe_routes=false sig_router_env=true — the T=1 device-table MoE arm stood down and this layer takes the host-readback path. Benign with capture_open=false (an eager gap layer); with capture_open=true it is the wrong-answer class the router guard refuses, and the first denied conjunct on the line is the reason.
[glm5-vrows-t1-deny] dev=0 il=3 capture_open=false t1_dev=false forced=false slab_bases=false moe_q8=false uniform=true n_used=8 sigmoid_cfg=true pre_clamp=false cpu_hybrid=true observe_routes=false sig_router_env=true — the T=1 device-table MoE arm stood down and this layer takes the host-readback path. Benign with capture_open=false (an eager gap layer); with capture_open=true it is the wrong-answer class the router guard refuses, and the first denied conjunct on the line is the reason.
[glm5-vrows-t1-deny] dev=0 il=4 capture_open=false t1_dev=false forced=false slab_bases=false moe_q8=false uniform=true n_used=8 sigmoid_cfg=true pre_clamp=false cpu_hybrid=true observe_routes=false sig_router_env=true — the T=1 device-table MoE arm stood down and this layer takes the host-readback path. Benign with capture_open=false (an eager gap layer); with capture_open=true it is the wrong-answer class the router guard refuses, and the first denied conjunct on the line is the reason.
[glm5-vrows-t1-deny] dev=0 il=5 capture_open=false t1_dev=false forced=false slab_bases=false moe_q8=false uniform=true n_used=8 sigmoid_cfg=true pre_clamp=false cpu_hybrid=true observe_routes=false sig_router_env=true — the T=1 device-table MoE arm stood down and this layer takes the host-readback path. Benign with capture_open=false (an eager gap layer); with capture_open=true it is the wrong-answer class the router guard refuses, and the first denied conjunct on the line is the reason.
[glm5-vrows-t1-deny] dev=0 il=6 capture_open=false t1_dev=false forced=false slab_bases=false moe_q8=false uniform=true n_used=8 sigmoid_cfg=true pre_clamp=false cpu_hybrid=true observe_routes=false sig_router_env=true — the T=1 device-table MoE arm stood down and this layer takes the host-readback path. Benign with capture_open=false (an eager gap layer); with capture_open=true it is the wrong-answer class the router guard refuses, and the first denied conjunct on the line is the reason.
[glm5-vrows-t1-deny] dev=0 il=7 capture_open=false t1_dev=false forced=false slab_bases=false moe_q8=false uniform=true n_used=8 sigmoid_cfg=true pre_clamp=false cpu_hybrid=true observe_routes=false sig_router_env=true — the T=1 device-table MoE arm stood down and this layer takes the host-readback path. Benign with capture_open=false (an eager gap layer); with capture_open=true it is the wrong-answer class the router guard refuses, and the first denied conjunct on the line is the reason.
[glm5-vrows-t1-deny] dev=0 il=8 capture_open=false t1_dev=false forced=false slab_bases=false moe_q8=false uniform=true n_used=8 sigmoid_cfg=true pre_clamp=false cpu_hybrid=true observe_routes=false sig_router_env=true — the T=1 device-table MoE arm stood down and this layer takes the host-readback path. Benign with capture_open=false (an eager gap layer); with capture_open=true it is the wrong-answer class the router guard refuses, and the first denied conjunct on the line is the reason.
[memra] experimental CPU expert backend: /root/lane/libmemra-cpu-experts.so (threads=16)
[memra-cpu] RAM headroom cap: requested=60.00 GiB available=424.43 GiB reserve=8.00 GiB effective=60.00 GiB
[memra-cpu] normal-RAM expert cache: 60.00 GiB policy=lru io=direct
stream0 step 0: argmax 503 top2-margin 1.784156e1
stream0 step 1: argmax 29463 top2-margin 1.772148e1
stream0 step 2: argmax 1512 top2-margin 8.176077e0
stream0 step 3: argmax 1208 top2-margin 2.010009e1
stream0 step 4: argmax 47736 top2-margin 1.498914e1
stream0 step 5: argmax 503 top2-margin 2.052575e1
stream0 step 6: argmax 316 top2-margin 7.863861e0
stream0 step 7: argmax 244 top2-margin 1.429990e1
stream0 step 8: argmax 9321 top2-margin 6.293554e0
stream0 step 9: argmax 287 top2-margin 1.198953e1
stream0 step 10: argmax 4791 top2-margin 1.038750e1
stream0 step 11: argmax 1017 top2-margin 2.027633e1
stream0 step 12: argmax 102155 top2-margin 2.054604e0
stream0 step 13: argmax 17366 top2-margin 1.497235e1
stream0 step 14: argmax 3791 top2-margin 7.178764e-1
stream0 step 15: argmax 2438 top2-margin 2.222897e0
stream0 step 16: argmax 28615 top2-margin 7.423016e0
stream0 step 17: argmax 341 top2-margin 7.708740e-2
stream0 step 18: argmax 68 top2-margin 2.144051e0
stream0 step 19: argmax 2693 top2-margin 1.811287e1
stream0 step 20: argmax 1871 top2-margin 1.938354e1
stream0 step 21: argmax 32195 top2-margin 3.216812e0
stream0 step 22: argmax 25215 top2-margin 1.469785e1
stream0 step 23: argmax 8 top2-margin 1.290544e1
stream0 step 24: argmax 2553 top2-margin 8.810545e0
stream0 step 25: argmax 9687 top2-margin 1.383349e1
stream0 step 26: argmax 252 top2-margin 2.052687e1
stream0 step 27: argmax 3602 top2-margin 3.500519e0
stream0 step 28: argmax 5500 top2-margin 1.154430e1
stream0 step 29: argmax 13 top2-margin 4.314995e-1
stream0 step 30: argmax 286 top2-margin 1.592089e1
stream0 step 31: argmax 503 top2-margin 1.012429e1
stream0 step 32: argmax 20743 top2-margin 4.336121e0
lockstep m=1: 32 tokens in 16.592s = 1.93 tok/s aggregate, 1.93 tok/s per stream
CPU experts DECODE-WINDOW: calls=2418 experts=8034 backend_wall=15.180s RAM_hits=14019 RAM_misses=10083 RAM_fills=35.68 GB io=8.927s compute=5.719s
stream 0: [503, 29463, 1512, 1208, 47736, 503, 316, 244, 9321, 287, 4791, 1017, 102155, 17366, 3791, 2438, 28615, 341, 68, 2693, 1871, 32195, 25215, 8, 2553, 9687, 252, 3602, 5500, 13, 286, 503]
stream-identity gate: PASS (all streams identical)
[memra-cpu-cache] hits=14022 misses=10437 hit_rate=57.33% read_GB=36.936 resident_GB=36.936
[memra-cpu-profile] calls=2536 prepare=0.564074s io=9.454419s insert=0.010324s compute=5.924792s read_projections=10437 read_GB=36.936 stage_entry=1.047445s stage_cached=4.806612s stage_missing=0.029693s stage_accum=0.008168s prefetch_projections=0 prefetch_GB=0.000
