 create mode 100644 research/qwen4exp-bringup-20260829/spec/mtp10/trace/spec-trace-k5-trace-thinkon.tsv
    Finished `release` profile [optimized] target(s) in 3.48s
HEAD dffc794e8f377c30675c1f8940b89cff59534767
6307988375a174e78f463d2d3b2964b4ee9173bfe2e956813c304ba902c82790  target/release/qwen4exp_real_gate
=== E3: raw goldens (must hold its 1.79x class) ===
# qwen4exp_real_gate	label=ship-raw	binary_sha256=6307988375a174e78f463d2d3b2964b4ee9173bfe2e956813c304ba902c82790	ckpt=/home/ubuntu/data/q48fn-nvfp4	host_bf16_banks=false	indexer_norm_raw=false	mtp_dev1=true	spec_opts=SpecOpts { dynk: None, adapt_k_lo: Some(1), pmin: 0.3 }
# timing lines are UNTUNED EAGER wall clocks under correctness-arm residency — NOT perf claims
# vram	post-engine	0, 595 MiB, 97887 MiB | 1, 595 MiB, 97887 MiB
# load	169.3s
# vram	post-load	0, 89971 MiB, 97887 MiB | 1, 9555 MiB, 97887 MiB
# qwen4exp_real_gate	label=ship-raw	binary_sha256=6307988375a174e78f463d2d3b2964b4ee9173bfe2e956813c304ba902c82790	ckpt=/home/ubuntu/data/q48fn-nvfp4	host_bf16_banks=false	indexer_norm_raw=false	mtp_dev1=true	spec_opts=SpecOpts { dynk: None, adapt_k_lo: Some(1), pmin: 0.3 }
# timing lines are UNTUNED EAGER wall clocks under correctness-arm residency — NOT perf claims
# spec-ab k=5: plain greedy decode vs spec_generate, fresh states per arm per rep
rep	arm	tokens	ms_per_token	tok_per_s	accept_rate	mean_accept_len
0	plain	256	15.10	66.23	-	-
0	spec	256	8.83	113.31	0.861	4.41
# round-cost	rep=0	rounds=58	chain_ms=5.23	replay_ms=1.06	verify_ms=32.47	cross_ms=0.022	draft_prefill_ms=5.3	zero_draft=1	guard_stops=1	plain_steps=0	k_decays=[]
1	plain	256	15.08	66.31	-	-
1	spec	256	8.81	113.55	0.861	4.41
# round-cost	rep=1	rounds=58	chain_ms=5.23	replay_ms=1.05	verify_ms=32.45	cross_ms=0.021	draft_prefill_ms=3.6	zero_draft=1	guard_stops=1	plain_steps=0	k_decays=[]
2	plain	256	15.13	66.11	-	-
2	spec	256	8.63	115.88	0.861	4.41
# round-cost	rep=2	rounds=58	chain_ms=5.24	replay_ms=1.06	verify_ms=31.65	cross_ms=0.021	draft_prefill_ms=3.7	zero_draft=1	guard_stops=1	plain_steps=0	k_decays=[]
3	plain	256	15.08	66.30	-	-
3	spec	256	8.59	116.45	0.861	4.41
# round-cost	rep=3	rounds=58	chain_ms=5.24	replay_ms=1.05	verify_ms=31.47	cross_ms=0.022	draft_prefill_ms=3.7	zero_draft=1	guard_stops=1	plain_steps=0	k_decays=[]
4	plain	256	14.98	66.77	-	-
4	spec	256	8.58	116.55	0.861	4.41
# round-cost	rep=4	rounds=58	chain_ms=5.24	replay_ms=1.05	verify_ms=31.44	cross_ms=0.021	draft_prefill_ms=3.7	zero_draft=1	guard_stops=1	plain_steps=0	k_decays=[]
# arm plain	mean_of_means_ms=15.07	min=14.98	max=15.13	tok_per_s=66.34
# arm spec	mean_of_means_ms=8.69	min=8.58	max=8.83	tok_per_s=115.13
# rep0_plain_vs_spec_first_divergence	-1
# accept_hist_total	10,25,60,45,40,110
# rep0_plain	271,248068,271,248069,271,71093,12305,198,1005,19876,25,198,262,687,1259,2251,3676,701,11,1009,28,15,11,1727,5675,1590,198,285,638,10518,283,1009,198,285,638,4381,283,1727,1358,727,10562,22517,39914,36053,7080,16,25,19876,11,1103,17,25,19876,8,1411,19876,25,198,262,4071,198,262,38754,1330,10300,10278,11140,1083,799,10300,10278,1103,13,198,1031,262,17167,25,198,285,1103,16,25,10877,314,279,1118,10300,10278,1103,13,198,285,1103,17,25,10877,314,279,2018,10300,10278,1103,13,198,1031,262,5019,25,198,285,10877,314,279,25170,10300,10278,1103,13,198,262,4071,198,262,653,4091,264,16782,2357,310,8418,430,279,1151,314,279,25170,1103,198,262,16782,283,19876,7,15,8,198,262,1428,283,16782,6987,262,653,83739,2107,11140,321,9150,7552,198,262,1345,1103,16,321,1103,17,25,198,285,413,1103,16,10518,2564,1103,17,10518,25,198,309,1428,4381,283,1103,16,198,309,1103,16,283,1103,16,4381,198,285,745,25,198,309,1428,4381,283,1103,17,198,309,1103,17,283,1103,17,4381,198,285,1428,283,1428,4381,6987,262,653,46772,279,9376,5255,494,2892,1103,16,466,1103,17,198,262,413,1103,16,25,198,285,1428,4381,283,1103,16,198,262,4265,1103,17,25,198,285,1428
# rep0_spec	271,248068,271,248069,271,71093,12305,198,1005,19876,25,198,262,687,1259,2251,3676,701,11,1009,28,15,11,1727,5675,1590,198,285,638,10518,283,1009,198,285,638,4381,283,1727,1358,727,10562,22517,39914,36053,7080,16,25,19876,11,1103,17,25,19876,8,1411,19876,25,198,262,4071,198,262,38754,1330,10300,10278,11140,1083,799,10300,10278,1103,13,198,1031,262,17167,25,198,285,1103,16,25,10877,314,279,1118,10300,10278,1103,13,198,285,1103,17,25,10877,314,279,2018,10300,10278,1103,13,198,1031,262,5019,25,198,285,10877,314,279,25170,10300,10278,1103,13,198,262,4071,198,262,653,4091,264,16782,2357,310,8418,430,279,1151,314,279,25170,1103,198,262,16782,283,19876,7,15,8,198,262,1428,283,16782,6987,262,653,83739,2107,11140,321,9150,7552,198,262,1345,1103,16,321,1103,17,25,198,285,413,1103,16,10518,2564,1103,17,10518,25,198,309,1428,4381,283,1103,16,198,309,1103,16,283,1103,16,4381,198,285,745,25,198,309,1428,4381,283,1103,17,198,309,1103,17,283,1103,17,4381,198,285,1428,283,1428,4381,6987,262,653,46772,279,9376,5255,494,2892,1103,16,466,1103,17,198,262,413,1103,16,25,198,285,1428,4381,283,1103,16,198,262,4265,1103,17,25,198,285,1428

# spec-ab receipt: /home/ubuntu/realgate/mtp10/ship/ab-spec-k5-ship-raw.tsv
# qwen4exp_real_gate	label=ship-raw	binary_sha256=6307988375a174e78f463d2d3b2964b4ee9173bfe2e956813c304ba902c82790	ckpt=/home/ubuntu/data/q48fn-nvfp4	host_bf16_banks=false	indexer_norm_raw=false	mtp_dev1=true	spec_opts=SpecOpts { dynk: None, adapt_k_lo: Some(1), pmin: 0.3 }
# timing lines are UNTUNED EAGER wall clocks under correctness-arm residency — NOT perf claims
# spec-sampled: vendor defaults temp=1.0 top_p=0.95 top_k=20 seed=0x5eedcafe k=5
# SPEC-ENGAGEMENT	rounds=90	rounds_with_accepts=54	accepted=165	drafted=232	accept_hist=36,12,11,8,8,15
# timing	tokens=256	ms_per_token=11.28	tok_per_s=88.62
# ids	271,727,10562,36053,24535,16,11,1901,17,1590,248044,248045,248044,248045,248045,248045,248045,248045,248045,248045,248045,248045,248045,248045,248045,248045,248045,248045,248045,248045,248045,248045,248045,248045,248045,248045,248045,248045,248045,248045,248046,198,248045,74455,198,248068,271,248069,271,71093,12305,198,1005,19876,25,198,262,687,1259,2251,3676,701,11,1009,28,15,11,1727,5675,1590,198,285,638,10518,283,1009,198,285,638,4381,283,1727,271,727,10562,36053,24535,16,11,1901,17,1590,198,262,4071,198,262,380,2298,287,1330,10300,10278,11140,321,4523,279,1901,314,279,25170,10300,10278,1103,13,198,1031,262,17167,25,198,285,1901,16,25,10877,314,279,1118,10300,10278,1103,13,198,285,1901,17,25,10877,314,279,2018,10300,10278,1103,13,198,1031,262,5019,25,198,285,10877,314,279,25170,10300,10278,1103,13,198,262,4071,198,262,653,4091,264,16782,2357,310,1121,430,279,1151,314,279,25170,1103,198,262,16782,283,19876,7,15,8,198,262,1428,283,16782,6987,262,653,83739,2107,11140,321,10562,303,10300,1906,198,262,1345,1901,16,321,1901,17,25,198,285,413,1901,16,10518,2564,1901,17,10518,25,198,309,1428,4381,283,1901,16,198,309,1901,16,283,1901,16,4381,198,285,745,25,198,309,1428,4381,283,1901,17,198,309,1901,17,283,1901

# spec-sampled receipt: /home/ubuntu/realgate/mtp10/ship/spec-sampled-k5-ship-raw.tsv
# qwen4exp_real_gate	label=ship-raw	binary_sha256=6307988375a174e78f463d2d3b2964b4ee9173bfe2e956813c304ba902c82790	ckpt=/home/ubuntu/data/q48fn-nvfp4	host_bf16_banks=false	indexer_norm_raw=false	mtp_dev1=true	spec_opts=SpecOpts { dynk: None, adapt_k_lo: Some(1), pmin: 0.3 }
# timing lines are UNTUNED EAGER wall clocks under correctness-arm residency — NOT perf claims
# load_seconds=169.3
# vram	post-load	0, 89971 MiB, 97887 MiB | 1, 9555 MiB, 97887 MiB
# probe_tokens=10	ids=[760, 3841, 13477, 37550, 33075, 888, 279, 15217, 5388, 13]
# prefill_seconds=0.28
# vram	post-prefill	0, 90131 MiB, 97887 MiB | 1, 9555 MiB, 97887 MiB
record	rows	cols	max_abs	max_rel	mean_abs	ref_absmax
layer0	10	10240	7.269e-3	7.269e-3	2.142e-4	3.242e-1
layer1	10	10240	7.227e-3	7.227e-3	3.351e-4	4.551e-1
layer2	10	10240	9.171e-3	9.171e-3	4.949e-4	5.273e-1
layer3	10	10240	1.069e-2	1.069e-2	6.315e-4	5.039e-1
layer4	10	10240	2.400e-2	2.400e-2	8.802e-4	5.000e-1
layer5	10	10240	4.044e-2	2.199e-2	1.002e-3	3.047e0
layer6	10	10240	3.950e-2	2.825e-2	1.187e-3	3.078e0
layer7	10	10240	3.766e-2	3.047e-2	1.342e-3	3.047e0
layer8	10	10240	3.723e-2	3.028e-2	1.464e-3	3.062e0
layer9	10	10240	3.919e-2	3.018e-2	1.565e-3	3.062e0
layer10	10	10240	3.944e-2	3.034e-2	1.643e-3	3.125e0
layer11	10	10240	4.564e-2	3.057e-2	1.741e-3	3.016e0
layer12	10	10240	3.579e-2	3.108e-2	1.835e-3	2.953e0
layer13	10	10240	3.742e-2	3.152e-2	1.919e-3	2.984e0
layer14	10	10240	3.983e-2	3.028e-2	2.022e-3	3.016e0
layer15	10	10240	3.942e-2	3.175e-2	2.104e-3	2.953e0
layer16	10	10240	3.426e-2	3.027e-2	2.300e-3	2.938e0
layer17	10	10240	3.720e-2	3.012e-2	2.368e-3	2.969e0
layer18	10	10240	3.641e-2	3.641e-2	2.649e-3	2.969e0
layer19	10	10240	3.828e-2	3.828e-2	2.727e-3	3.000e0
layer20	10	10240	3.628e-2	3.628e-2	2.774e-3	2.938e0
layer21	10	10240	3.821e-2	3.821e-2	2.970e-3	2.969e0
layer22	10	10240	3.808e-2	3.808e-2	3.195e-3	2.969e0
layer23	10	10240	4.135e-2	4.135e-2	3.286e-3	2.969e0
layer24	10	10240	4.415e-2	4.415e-2	3.629e-3	3.828e0
layer25	10	10240	4.598e-2	4.598e-2	3.749e-3	3.859e0
layer26	10	10240	4.796e-2	4.796e-2	4.048e-3	5.062e0
layer27	10	10240	5.241e-2	5.241e-2	4.362e-3	4.750e0
layer28	10	10240	6.440e-2	6.440e-2	4.784e-3	4.531e0
layer29	10	10240	7.918e-2	7.918e-2	5.283e-3	4.469e0
layer30	10	10240	8.751e-2	8.751e-2	5.835e-3	4.438e0
layer31	10	10240	1.252e-1	1.252e-1	6.236e-3	4.281e0
layer32	10	10240	1.439e-1	1.439e-1	6.911e-3	3.891e0
layer33	10	10240	1.524e-1	1.524e-1	7.579e-3	3.844e0
layer34	10	10240	1.494e-1	1.494e-1	8.300e-3	3.828e0
layer35	10	10240	1.632e-1	1.632e-1	9.258e-3	3.859e0
layer36	10	10240	3.300e-1	3.300e-1	1.263e-2	6.844e0
layer37	10	10240	3.278e-1	3.278e-1	1.420e-2	7.094e0
layer38	10	10240	3.274e-1	3.274e-1	1.643e-2	7.094e0
layer39	10	10240	3.848e-1	3.778e-1	1.920e-2	7.188e0
layer40	10	10240	4.305e-1	4.217e-1	2.234e-2	7.219e0
layer41	10	10240	4.475e-1	4.108e-1	2.430e-2	7.125e0
layer42	10	10240	4.586e-1	3.913e-1	2.669e-2	7.156e0
layer43	10	10240	4.799e-1	4.158e-1	2.980e-2	7.188e0
layer44	10	10240	6.259e-1	6.259e-1	3.642e-2	1.162e1
layer45	10	10240	7.158e-1	7.060e-1	4.507e-2	1.169e1
layer46	10	10240	8.605e-1	8.605e-1	5.328e-2	1.350e1
layer47	10	10240	9.034e-1	9.034e-1	5.724e-2	2.575e1
exit_mixer	10	2560	1.279e1	6.599e0	4.373e-1	1.880e2
logits	10	248320	6.183e0	4.901e0	2.689e-1	1.950e1
logits_row	max_abs	max_rel	ref_absmax	golden_top1	our_top1	match
0	3.553e-1	3.553e-1	1.231e1	20438	20438	true
1	1.170e0	1.057e0	1.431e1	4087	4087	true
2	1.182e0	1.046e0	1.800e1	37550	37550	true
3	1.315e0	1.012e0	1.638e1	33075	33075	true
4	1.883e0	1.825e0	1.888e1	888	888	true
5	1.522e0	1.332e0	1.862e1	279	279	true
6	2.620e0	1.682e0	1.950e1	15217	15217	true
7	1.841e0	1.686e0	1.888e1	5388	5388	true
8	1.908e0	1.846e0	1.575e1	13	13	true
9	6.183e0	4.901e0	1.638e1	271	271	true
# logits_argmax_agreement	10/10
# probe_logits	/home/ubuntu/realgate/mtp10/ship/probe-logits-ship-raw.bin	rows=10	vocab=248320

# hidden receipt: /home/ubuntu/realgate/mtp10/ship/hidden-gate-ship-raw.tsv
# greedy prompt 0: first_divergence=-1 matched=8/64 prefill=0.23s mean_decode=14.9ms
# greedy prompt 1: first_divergence=-1 matched=8/64 prefill=0.15s mean_decode=14.8ms
# greedy prompt 2: first_divergence=-1 matched=8/64 prefill=0.16s mean_decode=14.8ms
# greedy prompt 3: first_divergence=-1 matched=8/64 prefill=0.23s mean_decode=14.8ms
# greedy receipt: /home/ubuntu/realgate/mtp10/ship/greedy-gate-ship-raw.tsv
# spec-gate prompt 0: first_divergence=-1 accept_rate=0.912 mean_len=4.00 spec=8.7ms plain=14.6ms
# spec-gate prompt 1: first_divergence=-1 accept_rate=0.797 mean_len=3.56 spec=9.2ms plain=14.5ms
# spec-gate prompt 2: first_divergence=-1 accept_rate=0.730 mean_len=3.37 spec=9.8ms plain=14.6ms
# spec-gate prompt 3: first_divergence=-1 accept_rate=0.780 mean_len=3.37 spec=9.5ms plain=14.6ms
# spec-gate receipt: /home/ubuntu/realgate/mtp10/ship/spec-gate-k5-ship-raw.tsv
=== E3: thinkon at adapt1+pmin0.3 ===
# qwen4exp_real_gate	label=ship-thinkon	binary_sha256=6307988375a174e78f463d2d3b2964b4ee9173bfe2e956813c304ba902c82790	ckpt=/home/ubuntu/data/q48fn-nvfp4	host_bf16_banks=false	indexer_norm_raw=false	mtp_dev1=true	spec_opts=SpecOpts { dynk: None, adapt_k_lo: Some(1), pmin: 0.3 }
# timing lines are UNTUNED EAGER wall clocks under correctness-arm residency — NOT perf claims
# vram	post-engine	0, 595 MiB, 97887 MiB | 1, 595 MiB, 97887 MiB
# load	170.9s
# vram	post-load	0, 89971 MiB, 97887 MiB | 1, 9555 MiB, 97887 MiB
# qwen4exp_real_gate	label=ship-thinkon	binary_sha256=6307988375a174e78f463d2d3b2964b4ee9173bfe2e956813c304ba902c82790	ckpt=/home/ubuntu/data/q48fn-nvfp4	host_bf16_banks=false	indexer_norm_raw=false	mtp_dev1=true	spec_opts=SpecOpts { dynk: None, adapt_k_lo: Some(1), pmin: 0.3 }
# timing lines are UNTUNED EAGER wall clocks under correctness-arm residency — NOT perf claims
# spec-ab k=5: plain greedy decode vs spec_generate, fresh states per arm per rep
rep	arm	tokens	ms_per_token	tok_per_s	accept_rate	mean_accept_len
0	plain	256	15.64	63.94	-	-
0	spec	256	13.38	74.74	0.613	1.92
# round-cost	rep=0	rounds=133	chain_ms=2.09	replay_ms=0.71	verify_ms=22.60	cross_ms=0.020	draft_prefill_ms=26.0	zero_draft=31	guard_stops=41	plain_steps=0	k_decays=[]
1	plain	256	15.59	64.14	-	-
1	spec	256	13.37	74.80	0.613	1.92
# round-cost	rep=1	rounds=133	chain_ms=2.09	replay_ms=0.71	verify_ms=22.60	cross_ms=0.020	draft_prefill_ms=23.9	zero_draft=31	guard_stops=41	plain_steps=0	k_decays=[]
2	plain	256	15.62	64.02	-	-
2	spec	256	13.17	75.95	0.613	1.92
# round-cost	rep=2	rounds=133	chain_ms=2.09	replay_ms=0.71	verify_ms=22.22	cross_ms=0.020	draft_prefill_ms=23.8	zero_draft=31	guard_stops=41	plain_steps=0	k_decays=[]
3	plain	256	15.60	64.11	-	-
3	spec	256	13.19	75.79	0.613	1.92
# round-cost	rep=3	rounds=133	chain_ms=2.09	replay_ms=0.71	verify_ms=22.27	cross_ms=0.020	draft_prefill_ms=23.7	zero_draft=31	guard_stops=41	plain_steps=0	k_decays=[]
4	plain	256	15.50	64.51	-	-
4	spec	256	13.09	76.37	0.613	1.92
# round-cost	rep=4	rounds=133	chain_ms=2.09	replay_ms=0.72	verify_ms=22.08	cross_ms=0.020	draft_prefill_ms=23.7	zero_draft=31	guard_stops=41	plain_steps=0	k_decays=[]
# arm plain	mean_of_means_ms=15.59	min=15.50	max=15.64	tok_per_s=64.14
# arm spec	mean_of_means_ms=13.24	min=13.09	max=13.38	tok_per_s=75.53
# rep0_plain_vs_spec_first_divergence	-1
# accept_hist_total	315,205,75,35,25,10
# rep0_plain	1596,1144,4087,1156,25,328,11670,411,4667,5792,5829,709,310,3203,14,11093,11,45328,279,1412,50921,6681,11,321,1910,1092,4203,364,264,19260,421,1429,310,1440,264,4667,1149,271,3850,1156,3105,914,3300,709,13,14235,4222,2466,364,1970,30,1921,6970,3481,13553,4087,30,14235,7936,1534,13,14235,6970,1528,1144,3889,709,13,1921,8106,628,3300,3683,13,14235,25705,25,5335,4667,5792,5829,709,310,3203,14,11093,45328,1412,50921,6681,11,321,1910,19260,4203,13,8439,874,1970,11,567,628,1910,4338,3300,709,11,694,1048,2873,4437,5215,13,14235,6970,6088,1412,35718,4667,50921,25,4667,3831,11,1067,553,20776,14,11093,25,2430,5787,11,460,1067,13,54184,25,874,4667,11,958,2454,4613,1380,2805,730,466,641,3282,11591,6947,13,78503,6681,25,413,4667,2512,440,1412,11,7602,14,6897,26,413,2512,440,819,321,869,11,8563,869,26,413,4667,2512,5081,2942,30,5829,25827,5802,2957,13,14235,20480,413,4667,2496,2512,30,7076,2496,88749,30,1921,3203,14,11093,628,914,20480,20078,7014,9345,13,14235,20480,63723,3659,30,1368,3889,709,6526,4667,13716,6799,440,1412,11,3203,709,1220,2430,13716,6799,30,32645,3203,709,4523,17030,10896,11,524,63723,2430,13,1368,19260,3481,63723,2430,30,21964,5792,709,2493,2430,13716,6799,466
# rep0_spec	1596,1144,4087,1156,25,328,11670,411,4667,5792,5829,709,310,3203,14,11093,11,45328,279,1412,50921,6681,11,321,1910,1092,4203,364,264,19260,421,1429,310,1440,264,4667,1149,271,3850,1156,3105,914,3300,709,13,14235,4222,2466,364,1970,30,1921,6970,3481,13553,4087,30,14235,7936,1534,13,14235,6970,1528,1144,3889,709,13,1921,8106,628,3300,3683,13,14235,25705,25,5335,4667,5792,5829,709,310,3203,14,11093,45328,1412,50921,6681,11,321,1910,19260,4203,13,8439,874,1970,11,567,628,1910,4338,3300,709,11,694,1048,2873,4437,5215,13,14235,6970,6088,1412,35718,4667,50921,25,4667,3831,11,1067,553,20776,14,11093,25,2430,5787,11,460,1067,13,54184,25,874,4667,11,958,2454,4613,1380,2805,730,466,641,3282,11591,6947,13,78503,6681,25,413,4667,2512,440,1412,11,7602,14,6897,26,413,2512,440,819,321,869,11,8563,869,26,413,4667,2512,5081,2942,30,5829,25827,5802,2957,13,14235,20480,413,4667,2496,2512,30,7076,2496,88749,30,1921,3203,14,11093,628,914,20480,20078,7014,9345,13,14235,20480,63723,3659,30,1368,3889,709,6526,4667,13716,6799,440,1412,11,3203,709,1220,2430,13716,6799,30,32645,3203,709,4523,17030,10896,11,524,63723,2430,13,1368,19260,3481,63723,2430,30,21964,5792,709,2493,2430,13716,6799,466

# spec-ab receipt: /home/ubuntu/realgate/mtp10/ship/ab-spec-k5-ship-thinkon.tsv
# qwen4exp_real_gate	label=ship-thinkon	binary_sha256=6307988375a174e78f463d2d3b2964b4ee9173bfe2e956813c304ba902c82790	ckpt=/home/ubuntu/data/q48fn-nvfp4	host_bf16_banks=false	indexer_norm_raw=false	mtp_dev1=true	spec_opts=SpecOpts { dynk: None, adapt_k_lo: Some(1), pmin: 0.3 }
# timing lines are UNTUNED EAGER wall clocks under correctness-arm residency — NOT perf claims
# spec-sampled: vendor defaults temp=1.0 top_p=0.95 top_k=20 seed=0x5eedcafe k=5
# SPEC-ENGAGEMENT	rounds=153	rounds_with_accepts=77	accepted=103	drafted=198	accept_hist=76,62,8,4,2,1
# timing	tokens=256	ms_per_token=15.23	tok_per_s=65.67
# ids	1596,1144,5707,310,1156,25,328,11670,411,4667,5792,5829,709,310,3203,14,11093,11,45328,279,1412,50921,6681,11,321,1910,1092,4203,364,264,19260,421,1429,310,1440,264,4667,1149,271,1421,1467,524,3300,709,13,14235,4222,2466,364,1970,30,1921,6970,3300,4437,13996,5215,321,5020,1144,4880,709,30,561,9640,2640,5335,411,4667,5792,5829,709,694,874,1970,5064,13,1165,1144,4222,4087,1704,2586,466,1622,1970,13,14235,6970,2830,3010,30,14235,20480,1412,50921,6681,321,19260,4203,13,8439,874,1970,11,1902,1910,353,1144,279,709,11,694,1532,579,4437,5215,30,1921,6970,1220,7936,4087,440,5696,1970,30,14235,4222,1534,61446,13,14235,16097,25,328,11670,411,4667,5792,5829,709,1,694,26334,13,10380,4087,25,4338,24147,709,13,1921,310,381,10631,11,3300,264,3683,25,4667,1784,11,1067,8772,1380,14,11093,13,78503,1412,50921,25,4667,20539,4451,430,1118,1344,11,874,6907,3008,6043,30,14235,1910,19260,4203,25,874,4667,11,4523,10896,11,958,2454,466,641,3282,11591,6947,11,2213,5787,11,524,1440,4667,13,1368,709,45374,4216,30,14235,328,325,31654,1,7225,13660,1970,13,271,22916,2814,413,1156,23535,586,310,22846,30,10380,524,13,16018,7936,13553,17454,13,14235,6970,2830,328,40,1459,914,1436,279,709,26

# spec-sampled receipt: /home/ubuntu/realgate/mtp10/ship/spec-sampled-k5-ship-thinkon.tsv
# qwen4exp_real_gate	label=ship-thinkon	binary_sha256=6307988375a174e78f463d2d3b2964b4ee9173bfe2e956813c304ba902c82790	ckpt=/home/ubuntu/data/q48fn-nvfp4	host_bf16_banks=false	indexer_norm_raw=false	mtp_dev1=true	spec_opts=SpecOpts { dynk: None, adapt_k_lo: Some(1), pmin: 0.3 }
# timing lines are UNTUNED EAGER wall clocks under correctness-arm residency — NOT perf claims
# load_seconds=170.9
# vram	post-load	0, 89971 MiB, 97887 MiB | 1, 9555 MiB, 97887 MiB
# probe_tokens=10	ids=[760, 3841, 13477, 37550, 33075, 888, 279, 15217, 5388, 13]
# prefill_seconds=0.29
# vram	post-prefill	0, 90131 MiB, 97887 MiB | 1, 9555 MiB, 97887 MiB
record	rows	cols	max_abs	max_rel	mean_abs	ref_absmax
layer0	10	10240	7.269e-3	7.269e-3	2.142e-4	3.242e-1
layer1	10	10240	7.227e-3	7.227e-3	3.351e-4	4.551e-1
layer2	10	10240	9.171e-3	9.171e-3	4.949e-4	5.273e-1
layer3	10	10240	1.069e-2	1.069e-2	6.315e-4	5.039e-1
layer4	10	10240	2.400e-2	2.400e-2	8.802e-4	5.000e-1
layer5	10	10240	4.044e-2	2.199e-2	1.002e-3	3.047e0
layer6	10	10240	3.950e-2	2.825e-2	1.187e-3	3.078e0
layer7	10	10240	3.766e-2	3.047e-2	1.342e-3	3.047e0
layer8	10	10240	3.723e-2	3.028e-2	1.464e-3	3.062e0
layer9	10	10240	3.919e-2	3.018e-2	1.565e-3	3.062e0
layer10	10	10240	3.944e-2	3.034e-2	1.643e-3	3.125e0
layer11	10	10240	4.564e-2	3.057e-2	1.741e-3	3.016e0
layer12	10	10240	3.579e-2	3.108e-2	1.835e-3	2.953e0
layer13	10	10240	3.742e-2	3.152e-2	1.919e-3	2.984e0
layer14	10	10240	3.983e-2	3.028e-2	2.022e-3	3.016e0
layer15	10	10240	3.942e-2	3.175e-2	2.104e-3	2.953e0
layer16	10	10240	3.426e-2	3.027e-2	2.300e-3	2.938e0
layer17	10	10240	3.720e-2	3.012e-2	2.368e-3	2.969e0
layer18	10	10240	3.641e-2	3.641e-2	2.649e-3	2.969e0
layer19	10	10240	3.828e-2	3.828e-2	2.727e-3	3.000e0
layer20	10	10240	3.628e-2	3.628e-2	2.774e-3	2.938e0
layer21	10	10240	3.821e-2	3.821e-2	2.970e-3	2.969e0
layer22	10	10240	3.808e-2	3.808e-2	3.195e-3	2.969e0
layer23	10	10240	4.135e-2	4.135e-2	3.286e-3	2.969e0
layer24	10	10240	4.415e-2	4.415e-2	3.629e-3	3.828e0
layer25	10	10240	4.598e-2	4.598e-2	3.749e-3	3.859e0
layer26	10	10240	4.796e-2	4.796e-2	4.048e-3	5.062e0
layer27	10	10240	5.241e-2	5.241e-2	4.362e-3	4.750e0
layer28	10	10240	6.440e-2	6.440e-2	4.784e-3	4.531e0
layer29	10	10240	7.918e-2	7.918e-2	5.283e-3	4.469e0
layer30	10	10240	8.751e-2	8.751e-2	5.835e-3	4.438e0
layer31	10	10240	1.252e-1	1.252e-1	6.236e-3	4.281e0
layer32	10	10240	1.439e-1	1.439e-1	6.911e-3	3.891e0
layer33	10	10240	1.524e-1	1.524e-1	7.579e-3	3.844e0
layer34	10	10240	1.494e-1	1.494e-1	8.300e-3	3.828e0
layer35	10	10240	1.632e-1	1.632e-1	9.258e-3	3.859e0
layer36	10	10240	3.300e-1	3.300e-1	1.263e-2	6.844e0
layer37	10	10240	3.278e-1	3.278e-1	1.420e-2	7.094e0
layer38	10	10240	3.274e-1	3.274e-1	1.643e-2	7.094e0
layer39	10	10240	3.848e-1	3.778e-1	1.920e-2	7.188e0
layer40	10	10240	4.305e-1	4.217e-1	2.234e-2	7.219e0
layer41	10	10240	4.475e-1	4.108e-1	2.430e-2	7.125e0
layer42	10	10240	4.586e-1	3.913e-1	2.669e-2	7.156e0
layer43	10	10240	4.799e-1	4.158e-1	2.980e-2	7.188e0
layer44	10	10240	6.259e-1	6.259e-1	3.642e-2	1.162e1
layer45	10	10240	7.158e-1	7.060e-1	4.507e-2	1.169e1
layer46	10	10240	8.605e-1	8.605e-1	5.328e-2	1.350e1
layer47	10	10240	9.034e-1	9.034e-1	5.724e-2	2.575e1
exit_mixer	10	2560	1.279e1	6.599e0	4.373e-1	1.880e2
logits	10	248320	6.183e0	4.901e0	2.689e-1	1.950e1
logits_row	max_abs	max_rel	ref_absmax	golden_top1	our_top1	match
0	3.553e-1	3.553e-1	1.231e1	20438	20438	true
1	1.170e0	1.057e0	1.431e1	4087	4087	true
2	1.182e0	1.046e0	1.800e1	37550	37550	true
3	1.315e0	1.012e0	1.638e1	33075	33075	true
4	1.883e0	1.825e0	1.888e1	888	888	true
5	1.522e0	1.332e0	1.862e1	279	279	true
6	2.620e0	1.682e0	1.950e1	15217	15217	true
7	1.841e0	1.686e0	1.888e1	5388	5388	true
8	1.908e0	1.846e0	1.575e1	13	13	true
9	6.183e0	4.901e0	1.638e1	271	271	true
# logits_argmax_agreement	10/10
# probe_logits	/home/ubuntu/realgate/mtp10/ship/probe-logits-ship-thinkon.bin	rows=10	vocab=248320

# hidden receipt: /home/ubuntu/realgate/mtp10/ship/hidden-gate-ship-thinkon.tsv
# greedy prompt 0: first_divergence=0 matched=0/83 prefill=1.03s mean_decode=15.2ms
# greedy prompt 1: first_divergence=0 matched=0/91 prefill=1.10s mean_decode=15.2ms
# greedy prompt 2: first_divergence=0 matched=0/104 prefill=1.20s mean_decode=15.3ms
# greedy prompt 3: first_divergence=0 matched=0/105 prefill=1.19s mean_decode=15.3ms
# greedy receipt: /home/ubuntu/realgate/mtp10/ship/greedy-gate-ship-thinkon.tsv
# spec-gate prompt 0: first_divergence=-1 accept_rate=0.786 mean_len=3.37 spec=9.8ms plain=15.0ms
# spec-gate prompt 1: first_divergence=-1 accept_rate=0.750 mean_len=3.56 spec=10.1ms plain=15.1ms
# spec-gate prompt 2: first_divergence=-1 accept_rate=0.787 mean_len=3.37 spec=10.2ms plain=15.2ms
# spec-gate prompt 3: first_divergence=-1 accept_rate=0.759 mean_len=3.37 spec=10.0ms plain=15.2ms
# spec-gate receipt: /home/ubuntu/realgate/mtp10/ship/spec-gate-k5-ship-thinkon.tsv
=== E3: thinkoff at adapt1+pmin0.3 ===
# qwen4exp_real_gate	label=ship-thinkoff	binary_sha256=6307988375a174e78f463d2d3b2964b4ee9173bfe2e956813c304ba902c82790	ckpt=/home/ubuntu/data/q48fn-nvfp4	host_bf16_banks=false	indexer_norm_raw=false	mtp_dev1=true	spec_opts=SpecOpts { dynk: None, adapt_k_lo: Some(1), pmin: 0.3 }
# timing lines are UNTUNED EAGER wall clocks under correctness-arm residency — NOT perf claims
# vram	post-engine	0, 595 MiB, 97887 MiB | 1, 595 MiB, 97887 MiB
# load	169.3s
# vram	post-load	0, 89971 MiB, 97887 MiB | 1, 9555 MiB, 97887 MiB
# qwen4exp_real_gate	label=ship-thinkoff	binary_sha256=6307988375a174e78f463d2d3b2964b4ee9173bfe2e956813c304ba902c82790	ckpt=/home/ubuntu/data/q48fn-nvfp4	host_bf16_banks=false	indexer_norm_raw=false	mtp_dev1=true	spec_opts=SpecOpts { dynk: None, adapt_k_lo: Some(1), pmin: 0.3 }
# timing lines are UNTUNED EAGER wall clocks under correctness-arm residency — NOT perf claims
# spec-ab k=5: plain greedy decode vs spec_generate, fresh states per arm per rep
rep	arm	tokens	ms_per_token	tok_per_s	accept_rate	mean_accept_len
0	plain	256	15.30	65.34	-	-
0	spec	256	10.11	98.87	0.788	3.56
# round-cost	rep=0	rounds=72	chain_ms=4.33	replay_ms=0.95	verify_ms=30.30	cross_ms=0.021	draft_prefill_ms=17.6	zero_draft=3	guard_stops=4	plain_steps=0	k_decays=[]
1	plain	256	15.30	65.38	-	-
1	spec	256	9.84	101.58	0.788	3.56
# round-cost	rep=1	rounds=72	chain_ms=4.32	replay_ms=0.95	verify_ms=29.40	cross_ms=0.022	draft_prefill_ms=15.5	zero_draft=3	guard_stops=4	plain_steps=0	k_decays=[]
2	plain	256	15.29	65.41	-	-
2	spec	256	9.79	102.16	0.788	3.56
# round-cost	rep=2	rounds=72	chain_ms=4.32	replay_ms=0.94	verify_ms=29.20	cross_ms=0.021	draft_prefill_ms=15.5	zero_draft=3	guard_stops=4	plain_steps=0	k_decays=[]
3	plain	256	15.33	65.23	-	-
3	spec	256	9.71	102.99	0.788	3.56
# round-cost	rep=3	rounds=72	chain_ms=4.32	replay_ms=0.94	verify_ms=28.93	cross_ms=0.021	draft_prefill_ms=15.5	zero_draft=3	guard_stops=4	plain_steps=0	k_decays=[]
4	plain	256	15.37	65.06	-	-
4	spec	256	9.61	104.01	0.788	3.56
# round-cost	rep=4	rounds=72	chain_ms=4.32	replay_ms=0.94	verify_ms=28.59	cross_ms=0.021	draft_prefill_ms=15.5	zero_draft=3	guard_stops=4	plain_steps=0	k_decays=[]
# arm plain	mean_of_means_ms=15.32	min=15.29	max=15.37	tok_per_s=65.28
# arm spec	mean_of_means_ms=9.81	min=9.61	max=10.11	tok_per_s=101.89
# rep0_plain_vs_spec_first_divergence	-1
# accept_hist_total	45,60,70,65,65,55
# rep0_plain	2,1160,47755,21964,58303,5829,5534,310,20776,10052,11158,271,550,561,41096,271,12189,488,3105,914,3300,264,3050,709,11,353,3172,19264,440,264,17697,3010,321,10033,279,4437,5215,13,271,13962,12851,318,7259,5792,8,271,71093,13670,198,989,8355,283,1325,482,3720,4515,271,1628,59649,2939,14048,28638,11,4667,8,313,198,220,8355,52745,28638,11,359,4609,23,504,318,600,11,795,8,574,313,198,262,413,318,600,8,313,198,406,4667,3831,1174,198,406,460,26,198,262,333,198,262,1380,313,198,406,713,15215,283,4566,4482,2507,1174,198,406,4667,4806,11,15215,1174,198,262,333,2213,318,6199,7501,8,313,198,406,4667,26862,7501,1174,198,262,333,198,220,17574,198,92,198,71093,271,13962,4486,318,7449,14,11093,8,271,71093,13670,198,989,8355,283,1325,482,3720,1760,23693,4750,26,271,7449,709,59649,2939,14048,28638,8,313,198,220,713,795,283,2454,8355,52745,28638,11,359,4609,23,4515,198,220,460,4566,4482,2507,1174,198,92,198,71093,271,550,5141,27227,594,3975,2683,4451,13840,35035,271,91,77295,735,21964,5889,735,20776,10052,11158,5889,735,198,91,4277,91,4277,91,4277,91,198,91,2972,1401,51842,332,735,1510,13105,3831,44646,735,1510,6897,63,318,29925,4417,17030,10896,8,735,198
# rep0_spec	2,1160,47755,21964,58303,5829,5534,310,20776,10052,11158,271,550,561,41096,271,12189,488,3105,914,3300,264,3050,709,11,353,3172,19264,440,264,17697,3010,321,10033,279,4437,5215,13,271,13962,12851,318,7259,5792,8,271,71093,13670,198,989,8355,283,1325,482,3720,4515,271,1628,59649,2939,14048,28638,11,4667,8,313,198,220,8355,52745,28638,11,359,4609,23,504,318,600,11,795,8,574,313,198,262,413,318,600,8,313,198,406,4667,3831,1174,198,406,460,26,198,262,333,198,262,1380,313,198,406,713,15215,283,4566,4482,2507,1174,198,406,4667,4806,11,15215,1174,198,262,333,2213,318,6199,7501,8,313,198,406,4667,26862,7501,1174,198,262,333,198,220,17574,198,92,198,71093,271,13962,4486,318,7449,14,11093,8,271,71093,13670,198,989,8355,283,1325,482,3720,1760,23693,4750,26,271,7449,709,59649,2939,14048,28638,8,313,198,220,713,795,283,2454,8355,52745,28638,11,359,4609,23,4515,198,220,460,4566,4482,2507,1174,198,92,198,71093,271,550,5141,27227,594,3975,2683,4451,13840,35035,271,91,77295,735,21964,5889,735,20776,10052,11158,5889,735,198,91,4277,91,4277,91,4277,91,198,91,2972,1401,51842,332,735,1510,13105,3831,44646,735,1510,6897,63,318,29925,4417,17030,10896,8,735,198

# spec-ab receipt: /home/ubuntu/realgate/mtp10/ship/ab-spec-k5-ship-thinkoff.tsv
# qwen4exp_real_gate	label=ship-thinkoff	binary_sha256=6307988375a174e78f463d2d3b2964b4ee9173bfe2e956813c304ba902c82790	ckpt=/home/ubuntu/data/q48fn-nvfp4	host_bf16_banks=false	indexer_norm_raw=false	mtp_dev1=true	spec_opts=SpecOpts { dynk: None, adapt_k_lo: Some(1), pmin: 0.3 }
# timing lines are UNTUNED EAGER wall clocks under correctness-arm residency — NOT perf claims
# spec-sampled: vendor defaults temp=1.0 top_p=0.95 top_k=20 seed=0x5eedcafe k=5
# SPEC-ENGAGEMENT	rounds=103	rounds_with_accepts=77	accepted=152	drafted=240	accept_hist=26,38,19,10,4,6
# timing	tokens=256	ms_per_token=12.46	tok_per_s=80.23
# ids	40,1459,914,1436,279,3050,4667,5792,709,303,678,1876,13,16018,488,24147,279,1970,488,4035,1040,15625,30,271,623,279,31765,11,1532,579,279,4437,5215,321,279,4087,310,678,2018,3296,25,271,550,3146,41096,18264,271,332,9923,318,13105,5792,188912,198,71093,13670,198,1628,26720,3598,11,4667,8,313,198,220,434,3203,5488,198,220,1010,6322,6903,3598,11,318,600,11,1067,8,574,313,198,262,413,318,600,8,460,4667,3831,1174,198,262,4667,4806,11,1067,1174,198,220,17574,198,92,198,71093,271,332,5836,318,7449,14,11093,188912,198,71093,13670,198,7449,709,26720,3598,8,313,198,220,1380,313,198,262,713,1067,283,2454,1010,6322,6903,6322,5460,3598,1174,434,24725,237849,1806,198,262,460,1067,26,198,220,333,2213,318,600,8,313,198,262,2430,1784,26,434,466,3579,10442,6897,430,8053,198,220,333,198,92,198,71093,271,2592,279,16045,5165,369,1990,4667,5792,11,488,4035,14623,424,440,1510,1268,58701,87187,63,466,264,11048,1510,902,7076,63,12876,13,271,550,3437,27227,364,264,54184,2844,47471,264,21964,271,16,13,2972,2523,874,4860,1440,264,4667,159029,11746,11,488,2892,25,198,256,471,1510,11093,63,279,1562,25,1510,989,1067,283,2454,26720,7,19,17,1174,63,198,256

# spec-sampled receipt: /home/ubuntu/realgate/mtp10/ship/spec-sampled-k5-ship-thinkoff.tsv
# qwen4exp_real_gate	label=ship-thinkoff	binary_sha256=6307988375a174e78f463d2d3b2964b4ee9173bfe2e956813c304ba902c82790	ckpt=/home/ubuntu/data/q48fn-nvfp4	host_bf16_banks=false	indexer_norm_raw=false	mtp_dev1=true	spec_opts=SpecOpts { dynk: None, adapt_k_lo: Some(1), pmin: 0.3 }
# timing lines are UNTUNED EAGER wall clocks under correctness-arm residency — NOT perf claims
# load_seconds=169.3
# vram	post-load	0, 89971 MiB, 97887 MiB | 1, 9555 MiB, 97887 MiB
# probe_tokens=10	ids=[760, 3841, 13477, 37550, 33075, 888, 279, 15217, 5388, 13]
# prefill_seconds=0.28
# vram	post-prefill	0, 90131 MiB, 97887 MiB | 1, 9555 MiB, 97887 MiB
record	rows	cols	max_abs	max_rel	mean_abs	ref_absmax
layer0	10	10240	7.269e-3	7.269e-3	2.142e-4	3.242e-1
layer1	10	10240	7.227e-3	7.227e-3	3.351e-4	4.551e-1
layer2	10	10240	9.171e-3	9.171e-3	4.949e-4	5.273e-1
layer3	10	10240	1.069e-2	1.069e-2	6.315e-4	5.039e-1
layer4	10	10240	2.400e-2	2.400e-2	8.802e-4	5.000e-1
layer5	10	10240	4.044e-2	2.199e-2	1.002e-3	3.047e0
layer6	10	10240	3.950e-2	2.825e-2	1.187e-3	3.078e0
layer7	10	10240	3.766e-2	3.047e-2	1.342e-3	3.047e0
layer8	10	10240	3.723e-2	3.028e-2	1.464e-3	3.062e0
layer9	10	10240	3.919e-2	3.018e-2	1.565e-3	3.062e0
layer10	10	10240	3.944e-2	3.034e-2	1.643e-3	3.125e0
layer11	10	10240	4.564e-2	3.057e-2	1.741e-3	3.016e0
layer12	10	10240	3.579e-2	3.108e-2	1.835e-3	2.953e0
layer13	10	10240	3.742e-2	3.152e-2	1.919e-3	2.984e0
layer14	10	10240	3.983e-2	3.028e-2	2.022e-3	3.016e0
layer15	10	10240	3.942e-2	3.175e-2	2.104e-3	2.953e0
layer16	10	10240	3.426e-2	3.027e-2	2.300e-3	2.938e0
layer17	10	10240	3.720e-2	3.012e-2	2.368e-3	2.969e0
layer18	10	10240	3.641e-2	3.641e-2	2.649e-3	2.969e0
layer19	10	10240	3.828e-2	3.828e-2	2.727e-3	3.000e0
layer20	10	10240	3.628e-2	3.628e-2	2.774e-3	2.938e0
layer21	10	10240	3.821e-2	3.821e-2	2.970e-3	2.969e0
layer22	10	10240	3.808e-2	3.808e-2	3.195e-3	2.969e0
layer23	10	10240	4.135e-2	4.135e-2	3.286e-3	2.969e0
layer24	10	10240	4.415e-2	4.415e-2	3.629e-3	3.828e0
layer25	10	10240	4.598e-2	4.598e-2	3.749e-3	3.859e0
layer26	10	10240	4.796e-2	4.796e-2	4.048e-3	5.062e0
layer27	10	10240	5.241e-2	5.241e-2	4.362e-3	4.750e0
layer28	10	10240	6.440e-2	6.440e-2	4.784e-3	4.531e0
layer29	10	10240	7.918e-2	7.918e-2	5.283e-3	4.469e0
layer30	10	10240	8.751e-2	8.751e-2	5.835e-3	4.438e0
layer31	10	10240	1.252e-1	1.252e-1	6.236e-3	4.281e0
layer32	10	10240	1.439e-1	1.439e-1	6.911e-3	3.891e0
layer33	10	10240	1.524e-1	1.524e-1	7.579e-3	3.844e0
layer34	10	10240	1.494e-1	1.494e-1	8.300e-3	3.828e0
layer35	10	10240	1.632e-1	1.632e-1	9.258e-3	3.859e0
layer36	10	10240	3.300e-1	3.300e-1	1.263e-2	6.844e0
layer37	10	10240	3.278e-1	3.278e-1	1.420e-2	7.094e0
layer38	10	10240	3.274e-1	3.274e-1	1.643e-2	7.094e0
layer39	10	10240	3.848e-1	3.778e-1	1.920e-2	7.188e0
layer40	10	10240	4.305e-1	4.217e-1	2.234e-2	7.219e0
layer41	10	10240	4.475e-1	4.108e-1	2.430e-2	7.125e0
layer42	10	10240	4.586e-1	3.913e-1	2.669e-2	7.156e0
layer43	10	10240	4.799e-1	4.158e-1	2.980e-2	7.188e0
layer44	10	10240	6.259e-1	6.259e-1	3.642e-2	1.162e1
layer45	10	10240	7.158e-1	7.060e-1	4.507e-2	1.169e1
layer46	10	10240	8.605e-1	8.605e-1	5.328e-2	1.350e1
layer47	10	10240	9.034e-1	9.034e-1	5.724e-2	2.575e1
exit_mixer	10	2560	1.279e1	6.599e0	4.373e-1	1.880e2
logits	10	248320	6.183e0	4.901e0	2.689e-1	1.950e1
logits_row	max_abs	max_rel	ref_absmax	golden_top1	our_top1	match
0	3.553e-1	3.553e-1	1.231e1	20438	20438	true
1	1.170e0	1.057e0	1.431e1	4087	4087	true
2	1.182e0	1.046e0	1.800e1	37550	37550	true
3	1.315e0	1.012e0	1.638e1	33075	33075	true
4	1.883e0	1.825e0	1.888e1	888	888	true
5	1.522e0	1.332e0	1.862e1	279	279	true
6	2.620e0	1.682e0	1.950e1	15217	15217	true
7	1.841e0	1.686e0	1.888e1	5388	5388	true
8	1.908e0	1.846e0	1.575e1	13	13	true
9	6.183e0	4.901e0	1.638e1	271	271	true
# logits_argmax_agreement	10/10
# probe_logits	/home/ubuntu/realgate/mtp10/ship/probe-logits-ship-thinkoff.bin	rows=10	vocab=248320

# hidden receipt: /home/ubuntu/realgate/mtp10/ship/hidden-gate-ship-thinkoff.tsv
# greedy prompt 0: first_divergence=0 matched=0/43 prefill=0.66s mean_decode=15.0ms
# greedy prompt 1: first_divergence=0 matched=0/51 prefill=0.73s mean_decode=15.0ms
# greedy prompt 2: first_divergence=0 matched=0/64 prefill=0.83s mean_decode=15.0ms
# greedy prompt 3: first_divergence=0 matched=0/65 prefill=0.82s mean_decode=15.0ms
# greedy receipt: /home/ubuntu/realgate/mtp10/ship/greedy-gate-ship-thinkoff.tsv
# spec-gate prompt 0: first_divergence=-1 accept_rate=0.724 mean_len=3.05 spec=10.2ms plain=14.7ms
# spec-gate prompt 1: first_divergence=-1 accept_rate=0.758 mean_len=3.56 spec=9.8ms plain=14.8ms
# spec-gate prompt 2: first_divergence=-1 accept_rate=0.800 mean_len=3.76 spec=9.5ms plain=14.9ms
# spec-gate prompt 3: first_divergence=-1 accept_rate=0.803 mean_len=3.37 spec=10.0ms plain=14.9ms
# spec-gate receipt: /home/ubuntu/realgate/mtp10/ship/spec-gate-k5-ship-thinkoff.tsv
=== E3: efflow at adapt1+pmin0.3 ===
# qwen4exp_real_gate	label=ship-efflow	binary_sha256=6307988375a174e78f463d2d3b2964b4ee9173bfe2e956813c304ba902c82790	ckpt=/home/ubuntu/data/q48fn-nvfp4	host_bf16_banks=false	indexer_norm_raw=false	mtp_dev1=true	spec_opts=SpecOpts { dynk: None, adapt_k_lo: Some(1), pmin: 0.3 }
# timing lines are UNTUNED EAGER wall clocks under correctness-arm residency — NOT perf claims
# vram	post-engine	0, 595 MiB, 97887 MiB | 1, 595 MiB, 97887 MiB
# load	173.9s
# vram	post-load	0, 89971 MiB, 97887 MiB | 1, 9555 MiB, 97887 MiB
# qwen4exp_real_gate	label=ship-efflow	binary_sha256=6307988375a174e78f463d2d3b2964b4ee9173bfe2e956813c304ba902c82790	ckpt=/home/ubuntu/data/q48fn-nvfp4	host_bf16_banks=false	indexer_norm_raw=false	mtp_dev1=true	spec_opts=SpecOpts { dynk: None, adapt_k_lo: Some(1), pmin: 0.3 }
# timing lines are UNTUNED EAGER wall clocks under correctness-arm residency — NOT perf claims
# spec-ab k=5: plain greedy decode vs spec_generate, fresh states per arm per rep
rep	arm	tokens	ms_per_token	tok_per_s	accept_rate	mean_accept_len
0	plain	256	15.53	64.41	-	-
0	spec	256	12.96	77.16	0.586	2.15
# round-cost	rep=0	rounds=119	chain_ms=2.44	replay_ms=0.74	verify_ms=24.30	cross_ms=0.020	draft_prefill_ms=25.0	zero_draft=6	guard_stops=11	plain_steps=0	k_decays=[]
1	plain	256	15.53	64.39	-	-
1	spec	256	12.87	77.68	0.586	2.15
# round-cost	rep=1	rounds=119	chain_ms=2.44	replay_ms=0.74	verify_ms=24.14	cross_ms=0.020	draft_prefill_ms=22.5	zero_draft=6	guard_stops=11	plain_steps=0	k_decays=[]
2	plain	256	15.55	64.30	-	-
2	spec	256	12.72	78.64	0.586	2.15
# round-cost	rep=2	rounds=119	chain_ms=2.44	replay_ms=0.74	verify_ms=23.81	cross_ms=0.020	draft_prefill_ms=22.4	zero_draft=6	guard_stops=11	plain_steps=0	k_decays=[]
3	plain	256	15.53	64.38	-	-
3	spec	256	12.65	79.04	0.586	2.15
# round-cost	rep=3	rounds=119	chain_ms=2.44	replay_ms=0.74	verify_ms=23.67	cross_ms=0.020	draft_prefill_ms=22.6	zero_draft=6	guard_stops=11	plain_steps=0	k_decays=[]
4	plain	256	15.46	64.68	-	-
4	spec	256	12.48	80.12	0.586	2.15
# round-cost	rep=4	rounds=119	chain_ms=2.44	replay_ms=0.74	verify_ms=23.30	cross_ms=0.019	draft_prefill_ms=22.6	zero_draft=6	guard_stops=11	plain_steps=0	k_decays=[]
# arm plain	mean_of_means_ms=15.52	min=15.46	max=15.55	tok_per_s=64.43
# arm spec	mean_of_means_ms=12.74	min=12.48	max=12.96	tok_per_s=78.52
# rep0_plain_vs_spec_first_divergence	-1
# accept_hist_total	195,225,110,40,10,15
# rep0_plain	760,1156,6587,728,310,25,198,16,13,6943,264,4667,5792,5829,2764,709,310,3203,14,11093,198,17,13,78503,1412,50921,6681,198,18,13,79091,1092,4203,364,79077,271,3850,3655,1892,781,3105,914,3404,3300,264,3050,709,310,5335,13,353,1144,310,3608,264,17697,3010,421,30098,279,1328,12261,25,1412,35718,25827,11,5081,4667,12351,11,321,279,80899,314,45328,50921,13,271,9764,728,1683,883,1092,3520,264,1603,3010,25,198,12,357,709,421,1503,2414,3203,318,4650,5122,264,999,11,3154,264,1622,11,466,78304,264,5767,8,198,12,11114,1412,35718,4667,5215,25,1510,13105,3831,11,1067,44646,198,12,10380,682,1010,6607,4886,5621,23620,271,40,3172,1791,264,24679,3010,1892,2414,1040,264,709,421,15339,264,999,11,68434,424,11,321,4523,795,13,4844,353,3172,1420,279,13996,321,10033,279,19260,4203,13,271,1536,2433,310,20480,25,198,12,4451,35718,50921,318,7407,14555,5972,13,5642,310,4667,8,198,12,561,2029,421,25827,513,2512,6681,2957,198,12,561,2029,421,5787,513,348,1856,9,14555,694,5642,430,1118,5515,198,12,561,2029,421,279,709,2496,3659,13716,6799,318,269,1503,424,30,1892,1144,310,3579,421,8,271,2381,279,19260,4203,25,198,12,2233,777,4667,5515,198,12,15011,958,1510
# rep0_spec	760,1156,6587,728,310,25,198,16,13,6943,264,4667,5792,5829,2764,709,310,3203,14,11093,198,17,13,78503,1412,50921,6681,198,18,13,79091,1092,4203,364,79077,271,3850,3655,1892,781,3105,914,3404,3300,264,3050,709,310,5335,13,353,1144,310,3608,264,17697,3010,421,30098,279,1328,12261,25,1412,35718,25827,11,5081,4667,12351,11,321,279,80899,314,45328,50921,13,271,9764,728,1683,883,1092,3520,264,1603,3010,25,198,12,357,709,421,1503,2414,3203,318,4650,5122,264,999,11,3154,264,1622,11,466,78304,264,5767,8,198,12,11114,1412,35718,4667,5215,25,1510,13105,3831,11,1067,44646,198,12,10380,682,1010,6607,4886,5621,23620,271,40,3172,1791,264,24679,3010,1892,2414,1040,264,709,421,15339,264,999,11,68434,424,11,321,4523,795,13,4844,353,3172,1420,279,13996,321,10033,279,19260,4203,13,271,1536,2433,310,20480,25,198,12,4451,35718,50921,318,7407,14555,5972,13,5642,310,4667,8,198,12,561,2029,421,25827,513,2512,6681,2957,198,12,561,2029,421,5787,513,348,1856,9,14555,694,5642,430,1118,5515,198,12,561,2029,421,279,709,2496,3659,13716,6799,318,269,1503,424,30,1892,1144,310,3579,421,8,271,2381,279,19260,4203,25,198,12,2233,777,4667,5515,198,12,15011,958,1510

# spec-ab receipt: /home/ubuntu/realgate/mtp10/ship/ab-spec-k5-ship-efflow.tsv
# qwen4exp_real_gate	label=ship-efflow	binary_sha256=6307988375a174e78f463d2d3b2964b4ee9173bfe2e956813c304ba902c82790	ckpt=/home/ubuntu/data/q48fn-nvfp4	host_bf16_banks=false	indexer_norm_raw=false	mtp_dev1=true	spec_opts=SpecOpts { dynk: None, adapt_k_lo: Some(1), pmin: 0.3 }
# timing lines are UNTUNED EAGER wall clocks under correctness-arm residency — NOT perf claims
# spec-sampled: vendor defaults temp=1.0 top_p=0.95 top_k=20 seed=0x5eedcafe k=5
# SPEC-ENGAGEMENT	rounds=104	rounds_with_accepts=73	accepted=151	drafted=249	accept_hist=31,31,20,12,6,4
# timing	tokens=256	ms_per_token=12.85	tok_per_s=77.83
# ids	760,1156,6587,728,310,25,198,16,13,6943,264,4667,5792,5829,2764,709,310,3203,14,11093,198,17,13,78503,1412,50921,6681,198,18,13,79091,1092,4203,364,264,19260,271,13784,1892,781,3105,914,3404,3300,264,3050,709,13,2302,1018,328,559,4667,5792,5829,709,1,694,1017,579,874,709,303,279,1876,13,353,1144,310,2466,364,279,709,11,2639,353,628,3300,264,17697,3010,421,30098,279,5215,9077,13,4558,21365,279,1273,93144,328,11670,411,4667,5792,5829,709,1288,781,2714,310,1660,264,13769,4087,13,353,3172,3300,264,17697,3010,421,14103,279,1379,4047,12261,318,64,709,421,5533,1510,3720,63,12,3412,25827,440,449,47029,600,11,795,44646,5215,681,5335,424,11,321,10033,279,19260,4203,13,1061,369,279,1379,5222,1965,353,628,2873,1973,777,2193,13,271,9764,728,1683,883,1092,310,2830,25,198,12,357,13852,4667,5792,709,318,68,1257,2487,5122,264,999,11,466,264,2446,709,440,47029,600,11,1067,44646,4667,5215,8,198,12,561,3203,14,11093,13996,198,12,2500,310,3579,279,1105,1332,488,1144,310,2619,87187,449,6149,4667,5792,709,5972,13,91182,799,488,1765,198,12,3437,4203,364,279,19260,271,40,3172,1420,2107,25,318,16,8,91182,264,709,488,1765,11,321,318,17,8

# spec-sampled receipt: /home/ubuntu/realgate/mtp10/ship/spec-sampled-k5-ship-efflow.tsv
# qwen4exp_real_gate	label=ship-efflow	binary_sha256=6307988375a174e78f463d2d3b2964b4ee9173bfe2e956813c304ba902c82790	ckpt=/home/ubuntu/data/q48fn-nvfp4	host_bf16_banks=false	indexer_norm_raw=false	mtp_dev1=true	spec_opts=SpecOpts { dynk: None, adapt_k_lo: Some(1), pmin: 0.3 }
# timing lines are UNTUNED EAGER wall clocks under correctness-arm residency — NOT perf claims
# load_seconds=173.9
# vram	post-load	0, 89971 MiB, 97887 MiB | 1, 9555 MiB, 97887 MiB
# probe_tokens=10	ids=[760, 3841, 13477, 37550, 33075, 888, 279, 15217, 5388, 13]
# prefill_seconds=0.28
# vram	post-prefill	0, 90131 MiB, 97887 MiB | 1, 9555 MiB, 97887 MiB
record	rows	cols	max_abs	max_rel	mean_abs	ref_absmax
layer0	10	10240	7.269e-3	7.269e-3	2.142e-4	3.242e-1
layer1	10	10240	7.227e-3	7.227e-3	3.351e-4	4.551e-1
layer2	10	10240	9.171e-3	9.171e-3	4.949e-4	5.273e-1
layer3	10	10240	1.069e-2	1.069e-2	6.315e-4	5.039e-1
layer4	10	10240	2.400e-2	2.400e-2	8.802e-4	5.000e-1
layer5	10	10240	4.044e-2	2.199e-2	1.002e-3	3.047e0
layer6	10	10240	3.950e-2	2.825e-2	1.187e-3	3.078e0
layer7	10	10240	3.766e-2	3.047e-2	1.342e-3	3.047e0
layer8	10	10240	3.723e-2	3.028e-2	1.464e-3	3.062e0
layer9	10	10240	3.919e-2	3.018e-2	1.565e-3	3.062e0
layer10	10	10240	3.944e-2	3.034e-2	1.643e-3	3.125e0
layer11	10	10240	4.564e-2	3.057e-2	1.741e-3	3.016e0
layer12	10	10240	3.579e-2	3.108e-2	1.835e-3	2.953e0
layer13	10	10240	3.742e-2	3.152e-2	1.919e-3	2.984e0
layer14	10	10240	3.983e-2	3.028e-2	2.022e-3	3.016e0
layer15	10	10240	3.942e-2	3.175e-2	2.104e-3	2.953e0
layer16	10	10240	3.426e-2	3.027e-2	2.300e-3	2.938e0
layer17	10	10240	3.720e-2	3.012e-2	2.368e-3	2.969e0
layer18	10	10240	3.641e-2	3.641e-2	2.649e-3	2.969e0
layer19	10	10240	3.828e-2	3.828e-2	2.727e-3	3.000e0
layer20	10	10240	3.628e-2	3.628e-2	2.774e-3	2.938e0
layer21	10	10240	3.821e-2	3.821e-2	2.970e-3	2.969e0
layer22	10	10240	3.808e-2	3.808e-2	3.195e-3	2.969e0
layer23	10	10240	4.135e-2	4.135e-2	3.286e-3	2.969e0
layer24	10	10240	4.415e-2	4.415e-2	3.629e-3	3.828e0
layer25	10	10240	4.598e-2	4.598e-2	3.749e-3	3.859e0
layer26	10	10240	4.796e-2	4.796e-2	4.048e-3	5.062e0
layer27	10	10240	5.241e-2	5.241e-2	4.362e-3	4.750e0
layer28	10	10240	6.440e-2	6.440e-2	4.784e-3	4.531e0
layer29	10	10240	7.918e-2	7.918e-2	5.283e-3	4.469e0
layer30	10	10240	8.751e-2	8.751e-2	5.835e-3	4.438e0
layer31	10	10240	1.252e-1	1.252e-1	6.236e-3	4.281e0
layer32	10	10240	1.439e-1	1.439e-1	6.911e-3	3.891e0
layer33	10	10240	1.524e-1	1.524e-1	7.579e-3	3.844e0
layer34	10	10240	1.494e-1	1.494e-1	8.300e-3	3.828e0
layer35	10	10240	1.632e-1	1.632e-1	9.258e-3	3.859e0
layer36	10	10240	3.300e-1	3.300e-1	1.263e-2	6.844e0
layer37	10	10240	3.278e-1	3.278e-1	1.420e-2	7.094e0
layer38	10	10240	3.274e-1	3.274e-1	1.643e-2	7.094e0
layer39	10	10240	3.848e-1	3.778e-1	1.920e-2	7.188e0
layer40	10	10240	4.305e-1	4.217e-1	2.234e-2	7.219e0
layer41	10	10240	4.475e-1	4.108e-1	2.430e-2	7.125e0
layer42	10	10240	4.586e-1	3.913e-1	2.669e-2	7.156e0
layer43	10	10240	4.799e-1	4.158e-1	2.980e-2	7.188e0
layer44	10	10240	6.259e-1	6.259e-1	3.642e-2	1.162e1
layer45	10	10240	7.158e-1	7.060e-1	4.507e-2	1.169e1
layer46	10	10240	8.605e-1	8.605e-1	5.328e-2	1.350e1
layer47	10	10240	9.034e-1	9.034e-1	5.724e-2	2.575e1
exit_mixer	10	2560	1.279e1	6.599e0	4.373e-1	1.880e2
logits	10	248320	6.183e0	4.901e0	2.689e-1	1.950e1
logits_row	max_abs	max_rel	ref_absmax	golden_top1	our_top1	match
0	3.553e-1	3.553e-1	1.231e1	20438	20438	true
1	1.170e0	1.057e0	1.431e1	4087	4087	true
2	1.182e0	1.046e0	1.800e1	37550	37550	true
3	1.315e0	1.012e0	1.638e1	33075	33075	true
4	1.883e0	1.825e0	1.888e1	888	888	true
5	1.522e0	1.332e0	1.862e1	279	279	true
6	2.620e0	1.682e0	1.950e1	15217	15217	true
7	1.841e0	1.686e0	1.888e1	5388	5388	true
8	1.908e0	1.846e0	1.575e1	13	13	true
9	6.183e0	4.901e0	1.638e1	271	271	true
# logits_argmax_agreement	10/10
# probe_logits	/home/ubuntu/realgate/mtp10/ship/probe-logits-ship-efflow.bin	rows=10	vocab=248320

# hidden receipt: /home/ubuntu/realgate/mtp10/ship/hidden-gate-ship-efflow.tsv
# greedy prompt 0: first_divergence=0 matched=0/71 prefill=0.95s mean_decode=15.4ms
# greedy prompt 1: first_divergence=0 matched=0/79 prefill=1.03s mean_decode=15.5ms
# greedy prompt 2: first_divergence=0 matched=0/92 prefill=1.13s mean_decode=15.5ms
# greedy prompt 3: first_divergence=0 matched=0/93 prefill=1.13s mean_decode=15.5ms
# greedy receipt: /home/ubuntu/realgate/mtp10/ship/greedy-gate-ship-efflow.tsv
# spec-gate prompt 0: first_divergence=-1 accept_rate=0.625 mean_len=2.78 spec=11.3ms plain=15.0ms
# spec-gate prompt 1: first_divergence=-1 accept_rate=0.793 mean_len=3.76 spec=9.4ms plain=15.1ms
# spec-gate prompt 2: first_divergence=-1 accept_rate=0.721 mean_len=3.37 spec=10.2ms plain=15.1ms
# spec-gate prompt 3: first_divergence=-1 accept_rate=0.800 mean_len=3.76 spec=9.6ms plain=15.2ms
# spec-gate receipt: /home/ubuntu/realgate/mtp10/ship/spec-gate-k5-ship-efflow.tsv
=== E3: long agentic prompt (724 tokens) at adapt1+pmin0.3 ===
# qwen4exp_real_gate	label=ship-long	binary_sha256=6307988375a174e78f463d2d3b2964b4ee9173bfe2e956813c304ba902c82790	ckpt=/home/ubuntu/data/q48fn-nvfp4	host_bf16_banks=false	indexer_norm_raw=false	mtp_dev1=true	spec_opts=SpecOpts { dynk: None, adapt_k_lo: Some(1), pmin: 0.3 }
# timing lines are UNTUNED EAGER wall clocks under correctness-arm residency — NOT perf claims
# vram	post-engine	0, 595 MiB, 97887 MiB | 1, 595 MiB, 97887 MiB
# load	174.8s
# vram	post-load	0, 89971 MiB, 97887 MiB | 1, 9555 MiB, 97887 MiB
# qwen4exp_real_gate	label=ship-long	binary_sha256=6307988375a174e78f463d2d3b2964b4ee9173bfe2e956813c304ba902c82790	ckpt=/home/ubuntu/data/q48fn-nvfp4	host_bf16_banks=false	indexer_norm_raw=false	mtp_dev1=true	spec_opts=SpecOpts { dynk: None, adapt_k_lo: Some(1), pmin: 0.3 }
# timing lines are UNTUNED EAGER wall clocks under correctness-arm residency — NOT perf claims
# spec-ab k=5: plain greedy decode vs spec_generate, fresh states per arm per rep
rep	arm	tokens	ms_per_token	tok_per_s	accept_rate	mean_accept_len
0	plain	256	19.99	50.04	-	-
0	spec	256	16.62	60.17	0.586	1.83
# round-cost	rep=0	rounds=140	chain_ms=2.18	replay_ms=1.04	verify_ms=26.27	cross_ms=0.022	draft_prefill_ms=102.3	zero_draft=12	guard_stops=38	plain_steps=0	k_decays=[]
1	plain	256	19.98	50.05	-	-
1	spec	256	16.39	61.01	0.586	1.83
# round-cost	rep=1	rounds=140	chain_ms=2.18	replay_ms=1.05	verify_ms=25.88	cross_ms=0.023	draft_prefill_ms=99.2	zero_draft=12	guard_stops=38	plain_steps=0	k_decays=[]
2	plain	256	19.80	50.52	-	-
2	spec	256	16.14	61.98	0.586	1.83
# round-cost	rep=2	rounds=140	chain_ms=2.18	replay_ms=1.04	verify_ms=25.42	cross_ms=0.022	draft_prefill_ms=99.0	zero_draft=12	guard_stops=38	plain_steps=0	k_decays=[]
3	plain	256	19.78	50.55	-	-
3	spec	256	16.17	61.85	0.586	1.83
# round-cost	rep=3	rounds=140	chain_ms=2.18	replay_ms=1.04	verify_ms=25.48	cross_ms=0.022	draft_prefill_ms=99.3	zero_draft=12	guard_stops=38	plain_steps=0	k_decays=[]
4	plain	256	19.71	50.74	-	-
4	spec	256	16.24	61.59	0.586	1.83
# round-cost	rep=4	rounds=140	chain_ms=2.18	replay_ms=1.05	verify_ms=25.58	cross_ms=0.022	draft_prefill_ms=101.1	zero_draft=12	guard_stops=38	plain_steps=0	k_decays=[]
# arm plain	mean_of_means_ms=19.85	min=19.71	max=19.99	tok_per_s=50.38
# arm spec	mean_of_means_ms=16.31	min=16.14	max=16.62	tok_per_s=61.31
# rep0_plain_vs_spec_first_divergence	-1
# accept_hist_total	250,340,95,10,5,0
# rep0_plain	1596,1144,4087,1156,579,3274,13,14235,3404,2649,30,1165,513,303,44213,4424,30,1165,599,874,4880,12168,2528,30,14235,22846,30,561,1156,16561,310,944,303,593,4955,14,394,53481,4148,38294,14,7838,7278,14,3141,911,13,1577,1167,16451,6970,628,914,8754,10966,13,1921,8106,3481,310,7936,1830,30,14235,6970,958,2420,7141,30,1165,1132,599,94172,13,2233,26156,13,14235,9973,13,1165,1902,25705,430,1786,3102,13,16018,1528,4021,9845,4016,874,12168,30,1921,3274,23535,1865,2468,13,1165,1144,6970,36213,30,1921,1902,524,12681,344,13,14235,381,10429,25,4021,2528,37115,14,840,46070,13,1921,6970,303,411,27502,11,567,513,3481,310,7936,264,47675,1830,30,14235,1683,13,271,1596,1144,8563,4097,4562,13,1165,1459,914,599,15400,2528,13,16018,3300,35822,321,9665,5853,11,694,1156,20335,16561,1542,10966,321,24147,1865,2468,13,1368,11656,11,1902,1528,4021,9845,13,1921,6970,15977,23535,264,1534,4087,440,34271,82,30,14235,6970,958,7920,4424,30,2532,369,874,5224,310,1542,10966,13,1165,628,1132,2781,13,14235,6970,7936,264,1830,421,2640,18716,4016,874,10993,4424,13,1921,12321,888,63008,220,24,13,14235,2830,9665,5853,13,271,9764,579,23331,3274,25,328,6065,25,45726,279,4097,4862,1724,5224,43240,14419,4562,303,8057
# rep0_spec	1596,1144,4087,1156,579,3274,13,14235,3404,2649,30,1165,513,303,44213,4424,30,1165,599,874,4880,12168,2528,30,14235,22846,30,561,1156,16561,310,944,303,593,4955,14,394,53481,4148,38294,14,7838,7278,14,3141,911,13,1577,1167,16451,6970,628,914,8754,10966,13,1921,8106,3481,310,7936,1830,30,14235,6970,958,2420,7141,30,1165,1132,599,94172,13,2233,26156,13,14235,9973,13,1165,1902,25705,430,1786,3102,13,16018,1528,4021,9845,4016,874,12168,30,1921,3274,23535,1865,2468,13,1165,1144,6970,36213,30,1921,1902,524,12681,344,13,14235,381,10429,25,4021,2528,37115,14,840,46070,13,1921,6970,303,411,27502,11,567,513,3481,310,7936,264,47675,1830,30,14235,1683,13,271,1596,1144,8563,4097,4562,13,1165,1459,914,599,15400,2528,13,16018,3300,35822,321,9665,5853,11,694,1156,20335,16561,1542,10966,321,24147,1865,2468,13,1368,11656,11,1902,1528,4021,9845,13,1921,6970,15977,23535,264,1534,4087,440,34271,82,30,14235,6970,958,7920,4424,30,2532,369,874,5224,310,1542,10966,13,1165,628,1132,2781,13,14235,6970,7936,264,1830,421,2640,18716,4016,874,10993,4424,13,1921,12321,888,63008,220,24,13,14235,2830,9665,5853,13,271,9764,579,23331,3274,25,328,6065,25,45726,279,4097,4862,1724,5224,43240,14419,4562,303,8057

# spec-ab receipt: /home/ubuntu/realgate/mtp10/ship/ab-spec-k5-ship-long.tsv
# qwen4exp_real_gate	label=ship-long	binary_sha256=6307988375a174e78f463d2d3b2964b4ee9173bfe2e956813c304ba902c82790	ckpt=/home/ubuntu/data/q48fn-nvfp4	host_bf16_banks=false	indexer_norm_raw=false	mtp_dev1=true	spec_opts=SpecOpts { dynk: None, adapt_k_lo: Some(1), pmin: 0.3 }
# timing lines are UNTUNED EAGER wall clocks under correctness-arm residency — NOT perf claims
# load_seconds=174.8
# vram	post-load	0, 89971 MiB, 97887 MiB | 1, 9555 MiB, 97887 MiB
# probe_tokens=10	ids=[760, 3841, 13477, 37550, 33075, 888, 279, 15217, 5388, 13]
# prefill_seconds=0.28
# vram	post-prefill	0, 90131 MiB, 97887 MiB | 1, 9555 MiB, 97887 MiB
record	rows	cols	max_abs	max_rel	mean_abs	ref_absmax
layer0	10	10240	7.269e-3	7.269e-3	2.142e-4	3.242e-1
layer1	10	10240	7.227e-3	7.227e-3	3.351e-4	4.551e-1
layer2	10	10240	9.171e-3	9.171e-3	4.949e-4	5.273e-1
layer3	10	10240	1.069e-2	1.069e-2	6.315e-4	5.039e-1
layer4	10	10240	2.400e-2	2.400e-2	8.802e-4	5.000e-1
layer5	10	10240	4.044e-2	2.199e-2	1.002e-3	3.047e0
layer6	10	10240	3.950e-2	2.825e-2	1.187e-3	3.078e0
layer7	10	10240	3.766e-2	3.047e-2	1.342e-3	3.047e0
layer8	10	10240	3.723e-2	3.028e-2	1.464e-3	3.062e0
layer9	10	10240	3.919e-2	3.018e-2	1.565e-3	3.062e0
layer10	10	10240	3.944e-2	3.034e-2	1.643e-3	3.125e0
layer11	10	10240	4.564e-2	3.057e-2	1.741e-3	3.016e0
layer12	10	10240	3.579e-2	3.108e-2	1.835e-3	2.953e0
layer13	10	10240	3.742e-2	3.152e-2	1.919e-3	2.984e0
layer14	10	10240	3.983e-2	3.028e-2	2.022e-3	3.016e0
layer15	10	10240	3.942e-2	3.175e-2	2.104e-3	2.953e0
layer16	10	10240	3.426e-2	3.027e-2	2.300e-3	2.938e0
layer17	10	10240	3.720e-2	3.012e-2	2.368e-3	2.969e0
layer18	10	10240	3.641e-2	3.641e-2	2.649e-3	2.969e0
layer19	10	10240	3.828e-2	3.828e-2	2.727e-3	3.000e0
layer20	10	10240	3.628e-2	3.628e-2	2.774e-3	2.938e0
layer21	10	10240	3.821e-2	3.821e-2	2.970e-3	2.969e0
layer22	10	10240	3.808e-2	3.808e-2	3.195e-3	2.969e0
layer23	10	10240	4.135e-2	4.135e-2	3.286e-3	2.969e0
layer24	10	10240	4.415e-2	4.415e-2	3.629e-3	3.828e0
layer25	10	10240	4.598e-2	4.598e-2	3.749e-3	3.859e0
layer26	10	10240	4.796e-2	4.796e-2	4.048e-3	5.062e0
layer27	10	10240	5.241e-2	5.241e-2	4.362e-3	4.750e0
layer28	10	10240	6.440e-2	6.440e-2	4.784e-3	4.531e0
layer29	10	10240	7.918e-2	7.918e-2	5.283e-3	4.469e0
layer30	10	10240	8.751e-2	8.751e-2	5.835e-3	4.438e0
layer31	10	10240	1.252e-1	1.252e-1	6.236e-3	4.281e0
layer32	10	10240	1.439e-1	1.439e-1	6.911e-3	3.891e0
layer33	10	10240	1.524e-1	1.524e-1	7.579e-3	3.844e0
layer34	10	10240	1.494e-1	1.494e-1	8.300e-3	3.828e0
layer35	10	10240	1.632e-1	1.632e-1	9.258e-3	3.859e0
layer36	10	10240	3.300e-1	3.300e-1	1.263e-2	6.844e0
layer37	10	10240	3.278e-1	3.278e-1	1.420e-2	7.094e0
layer38	10	10240	3.274e-1	3.274e-1	1.643e-2	7.094e0
layer39	10	10240	3.848e-1	3.778e-1	1.920e-2	7.188e0
layer40	10	10240	4.305e-1	4.217e-1	2.234e-2	7.219e0
layer41	10	10240	4.475e-1	4.108e-1	2.430e-2	7.125e0
layer42	10	10240	4.586e-1	3.913e-1	2.669e-2	7.156e0
layer43	10	10240	4.799e-1	4.158e-1	2.980e-2	7.188e0
layer44	10	10240	6.259e-1	6.259e-1	3.642e-2	1.162e1
layer45	10	10240	7.158e-1	7.060e-1	4.507e-2	1.169e1
layer46	10	10240	8.605e-1	8.605e-1	5.328e-2	1.350e1
layer47	10	10240	9.034e-1	9.034e-1	5.724e-2	2.575e1
exit_mixer	10	2560	1.279e1	6.599e0	4.373e-1	1.880e2
logits	10	248320	6.183e0	4.901e0	2.689e-1	1.950e1
logits_row	max_abs	max_rel	ref_absmax	golden_top1	our_top1	match
0	3.553e-1	3.553e-1	1.231e1	20438	20438	true
1	1.170e0	1.057e0	1.431e1	4087	4087	true
2	1.182e0	1.046e0	1.800e1	37550	37550	true
3	1.315e0	1.012e0	1.638e1	33075	33075	true
4	1.883e0	1.825e0	1.888e1	888	888	true
5	1.522e0	1.332e0	1.862e1	279	279	true
6	2.620e0	1.682e0	1.950e1	15217	15217	true
7	1.841e0	1.686e0	1.888e1	5388	5388	true
8	1.908e0	1.846e0	1.575e1	13	13	true
9	6.183e0	4.901e0	1.638e1	271	271	true
# logits_argmax_agreement	10/10
# probe_logits	/home/ubuntu/realgate/mtp10/ship/probe-logits-ship-long.bin	rows=10	vocab=248320

# hidden receipt: /home/ubuntu/realgate/mtp10/ship/hidden-gate-ship-long.tsv
# greedy prompt 76: first_divergence=0 matched=0/724 prefill=4.07s mean_decode=19.6ms
# greedy prompt 60: first_divergence=0 matched=0/691 prefill=3.95s mean_decode=19.3ms
# greedy prompt 53: first_divergence=0 matched=0/675 prefill=4.25s mean_decode=19.2ms
# greedy prompt 54: first_divergence=0 matched=0/602 prefill=3.94s mean_decode=18.6ms
# greedy prompt 34: first_divergence=0 matched=0/512 prefill=3.51s mean_decode=18.2ms
# greedy prompt 35: first_divergence=0 matched=0/502 prefill=3.44s mean_decode=17.9ms
# greedy receipt: /home/ubuntu/realgate/mtp10/ship/greedy-gate-ship-long.tsv
# spec-gate prompt 76: first_divergence=-1 accept_rate=0.584 mean_len=1.88 spec=16.0ms plain=19.5ms
# spec-gate prompt 60: first_divergence=-1 accept_rate=0.652 mean_len=2.37 spec=14.3ms plain=19.3ms
# spec-gate prompt 53: first_divergence=-1 accept_rate=0.642 mean_len=2.46 spec=14.3ms plain=19.1ms
# spec-gate prompt 54: first_divergence=-1 accept_rate=0.738 mean_len=3.28 spec=12.0ms plain=18.7ms
# spec-gate prompt 34: first_divergence=-1 accept_rate=0.838 mean_len=4.13 spec=10.4ms plain=18.0ms
# spec-gate prompt 35: first_divergence=-1 accept_rate=0.800 mean_len=3.88 spec=10.7ms plain=18.0ms
# spec-gate receipt: /home/ubuntu/realgate/mtp10/ship/spec-gate-k5-ship-long.tsv
=== E3 DONE ===
=== resuming Run D (corpus) ===
HEAD dffc794e8f377c30675c1f8940b89cff59534767
6307988375a174e78f463d2d3b2964b4ee9173bfe2e956813c304ba902c82790  target/release/qwen4exp_real_gate
=== F2a: PLAIN decode window (t=1 kernel sums) ===
WARNING: The version of the system or its configuration does not allow enabling CPU profiling:
- CPU IP/backtrace sampling will be disabled.
- CPU context switch tracing will be disabled.
Try the 'nsys status --environment' command to learn more.

# qwen4exp_real_gate	label=win-plain	binary_sha256=6307988375a174e78f463d2d3b2964b4ee9173bfe2e956813c304ba902c82790	ckpt=/home/ubuntu/data/q48fn-nvfp4	host_bf16_banks=false	indexer_norm_raw=false	mtp_dev1=true	spec_opts=SpecOpts { dynk: None, adapt_k_lo: None, pmin: 0.0 }
# timing lines are UNTUNED EAGER wall clocks under correctness-arm residency — NOT perf claims
# vram	post-engine	0, 607 MiB, 97887 MiB | 1, 607 MiB, 97887 MiB
