build A 99312277f SERVER_EXIT=0 ENGINE_EXIT=0 
long-304 A rc=0 PASS: 304 PROGRAM_SHA256 fbce1a0492d69635 
rows tp_ep rc=0 PASS: replayed, then 8 B-row steps beside a peer while armed, then replayed again: bit-identical to  PASS: B-row graph steps bit-identical to solo steps across join, leave and row moves (5 captures, 28 PASS: sampled B-row graph draws equal the eager B-row draws (24 steps x 4 rows) 
kv-split rc=0 PASS: 100 full-token replay steps on the split state bit-identical to replicated eager PASS: park, restore and 50 more steps bit-identical, split against replicated PASS: position-split C4 store bit-identical to the replicated program 
dspark-tpep A 62b368f10f1becea d404da5fe101077f d404da5fe101077f  | GPU DSPARK GATE [PASS] GATE_DONE rc=0 utc=2026-09-27T14:27:01Z 
long t1 M rc=0 PROGRAM_SHA256 fbce1a0492d69635 replay_ms_per_token=10.162 replay_ms_per_token=10.158 replay_ms_per_token=10.033 
long t2 A rc=0 PROGRAM_SHA256 fbce1a0492d69635 replay_ms_per_token=10.086 replay_ms_per_token=10.069 replay_ms_per_token=9.961 
long t3 A rc=0 PROGRAM_SHA256 fbce1a0492d69635 replay_ms_per_token=10.081 replay_ms_per_token=10.035 replay_ms_per_token=9.957 
long t4 M rc=0 PROGRAM_SHA256 fbce1a0492d69635 replay_ms_per_token=10.180 replay_ms_per_token=10.126 replay_ms_per_token=10.033 
long t5 M rc=0 PROGRAM_SHA256 fbce1a0492d69635 replay_ms_per_token=10.159 replay_ms_per_token=10.149 replay_ms_per_token=10.032 
long t6 A rc=0 PROGRAM_SHA256 fbce1a0492d69635 replay_ms_per_token=10.087 replay_ms_per_token=10.082 replay_ms_per_token=9.959 
serve r1 M rc=0 CELL greedy-c1 c=1 ok=8/8 agg=95.02 tok/s decode_p50=99.90 tok/s ttft_p50=134 ms tpot_p50=10.01 ms errs=[] CELL sampled-c1 c=1 ok=8/8 agg=96.04 tok/s decode_p50=100.52 tok/s ttft_p50=128 ms tpot_p50=9.95 ms errs=[] CELL greedy-c2 c=2 ok=8/8 agg=127.96 tok/s decode_p50=67.08 tok/s ttft_p50=196 ms tpot_p50=14.91 ms errs=[] CELL greedy-c4 c=4 ok=8/8 agg=162.02 tok/s decode_p50=42.76 tok/s ttft_p50=353 ms tpot_p50=23.39 ms errs=[] CELL greedy-c2-2k c=2 ok=8/8 agg=25.80 tok/s decode_p50=52.33 tok/s ttft_p50=7472 ms tpot_p50=19.11 ms errs=[] 
serve r2 A rc=0 CELL greedy-c1 c=1 ok=8/8 agg=95.88 tok/s decode_p50=100.85 tok/s ttft_p50=133 ms tpot_p50=9.92 ms errs=[] CELL sampled-c1 c=1 ok=8/8 agg=96.86 tok/s decode_p50=101.38 tok/s ttft_p50=127 ms tpot_p50=9.86 ms errs=[] CELL greedy-c2 c=2 ok=8/8 agg=128.92 tok/s decode_p50=67.58 tok/s ttft_p50=195 ms tpot_p50=14.80 ms errs=[] CELL greedy-c4 c=4 ok=8/8 agg=163.11 tok/s decode_p50=43.13 tok/s ttft_p50=343 ms tpot_p50=23.19 ms errs=[] CELL greedy-c2-2k c=2 ok=8/8 agg=25.88 tok/s decode_p50=52.87 tok/s ttft_p50=7459 ms tpot_p50=18.91 ms errs=[] 
serve r3 A rc=0 CELL greedy-c1 c=1 ok=8/8 agg=95.89 tok/s decode_p50=101.07 tok/s ttft_p50=133 ms tpot_p50=9.89 ms errs=[] CELL sampled-c1 c=1 ok=8/8 agg=96.81 tok/s decode_p50=101.30 tok/s ttft_p50=128 ms tpot_p50=9.87 ms errs=[] CELL greedy-c2 c=2 ok=8/8 agg=128.55 tok/s decode_p50=67.92 tok/s ttft_p50=222 ms tpot_p50=14.72 ms errs=[] CELL greedy-c4 c=4 ok=8/8 agg=162.92 tok/s decode_p50=43.00 tok/s ttft_p50=352 ms tpot_p50=23.26 ms errs=[] CELL greedy-c2-2k c=2 ok=8/8 agg=25.89 tok/s decode_p50=52.87 tok/s ttft_p50=7465 ms tpot_p50=18.91 ms errs=[] 
serve r4 M rc=0 CELL greedy-c1 c=1 ok=8/8 agg=95.17 tok/s decode_p50=99.95 tok/s ttft_p50=133 ms tpot_p50=10.00 ms errs=[] CELL sampled-c1 c=1 ok=8/8 agg=96.11 tok/s decode_p50=100.55 tok/s ttft_p50=128 ms tpot_p50=9.95 ms errs=[] CELL greedy-c2 c=2 ok=8/8 agg=128.49 tok/s decode_p50=67.32 tok/s ttft_p50=196 ms tpot_p50=14.85 ms errs=[] CELL greedy-c4 c=4 ok=8/8 agg=162.97 tok/s decode_p50=43.07 tok/s ttft_p50=338 ms tpot_p50=23.22 ms errs=[] CELL greedy-c2-2k c=2 ok=8/8 agg=25.86 tok/s decode_p50=52.53 tok/s ttft_p50=7453 ms tpot_p50=19.04 ms errs=[] 
V6W_DONE 99312277f370857807ff8acc06e0ea078e6e8b42
