build pdl 50722e199 SERVER_EXIT=0 ENGINE_EXIT=0  server d4f6a1748c391043
long-304 pdl=0 rc=0 [load] programmatic dependent launch on the decode chain: false [load] lane-8 peer byte-integrity probe PASS: 1 boundaries, 10 copies, ladder [16384, 65536, 524288, 1048576, 67108864] bytes, 500.7ms PROGRAM_SHA256 fbce1a0492d69635dd1df532f278a40629363369d8541b48c4b132cf5c5a0d0f (every step's token, logits bits hash and digests) PASS: 304 steps from position 400 to 704 bit-identical to eager (token and logits every step, cache and hidden digests every step), 304 of them replayed; tokens_sha256=112c2fc66fe1f76029c4ff1a8ce3446a 
long-304 pdl=1 rc=0 [load] programmatic dependent launch on the decode chain: true [load] lane-8 peer byte-integrity probe PASS: 1 boundaries, 10 copies, ladder [16384, 65536, 524288, 1048576, 67108864] bytes, 494.6ms PROGRAM_SHA256 fbce1a0492d69635dd1df532f278a40629363369d8541b48c4b132cf5c5a0d0f (every step's token, logits bits hash and digests) PASS: 304 steps from position 400 to 704 bit-identical to eager (token and logits every step, cache and hidden digests every step), 304 of them replayed; tokens_sha256=112c2fc66fe1f76029c4ff1a8ce3446a 
serve r1 Pn rc=0 CELL greedy-c1 c=1 ok=8/8 agg=78.70 tok/s decode_p50=82.42 tok/s ttft_p50=159 ms tpot_p50=12.13 ms errs=[] CELL sampled-c1 c=1 ok=8/8 agg=78.35 tok/s decode_p50=81.92 tok/s ttft_p50=156 ms tpot_p50=12.21 ms errs=[] CELL greedy-c2 c=2 ok=8/8 agg=105.83 tok/s decode_p50=55.35 tok/s ttft_p50=241 ms tpot_p50=18.07 ms errs=[] CELL greedy-c4 c=4 ok=8/8 agg=136.59 tok/s decode_p50=36.24 tok/s ttft_p50=426 ms tpot_p50=27.60 ms errs=[] CELL greedy-c2-2k c=2 ok=8/8 agg=20.76 tok/s decode_p50=44.89 tok/s ttft_p50=9468 ms tpot_p50=22.28 ms errs=[] 
serve r2 Pf rc=0 CELL greedy-c1 c=1 ok=8/8 agg=76.29 tok/s decode_p50=79.94 tok/s ttft_p50=166 ms tpot_p50=12.51 ms errs=[] CELL sampled-c1 c=1 ok=8/8 agg=75.90 tok/s decode_p50=79.35 tok/s ttft_p50=160 ms tpot_p50=12.60 ms errs=[] CELL greedy-c2 c=2 ok=8/8 agg=102.10 tok/s decode_p50=53.42 tok/s ttft_p50=246 ms tpot_p50=18.72 ms errs=[] CELL greedy-c4 c=4 ok=8/8 agg=88.93 tok/s decode_p50=23.15 tok/s ttft_p50=467 ms tpot_p50=43.21 ms errs=[] CELL greedy-c2-2k c=2 ok=8/8 agg=19.83 tok/s decode_p50=45.33 tok/s ttft_p50=10061 ms tpot_p50=22.06 ms errs=[] 
serve r3 Pf rc=0 CELL greedy-c1 c=1 ok=8/8 agg=76.29 tok/s decode_p50=79.91 tok/s ttft_p50=166 ms tpot_p50=12.51 ms errs=[] CELL sampled-c1 c=1 ok=8/8 agg=76.01 tok/s decode_p50=79.43 tok/s ttft_p50=157 ms tpot_p50=12.59 ms errs=[] CELL greedy-c2 c=2 ok=8/8 agg=101.72 tok/s decode_p50=53.35 tok/s ttft_p50=216 ms tpot_p50=18.74 ms errs=[] CELL greedy-c4 c=4 ok=8/8 agg=123.16 tok/s decode_p50=32.35 tok/s ttft_p50=446 ms tpot_p50=30.91 ms errs=[] CELL greedy-c2-2k c=2 ok=8/8 agg=19.82 tok/s decode_p50=45.36 tok/s ttft_p50=10071 ms tpot_p50=22.04 ms errs=[] 
serve r4 Pn rc=0 CELL greedy-c1 c=1 ok=8/8 agg=78.79 tok/s decode_p50=82.56 tok/s ttft_p50=158 ms tpot_p50=12.11 ms errs=[] CELL sampled-c1 c=1 ok=8/8 agg=78.36 tok/s decode_p50=82.04 tok/s ttft_p50=156 ms tpot_p50=12.19 ms errs=[] CELL greedy-c2 c=2 ok=6/8 agg=16.26 tok/s decode_p50=55.48 tok/s ttft_p50=234 ms tpot_p50=18.02 ms errs=['stream error: {"message": "the engine could  CELL greedy-c4 c=4 ok=0/8 agg=0.00 tok/s decode_p50=None tok/s ttft_p50=None ms tpot_p50=None ms errs=['HTTP Error 408: Request Timeout', 'HTTP Error  CELL greedy-c2-2k c=2 ok=0/8 agg=0.00 tok/s decode_p50=None tok/s ttft_p50=None ms tpot_p50=None ms errs=['HTTP Error 408: Request Timeout', 'HTTP Err 
serve r5 Pn rc=71 
serve r6 Pf rc=71 
serve r7 Pf rc=71 
serve r8 Pn rc=71 
serve r9 Pn rc=71 
serve r10 Pf rc=71 
PAIR24_DONE 50722e199
