route 500 1 polls, {"cell": "500", "what": "request done", "status": 400, "request_s": 0.0, "body": "{\"error\":{\"message\":\"timeout_ms 600000 is outside the accepted range 1000
build pmain 7b9815296 SERVER_EXIT=0 ENGINE_EXIT=0  server 9b7175b7b57a1bd3
build pref fe49f9b1f SERVER_EXIT=0 ENGINE_EXIT=0  server c32b7ec31e175f57
component pmain rc=0 PASS rank=1 kind=2 n=3 k=4096 real=0 bits=1 guards=1 immutable=1 retained_graphs=1 PASS dense_fast_components 
component pref rc=0 PASS rank=1 kind=2 n=3 k=9224 real=0 bits=1 guards=1 immutable=1 retained_graphs=1 PASS dense_fast_components 
long-304 lane PDL=1 rc=0 [load] lane-8 peer byte-integrity probe PASS: 1 boundaries, 10 copies, ladder [16384, 65536, 524288, 1048576, 67108864] bytes, 354.1ms PROGRAM_SHA256 fbce1a0492d69635dd1df532f278a40629363369d8541b48c4b132cf5c5a0d0f (every step's token, logits bits hash and digests) PASS: 304 steps from position 400 to 704 bit-identical to eager (token and logits every step, cache and hidden digests every step), 304 of them replayed; tokens_sha256=112c2fc66fe1f76029c4ff1a8ce3446a 
long-304 lane PDL=0 rc=0 [load] lane-8 peer byte-integrity probe PASS: 1 boundaries, 10 copies, ladder [16384, 65536, 524288, 1048576, 67108864] bytes, 350.5ms PROGRAM_SHA256 fbce1a0492d69635dd1df532f278a40629363369d8541b48c4b132cf5c5a0d0f (every step's token, logits bits hash and digests) PASS: 304 steps from position 400 to 704 bit-identical to eager (token and logits every step, cache and hidden digests every step), 304 of them replayed; tokens_sha256=112c2fc66fe1f76029c4ff1a8ce3446a 
rows tp_ep rc=0 PASS: replayed, then 8 B-row steps beside a peer while armed, then replayed again: bit-identical to solo steps PASS: B-row graph steps bit-identical to solo steps across join, leave and row moves (5 captures, 28 graph steps) PASS: sampled B-row graph draws equal the eager B-row draws (24 steps x 4 rows) 
split rc=0 PASS: position-split C4 store bit-identical to the replicated program 
dspark-tpep lane 62b368f10f1becea d404da5fe101077f d404da5fe101077f  | verdict (c) batched==sequential: 14 cells, 77 logit rows, 3206 cache-class comparisons — ALL BIT-IDENTICAL verdict (d) accepted-position ring writes: 3 ring classes compared, 0 mismatching GPU DSPARK GATE [PASS] GATE_DONE rc=0 utc=2026-09-26T20:06:24Z 
serve r1 M rc=0 CELL greedy-c1 c=1 ok=8/8 agg=78.17 tok/s decode_p50=82.01 tok/s ttft_p50=165 ms tpot_p50=12.19 ms errs=[] CELL sampled-c1 c=1 ok=8/8 agg=79.13 tok/s decode_p50=82.86 tok/s ttft_p50=159 ms tpot_p50=12.07 ms errs=[] CELL greedy-c2 c=2 ok=8/8 agg=106.70 tok/s decode_p50=55.99 tok/s ttft_p50=243 ms tpot_p50=17.86 ms errs=[] CELL greedy-c4 c=4 ok=8/8 agg=134.45 tok/s decode_p50=35.53 tok/s ttft_p50=432 ms tpot_p50=28.14 ms errs=[] CELL greedy-c2-2k c=2 ok=8/8 agg=17.75 tok/s decode_p50=44.20 tok/s ttft_p50=11514 ms tpot_p50=22.63 ms errs=[] 
serve r2 P rc=0 CELL greedy-c1 c=1 ok=8/8 agg=76.48 tok/s decode_p50=80.20 tok/s ttft_p50=167 ms tpot_p50=12.47 ms errs=[] CELL sampled-c1 c=1 ok=8/8 agg=77.50 tok/s decode_p50=81.20 tok/s ttft_p50=161 ms tpot_p50=12.31 ms errs=[] CELL greedy-c2 c=2 ok=8/8 agg=103.71 tok/s decode_p50=54.39 tok/s ttft_p50=249 ms tpot_p50=18.39 ms errs=[] CELL greedy-c4 c=4 ok=8/8 agg=134.79 tok/s decode_p50=35.76 tok/s ttft_p50=429 ms tpot_p50=27.96 ms errs=[] CELL greedy-c2-2k c=2 ok=8/8 agg=17.64 tok/s decode_p50=43.28 tok/s ttft_p50=11540 ms tpot_p50=23.10 ms errs=[] 
serve r3 P rc=0 CELL greedy-c1 c=1 ok=8/8 agg=76.54 tok/s decode_p50=80.39 tok/s ttft_p50=166 ms tpot_p50=12.44 ms errs=[] CELL sampled-c1 c=1 ok=8/8 agg=77.62 tok/s decode_p50=81.22 tok/s ttft_p50=160 ms tpot_p50=12.31 ms errs=[] CELL greedy-c2 c=2 ok=8/8 agg=104.24 tok/s decode_p50=54.64 tok/s ttft_p50=245 ms tpot_p50=18.30 ms errs=[] CELL greedy-c4 c=4 ok=8/8 agg=135.05 tok/s decode_p50=35.68 tok/s ttft_p50=424 ms tpot_p50=28.03 ms errs=[] CELL greedy-c2-2k c=2 ok=8/8 agg=17.67 tok/s decode_p50=43.47 tok/s ttft_p50=11531 ms tpot_p50=23.01 ms errs=[] 
serve r4 M rc=0 CELL greedy-c1 c=1 ok=8/8 agg=77.96 tok/s decode_p50=81.94 tok/s ttft_p50=166 ms tpot_p50=12.20 ms errs=[] CELL sampled-c1 c=1 ok=8/8 agg=79.14 tok/s decode_p50=82.88 tok/s ttft_p50=159 ms tpot_p50=12.07 ms errs=[] CELL greedy-c2 c=2 ok=8/8 agg=106.58 tok/s decode_p50=56.02 tok/s ttft_p50=247 ms tpot_p50=17.85 ms errs=[] CELL greedy-c4 c=4 ok=8/8 agg=135.56 tok/s decode_p50=35.76 tok/s ttft_p50=415 ms tpot_p50=27.96 ms errs=[] CELL greedy-c2-2k c=2 ok=8/8 agg=17.75 tok/s decode_p50=44.44 tok/s ttft_p50=11526 ms tpot_p50=22.50 ms errs=[] 
serve r5 M rc=0 CELL greedy-c1 c=1 ok=8/8 agg=77.60 tok/s decode_p50=81.24 tok/s ttft_p50=166 ms tpot_p50=12.31 ms errs=[] CELL sampled-c1 c=1 ok=8/8 agg=78.46 tok/s decode_p50=81.91 tok/s ttft_p50=161 ms tpot_p50=12.21 ms errs=[] CELL greedy-c2 c=2 ok=8/8 agg=106.60 tok/s decode_p50=55.93 tok/s ttft_p50=244 ms tpot_p50=17.88 ms errs=[] CELL greedy-c4 c=4 ok=8/8 agg=134.61 tok/s decode_p50=35.60 tok/s ttft_p50=422 ms tpot_p50=28.09 ms errs=[] CELL greedy-c2-2k c=2 ok=8/8 agg=17.74 tok/s decode_p50=44.32 tok/s ttft_p50=11523 ms tpot_p50=22.56 ms errs=[] 
serve r6 P rc=0 CELL greedy-c1 c=1 ok=8/8 agg=76.35 tok/s decode_p50=80.26 tok/s ttft_p50=167 ms tpot_p50=12.46 ms errs=[] CELL sampled-c1 c=1 ok=8/8 agg=77.47 tok/s decode_p50=81.11 tok/s ttft_p50=161 ms tpot_p50=12.33 ms errs=[] CELL greedy-c2 c=2 ok=8/8 agg=104.13 tok/s decode_p50=54.59 tok/s ttft_p50=245 ms tpot_p50=18.32 ms errs=[] CELL greedy-c4 c=4 ok=8/8 agg=135.18 tok/s decode_p50=35.69 tok/s ttft_p50=423 ms tpot_p50=28.02 ms errs=[] CELL greedy-c2-2k c=2 ok=8/8 agg=17.67 tok/s decode_p50=43.38 tok/s ttft_p50=11525 ms tpot_p50=23.05 ms errs=[] 
serve r7 P rc=0 CELL greedy-c1 c=1 ok=8/8 agg=76.30 tok/s decode_p50=80.30 tok/s ttft_p50=167 ms tpot_p50=12.45 ms errs=[] CELL sampled-c1 c=1 ok=8/8 agg=77.55 tok/s decode_p50=81.18 tok/s ttft_p50=161 ms tpot_p50=12.32 ms errs=[] CELL greedy-c2 c=2 ok=8/8 agg=104.17 tok/s decode_p50=54.62 tok/s ttft_p50=246 ms tpot_p50=18.31 ms errs=[] CELL greedy-c4 c=4 ok=8/8 agg=135.25 tok/s decode_p50=35.75 tok/s ttft_p50=429 ms tpot_p50=27.97 ms errs=[] CELL greedy-c2-2k c=2 ok=8/8 agg=17.66 tok/s decode_p50=43.37 tok/s ttft_p50=11528 ms tpot_p50=23.06 ms errs=[] 
serve r8 M rc=0 CELL greedy-c1 c=1 ok=8/8 agg=77.58 tok/s decode_p50=81.34 tok/s ttft_p50=167 ms tpot_p50=12.29 ms errs=[] CELL sampled-c1 c=1 ok=8/8 agg=79.04 tok/s decode_p50=82.80 tok/s ttft_p50=160 ms tpot_p50=12.08 ms errs=[] CELL greedy-c2 c=2 ok=8/8 agg=106.39 tok/s decode_p50=55.84 tok/s ttft_p50=244 ms tpot_p50=17.91 ms errs=[] CELL greedy-c4 c=4 ok=8/8 agg=135.00 tok/s decode_p50=35.73 tok/s ttft_p50=434 ms tpot_p50=27.99 ms errs=[] CELL greedy-c2-2k c=2 ok=8/8 agg=17.73 tok/s decode_p50=44.16 tok/s ttft_p50=11528 ms tpot_p50=22.64 ms errs=[] 
serve r9 M rc=0 CELL greedy-c1 c=1 ok=8/8 agg=77.82 tok/s decode_p50=81.98 tok/s ttft_p50=168 ms tpot_p50=12.20 ms errs=[] CELL sampled-c1 c=1 ok=8/8 agg=78.98 tok/s decode_p50=82.80 tok/s ttft_p50=162 ms tpot_p50=12.08 ms errs=[] CELL greedy-c2 c=2 ok=8/8 agg=106.43 tok/s decode_p50=55.87 tok/s ttft_p50=247 ms tpot_p50=17.90 ms errs=[] CELL greedy-c4 c=4 ok=8/8 agg=135.35 tok/s decode_p50=35.79 tok/s ttft_p50=433 ms tpot_p50=27.94 ms errs=[] CELL greedy-c2-2k c=2 ok=8/8 agg=17.75 tok/s decode_p50=44.32 tok/s ttft_p50=11516 ms tpot_p50=22.57 ms errs=[] 
serve r10 P rc=0 CELL greedy-c1 c=1 ok=8/8 agg=76.45 tok/s decode_p50=80.26 tok/s ttft_p50=168 ms tpot_p50=12.46 ms errs=[] CELL sampled-c1 c=1 ok=8/8 agg=77.47 tok/s decode_p50=81.13 tok/s ttft_p50=162 ms tpot_p50=12.33 ms errs=[] CELL greedy-c2 c=2 ok=8/8 agg=104.01 tok/s decode_p50=54.40 tok/s ttft_p50=213 ms tpot_p50=18.38 ms errs=[] CELL greedy-c4 c=4 ok=8/8 agg=135.13 tok/s decode_p50=35.80 tok/s ttft_p50=417 ms tpot_p50=27.93 ms errs=[] CELL greedy-c2-2k c=2 ok=8/8 agg=17.67 tok/s decode_p50=43.42 tok/s ttft_p50=11530 ms tpot_p50=23.03 ms errs=[] 
V5V_DONE fe49f9b1f928a881cc63d58422e0f01eba8655b1
