[2026-09-01T21:35:13Z] downsel: cell spec-ab-rep0 acquiring -x (arms off then auto, ONE hold)
[2026-09-01T21:39:10Z] downsel: cell spec-ab-rep0 rc=0
[2026-09-01T21:39:11Z] downsel: cell spec-ab-rep1 acquiring -x (arms auto then off, ONE hold)
[2026-09-01T21:44:24Z] downsel: cell spec-ab-rep0 acquiring -x (arms off then auto, ONE hold)
[2026-09-01T21:53:13Z] downsel: cell spec-ab-rep0 rc=0
[2026-09-01T21:53:14Z] downsel: cell spec-ab-rep1 acquiring -x (arms auto then off, ONE hold)
[2026-09-01T22:03:47Z] downsel: cell spec-ab-rep1 rc=0
[2026-09-01T22:03:47Z] downsel: cell spec-ab-rep2 acquiring -x (arms off then auto, ONE hold)
[2026-09-02T00:08:49Z] downsel: cell spec-ab-rep2 rc=0
[2026-09-02T00:08:49Z] downsel: queue done
[2026-09-02T00:08:49Z] downsel: cell decode-ab acquiring -x
[2026-09-02T00:27:25Z] downsel: cell decode-ab rc=0 verdict=# ladder-ab-verdict rung=32768 seam=selgroup off_ms=27.34 on_ms=27.35 speedup=0.9999x delta_pct=-0.01% reps_per_arm=5 (escalated) host_probe=false vol_cs=49 non
[2026-09-02T00:27:25Z] downsel: queue done
[2026-09-02T00:27:25Z] downsel: cell rung262k acquiring -x (LONG: full 262,144 prefill)
[2026-09-02T00:58:32Z] downsel: cell rung262k rc=0 verdict=# ladder-ab-verdict rung=262144 seam=selgroup off_ms=30.91 on_ms=30.90 speedup=1.0003x delta_pct=0.03% reps_per_arm=5 (escalated) host_probe=false vol_cs=56 non
[2026-09-02T00:58:32Z] downsel: queue done
[2026-09-02T00:58:33Z] downsel: ALL MODES DONE
[2026-09-02T00:58:45Z] downsel: f32-pinned spec-ab receipts moved to spec-ab-f32pin/; RERUN spec-ab on kvq,idxq (serving caches)
[2026-09-02T00:58:45Z] downsel: cell spec-ab-rep0 acquiring -x (arms off then auto, ONE hold)
[2026-09-02T01:15:55Z] downsel: cell spec-ab-rep0 rc=0
[2026-09-02T01:15:56Z] downsel: cell spec-ab-rep1 acquiring -x (arms auto then off, ONE hold)
[2026-09-02T01:50:32Z] downsel: cell spec-ab-rep1 rc=0
[2026-09-02T01:50:32Z] downsel: cell spec-ab-rep2 acquiring -x (arms off then auto, ONE hold)
[2026-09-02T02:31:20Z] downsel: cell spec-ab-rep2 rc=0
[2026-09-02T02:31:20Z] downsel: queue done
[2026-09-02T02:31:20Z] downsel: SPEC-AB RERUN DONE
