2026-09-23T23:48:00Z lock held by the collector (external)
i-L2-r3 | 200 | length | 5763 | 2048 | 0 | spec | 16704 | 7875 | 130474944 | 130474944 | own | af7106ca727e350d
i-L2-r4 | 200 | length | 5761 | 2048 | 0 | spec | 16704 | 7873 | 130441536 | 130441536 | own | eb7cbc189df8922a
ii-L2-r0 | 200 | length | 5664 | 96 | 0 | spec | 16704 | 5824 | 96215040 | 96215040 | own | ec06c52751a34d16
ii-L2-r1 | 200 | length | 5660 | 96 | 0 | spec | 16704 | 5820 | 96148224 | 96148224 | own | bd9b9c850ea121dd
ii-L2-r2 | 200 | length | 5653 | 96 | 0 | spec | 16704 | 5813 | 96031296 | 96031296 | own | 65b6e64492ef5599
ii-L2-r3 | 200 | length | 5650 | 96 | 0 | spec | 16704 | 5810 | 95981184 | 95981184 | own | 1da311093ada6a0d
ii-L2-r4 | 200 | length | 5647 | 96 | 0 | spec | 16704 | 5807 | 95931072 | 95931072 | own | ab6a9fa0530ed40a
iii-L0-r0 | 200 | length | 1457 | 2048 | 0 | spec | 16704 | 3569 | 58547520 | 58547520 | own | 140d43a7972b753a
iii-L0-r1 | 200 | length | 1457 | 2048 | 0 | spec | 16704 | 3569 | 58547520 | 58547520 | inherited | 32147ad78ebcb514
iii-L0-r2 | 200 | length | 1460 | 2048 | 0 | spec | 16704 | 3572 | 58597632 | 58597632 | own | afd05b5d0ad494bf
iii-L0-r3 | 200 | length | 1460 | 2048 | 0 | spec | 16704 | 3572 | 58597632 | 58597632 | inherited | c926420bbcd597dd
iii-L0-r4 | 200 | length | 1459 | 2048 | 0 | spec | 16704 | 3571 | 58580928 | 58580928 | own | 2adb1cdf2ab8b716
iii-L1-r0 | 200 | length | 3114 | 2048 | 0 | spec | 16704 | 5226 | 86226048 | 86226048 | own | 567af715b701464a
iii-L1-r1 | 200 | length | 3114 | 2048 | 0 | spec | 16704 | 5226 | 86226048 | 86226048 | inherited | 301270e82e8a833d
iii-L1-r2 | 200 | length | 3115 | 2048 | 0 | spec | 16704 | 5227 | 86242752 | 86242752 | own | 6032869e6077f383
iii-L1-r3 | 200 | length | 3114 | 2048 | 0 | spec | 16704 | 5226 | 86226048 | 86226048 | own | c8673195901fb0f2
iii-L1-r4 | 200 | length | 3112 | 2048 | 0 | spec | 16704 | 5224 | 86192640 | 86192640 | own | 7dcfe5bba77ec176
iii-L2-r0 | 200 | length | 5773 | 2048 | 0 | spec | 16704 | 7885 | 130641984 | 130641984 | own | 70ec0211e6d7697f
iii-L2-r1 | 200 | length | 5779 | 2048 | 0 | spec | 16704 | 7891 | 130742208 | 130742208 | own | b9683afa5bf6e3d6
iii-L2-r2 | 200 | length | 5778 | 2048 | 0 | spec | 16704 | 7890 | 130725504 | 130725504 | own | 5c25bd783efb8336
iii-L2-r3 | 200 | length | 5781 | 2048 | 0 | spec | 16704 | 7893 | 130775616 | 130775616 | own | d55d81c8a32cda51
iii-L2-r4 | 200 | length | 5779 | 2048 | 0 | spec | 16704 | 7891 | 130742208 | 130742208 | own | b85676006c01c18d
iv-a-r0 | 200 | length | 1619 | 2048 | 0 | spec | 16704 | 3731 | 61253568 | 61253568 | own | 20e6930af26ca8ba
iv-a-r1 | 200 | length | 1619 | 2048 | 0 | spec | 16704 | 3731 | 61253568 | 61253568 | inherited | 73bd80d69a2ae01b
iv-a-r2 | 200 | length | 1620 | 2048 | 0 | spec | 16704 | 3732 | 61270272 | 61270272 | own | 1a1dc9013bdf7961
iv-b-r0 | 200 | length | 78 | 2048 | 0 | spec | 16704 | 2190 | 35512704 | 35512704 | own | c3bd802418124dfa
iv-b-r1 | 200 | length | 78 | 2048 | 0 | spec | 16704 | 2190 | 35512704 | 35512704 | inherited | 8d99437cbd443251
iv-b-r2 | 200 | length | 78 | 2048 | 0 | spec | 16704 | 2190 | 35512704 | 35512704 | inherited | 3f8fac33dd4c2254
== burst
window_ms=153081 B=32 status={200: 32} finish={'length': 32} retry_after={}
active_sessions_max=32.0 admission_booked_bytes_max=20757033728.0 samples=613 shadow_budget_bytes=12831671424 burst_cost_lines=31 burst_cost_total_mb_median=648 arith_sessions=19
admit_mem_id_lines=42 by_verdict={'admit': 32, 'defer': 10} reclaim_lines=0
[admit-mem] id=chatcmpl-618bfb363a528d934c21b6ef927b9cc9 model="q9" verdict=admit prompt=1330 output_bound=- charged_ctx=3442 est_bytes=2258683640 est_context=51106816 est_fixed=2207576824 device_free=14034014392 pending_prime=0 pending_seed=0 host_free=0 demotable=2047721472 short_by=0 inflight=0 cap=64 waited_ms=0 retry_after_s=-
[admit-mem] id=chatcmpl-a47c1e4fb96f6a830ebb54a627c881b1 model="q9" verdict=admit prompt=1332 output_bound=- charged_ctx=3444 est_bytes=2259434232 est_context=51136512 est_fixed=2208297720 device_free=13320429444 pending_prime=479395840 pending_seed=74606592 host_free=0 demotable=2047721472 short_by=0 inflight=1 cap=64 waited_ms=0 retry_after_s=-
[admit-mem] id=chatcmpl-22b0513ba13740a143b482b44e412408 model="q9" verdict=admit prompt=1330 output_bound=- charged_ctx=3442 est_bytes=2258683640 est_context=51106816 est_fixed=2207576824 device_free=12606090192 pending_prime=959512576 pending_seed=149213184 host_free=0 demotable=2047721472 short_by=0 inflight=2 cap=64 waited_ms=0 retry_after_s=-
[admit-mem] id=chatcmpl-e7522dd47af7365bd1269cb52fef38e7 model="q9" verdict=admit prompt=1330 output_bound=- charged_ctx=3442 est_bytes=2258683640 est_context=51106816 est_fixed=2207576824 device_free=13007106716 pending_prime=331612160 pending_seed=216514560 host_free=0 demotable=2047721472 short_by=0 inflight=3 cap=64 waited_ms=0 retry_after_s=-
[admit-mem] id=chatcmpl-a38c8135e214c5e4b2905e993895fd1e model="q9" verdict=admit prompt=1332 output_bound=- charged_ctx=3444 est_bytes=2259434232 est_context=51136512 est_fixed=2208297720 device_free=12293521768 pending_prime=811008000 pending_seed=291121152 host_free=0 demotable=2047721472 short_by=0 inflight=4 cap=64 waited_ms=0 retry_after_s=-
[admit-mem] id=chatcmpl-ed6d4ed957073931f23f451ad3beeaab model="q9" verdict=admit prompt=1334 output_bound=- charged_ctx=3446 est_bytes=2260184824 est_context=51166208 est_fixed=2209018616 device_free=11579182516 pending_prime=1291124736 pending_seed=365727744 host_free=0 demotable=2047721472 short_by=0 inflight=5 cap=64 waited_ms=0 retry_after_s=-
... 36 more [admit-mem] id= lines in server.log
== open-class G (this boot): n=36 min=2048 p50=2048 max=2048 stop=0 length=36 other=0
