2026-09-24T00:19:10Z lock held by the collector (external)
i-L2-r3 | 200 | stop | 5763 | 4584 | 0 | spec | 16704 | 38595 | 643621824 | 172836288 | own | 28faa574acc27026
i-L2-r4 | 200 | stop | 5761 | 3248 | 0 | spec | 16704 | 38593 | 643588416 | 150486336 | own | d1174510d3292651
ii-L2-r0 | 200 | length | 5664 | 96 | 0 | spec | 16704 | 5824 | 96215040 | 96215040 | own | ec06c52751a34d16
ii-L2-r1 | 200 | length | 5660 | 96 | 0 | spec | 16704 | 5820 | 96148224 | 96148224 | own | bd9b9c850ea121dd
ii-L2-r2 | 200 | length | 5653 | 96 | 0 | spec | 16704 | 5813 | 96031296 | 96031296 | own | 65b6e64492ef5599
ii-L2-r3 | 200 | length | 5650 | 96 | 0 | spec | 16704 | 5810 | 95981184 | 95981184 | own | 1da311093ada6a0d
ii-L2-r4 | 200 | length | 5647 | 96 | 0 | spec | 16704 | 5807 | 95931072 | 95931072 | own | ab6a9fa0530ed40a
iii-L0-r0 | 200 | stop | 1486 | 2173 | 0 | spec | 16704 | 34318 | 572178816 | 61119936 | own | 8ee8bd098e12efe7
iii-L0-r1 | 200 | stop | 1500 | 4715 | 0 | spec | 16704 | 34332 | 572412672 | 103815360 | own | deb805f1ec388d15
iii-L0-r2 | 200 | stop | 1519 | 4038 | 0 | spec | 16704 | 34351 | 572730048 | 92824128 | own | e6b8bef522873724
iii-L0-r3 | 200 | stop | 1498 | 2606 | 0 | spec | 16704 | 34330 | 572379264 | 68553216 | own | 7f674c1d4dc0bce0
iii-L0-r4 | 200 | stop | 1492 | 4473 | 0 | spec | 16704 | 34324 | 572279040 | 99639360 | own | 3666e62bb6a3c6bb
iii-L1-r0 | 200 | stop | 3152 | 2490 | 0 | spec | 16704 | 35984 | 600007680 | 94243968 | own | 6beba60e3b2642a2
iii-L1-r1 | 200 | stop | 3152 | 4315 | 0 | spec | 16704 | 35984 | 600007680 | 124728768 | inherited | 5b9a67f22e97fbe1
iii-L1-r2 | 200 | stop | 3173 | 2997 | 0 | spec | 16704 | 36005 | 600358464 | 103063680 | own | 389fbd6a48acf696
iii-L1-r3 | 200 | stop | 3151 | 2567 | 0 | spec | 16704 | 35983 | 599990976 | 95513472 | own | 83571b70926da5b1
iii-L1-r4 | 200 | stop | 3151 | 3359 | 0 | spec | 16704 | 35983 | 599990976 | 108743040 | inherited | b1106ddb8c4eb541
iii-L2-r0 | 200 | stop | 5803 | 4511 | 0 | spec | 16704 | 38635 | 644289984 | 172285056 | own | 4c397726129c55c1
iii-L2-r1 | 200 | stop | 5815 | 4564 | 0 | spec | 16704 | 38647 | 644490432 | 173370816 | own | 6edb592b37e30669
iii-L2-r2 | 200 | stop | 5822 | 3246 | 0 | spec | 16704 | 38654 | 644607360 | 151471872 | own | da6675a892f9cb21
iii-L2-r3 | 200 | length | 5821 | 32768 | 0 | spec | 16704 | 38653 | 644590656 | 644590656 | own | 01bb274340ed5c19
iii-L2-r4 | 200 | stop | 5812 | 3724 | 0 | spec | 16704 | 38644 | 644440320 | 159289344 | own | 276fa0383ff3313f
iv-a-r0 | 200 | stop | 1619 | 5413 | 0 | spec | 16704 | 34451 | 574400448 | 117462528 | own | c133583f0770a949
iv-a-r1 | 200 | stop | 1619 | 6405 | 0 | spec | 16704 | 34451 | 574400448 | 134032896 | inherited | 9153bfaef564f637
iv-a-r2 | 200 | stop | 1620 | 5848 | 0 | spec | 16704 | 34452 | 574417152 | 124745472 | own | eba245b77cb514e6
iv-b-r0 | 200 | length | 78 | 32768 | 0 | spec | 16704 | 32910 | 548659584 | 548659584 | own | 14c4769f3b76d3a1
iv-b-r1 | 200 | length | 78 | 32768 | 0 | spec | 16704 | 32910 | 548659584 | 548659584 | inherited | 94437df0d8978640
iv-b-r2 | 200 | length | 78 | 32768 | 0 | spec | 16704 | 32910 | 548659584 | 548659584 | inherited | 8a65b6eff5d56dbc
== burst
window_ms=627338 B=32 status={429: 13, 200: 19} finish={'stop': 15, 'length': 4} retry_after={'60': 13}
active_sessions_max=19.0 admission_booked_bytes_max=22075467304.0 samples=2509 shadow_budget_bytes=12831671424 burst_cost_lines=365 burst_cost_total_mb_median=1162 arith_sessions=11
admit_mem_id_lines=52 by_verdict={'admit': 19, 'defer': 20, 'refuse': 13} reclaim_lines=0
[admit-mem] id=chatcmpl-c6ee7b7e907d59dbe388a82889dec990 model="q9" verdict=admit prompt=1328 output_bound=- charged_ctx=34160 est_bytes=2771156024 est_context=507207680 est_fixed=2263948344 device_free=12898435256 pending_prime=0 pending_seed=0 host_free=0 demotable=1991272448 short_by=0 inflight=0 cap=64 waited_ms=0 retry_after_s=-
[admit-mem] id=chatcmpl-ec3568579bdb5285331cbf0f4c5615f4 model="q9" verdict=admit prompt=1331 output_bound=- charged_ctx=34163 est_bytes=2772281912 est_context=507252224 est_fixed=2265029688 device_free=12043991556 pending_prime=109576192 pending_seed=72171520 host_free=0 demotable=1991272448 short_by=0 inflight=1 cap=64 waited_ms=0 retry_after_s=-
[admit-mem] id=chatcmpl-3cb3aa9e34d5fae7c622b7fde209e622 model="q9" verdict=admit prompt=1332 output_bound=- charged_ctx=34164 est_bytes=2772657208 est_context=507267072 est_fixed=2265390136 device_free=10816882576 pending_prime=589332480 pending_seed=146778112 host_free=0 demotable=1991272448 short_by=0 inflight=2 cap=64 waited_ms=0 retry_after_s=-
[admit-mem] id=chatcmpl-39cf5bf397f9c1ff5024e3abce05ef48 model="q9" verdict=admit prompt=1334 output_bound=- charged_ctx=34166 est_bytes=2773407800 est_context=507296768 est_fixed=2266111032 device_free=9589396444 pending_prime=1069449216 pending_seed=221384704 host_free=0 demotable=1991272448 short_by=0 inflight=3 cap=64 waited_ms=0 retry_after_s=-
[admit-mem] id=chatcmpl-edde33b633869ee1e3eec473aa495686 model="q9" verdict=admit prompt=1331 output_bound=- charged_ctx=34163 est_bytes=2772281912 est_context=507252224 est_fixed=2265029688 device_free=8361156008 pending_prime=1550286848 pending_seed=295991296 host_free=0 demotable=1991272448 short_by=0 inflight=4 cap=64 waited_ms=0 retry_after_s=-
[admit-mem] id=chatcmpl-464ef29f92600b629c258d474a63c88b model="q9" verdict=admit prompt=1330 output_bound=- charged_ctx=34162 est_bytes=2771906616 est_context=507237376 est_fixed=2264669240 device_free=7134047028 pending_prime=2030043136 pending_seed=370597888 host_free=0 demotable=1991272448 short_by=0 inflight=5 cap=64 waited_ms=0 retry_after_s=-
... 46 more [admit-mem] id= lines in server.log
== open-class G (this boot): n=36 min=2173 p50=4137 max=32768 stop=32 length=4 other=0
