2026-09-24T01:56:26Z lock held by the collector (external)
ii-L2-r3 | 200 | length | 5650 | 96 | 0 | spec | 16704 | 5810 | 95981184 | 95981184 | own | 1da311093ada6a0d
ii-L2-r4 | 200 | length | 5647 | 96 | 0 | spec | 16704 | 5807 | 95931072 | 95931072 | own | ab6a9fa0530ed40a
i-L2-r0 | 200 | stop | 5755 | 4817 | 0 | spec | 16704 | 14011 | 232970688 | 176594688 | own | 4394a78deae14025
i-L2-r1 | 200 | stop | 5761 | 3715 | 0 | spec | 16704 | 14017 | 233070912 | 158287104 | own | 4de4e33ed1ea662e
i-L2-r2 | 200 | stop | 5760 | 4137 | 0 | spec | 16704 | 14016 | 233054208 | 165319488 | own | 8e971d594531dd3a
i-L2-r3 | 200 | stop | 5763 | 4584 | 0 | spec | 16704 | 14019 | 233104320 | 172836288 | own | 28faa574acc27026
i-L2-r4 | 200 | stop | 5761 | 3248 | 0 | spec | 16704 | 14017 | 233070912 | 150486336 | own | d1174510d3292651
iii-L0-r0 | 200 | stop | 1486 | 2173 | 0 | spec | 16704 | 9742 | 161661312 | 61119936 | own | 8ee8bd098e12efe7
iii-L0-r1 | 200 | stop | 1500 | 4715 | 0 | spec | 16704 | 9756 | 161895168 | 103815360 | own | deb805f1ec388d15
iii-L0-r2 | 200 | stop | 1519 | 4038 | 0 | spec | 16704 | 9775 | 162212544 | 92824128 | own | e6b8bef522873724
iii-L0-r3 | 200 | stop | 1498 | 2606 | 0 | spec | 16704 | 9754 | 161861760 | 68553216 | own | 7f674c1d4dc0bce0
iii-L0-r4 | 200 | stop | 1492 | 4473 | 0 | spec | 16704 | 9748 | 161761536 | 99639360 | own | 3666e62bb6a3c6bb
iii-L1-r0 | 200 | stop | 3152 | 2490 | 0 | spec | 16704 | 11408 | 189490176 | 94243968 | own | 6beba60e3b2642a2
iii-L1-r1 | 200 | stop | 3152 | 4315 | 0 | spec | 16704 | 11408 | 189490176 | 124728768 | inherited | 5b9a67f22e97fbe1
iii-L1-r2 | 200 | stop | 3173 | 2997 | 0 | spec | 16704 | 11429 | 189840960 | 103063680 | own | 389fbd6a48acf696
iii-L1-r3 | 200 | stop | 3151 | 2567 | 0 | spec | 16704 | 11407 | 189473472 | 95513472 | own | 83571b70926da5b1
iii-L1-r4 | 200 | stop | 3151 | 3359 | 0 | spec | 16704 | 11407 | 189473472 | 108743040 | inherited | b1106ddb8c4eb541
iii-L2-r0 | 200 | stop | 5803 | 4511 | 0 | spec | 16704 | 14059 | 233772480 | 172285056 | own | 4c397726129c55c1
iii-L2-r1 | 200 | stop | 5815 | 4564 | 0 | spec | 16704 | 14071 | 233972928 | 173370816 | own | 6edb592b37e30669
iii-L2-r2 | 200 | stop | 5822 | 3246 | 0 | spec | 16704 | 14078 | 234089856 | 151471872 | own | da6675a892f9cb21
iii-L2-r3 | 200 | length | 5821 | 8192 | 0 | spec | 16704 | 14077 | 234073152 | 234073152 | own | 46285b1a2931573e
iii-L2-r4 | 200 | stop | 5812 | 3724 | 0 | spec | 16704 | 14068 | 233922816 | 159289344 | own | 276fa0383ff3313f
iv-b-r0 | 200 | length | 78 | 8192 | 0 | spec | 16704 | 8334 | 138142080 | 138142080 | own | d0cf3caa9e5f157e
iv-b-r1 | 200 | length | 78 | 8192 | 0 | spec | 16704 | 8334 | 138142080 | 138142080 | inherited | ff90c0f4058a7cd5
iv-b-r2 | 200 | length | 78 | 8192 | 0 | spec | 16704 | 8334 | 138142080 | 138142080 | inherited | 29fcde5516343606
iv-a-r0 | 200 | stop | 1619 | 5413 | 0 | spec | 16704 | 9875 | 163882944 | 117462528 | own | c133583f0770a949
iv-a-r1 | 200 | stop | 1619 | 6405 | 0 | spec | 16704 | 9875 | 163882944 | 134032896 | inherited | 9153bfaef564f637
iv-a-r2 | 200 | stop | 1620 | 5848 | 0 | spec | 16704 | 9876 | 163899648 | 124745472 | own | eba245b77cb514e6
== burst
window_ms=330652 B=32 status={200: 32} finish={'stop': 27, 'length': 5} retry_after={}
active_sessions_max=32.0 admission_booked_bytes_max=24043608832.0 samples=1322 shadow_budget_bytes=12831671424 burst_cost_lines=42 burst_cost_total_mb_median=751.5 arith_sessions=17
admit_mem_id_lines=45 by_verdict={'admit': 32, 'defer': 13} reclaim_lines=0
[admit-mem] id=chatcmpl-d2938418fbbf611c798f534189177f1a model="q9" verdict=admit prompt=1330 output_bound=- charged_ctx=9586 est_bytes=2361389112 est_context=142332928 est_fixed=2219056184 device_free=13787820856 pending_prime=0 pending_seed=0 host_free=0 demotable=1991272448 short_by=0 inflight=0 cap=64 waited_ms=0 retry_after_s=-
[admit-mem] id=chatcmpl-1af78ec9e119dcf43f49dd25c8773f44 model="q9" verdict=admit prompt=1331 output_bound=- charged_ctx=9587 est_bytes=2361764408 est_context=142347776 est_fixed=2219416632 device_free=12971606532 pending_prime=479395840 pending_seed=74606592 host_free=0 demotable=1991272448 short_by=0 inflight=1 cap=64 waited_ms=0 retry_after_s=-
[admit-mem] id=chatcmpl-ffbaded17ae0b0b39a6306f10a603985 model="q9" verdict=admit prompt=1333 output_bound=- charged_ctx=9589 est_bytes=2362515000 est_context=142377472 est_fixed=2220137528 device_free=12155015056 pending_prime=959152128 pending_seed=149213184 host_free=0 demotable=1991272448 short_by=0 inflight=2 cap=64 waited_ms=0 retry_after_s=-
[admit-mem] id=chatcmpl-04b93a0d68047e5020cbd1fa67c43300 model="q9" verdict=admit prompt=1332 output_bound=- charged_ctx=9588 est_bytes=2362139704 est_context=142362624 est_fixed=2219777080 device_free=12452270748 pending_prime=332333056 pending_seed=216514560 host_free=0 demotable=1991272448 short_by=0 inflight=3 cap=64 waited_ms=0 retry_after_s=-
[admit-mem] id=chatcmpl-bf1e8bdf5727717cb6140ddf75f40aa8 model="q9" verdict=admit prompt=1328 output_bound=- charged_ctx=9584 est_bytes=2360638520 est_context=142303232 est_fixed=2218335288 device_free=11635302120 pending_prime=812449792 pending_seed=291121152 host_free=0 demotable=1991272448 short_by=0 inflight=4 cap=64 waited_ms=0 retry_after_s=-
[admit-mem] id=chatcmpl-f0ff444acef8fc3e852ae9d9bfd54712 model="q9" verdict=admit prompt=1332 output_bound=- charged_ctx=9588 est_bytes=2362139704 est_context=142362624 est_fixed=2219777080 device_free=10819842100 pending_prime=1291124736 pending_seed=365727744 host_free=0 demotable=1991272448 short_by=0 inflight=5 cap=64 waited_ms=0 retry_after_s=-
... 39 more [admit-mem] id= lines in server.log
== open-class G (this boot): n=36 min=2173 p50=4137 max=8192 stop=32 length=4 other=0
