[w4a16] artifact contract accepted: expert_weights=nvfp4 expert_activations=bf16-rounded q8_expert_program=disabled
[loader-law] WARNING: output.weight loads as 2D Float ne=[4096, 120832] (src BF16) — a Float matmul weight rides cuBLAS f32 GEMV and poisons all-or-nothing q8-fast predicates (uses_q8_1_fast/mixer_in_q8_1_fast). If matmul-class: Q8_0-encode at load (model.rs ssm arm / source.rs BF16+F8 gates). If deliberately Float: add it to float_2d_audited with the audit rationale.
[loader-law] WARNING: blk.*.attn_q.weight loads as 2D Float ne=[4096, 8192] (src BF16) — a Float matmul weight rides cuBLAS f32 GEMV and poisons all-or-nothing q8-fast predicates (uses_q8_1_fast/mixer_in_q8_1_fast). If matmul-class: Q8_0-encode at load (model.rs ssm arm / source.rs BF16+F8 gates). If deliberately Float: add it to float_2d_audited with the audit rationale.
[loader-law] WARNING: blk.*.attn_k.weight loads as 2D Float ne=[4096, 1024] (src BF16) — a Float matmul weight rides cuBLAS f32 GEMV and poisons all-or-nothing q8-fast predicates (uses_q8_1_fast/mixer_in_q8_1_fast). If matmul-class: Q8_0-encode at load (model.rs ssm arm / source.rs BF16+F8 gates). If deliberately Float: add it to float_2d_audited with the audit rationale.
[loader-law] WARNING: blk.*.attn_v.weight loads as 2D Float ne=[4096, 1024] (src BF16) — a Float matmul weight rides cuBLAS f32 GEMV and poisons all-or-nothing q8-fast predicates (uses_q8_1_fast/mixer_in_q8_1_fast). If matmul-class: Q8_0-encode at load (model.rs ssm arm / source.rs BF16+F8 gates). If deliberately Float: add it to float_2d_audited with the audit rationale.
[loader-law] WARNING: blk.*.attn_output.weight loads as 2D Float ne=[8192, 4096] (src BF16) — a Float matmul weight rides cuBLAS f32 GEMV and poisons all-or-nothing q8-fast predicates (uses_q8_1_fast/mixer_in_q8_1_fast). If matmul-class: Q8_0-encode at load (model.rs ssm arm / source.rs BF16+F8 gates). If deliberately Float: add it to float_2d_audited with the audit rationale.
[loader-law] WARNING: blk.*.ffn_gate.weight loads as 2D Float ne=[4096, 13312] (src BF16) — a Float matmul weight rides cuBLAS f32 GEMV and poisons all-or-nothing q8-fast predicates (uses_q8_1_fast/mixer_in_q8_1_fast). If matmul-class: Q8_0-encode at load (model.rs ssm arm / source.rs BF16+F8 gates). If deliberately Float: add it to float_2d_audited with the audit rationale.
[loader-law] WARNING: blk.*.ffn_up.weight loads as 2D Float ne=[4096, 13312] (src BF16) — a Float matmul weight rides cuBLAS f32 GEMV and poisons all-or-nothing q8-fast predicates (uses_q8_1_fast/mixer_in_q8_1_fast). If matmul-class: Q8_0-encode at load (model.rs ssm arm / source.rs BF16+F8 gates). If deliberately Float: add it to float_2d_audited with the audit rationale.
[loader-law] WARNING: blk.*.ffn_down.weight loads as 2D Float ne=[13312, 4096] (src BF16) — a Float matmul weight rides cuBLAS f32 GEMV and poisons all-or-nothing q8-fast predicates (uses_q8_1_fast/mixer_in_q8_1_fast). If matmul-class: Q8_0-encode at load (model.rs ssm arm / source.rs BF16+F8 gates). If deliberately Float: add it to float_2d_audited with the audit rationale.
[slab-populate] blk1-gate: 648 MiB in 0.1s (8149 MiB/s)
[slab-populate] blk1-up: 648 MiB in 0.1s (10020 MiB/s)
[slab-populate] blk1-down: 648 MiB in 0.1s (10027 MiB/s)
[moe] resident-experts decision (dev0): experts 165.11GB + trunk 0.00GB vs free 98.09GB (expert budget 96.09GB) -> SLRU cache
[loader-law] WARNING: blk.*.ffn_gate_shexp.weight loads as 2D Float ne=[4096, 1536] (src BF16) — a Float matmul weight rides cuBLAS f32 GEMV and poisons all-or-nothing q8-fast predicates (uses_q8_1_fast/mixer_in_q8_1_fast). If matmul-class: Q8_0-encode at load (model.rs ssm arm / source.rs BF16+F8 gates). If deliberately Float: add it to float_2d_audited with the audit rationale.
[loader-law] WARNING: blk.*.ffn_up_shexp.weight loads as 2D Float ne=[4096, 1536] (src BF16) — a Float matmul weight rides cuBLAS f32 GEMV and poisons all-or-nothing q8-fast predicates (uses_q8_1_fast/mixer_in_q8_1_fast). If matmul-class: Q8_0-encode at load (model.rs ssm arm / source.rs BF16+F8 gates). If deliberately Float: add it to float_2d_audited with the audit rationale.
[loader-law] WARNING: blk.*.ffn_down_shexp.weight loads as 2D Float ne=[1536, 4096] (src BF16) — a Float matmul weight rides cuBLAS f32 GEMV and poisons all-or-nothing q8-fast predicates (uses_q8_1_fast/mixer_in_q8_1_fast). If matmul-class: Q8_0-encode at load (model.rs ssm arm / source.rs BF16+F8 gates). If deliberately Float: add it to float_2d_audited with the audit rationale.
[slab-populate] blk2-gate: 648 MiB in 0.1s (8202 MiB/s)
[slab-populate] blk2-up: 648 MiB in 0.1s (10390 MiB/s)
[slab-populate] blk2-down: 648 MiB in 0.1s (10381 MiB/s)
[slab-populate] blk3-gate: 648 MiB in 0.1s (10693 MiB/s)
[slab-populate] blk3-up: 648 MiB in 0.1s (10898 MiB/s)
[slab-populate] blk3-down: 648 MiB in 0.1s (10951 MiB/s)
[slab-populate] blk4-gate: 648 MiB in 0.1s (10683 MiB/s)
[slab-populate] blk4-up: 648 MiB in 0.1s (10646 MiB/s)
[slab-populate] blk4-down: 648 MiB in 0.1s (10791 MiB/s)
[slab-populate] blk5-gate: 648 MiB in 0.1s (10853 MiB/s)
[slab-populate] blk5-up: 648 MiB in 0.1s (10974 MiB/s)
[slab-populate] blk5-down: 648 MiB in 0.1s (9595 MiB/s)
[slab-populate] blk6-gate: 648 MiB in 0.1s (11158 MiB/s)
[slab-populate] blk6-up: 648 MiB in 0.1s (11291 MiB/s)
[slab-populate] blk6-down: 648 MiB in 0.1s (11245 MiB/s)
[slab-populate] blk7-gate: 648 MiB in 0.1s (11019 MiB/s)
[slab-populate] blk7-up: 648 MiB in 0.1s (11299 MiB/s)
[slab-populate] blk7-down: 648 MiB in 0.1s (11363 MiB/s)
[slab-populate] blk8-gate: 648 MiB in 0.1s (10933 MiB/s)
[slab-populate] blk8-up: 648 MiB in 0.1s (10873 MiB/s)
[slab-populate] blk8-down: 648 MiB in 0.1s (10952 MiB/s)
[slab-populate] blk9-gate: 648 MiB in 0.1s (11111 MiB/s)
[slab-populate] blk9-up: 648 MiB in 0.1s (9945 MiB/s)
[slab-populate] blk9-down: 648 MiB in 0.1s (11064 MiB/s)
[slab-populate] blk10-gate: 648 MiB in 0.1s (10576 MiB/s)
[slab-populate] blk10-up: 648 MiB in 0.1s (10801 MiB/s)
[slab-populate] blk10-down: 648 MiB in 0.1s (10795 MiB/s)
[slab-populate] blk11-gate: 648 MiB in 0.1s (11533 MiB/s)
[slab-populate] blk11-up: 648 MiB in 0.1s (11686 MiB/s)
[slab-populate] blk11-down: 648 MiB in 0.1s (11675 MiB/s)
[slab-populate] blk12-gate: 648 MiB in 0.1s (11229 MiB/s)
[slab-populate] blk12-up: 648 MiB in 0.1s (11421 MiB/s)
[slab-populate] blk12-down: 648 MiB in 0.1s (11422 MiB/s)
[slab-populate] blk13-gate: 648 MiB in 0.1s (9080 MiB/s)
[slab-populate] blk13-up: 648 MiB in 0.1s (10856 MiB/s)
[slab-populate] blk13-down: 648 MiB in 0.1s (10955 MiB/s)
[slab-populate] blk14-gate: 648 MiB in 0.1s (10974 MiB/s)
[slab-populate] blk14-up: 648 MiB in 0.1s (10994 MiB/s)
[slab-populate] blk14-down: 648 MiB in 0.1s (11125 MiB/s)
[slab-populate] blk15-gate: 648 MiB in 0.1s (10675 MiB/s)
[slab-populate] blk15-up: 648 MiB in 0.1s (11178 MiB/s)
[slab-populate] blk15-down: 648 MiB in 0.1s (11183 MiB/s)
[slab-populate] blk16-gate: 648 MiB in 0.1s (10823 MiB/s)
[slab-populate] blk16-up: 648 MiB in 0.1s (10889 MiB/s)
[slab-populate] blk16-down: 648 MiB in 0.1s (10838 MiB/s)
[slab-populate] blk17-gate: 648 MiB in 0.1s (11227 MiB/s)
[slab-populate] blk17-up: 648 MiB in 0.1s (11389 MiB/s)
[slab-populate] blk17-down: 648 MiB in 0.1s (11351 MiB/s)
[slab-populate] blk18-gate: 648 MiB in 0.1s (11324 MiB/s)
[slab-populate] blk18-up: 648 MiB in 0.1s (11399 MiB/s)
[slab-populate] blk18-down: 648 MiB in 0.1s (11511 MiB/s)
[slab-populate] blk19-gate: 648 MiB in 0.1s (11408 MiB/s)
[slab-populate] blk19-up: 648 MiB in 0.1s (11518 MiB/s)
[slab-populate] blk19-down: 648 MiB in 0.1s (11595 MiB/s)
[slab-populate] blk20-gate: 648 MiB in 0.1s (11464 MiB/s)
[slab-populate] blk20-up: 648 MiB in 0.1s (11632 MiB/s)
[slab-populate] blk20-down: 648 MiB in 0.1s (10633 MiB/s)
[slab-populate] blk21-gate: 648 MiB in 0.1s (11057 MiB/s)
[slab-populate] blk21-up: 648 MiB in 0.1s (11495 MiB/s)
[slab-populate] blk21-down: 648 MiB in 0.1s (11417 MiB/s)
[slab-populate] blk22-gate: 648 MiB in 0.1s (10841 MiB/s)
[slab-populate] blk22-up: 648 MiB in 0.1s (11240 MiB/s)
[slab-populate] blk22-down: 648 MiB in 0.1s (9837 MiB/s)
[slab-populate] blk23-gate: 648 MiB in 0.1s (11437 MiB/s)
[slab-populate] blk23-up: 648 MiB in 0.0s (17098 MiB/s)
[slab-populate] blk23-down: 648 MiB in 0.0s (15045 MiB/s)
[slab-populate] blk24-gate: 648 MiB in 0.1s (11294 MiB/s)
[slab-populate] blk24-up: 648 MiB in 0.1s (10789 MiB/s)
[slab-populate] blk24-down: 648 MiB in 0.1s (10807 MiB/s)
[slab-populate] blk25-gate: 648 MiB in 0.1s (11576 MiB/s)
[slab-populate] blk25-up: 648 MiB in 0.1s (11637 MiB/s)
[slab-populate] blk25-down: 648 MiB in 0.1s (11610 MiB/s)
[slab-populate] blk26-gate: 648 MiB in 0.1s (11060 MiB/s)
[slab-populate] blk26-up: 648 MiB in 0.1s (11174 MiB/s)
[slab-populate] blk26-down: 648 MiB in 0.1s (9962 MiB/s)
[slab-populate] blk27-gate: 648 MiB in 0.1s (11344 MiB/s)
[slab-populate] blk27-up: 648 MiB in 0.1s (11422 MiB/s)
[slab-populate] blk27-down: 648 MiB in 0.1s (11332 MiB/s)
[slab-populate] blk28-gate: 648 MiB in 0.1s (9609 MiB/s)
[slab-populate] blk28-up: 648 MiB in 0.1s (10775 MiB/s)
[slab-populate] blk28-down: 648 MiB in 0.1s (10825 MiB/s)
[slab-populate] blk29-gate: 648 MiB in 0.1s (10900 MiB/s)
[slab-populate] blk29-up: 648 MiB in 0.1s (10909 MiB/s)
[slab-populate] blk29-down: 648 MiB in 0.1s (10806 MiB/s)
[slab-populate] blk30-gate: 648 MiB in 0.1s (10881 MiB/s)
[slab-populate] blk30-up: 648 MiB in 0.1s (9660 MiB/s)
[slab-populate] blk30-down: 648 MiB in 0.1s (10926 MiB/s)
[slab-populate] blk31-gate: 648 MiB in 0.1s (11466 MiB/s)
[slab-populate] blk31-up: 648 MiB in 0.1s (11544 MiB/s)
[slab-populate] blk31-down: 648 MiB in 0.1s (11500 MiB/s)
[slab-populate] blk32-gate: 648 MiB in 0.1s (11197 MiB/s)
[slab-populate] blk32-up: 648 MiB in 0.1s (11315 MiB/s)
[slab-populate] blk32-down: 648 MiB in 0.1s (11201 MiB/s)
[slab-populate] blk33-gate: 648 MiB in 0.1s (11621 MiB/s)
[slab-populate] blk33-up: 648 MiB in 0.1s (11676 MiB/s)
[slab-populate] blk33-down: 648 MiB in 0.1s (11736 MiB/s)
[slab-populate] blk34-gate: 648 MiB in 0.1s (9941 MiB/s)
[slab-populate] blk34-up: 648 MiB in 0.1s (11418 MiB/s)
[slab-populate] blk34-down: 648 MiB in 0.1s (11555 MiB/s)
[slab-populate] blk35-gate: 648 MiB in 0.1s (11664 MiB/s)
[slab-populate] blk35-up: 648 MiB in 0.1s (11882 MiB/s)
[slab-populate] blk35-down: 648 MiB in 0.1s (11891 MiB/s)
[slab-populate] blk36-gate: 648 MiB in 0.1s (11587 MiB/s)
[slab-populate] blk36-up: 648 MiB in 0.1s (11743 MiB/s)
[slab-populate] blk36-down: 648 MiB in 0.1s (11818 MiB/s)
[slab-populate] blk37-gate: 648 MiB in 0.1s (11136 MiB/s)
[slab-populate] blk37-up: 648 MiB in 0.1s (11422 MiB/s)
[slab-populate] blk37-down: 648 MiB in 0.1s (11170 MiB/s)
[slab-populate] blk38-gate: 648 MiB in 0.1s (11140 MiB/s)
[slab-populate] blk38-up: 648 MiB in 0.1s (11325 MiB/s)
[slab-populate] blk38-down: 648 MiB in 0.1s (11261 MiB/s)
[slab-populate] blk39-gate: 648 MiB in 0.1s (11298 MiB/s)
[slab-populate] blk39-up: 648 MiB in 0.1s (11682 MiB/s)
[slab-populate] blk39-down: 648 MiB in 0.1s (11507 MiB/s)
[slab-populate] blk40-gate: 648 MiB in 0.1s (11629 MiB/s)
[slab-populate] blk40-up: 648 MiB in 0.1s (11894 MiB/s)
[slab-populate] blk40-down: 648 MiB in 0.1s (11889 MiB/s)
[slab-populate] blk41-gate: 648 MiB in 0.1s (10975 MiB/s)
[slab-populate] blk41-up: 648 MiB in 0.1s (11219 MiB/s)
[slab-populate] blk41-down: 648 MiB in 0.1s (11262 MiB/s)
[slab-populate] blk42-gate: 648 MiB in 0.1s (11168 MiB/s)
[slab-populate] blk42-up: 648 MiB in 0.1s (11518 MiB/s)
[slab-populate] blk42-down: 648 MiB in 0.1s (11454 MiB/s)
[slab-populate] blk43-gate: 648 MiB in 0.1s (11411 MiB/s)
[slab-populate] blk43-up: 648 MiB in 0.1s (11561 MiB/s)
[slab-populate] blk43-down: 648 MiB in 0.1s (10616 MiB/s)
[slab-populate] blk44-gate: 648 MiB in 0.1s (11090 MiB/s)
[slab-populate] blk44-up: 648 MiB in 0.1s (11297 MiB/s)
[slab-populate] blk44-down: 648 MiB in 0.1s (11276 MiB/s)
[slab-populate] blk45-gate: 648 MiB in 0.1s (11368 MiB/s)
[slab-populate] blk45-up: 648 MiB in 0.1s (11291 MiB/s)
[slab-populate] blk45-down: 648 MiB in 0.1s (9978 MiB/s)
[slab-populate] blk46-gate: 648 MiB in 0.1s (10928 MiB/s)
[slab-populate] blk46-up: 648 MiB in 0.1s (11221 MiB/s)
[slab-populate] blk46-down: 648 MiB in 0.1s (11259 MiB/s)
[slab-populate] blk47-gate: 648 MiB in 0.1s (10922 MiB/s)
[slab-populate] blk47-up: 648 MiB in 0.1s (10387 MiB/s)
[slab-populate] blk47-down: 648 MiB in 0.1s (11070 MiB/s)
[slab-populate] blk48-gate: 648 MiB in 0.1s (11321 MiB/s)
[slab-populate] blk48-up: 648 MiB in 0.1s (10568 MiB/s)
[slab-populate] blk48-down: 648 MiB in 0.1s (10829 MiB/s)
[slab-populate] blk49-gate: 648 MiB in 0.1s (7726 MiB/s)
[slab-populate] blk49-up: 648 MiB in 0.1s (9446 MiB/s)
[slab-populate] blk49-down: 648 MiB in 0.1s (10299 MiB/s)
[slab-populate] blk50-gate: 648 MiB in 0.1s (9529 MiB/s)
[slab-populate] blk50-up: 648 MiB in 0.1s (6756 MiB/s)
[slab-populate] blk50-down: 648 MiB in 0.1s (7495 MiB/s)
[slab-populate] blk51-gate: 648 MiB in 0.1s (8979 MiB/s)
[slab-populate] blk51-up: 648 MiB in 0.1s (8314 MiB/s)
[slab-populate] blk51-down: 648 MiB in 0.1s (8918 MiB/s)
[slab-populate] blk52-gate: 648 MiB in 0.1s (8091 MiB/s)
[slab-populate] blk52-up: 648 MiB in 0.1s (9668 MiB/s)
[slab-populate] blk52-down: 648 MiB in 0.2s (4287 MiB/s)
[slab-populate] blk53-gate: 648 MiB in 0.1s (8208 MiB/s)
[slab-populate] blk53-up: 648 MiB in 0.2s (2850 MiB/s)
[slab-populate] blk53-down: 648 MiB in 0.2s (4113 MiB/s)
[slab-populate] blk54-gate: 648 MiB in 0.2s (2997 MiB/s)
[slab-populate] blk54-up: 648 MiB in 0.1s (5184 MiB/s)
[slab-populate] blk54-down: 648 MiB in 0.1s (5979 MiB/s)
[slab-populate] blk55-gate: 648 MiB in 0.1s (6679 MiB/s)
[slab-populate] blk55-up: 648 MiB in 0.1s (11957 MiB/s)
[slab-populate] blk55-down: 648 MiB in 0.1s (12127 MiB/s)
[slab-populate] blk56-gate: 648 MiB in 0.1s (11731 MiB/s)
[slab-populate] blk56-up: 648 MiB in 0.1s (12209 MiB/s)
[slab-populate] blk56-down: 648 MiB in 0.1s (12196 MiB/s)
[slab-populate] blk57-gate: 648 MiB in 0.1s (10681 MiB/s)
[slab-populate] blk57-up: 648 MiB in 0.1s (11584 MiB/s)
[slab-populate] blk57-down: 648 MiB in 0.1s (12008 MiB/s)
[slab-populate] blk58-gate: 648 MiB in 0.1s (11043 MiB/s)
[slab-populate] blk58-up: 648 MiB in 0.1s (11956 MiB/s)
[slab-populate] blk58-down: 648 MiB in 0.1s (12144 MiB/s)
[slab-populate] blk59-gate: 648 MiB in 0.1s (12053 MiB/s)
[slab-populate] blk59-up: 648 MiB in 0.1s (12124 MiB/s)
[slab-populate] blk59-down: 648 MiB in 0.1s (11864 MiB/s)
[slab-populate] blk60-gate: 648 MiB in 0.1s (11705 MiB/s)
[slab-populate] blk60-up: 648 MiB in 0.1s (12160 MiB/s)
[slab-populate] blk60-down: 648 MiB in 0.1s (12035 MiB/s)
[slab-populate] blk61-gate: 648 MiB in 0.1s (11589 MiB/s)
[slab-populate] blk61-up: 648 MiB in 0.1s (11681 MiB/s)
[slab-populate] blk61-down: 648 MiB in 0.1s (11944 MiB/s)
[slab-populate] blk62-gate: 648 MiB in 0.1s (11327 MiB/s)
[slab-populate] blk62-up: 648 MiB in 0.1s (11989 MiB/s)
[slab-populate] blk62-down: 648 MiB in 0.1s (11948 MiB/s)
[slab-populate] blk63-gate: 648 MiB in 0.1s (11416 MiB/s)
[slab-populate] blk63-up: 648 MiB in 0.1s (12025 MiB/s)
[slab-populate] blk63-down: 648 MiB in 0.1s (11836 MiB/s)
[slab-populate] blk64-gate: 648 MiB in 0.1s (11126 MiB/s)
[slab-populate] blk64-up: 648 MiB in 0.1s (11902 MiB/s)
[slab-populate] blk64-down: 648 MiB in 0.1s (12012 MiB/s)
[slab-populate] blk65-gate: 648 MiB in 0.1s (10702 MiB/s)
[slab-populate] blk65-up: 648 MiB in 0.1s (12072 MiB/s)
[slab-populate] blk65-down: 648 MiB in 0.1s (12034 MiB/s)
[slab-populate] blk66-gate: 648 MiB in 0.1s (11179 MiB/s)
[slab-populate] blk66-up: 648 MiB in 0.1s (11924 MiB/s)
[slab-populate] blk66-down: 648 MiB in 0.1s (11877 MiB/s)
[slab-populate] blk67-gate: 648 MiB in 0.1s (11519 MiB/s)
[slab-populate] blk67-up: 648 MiB in 0.1s (11970 MiB/s)
[slab-populate] blk67-down: 648 MiB in 0.1s (10139 MiB/s)
[slab-populate] blk68-gate: 648 MiB in 0.1s (11127 MiB/s)
[slab-populate] blk68-up: 648 MiB in 0.1s (12055 MiB/s)
[slab-populate] blk68-down: 648 MiB in 0.1s (11974 MiB/s)
[slab-populate] blk69-gate: 648 MiB in 0.1s (11595 MiB/s)
[slab-populate] blk69-up: 648 MiB in 0.1s (12094 MiB/s)
[slab-populate] blk69-down: 648 MiB in 0.1s (11933 MiB/s)
[slab-populate] blk70-gate: 648 MiB in 0.1s (11174 MiB/s)
[slab-populate] blk70-up: 648 MiB in 0.1s (12008 MiB/s)
[slab-populate] blk70-down: 648 MiB in 0.1s (11937 MiB/s)
[slab-populate] blk71-gate: 648 MiB in 0.1s (11322 MiB/s)
[slab-populate] blk71-up: 648 MiB in 0.1s (10378 MiB/s)
[slab-populate] blk71-down: 648 MiB in 0.1s (11920 MiB/s)
[slab-populate] blk72-gate: 648 MiB in 0.1s (11361 MiB/s)
[slab-populate] blk72-up: 648 MiB in 0.1s (11981 MiB/s)
[slab-populate] blk72-down: 648 MiB in 0.1s (11447 MiB/s)
[slab-populate] blk73-gate: 648 MiB in 0.1s (11486 MiB/s)
[slab-populate] blk73-up: 648 MiB in 0.1s (11906 MiB/s)
[slab-populate] blk73-down: 648 MiB in 0.1s (12023 MiB/s)
[slab-populate] blk74-gate: 648 MiB in 0.1s (11295 MiB/s)
[slab-populate] blk74-up: 648 MiB in 0.1s (12016 MiB/s)
[slab-populate] blk74-down: 648 MiB in 0.1s (11955 MiB/s)
[slab-populate] blk75-gate: 648 MiB in 0.1s (10021 MiB/s)
[slab-populate] blk75-up: 648 MiB in 0.1s (11963 MiB/s)
[slab-populate] blk75-down: 648 MiB in 0.1s (12077 MiB/s)
[slab-populate] blk76-gate: 648 MiB in 0.1s (11589 MiB/s)
[slab-populate] blk76-up: 648 MiB in 0.1s (11916 MiB/s)
[slab-populate] blk76-down: 648 MiB in 0.1s (12004 MiB/s)
[slab-populate] blk77-gate: 648 MiB in 0.1s (11233 MiB/s)
[slab-populate] blk77-up: 648 MiB in 0.1s (11943 MiB/s)
[slab-populate] blk77-down: 648 MiB in 0.1s (11914 MiB/s)
[slab-populate] blk78-gate: 648 MiB in 0.1s (11459 MiB/s)
[slab-populate] blk78-up: 648 MiB in 0.1s (10705 MiB/s)
[slab-populate] blk78-down: 648 MiB in 0.1s (9908 MiB/s)
[slab-populate] blk79-gate: 648 MiB in 0.1s (10574 MiB/s)
[slab-populate] blk79-up: 648 MiB in 0.1s (11767 MiB/s)
[slab-populate] blk79-down: 648 MiB in 0.1s (11876 MiB/s)
loaded Hy3 (80 trunk layers)
prompts: 3 distinct across m=3 streams (lens [20, 25, 23]), n_new=32
[moe-cache] size-aware fixed slots: 16410 slots in 1 classes, 58.07 GB / 58.07 GB budget
[spill-pread] enabled: depth=32 buffer_bytes=3538944 total_pinned_bytes=113246208 (bounded O_DIRECT worker prefetch, caller-thread compute-stream H2D, mmap error fallback)
[moe-cache] residency frozen: 16410 slots, 15675 resident blocks; 5225 complete experts, 0 one-projection fragments, 0 two-projection fragments (0 stranded blocks)
[moe-cache] freeze profile restored: 15675/15675 blocks restaged from /root/lane/hy3.freeze
[fa-pool] grow #0 dev=0 o_len 0 -> 8192 ml_len 0 -> 64 (retired kept, zero=false)
[glm5-vrows-t1-deny] dev=0 il=1 capture_open=false t1_dev=false forced=false slab_bases=false moe_q8=false uniform=true n_used=8 sigmoid_cfg=true pre_clamp=false cpu_hybrid=true observe_routes=true sig_router_env=true — the T=1 device-table MoE arm stood down and this layer takes the host-readback path. Benign with capture_open=false (an eager gap layer); with capture_open=true it is the wrong-answer class the router guard refuses, and the first denied conjunct on the line is the reason.
[glm5-vrows-t1-deny] dev=0 il=2 capture_open=false t1_dev=false forced=false slab_bases=false moe_q8=false uniform=true n_used=8 sigmoid_cfg=true pre_clamp=false cpu_hybrid=true observe_routes=true sig_router_env=true — the T=1 device-table MoE arm stood down and this layer takes the host-readback path. Benign with capture_open=false (an eager gap layer); with capture_open=true it is the wrong-answer class the router guard refuses, and the first denied conjunct on the line is the reason.
[glm5-vrows-t1-deny] dev=0 il=3 capture_open=false t1_dev=false forced=false slab_bases=false moe_q8=false uniform=true n_used=8 sigmoid_cfg=true pre_clamp=false cpu_hybrid=true observe_routes=true sig_router_env=true — the T=1 device-table MoE arm stood down and this layer takes the host-readback path. Benign with capture_open=false (an eager gap layer); with capture_open=true it is the wrong-answer class the router guard refuses, and the first denied conjunct on the line is the reason.
[glm5-vrows-t1-deny] dev=0 il=4 capture_open=false t1_dev=false forced=false slab_bases=false moe_q8=false uniform=true n_used=8 sigmoid_cfg=true pre_clamp=false cpu_hybrid=true observe_routes=true sig_router_env=true — the T=1 device-table MoE arm stood down and this layer takes the host-readback path. Benign with capture_open=false (an eager gap layer); with capture_open=true it is the wrong-answer class the router guard refuses, and the first denied conjunct on the line is the reason.
[glm5-vrows-t1-deny] dev=0 il=5 capture_open=false t1_dev=false forced=false slab_bases=false moe_q8=false uniform=true n_used=8 sigmoid_cfg=true pre_clamp=false cpu_hybrid=true observe_routes=true sig_router_env=true — the T=1 device-table MoE arm stood down and this layer takes the host-readback path. Benign with capture_open=false (an eager gap layer); with capture_open=true it is the wrong-answer class the router guard refuses, and the first denied conjunct on the line is the reason.
[glm5-vrows-t1-deny] dev=0 il=6 capture_open=false t1_dev=false forced=false slab_bases=false moe_q8=false uniform=true n_used=8 sigmoid_cfg=true pre_clamp=false cpu_hybrid=true observe_routes=true sig_router_env=true — the T=1 device-table MoE arm stood down and this layer takes the host-readback path. Benign with capture_open=false (an eager gap layer); with capture_open=true it is the wrong-answer class the router guard refuses, and the first denied conjunct on the line is the reason.
[glm5-vrows-t1-deny] dev=0 il=7 capture_open=false t1_dev=false forced=false slab_bases=false moe_q8=false uniform=true n_used=8 sigmoid_cfg=true pre_clamp=false cpu_hybrid=true observe_routes=true sig_router_env=true — the T=1 device-table MoE arm stood down and this layer takes the host-readback path. Benign with capture_open=false (an eager gap layer); with capture_open=true it is the wrong-answer class the router guard refuses, and the first denied conjunct on the line is the reason.
[glm5-vrows-t1-deny] dev=0 il=8 capture_open=false t1_dev=false forced=false slab_bases=false moe_q8=false uniform=true n_used=8 sigmoid_cfg=true pre_clamp=false cpu_hybrid=true observe_routes=true sig_router_env=true — the T=1 device-table MoE arm stood down and this layer takes the host-readback path. Benign with capture_open=false (an eager gap layer); with capture_open=true it is the wrong-answer class the router guard refuses, and the first denied conjunct on the line is the reason.
[memra] experimental CPU expert backend: /root/lane/libmemra-cpu-experts.so (threads=16)
[memra-cpu] RAM headroom cap: requested=60.00 GiB available=180.82 GiB reserve=8.00 GiB effective=60.00 GiB
[memra-cpu] normal-RAM expert cache: 60.00 GiB policy=lru io=direct
stream0 step 0: argmax 503 top2-margin 1.784156e1
stream0 step 1: argmax 29463 top2-margin 1.788491e1
stream0 step 2: argmax 1512 top2-margin 8.440872e0
stream0 step 3: argmax 1208 top2-margin 2.018165e1
stream0 step 4: argmax 47736 top2-margin 1.475648e1
stream0 step 5: argmax 503 top2-margin 2.004569e1
stream0 step 6: argmax 316 top2-margin 7.231483e0
stream0 step 7: argmax 244 top2-margin 1.412105e1
stream0 step 8: argmax 9321 top2-margin 6.014862e0
stream0 step 9: argmax 287 top2-margin 1.131799e1
stream0 step 10: argmax 4791 top2-margin 1.044131e1
stream0 step 11: argmax 1017 top2-margin 2.032549e1
stream0 step 12: argmax 102155 top2-margin 2.364326e0
stream0 step 13: argmax 17366 top2-margin 1.525765e1
stream0 step 14: argmax 3791 top2-margin 4.593887e-1
stream0 step 15: argmax 2438 top2-margin 3.438309e0
stream0 step 16: argmax 28615 top2-margin 7.637802e0
stream0 step 17: argmax 13 top2-margin 3.879166e-2
stream0 step 18: argmax 286 top2-margin 1.725112e1
stream0 step 19: argmax 37246 top2-margin 1.314957e0
stream0 step 20: argmax 279 top2-margin 2.073207e1
stream0 step 21: argmax 17175 top2-margin 7.841930e0
stream0 step 22: argmax 926 top2-margin 1.310265e1
stream0 step 23: argmax 10266 top2-margin 1.800508e1
stream0 step 24: argmax 552 top2-margin 1.790852e1
stream0 step 25: argmax 244 top2-margin 1.974806e1
stream0 step 26: argmax 1127 top2-margin 1.808743e1
stream0 step 27: argmax 413 top2-margin 6.602106e0
stream0 step 28: argmax 252 top2-margin 1.243988e0
stream0 step 29: argmax 2921 top2-margin 8.240551e0
stream0 step 30: argmax 341 top2-margin 4.355881e0
stream0 step 31: argmax 71214 top2-margin 8.765602e-1
stream0 step 32: argmax 8 top2-margin 1.768947e1
lockstep m=3: 96 tokens in 18.201s = 5.27 tok/s aggregate, 1.76 tok/s per stream
CPU experts DECODE-WINDOW: calls=8406 experts=31160 backend_wall=15.226s RAM_hits=77247 RAM_misses=12855 RAM_fills=45.49 GB io=5.008s compute=9.860s
stream 0: [503, 29463, 1512, 1208, 47736, 503, 316, 244, 9321, 287, 4791, 1017, 102155, 17366, 3791, 2438, 28615, 13, 286, 37246, 279, 17175, 926, 10266, 552, 244, 1127, 413, 252, 2921, 341, 71214]
stream 1: [37, 32553, 377, 252, 118582, 11, 185, 90196, 22216, 252, 14476, 88, 34567, 84057, 63023, 52879, 47794, 73782, 13, 120025, 120029, 120030, 97794, 377, 252, 35896, 1542, 11, 185, 93550, 16428, 40758]
stream 2: [3946, 431, 2310, 3635, 5952, 279, 252, 7157, 15924, 25, 286, 16, 13, 1970, 27431, 14244, 1358, 252, 2021, 1860, 255, 506, 24421, 765, 503, 2088, 7157, 6642, 617, 6627, 1079, 2310]
stream-identity gate: SKIP (distinct prompts)
[memra-cpu-cache] hits=84936 misses=20472 hit_rate=80.58% read_GB=72.449 resident_GB=64.423
[memra-cpu-profile] calls=10204 prepare=0.486328s io=7.939434s insert=0.013291s compute=11.605349s read_projections=20472 read_GB=72.449 stage_entry=0.838436s stage_cached=9.943979s stage_missing=0.045321s stage_accum=0.015412s prefetch_projections=0 prefetch_GB=0.000
