lane-tree a90851bff27f3fcc667ff9015838ee20769f1a16 base-tree c3eb41d1218a288dc325196834c1a8f5233cfb76
BUILD dmrow3 head=a90851bff27f3fcc667ff9015838ee20769f1a16 utc=2026-09-23T15:22:39Z SERVER_EXIT=0 ENGINE_EXIT=0 BUILD main3 head=c3eb41d1218a288dc325196834c1a8f5233cfb76 utc=2026-09-23T15:27:01Z SERVER_EXIT=0 ENGINE_EXIT=0 
lane 5b82e4e86e54851c base eed10fd0792c18ce lane-dspark-gate c75b1ece0c04e66c
test-bin /root/lane/target-dmrow3/release/deps/dsv4_small_diet_gpu-fade922ab743c817 da31563be0b8453d /root/lane/target-dmrow3/release/deps/dsv4_latency_kernels_gpu-b8ce071870d946ea 1207a8841a1ea18a
component test dsv4_small_hc_diet_is_bit_identical_to_the_unfused_chain ... DSV4_SMALL_HC_DIET EXACT cases=96 outputs=5 red_arms=3 test dsv4_small_hc_diet_multirow_is_bit_identical_to_the_unfused_chain_and_to_each_row_alone ... DSV4_SMALL_HC_DIET_MROW test dsv4_small_norm_pack_diet_is_bit_identical_to_the_unfused_pair ... DSV4_SMALL_NORM_PACK_DIET EXACT cases=128 output test dsv4_small_norm_pack_diet_multirow_is_bit_identical_to_the_unfused_pair_and_to_each_row_alone ... DSV4_SMALL_NORM_P test result: ok. 4 passed; 0 failed; 0 ignored; 0 measured; 0 filtered out; finished in 1.42s GATE_DONE rc=0 utc=2026-09-23T15:31:27Z 
latency test result: ok. 7 passed; 0 failed; 0 ignored; 0 measured; 0 filtered out; finished in 1.35s GATE_DONE rc=0 utc=2026-09-23T15:31:29Z 
dspark-served GPU DSPARK GATE [PASS] GATE_DONE rc=0 utc=2026-09-23T15:34:20Z 
spec s1 lane rc=0 CELL greedy-c1 c=1 ok=8/8 agg=72.20 tok/s decode_p50=77.58 tok/s ttft_p50=237 ms tpot_p50=12.89 ms errs=[] CELL sampled-c1 c=1 ok=8/8 agg=61.69 tok/s decode_p50=63.95 tok/s ttft_p50=249 ms tpot_p50=15.64 ms errs=[] CELL greedy-c1-ignore-eos c=1 ok=4/4 agg=71.60 tok/s decode_p50=77.46 tok/s ttft_p50=237 ms tpot_p50=12.91 ms errs=[] 
spec s2 base rc=0 CELL greedy-c1 c=1 ok=8/8 agg=71.00 tok/s decode_p50=76.32 tok/s ttft_p50=239 ms tpot_p50=13.10 ms errs=[] CELL sampled-c1 c=1 ok=8/8 agg=60.69 tok/s decode_p50=62.85 tok/s ttft_p50=250 ms tpot_p50=15.91 ms errs=[] CELL greedy-c1-ignore-eos c=1 ok=4/4 agg=70.45 tok/s decode_p50=76.15 tok/s ttft_p50=239 ms tpot_p50=13.13 ms errs=[] 
spec s3 base rc=0 CELL greedy-c1 c=1 ok=8/8 agg=71.01 tok/s decode_p50=76.20 tok/s ttft_p50=239 ms tpot_p50=13.12 ms errs=[] CELL sampled-c1 c=1 ok=8/8 agg=60.80 tok/s decode_p50=62.94 tok/s ttft_p50=250 ms tpot_p50=15.89 ms errs=[] CELL greedy-c1-ignore-eos c=1 ok=4/4 agg=70.45 tok/s decode_p50=76.16 tok/s ttft_p50=239 ms tpot_p50=13.13 ms errs=[] 
spec s4 lane rc=0 CELL greedy-c1 c=1 ok=8/8 agg=72.13 tok/s decode_p50=77.52 tok/s ttft_p50=237 ms tpot_p50=12.90 ms errs=[] CELL sampled-c1 c=1 ok=8/8 agg=61.45 tok/s decode_p50=63.62 tok/s ttft_p50=248 ms tpot_p50=15.72 ms errs=[] CELL greedy-c1-ignore-eos c=1 ok=4/4 agg=71.58 tok/s decode_p50=77.43 tok/s ttft_p50=237 ms tpot_p50=12.91 ms errs=[] 
spec s5 lane rc=0 CELL greedy-c1 c=1 ok=8/8 agg=72.09 tok/s decode_p50=77.56 tok/s ttft_p50=237 ms tpot_p50=12.89 ms errs=[] CELL sampled-c1 c=1 ok=8/8 agg=61.39 tok/s decode_p50=63.60 tok/s ttft_p50=249 ms tpot_p50=15.72 ms errs=[] CELL greedy-c1-ignore-eos c=1 ok=4/4 agg=71.52 tok/s decode_p50=77.32 tok/s ttft_p50=238 ms tpot_p50=12.93 ms errs=[] 
spec s6 base rc=0 CELL greedy-c1 c=1 ok=8/8 agg=71.07 tok/s decode_p50=76.33 tok/s ttft_p50=238 ms tpot_p50=13.10 ms errs=[] CELL sampled-c1 c=1 ok=8/8 agg=60.84 tok/s decode_p50=62.98 tok/s ttft_p50=250 ms tpot_p50=15.88 ms errs=[] CELL greedy-c1-ignore-eos c=1 ok=4/4 agg=70.45 tok/s decode_p50=76.22 tok/s ttft_p50=244 ms tpot_p50=13.12 ms errs=[] 
spec s7 base rc=0 CELL greedy-c1 c=1 ok=8/8 agg=71.07 tok/s decode_p50=76.33 tok/s ttft_p50=238 ms tpot_p50=13.10 ms errs=[] CELL sampled-c1 c=1 ok=8/8 agg=60.66 tok/s decode_p50=62.84 tok/s ttft_p50=250 ms tpot_p50=15.91 ms errs=[] CELL greedy-c1-ignore-eos c=1 ok=4/4 agg=70.48 tok/s decode_p50=76.21 tok/s ttft_p50=239 ms tpot_p50=13.12 ms errs=[] 
spec s8 lane rc=0 CELL greedy-c1 c=1 ok=8/8 agg=72.09 tok/s decode_p50=77.43 tok/s ttft_p50=238 ms tpot_p50=12.91 ms errs=[] CELL sampled-c1 c=1 ok=8/8 agg=61.47 tok/s decode_p50=63.64 tok/s ttft_p50=249 ms tpot_p50=15.71 ms errs=[] CELL greedy-c1-ignore-eos c=1 ok=4/4 agg=71.48 tok/s decode_p50=77.41 tok/s ttft_p50=246 ms tpot_p50=12.92 ms errs=[] 
spec s9 lane rc=0 CELL greedy-c1 c=1 ok=8/8 agg=71.97 tok/s decode_p50=77.45 tok/s ttft_p50=237 ms tpot_p50=12.91 ms errs=[] CELL sampled-c1 c=1 ok=8/8 agg=61.65 tok/s decode_p50=63.82 tok/s ttft_p50=248 ms tpot_p50=15.67 ms errs=[] CELL greedy-c1-ignore-eos c=1 ok=4/4 agg=71.52 tok/s decode_p50=77.39 tok/s ttft_p50=237 ms tpot_p50=12.92 ms errs=[] 
spec s10 base rc=0 CELL greedy-c1 c=1 ok=8/8 agg=70.95 tok/s decode_p50=76.28 tok/s ttft_p50=238 ms tpot_p50=13.11 ms errs=[] CELL sampled-c1 c=1 ok=8/8 agg=60.47 tok/s decode_p50=62.70 tok/s ttft_p50=250 ms tpot_p50=15.95 ms errs=[] CELL greedy-c1-ignore-eos c=1 ok=4/4 agg=70.29 tok/s decode_p50=76.00 tok/s ttft_p50=241 ms tpot_p50=13.16 ms errs=[] 
plain r1 lane rc=0 CELL greedy-c1 c=1 ok=8/8 agg=60.69 tok/s decode_p50=63.37 tok/s ttft_p50=191 ms tpot_p50=15.78 ms errs=[] CELL sampled-c1 c=1 ok=8/8 agg=55.35 tok/s decode_p50=57.56 tok/s ttft_p50=193 ms tpot_p50=17.37 ms errs=[] CELL greedy-c1-ignore-eos c=1 ok=4/4 agg=60.62 tok/s decode_p50=63.32 tok/s ttft_p50=191 ms tpot_p50=15.79 ms errs=[] 
plain r2 base rc=0 CELL greedy-c1 c=1 ok=8/8 agg=60.63 tok/s decode_p50=63.38 tok/s ttft_p50=196 ms tpot_p50=15.78 ms errs=[] CELL sampled-c1 c=1 ok=8/8 agg=55.30 tok/s decode_p50=57.50 tok/s ttft_p50=194 ms tpot_p50=17.39 ms errs=[] CELL greedy-c1-ignore-eos c=1 ok=4/4 agg=60.61 tok/s decode_p50=63.33 tok/s ttft_p50=192 ms tpot_p50=15.79 ms errs=[] 
plain r3 base rc=0 CELL greedy-c1 c=1 ok=8/8 agg=60.62 tok/s decode_p50=63.31 tok/s ttft_p50=192 ms tpot_p50=15.80 ms errs=[] CELL sampled-c1 c=1 ok=8/8 agg=55.49 tok/s decode_p50=57.73 tok/s ttft_p50=194 ms tpot_p50=17.32 ms errs=[] CELL greedy-c1-ignore-eos c=1 ok=4/4 agg=60.63 tok/s decode_p50=63.35 tok/s ttft_p50=192 ms tpot_p50=15.79 ms errs=[] 
plain r4 lane rc=0 CELL greedy-c1 c=1 ok=8/8 agg=60.69 tok/s decode_p50=63.35 tok/s ttft_p50=191 ms tpot_p50=15.78 ms errs=[] CELL sampled-c1 c=1 ok=8/8 agg=55.20 tok/s decode_p50=57.39 tok/s ttft_p50=193 ms tpot_p50=17.42 ms errs=[] CELL greedy-c1-ignore-eos c=1 ok=4/4 agg=60.59 tok/s decode_p50=63.31 tok/s ttft_p50=193 ms tpot_p50=15.80 ms errs=[] 
plain r5 lane rc=0 CELL greedy-c1 c=1 ok=8/8 agg=60.64 tok/s decode_p50=63.30 tok/s ttft_p50=193 ms tpot_p50=15.80 ms errs=[] CELL sampled-c1 c=1 ok=8/8 agg=55.21 tok/s decode_p50=57.40 tok/s ttft_p50=193 ms tpot_p50=17.42 ms errs=[] CELL greedy-c1-ignore-eos c=1 ok=4/4 agg=60.59 tok/s decode_p50=63.31 tok/s ttft_p50=192 ms tpot_p50=15.80 ms errs=[] 
plain r6 base rc=0 CELL greedy-c1 c=1 ok=8/8 agg=60.74 tok/s decode_p50=63.44 tok/s ttft_p50=192 ms tpot_p50=15.76 ms errs=[] CELL sampled-c1 c=1 ok=8/8 agg=55.13 tok/s decode_p50=57.33 tok/s ttft_p50=194 ms tpot_p50=17.44 ms errs=[] CELL greedy-c1-ignore-eos c=1 ok=4/4 agg=60.62 tok/s decode_p50=63.35 tok/s ttft_p50=192 ms tpot_p50=15.78 ms errs=[] 
plain r7 base rc=0 CELL greedy-c1 c=1 ok=8/8 agg=60.75 tok/s decode_p50=63.42 tok/s ttft_p50=193 ms tpot_p50=15.77 ms errs=[] CELL sampled-c1 c=1 ok=8/8 agg=55.28 tok/s decode_p50=57.51 tok/s ttft_p50=194 ms tpot_p50=17.39 ms errs=[] CELL greedy-c1-ignore-eos c=1 ok=4/4 agg=60.66 tok/s decode_p50=63.39 tok/s ttft_p50=193 ms tpot_p50=15.77 ms errs=[] 
plain r8 lane rc=0 CELL greedy-c1 c=1 ok=8/8 agg=60.71 tok/s decode_p50=63.42 tok/s ttft_p50=192 ms tpot_p50=15.77 ms errs=[] CELL sampled-c1 c=1 ok=8/8 agg=55.34 tok/s decode_p50=57.53 tok/s ttft_p50=193 ms tpot_p50=17.38 ms errs=[] CELL greedy-c1-ignore-eos c=1 ok=4/4 agg=60.66 tok/s decode_p50=63.38 tok/s ttft_p50=192 ms tpot_p50=15.78 ms errs=[] 
plain r9 lane rc=0 CELL greedy-c1 c=1 ok=8/8 agg=60.73 tok/s decode_p50=63.41 tok/s ttft_p50=191 ms tpot_p50=15.77 ms errs=[] CELL sampled-c1 c=1 ok=8/8 agg=55.27 tok/s decode_p50=57.51 tok/s ttft_p50=193 ms tpot_p50=17.39 ms errs=[] CELL greedy-c1-ignore-eos c=1 ok=4/4 agg=60.62 tok/s decode_p50=63.34 tok/s ttft_p50=192 ms tpot_p50=15.79 ms errs=[] 
plain r10 base rc=0 CELL greedy-c1 c=1 ok=8/8 agg=60.69 tok/s decode_p50=63.40 tok/s ttft_p50=192 ms tpot_p50=15.77 ms errs=[] CELL sampled-c1 c=1 ok=8/8 agg=55.34 tok/s decode_p50=57.56 tok/s ttft_p50=194 ms tpot_p50=17.37 ms errs=[] CELL greedy-c1-ignore-eos c=1 ok=4/4 agg=60.67 tok/s decode_p50=63.39 tok/s ttft_p50=192 ms tpot_p50=15.77 ms errs=[] 
DMROW3_DONE
