lane 10603562f904c869 base 22397e5bc486d092 base-tree 7029cd67cd537d826212d1ab9fb9b4a0acd8851f
spec s1 lane rc=0 CELL greedy-c1 c=1 ok=8/8 agg=69.46 tok/s decode_p50=74.64 tok/s ttft_p50=243 ms tpot_p50=13.40 ms errs=[] CELL sampled-c1 c=1 ok=8/8 agg=59.18 tok/s decode_p50=61.47 tok/s ttft_p50=255 ms tpot_p50=16.27 ms errs=[] CELL greedy-c1-ignore-eos c=1 ok=4/4 agg=68.93 tok/s decode_p50=74.51 tok/s ttft_p50=243 ms tpot_p50=13.42 ms errs=[] 
spec s2 base rc=0 CELL greedy-c1 c=1 ok=8/8 agg=68.29 tok/s decode_p50=73.25 tok/s ttft_p50=245 ms tpot_p50=13.65 ms errs=[] CELL sampled-c1 c=1 ok=8/8 agg=58.45 tok/s decode_p50=60.31 tok/s ttft_p50=257 ms tpot_p50=16.58 ms errs=[] CELL greedy-c1-ignore-eos c=1 ok=4/4 agg=67.75 tok/s decode_p50=73.14 tok/s ttft_p50=245 ms tpot_p50=13.67 ms errs=[] 
spec s3 base rc=0 CELL greedy-c1 c=1 ok=8/8 agg=68.31 tok/s decode_p50=73.33 tok/s ttft_p50=245 ms tpot_p50=13.64 ms errs=[] CELL sampled-c1 c=1 ok=8/8 agg=58.52 tok/s decode_p50=60.51 tok/s ttft_p50=257 ms tpot_p50=16.53 ms errs=[] CELL greedy-c1-ignore-eos c=1 ok=4/4 agg=67.78 tok/s decode_p50=73.19 tok/s ttft_p50=245 ms tpot_p50=13.66 ms errs=[] 
spec s4 lane rc=0 CELL greedy-c1 c=1 ok=8/8 agg=69.53 tok/s decode_p50=74.62 tok/s ttft_p50=243 ms tpot_p50=13.40 ms errs=[] CELL sampled-c1 c=1 ok=8/8 agg=59.38 tok/s decode_p50=61.40 tok/s ttft_p50=255 ms tpot_p50=16.29 ms errs=[] CELL greedy-c1-ignore-eos c=1 ok=4/4 agg=68.96 tok/s decode_p50=74.49 tok/s ttft_p50=244 ms tpot_p50=13.43 ms errs=[] 
spec s5 lane rc=0 CELL greedy-c1 c=1 ok=8/8 agg=69.35 tok/s decode_p50=74.48 tok/s ttft_p50=243 ms tpot_p50=13.43 ms errs=[] CELL sampled-c1 c=1 ok=8/8 agg=59.35 tok/s decode_p50=61.43 tok/s ttft_p50=255 ms tpot_p50=16.28 ms errs=[] CELL greedy-c1-ignore-eos c=1 ok=4/4 agg=68.85 tok/s decode_p50=74.41 tok/s ttft_p50=244 ms tpot_p50=13.44 ms errs=[] 
spec s6 base rc=0 CELL greedy-c1 c=1 ok=8/8 agg=68.24 tok/s decode_p50=73.23 tok/s ttft_p50=245 ms tpot_p50=13.65 ms errs=[] CELL sampled-c1 c=1 ok=8/8 agg=58.46 tok/s decode_p50=60.43 tok/s ttft_p50=258 ms tpot_p50=16.55 ms errs=[] CELL greedy-c1-ignore-eos c=1 ok=4/4 agg=67.63 tok/s decode_p50=73.10 tok/s ttft_p50=245 ms tpot_p50=13.68 ms errs=[] 
spec s7 base rc=0 CELL greedy-c1 c=1 ok=8/8 agg=68.22 tok/s decode_p50=73.28 tok/s ttft_p50=245 ms tpot_p50=13.65 ms errs=[] CELL sampled-c1 c=1 ok=8/8 agg=58.37 tok/s decode_p50=60.31 tok/s ttft_p50=257 ms tpot_p50=16.58 ms errs=[] CELL greedy-c1-ignore-eos c=1 ok=4/4 agg=67.70 tok/s decode_p50=73.10 tok/s ttft_p50=245 ms tpot_p50=13.68 ms errs=[] 
spec s8 lane rc=0 CELL greedy-c1 c=1 ok=8/8 agg=69.48 tok/s decode_p50=74.64 tok/s ttft_p50=243 ms tpot_p50=13.40 ms errs=[] CELL sampled-c1 c=1 ok=8/8 agg=59.42 tok/s decode_p50=61.51 tok/s ttft_p50=255 ms tpot_p50=16.26 ms errs=[] CELL greedy-c1-ignore-eos c=1 ok=4/4 agg=68.93 tok/s decode_p50=74.52 tok/s ttft_p50=243 ms tpot_p50=13.42 ms errs=[] 
plain r1 lane rc=0 CELL greedy-c1 c=1 ok=8/8 agg=53.81 tok/s decode_p50=55.92 tok/s ttft_p50=195 ms tpot_p50=17.88 ms errs=[] CELL sampled-c1 c=1 ok=8/8 agg=49.47 tok/s decode_p50=51.24 tok/s ttft_p50=197 ms tpot_p50=19.52 ms errs=[] CELL greedy-c1-ignore-eos c=1 ok=4/4 agg=53.68 tok/s decode_p50=55.84 tok/s ttft_p50=196 ms tpot_p50=17.91 ms errs=[] 
plain r2 base rc=0 CELL greedy-c1 c=1 ok=8/8 agg=53.83 tok/s decode_p50=55.97 tok/s ttft_p50=198 ms tpot_p50=17.87 ms errs=[] CELL sampled-c1 c=1 ok=8/8 agg=49.58 tok/s decode_p50=51.35 tok/s ttft_p50=198 ms tpot_p50=19.47 ms errs=[] CELL greedy-c1-ignore-eos c=1 ok=4/4 agg=53.78 tok/s decode_p50=55.94 tok/s ttft_p50=196 ms tpot_p50=17.88 ms errs=[] 
plain r3 base rc=0 CELL greedy-c1 c=1 ok=8/8 agg=53.82 tok/s decode_p50=56.00 tok/s ttft_p50=196 ms tpot_p50=17.86 ms errs=[] CELL sampled-c1 c=1 ok=8/8 agg=47.85 tok/s decode_p50=51.26 tok/s ttft_p50=198 ms tpot_p50=19.51 ms errs=[] CELL greedy-c1-ignore-eos c=1 ok=4/4 agg=53.78 tok/s decode_p50=55.93 tok/s ttft_p50=196 ms tpot_p50=17.88 ms errs=[] 
plain r4 lane rc=0 CELL greedy-c1 c=1 ok=8/8 agg=53.87 tok/s decode_p50=56.00 tok/s ttft_p50=195 ms tpot_p50=17.86 ms errs=[] CELL sampled-c1 c=1 ok=8/8 agg=49.53 tok/s decode_p50=51.31 tok/s ttft_p50=197 ms tpot_p50=19.49 ms errs=[] CELL greedy-c1-ignore-eos c=1 ok=4/4 agg=53.80 tok/s decode_p50=55.95 tok/s ttft_p50=195 ms tpot_p50=17.87 ms errs=[] 
plain r5 lane rc=0 CELL greedy-c1 c=1 ok=8/8 agg=53.88 tok/s decode_p50=56.00 tok/s ttft_p50=195 ms tpot_p50=17.86 ms errs=[] CELL sampled-c1 c=1 ok=8/8 agg=49.54 tok/s decode_p50=51.34 tok/s ttft_p50=197 ms tpot_p50=19.48 ms errs=[] CELL greedy-c1-ignore-eos c=1 ok=4/4 agg=53.80 tok/s decode_p50=55.95 tok/s ttft_p50=195 ms tpot_p50=17.87 ms errs=[] 
plain r6 base rc=0 CELL greedy-c1 c=1 ok=8/8 agg=53.82 tok/s decode_p50=55.96 tok/s ttft_p50=196 ms tpot_p50=17.87 ms errs=[] CELL sampled-c1 c=1 ok=8/8 agg=49.51 tok/s decode_p50=51.31 tok/s ttft_p50=198 ms tpot_p50=19.49 ms errs=[] CELL greedy-c1-ignore-eos c=1 ok=4/4 agg=53.80 tok/s decode_p50=55.96 tok/s ttft_p50=196 ms tpot_p50=17.87 ms errs=[] 
plain r7 base rc=0 CELL greedy-c1 c=1 ok=8/8 agg=53.87 tok/s decode_p50=55.98 tok/s ttft_p50=196 ms tpot_p50=17.86 ms errs=[] CELL sampled-c1 c=1 ok=8/8 agg=49.56 tok/s decode_p50=51.34 tok/s ttft_p50=198 ms tpot_p50=19.48 ms errs=[] CELL greedy-c1-ignore-eos c=1 ok=4/4 agg=53.80 tok/s decode_p50=55.95 tok/s ttft_p50=196 ms tpot_p50=17.87 ms errs=[] 
plain r8 lane rc=0 CELL greedy-c1 c=1 ok=8/8 agg=53.76 tok/s decode_p50=55.88 tok/s ttft_p50=196 ms tpot_p50=17.90 ms errs=[] CELL sampled-c1 c=1 ok=8/8 agg=49.29 tok/s decode_p50=51.10 tok/s ttft_p50=199 ms tpot_p50=19.57 ms errs=[] CELL greedy-c1-ignore-eos c=1 ok=4/4 agg=53.67 tok/s decode_p50=55.89 tok/s ttft_p50=207 ms tpot_p50=17.89 ms errs=[] 
DMROW2_DONE
