Running as unit: memra-rig-job-0a28e7781777.service
Running as unit: memra-rig-job-011-bridge-current-role-pins.service; invocation ID: 49ed636f280a4a4a82e18064d2c7ff5a
{"current_source_bridge": true, "mode_controls_replayed": false, "qualified": false}
          Finished with result: success
Main processes terminated with: code=exited, status=0/SUCCESS
               Service runtime: 172ms
             CPU time consumed: 123ms
                   Memory peak: 25.2M (swap: 0B)
Running as unit: memra-rig-job-011-prepare-final-capsule.service; invocation ID: bd1f2b4cef084c769eb3370000eb39a8
{"source": "011a7709b1d2f2c1fa81a9f4e3bf4e1030a68b6c", "registry_inputs": 748, "engine_outputs": 46, "capsule_prepared": true, "native_executed": false, "qualified": false}
          Finished with result: success
Main processes terminated with: code=exited, status=0/SUCCESS
               Service runtime: 18.707s
             CPU time consumed: 17.281s
                   Memory peak: 692.4M (swap: 0B)
          Finished with result: success
Main processes terminated with: code=exited, status=0/SUCCESS
               Service runtime: 19.089s
             CPU time consumed: 375ms
                   Memory peak: 58.3M (swap: 0B)
