lock_acquired=2026-08-11T04:42:39Z host=<private-host-redacted>
source=fc3a00c939f5deabad2266fbf41609160863ef6f
## lane/cx-rowwalk
rustc 1.97.1 (8bab26f4f 2026-07-14)
cargo 1.97.1 (c980f4866 2026-06-30)
nvcc: NVIDIA (R) Cuda compiler driver
Copyright (c) 2005-2026 NVIDIA Corporation
Built on Mon_Mar_02_09:52:23_PM_PST_2026
Cuda compilation tools, release 13.2, V13.2.51
Build cuda_13.2.r13.2/compiler.37434383_0
0, NVIDIA RTX PRO 6000 Blackwell Server Edition, 12.0, P8, 26, 0 MiB, 97252 MiB
1, NVIDIA RTX PRO 6000 Blackwell Server Edition, 12.0, P8, 27, 0 MiB, 97252 MiB
   Compiling proc-macro2 v1.0.106
   Compiling quote v1.0.46
   Compiling unicode-ident v1.0.24
   Compiling libc v0.2.186
   Compiling serde_core v1.0.228
   Compiling serde v1.0.228
   Compiling version_check v0.9.5
   Compiling itoa v1.0.18
   Compiling cfg-if v1.0.4
   Compiling pin-project-lite v0.2.17
   Compiling futures-core v0.3.32
   Compiling once_cell v1.21.4
   Compiling hashbrown v0.17.1
   Compiling equivalent v1.0.2
   Compiling smallvec v1.15.2
   Compiling zmij v1.0.21
   Compiling bytes v1.12.0
   Compiling crossbeam-utils v0.8.22
   Compiling zerocopy v0.8.55
   Compiling getrandom v0.3.4
   Compiling serde_json v1.0.150
   Compiling crossbeam-epoch v0.9.20
   Compiling parking_lot_core v0.9.12
   Compiling anyhow v1.0.104
   Compiling httparse v1.10.1
   Compiling cudarc v0.19.8
   Compiling memchr v2.8.2
   Compiling crossbeam-deque v0.8.7
   Compiling percent-encoding v2.3.2
   Compiling ref-cast v1.0.26
   Compiling typenum v1.20.1
   Compiling tower-service v0.3.3
   Compiling heck v0.5.0
   Compiling slab v0.4.12
   Compiling futures-task v0.3.32
   Compiling rustversion v1.0.22
   Compiling rayon-core v1.13.0
   Compiling scopeguard v1.2.0
   Compiling log v0.4.33
   Compiling atomic-waker v1.1.2
   Compiling httpdate v1.0.3
   Compiling tower-layer v0.3.3
   Compiling borrow-or-share v0.2.4
   Compiling sync_wrapper v1.0.2
   Compiling bytemuck v1.25.2
   Compiling regex-syntax v0.8.11
   Compiling mime v0.3.17
   Compiling ryu v1.0.23
   Compiling libloading v0.9.0
   Compiling memra-engine v0.76.0 (/home/ubuntu/memra-cx-rowwalk/crates/memra-engine)
   Compiling llguidance v1.7.6
   Compiling futures-channel v0.3.32
   Compiling winnow v0.7.15
   Compiling either v1.17.0
   Compiling lock_api v0.4.14
   Compiling toml_write v0.1.2
   Compiling matchit v0.7.3
   Compiling cpufeatures v0.2.17
   Compiling memra-validate v0.76.0 (/home/ubuntu/memra-cx-rowwalk/crates/memra-validate)
   Compiling tracing-core v0.1.36
   Compiling memra-sampling v0.76.0 (/home/ubuntu/memra-cx-rowwalk/crates/memra-sampling)
   Compiling form_urlencoded v1.2.2
   Compiling memra-server v0.76.0 (/home/ubuntu/memra-cx-rowwalk/crates/memra-server)
   Compiling futures-util v0.3.32
   Compiling generic-array v0.14.7
   Compiling ahash v0.8.12
   Compiling http v1.4.2
   Compiling tracing v0.1.44
   Compiling syn v2.0.118
   Compiling syn v3.0.3
   Compiling indexmap v2.14.0
   Compiling errno v0.3.14
   Compiling memmap2 v0.9.11
   Compiling mio v1.2.1
   Compiling socket2 v0.6.4
   Compiling block-buffer v0.10.4
   Compiling crypto-common v0.1.7
   Compiling signal-hook-registry v1.4.8
   Compiling digest v0.10.7
   Compiling memra-gguf v0.76.0 (/home/ubuntu/memra-cx-rowwalk/crates/memra-gguf)
   Compiling parking_lot v0.12.5
   Compiling sha2 v0.10.9
   Compiling http-body v1.0.1
   Compiling rayon v1.12.0
   Compiling http-body-util v0.1.3
   Compiling ref-cast-impl v1.0.26
   Compiling serde_path_to_error v0.1.20
   Compiling memra-tokenizer v0.76.0 (/home/ubuntu/memra-cx-rowwalk/crates/memra-tokenizer)
   Compiling serde_derive v1.0.228
   Compiling tokio-macros v2.7.0
   Compiling strum_macros v0.28.0
   Compiling bytemuck_derive v1.11.0
   Compiling async-trait v0.1.89
   Compiling async-stream-impl v0.3.6
   Compiling async-stream v0.3.6
   Compiling tokio v1.52.3
   Compiling axum-core v0.4.5
   Compiling memra-runtime v0.76.0 (/home/ubuntu/memra-cx-rowwalk/crates/memra-runtime)
   Compiling memra-kv v0.76.0 (/home/ubuntu/memra-cx-rowwalk/crates/memra-kv)
   Compiling strum v0.28.0
   Compiling toml_datetime v0.6.11
   Compiling fluent-uri v0.3.2
   Compiling serde_spanned v0.6.9
   Compiling toktrie v1.7.6
   Compiling serde_urlencoded v0.7.1
   Compiling memra-lanes v0.76.0 (/home/ubuntu/memra-cx-rowwalk/crates/memra-lanes)
   Compiling toml_edit v0.22.27
   Compiling derivre v0.3.12
   Compiling referencing v0.29.1
   Compiling hyper v1.10.1
   Compiling tower v0.5.3
   Compiling toml v0.8.23
   Compiling hyper-util v0.1.20
   Compiling axum v0.7.9
warning: memra-engine@0.76.0: nvcc auto-detected CUDA 13.2 at /usr/local/cuda-13.2/bin/nvcc (newest of 4; also saw 13.0 @ /usr/local/cuda-13.0/bin/nvcc, 12.9 @ /usr/local/cuda-12.9/bin/nvcc, 12.8 @ /usr/local/cuda-12.8/bin/nvcc)
warning: memra-engine@0.76.0: MEMRA_CUDA_ARCH auto-detected 120a (compute_cap 12.0); set MEMRA_CUDA_ARCH to override
    Finished `release` profile [optimized] target(s) in 3m 30s
warning: memra-engine@0.76.0: nvcc auto-detected CUDA 13.2 at /usr/local/cuda-13.2/bin/nvcc (newest of 4; also saw 13.0 @ /usr/local/cuda-13.0/bin/nvcc, 12.9 @ /usr/local/cuda-12.9/bin/nvcc, 12.8 @ /usr/local/cuda-12.8/bin/nvcc)
warning: memra-engine@0.76.0: MEMRA_CUDA_ARCH auto-detected 120a (compute_cap 12.0); set MEMRA_CUDA_ARCH to override
   Compiling memra-engine v0.76.0 (/home/ubuntu/memra-cx-rowwalk/crates/memra-engine)
    Finished `release` profile [optimized] target(s) in 9.94s
59037f8b46e723b7e4509ddd1c2d3496ba0385b6fdcb75b6036b2fbee09cb964  /home/ubuntu/memra-cx-rowwalk/target/release/memra-server
7ec9d06f7d92ecec3e1066b1055c304bb46b552129e12d1fb9457e3f62bd19fb  /home/ubuntu/memra-cx-rowwalk/target/release/kernel-check
53ae8931bfb21a988d59dab70d71c802426ae1d5882da9963780a1a8eeb83da7  /home/ubuntu/memra-cx-rowwalk/target/release/decode-batch-gate
7225b37f95fc8785fba7649079cc6fe3aab9a339d2eec30afcac862984bc8413  /home/ubuntu/memra-cx-rowwalk/target/release/run-gen
466601c6d0e142774ed4c72026418f85d68cdf86b4c4e193648ee08d19cc1051  /home/ubuntu/memra-cx-rowwalk/target/release/run-spec
lock_released=2026-08-11T04:46:20Z result=PASS
