    Updating crates.io index
 Downloading crates ...
  Downloaded block-buffer v0.10.4
  Downloaded cfg-if v1.0.4
  Downloaded autocfg v1.5.1
  Downloaded bitflags v2.13.1
  Downloaded adler2 v2.0.1
  Downloaded cpufeatures v0.2.17
  Downloaded color_quant v1.1.0
  Downloaded byteorder-lite v0.1.0
  Downloaded base64 v0.22.1
  Downloaded bytemuck v1.25.2
  Downloaded quick-error v2.0.1
  Downloaded version_check v0.9.5
  Downloaded crypto-common v0.1.7
  Downloaded itoa v1.0.18
  Downloaded simd-adler32 v0.3.10
  Downloaded zmij v1.0.21
  Downloaded generic-array v0.14.7
  Downloaded zune-core v0.5.3
  Downloaded fdeflate v0.3.7
  Downloaded quote v1.0.46
  Downloaded digest v0.10.7
  Downloaded crc32fast v1.5.0
  Downloaded memmap2 v0.9.11
  Downloaded sha2 v0.10.9
  Downloaded libloading v0.9.0
  Downloaded weezl v0.1.12
  Downloaded num-traits v0.2.19
  Downloaded gif v0.14.2
  Downloaded unicode-ident v1.0.24
  Downloaded serde_core v1.0.228
  Downloaded serde_derive v1.0.228
  Downloaded proc-macro2 v1.0.106
  Downloaded miniz_oxide v0.8.9
  Downloaded zune-jpeg v0.5.15
  Downloaded flate2 v1.1.9
  Downloaded image-webp v0.2.4
  Downloaded serde v1.0.228
  Downloaded memchr v2.8.2
  Downloaded typenum v1.20.1
  Downloaded png v0.18.1
  Downloaded serde_json v1.0.150
  Downloaded moxcms v0.8.1
  Downloaded image v0.25.10
  Downloaded syn v2.0.118
  Downloaded cudarc v0.19.8
  Downloaded libc v0.2.186
  Downloaded pxfm v0.1.30
   Compiling version_check v0.9.5
   Compiling cfg-if v1.0.4
   Compiling typenum v1.20.1
   Compiling libc v0.2.186
   Compiling cpufeatures v0.2.17
   Compiling proc-macro2 v1.0.106
   Compiling quote v1.0.46
   Compiling unicode-ident v1.0.24
   Compiling serde_core v1.0.228
   Compiling autocfg v1.5.1
   Compiling simd-adler32 v0.3.10
   Compiling crc32fast v1.5.0
   Compiling generic-array v0.14.7
   Compiling zmij v1.0.21
   Compiling adler2 v2.0.1
   Compiling num-traits v0.2.19
   Compiling cudarc v0.19.8
   Compiling serde v1.0.228
   Compiling serde_json v1.0.150
   Compiling miniz_oxide v0.8.9
   Compiling libloading v0.9.0
   Compiling memchr v2.8.2
   Compiling itoa v1.0.18
   Compiling syn v2.0.118
   Compiling flate2 v1.1.9
   Compiling memmap2 v0.9.11
   Compiling crypto-common v0.1.7
   Compiling block-buffer v0.10.4
   Compiling digest v0.10.7
   Compiling sha2 v0.10.9
   Compiling fdeflate v0.3.7
   Compiling memra-gguf v0.138.0 (/home/memra-qual/scratch/memra-542/repo/crates/memra-gguf)
   Compiling quick-error v2.0.1
   Compiling pxfm v0.1.30
   Compiling weezl v0.1.12
   Compiling byteorder-lite v0.1.0
   Compiling color_quant v1.1.0
   Compiling serde_derive v1.0.228
   Compiling zune-core v0.5.3
   Compiling bitflags v2.13.1
   Compiling zune-jpeg v0.5.15
   Compiling png v0.18.1
   Compiling gif v0.14.2
   Compiling moxcms v0.8.1
   Compiling image-webp v0.2.4
   Compiling memra-engine v0.138.0 (/home/memra-qual/scratch/memra-542/repo/crates/memra-engine)
   Compiling bytemuck v1.25.2
   Compiling memra-tier v0.138.0 (/home/memra-qual/scratch/memra-542/repo/crates/memra-tier)
   Compiling memra-sampling v0.138.0 (/home/memra-qual/scratch/memra-542/repo/crates/memra-sampling)
   Compiling memra-tokenizer v0.138.0 (/home/memra-qual/scratch/memra-542/repo/crates/memra-tokenizer)
   Compiling memra-reference v0.138.0 (/home/memra-qual/scratch/memra-542/repo/crates/memra-reference)
   Compiling image v0.25.10
   Compiling memra-kv v0.138.0 (/home/memra-qual/scratch/memra-542/repo/crates/memra-kv)
   Compiling memra-runtime v0.138.0 (/home/memra-qual/scratch/memra-542/repo/crates/memra-runtime)
   Compiling memra-validate v0.138.0 (/home/memra-qual/scratch/memra-542/repo/crates/memra-validate)
   Compiling base64 v0.22.1
   Compiling memra-cli v0.138.0 (/home/memra-qual/scratch/memra-542/repo/crates/memra-cli)
warning: memra-engine@0.138.0: nvcc from $CUDA_HOME: /usr/local/cuda-13.1/bin/nvcc
    Finished `release` profile [optimized] target(s) in 3m 18s
