BENCH rows=1 local=3 iters=200 gu_us=31.38 gu_TBps=0.902 down_us=20.99 down_TBps=0.674 pair_us=52.37 fault=0
PACKED_EQUAL 1
VARIANT std_4_256_2 rows=1 gu_us=28.67 gu_TBps=0.988
VARIANT packed_4_256_2 rows=1 gu_us=29.70 gu_TBps=0.953
VARIANT std_4_256_3 rows=1 gu_us=30.65 gu_TBps=0.924
VARIANT packed_4_256_3 rows=1 gu_us=31.77 gu_TBps=0.891
VARIANT std_4_256_4 rows=1 gu_us=31.67 gu_TBps=0.894
VARIANT packed_4_256_4 rows=1 gu_us=32.50 gu_TBps=0.871
VARIANT std_4_512_2 rows=1 gu_us=30.68 gu_TBps=0.923
VARIANT packed_4_512_2 rows=1 gu_us=31.22 gu_TBps=0.907
VARIANT std_2_256_3 rows=1 gu_us=31.75 gu_TBps=0.892
VARIANT packed_2_256_3 rows=1 gu_us=32.72 gu_TBps=0.865
VARIANT std_4_256_2 rows=1 gu_us=28.68 gu_TBps=0.987
VARIANT packed_4_256_2 rows=1 gu_us=29.79 gu_TBps=0.950
VARIANT mode0_mirror1 rows=1 gu_us=27.78 gu_TBps=1.019
VARIANT mode0_mirror0 rows=1 gu_us=22.91 gu_TBps=1.236
VARIANT mode1_mirror0 rows=1 gu_us=20.70 gu_TBps=1.367
VARIANT mode2_mirror0 rows=1 gu_us=18.68 gu_TBps=1.516
VARIANT mode1_mirror1 rows=1 gu_us=25.01 gu_TBps=1.132
VARIANT mode0_mirror1 rows=1 gu_us=27.91 gu_TBps=1.014
VARIANT down_4_256_2 rows=1 down_us=17.46 down_TBps=0.811
VARIANT down_8_256_2 rows=1 down_us=16.77 down_TBps=0.844
VARIANT down_16_256_2 rows=1 down_us=15.20 down_TBps=0.931
VARIANT down_8_256_3 rows=1 down_us=17.10 down_TBps=0.828
VARIANT down_4_256_3 rows=1 down_us=18.48 down_TBps=0.766
VARIANT down_4_256_2 rows=1 down_us=17.47 down_TBps=0.810
VARIANT down_16_256_2 rows=1 down_us=15.20 down_TBps=0.931
VARIANT down_16_128_3 rows=1 down_us=15.99 down_TBps=0.885
VARIANT down_16_128_4 rows=1 down_us=16.00 down_TBps=0.885
VARIANT std_4_256_2 rows=1 gu_us=28.59 gu_TBps=0.990
VARIANT std_8_256_2 rows=1 gu_us=25.16 gu_TBps=1.125
VARIANT std_8_128_3 rows=1 gu_us=31.39 gu_TBps=0.902
VARIANT std_4_256_2 rows=1 gu_us=28.70 gu_TBps=0.986
VARIANT std_8_256_2 rows=1 gu_us=25.17 gu_TBps=1.125
