=== blk.1.ffn_down.weight BV=auto ===
  m=5 (b8): 90.53 us/call  (18.11 us/token)  bit-bad=0 bit-exact-bad=0
  m=6 (b8): 95.90 us/call  (15.98 us/token)  bit-bad=0 bit-exact-bad=0
  m=8 (b8): 110.09 us/call  (13.76 us/token)  bit-bad=0 bit-exact-bad=0
=== blk.1.ffn_down.weight BV=r2 ===
  m=5 (b8): 95.63 us/call  (19.13 us/token)  bit-bad=0 bit-exact-bad=0
  m=6 (b8): 104.13 us/call  (17.35 us/token)  bit-bad=0 bit-exact-bad=0
  m=8 (b8): 121.23 us/call  (15.15 us/token)  bit-bad=0 bit-exact-bad=0
=== blk.1.ffn_down.weight BV=auto ===
  m=5 (b8): 88.58 us/call  (17.72 us/token)  bit-bad=0 bit-exact-bad=0
  m=6 (b8): 96.59 us/call  (16.10 us/token)  bit-bad=0 bit-exact-bad=0
  m=8 (b8): 107.46 us/call  (13.43 us/token)  bit-bad=0 bit-exact-bad=0
=== blk.1.ffn_down.weight BV=r2 ===
  m=5 (b8): 98.79 us/call  (19.76 us/token)  bit-bad=0 bit-exact-bad=0
  m=6 (b8): 104.87 us/call  (17.48 us/token)  bit-bad=0 bit-exact-bad=0
  m=8 (b8): 120.14 us/call  (15.02 us/token)  bit-bad=0 bit-exact-bad=0
=== blk.1.attn_qkv.weight BV=auto ===
  m=5 (b8): 57.26 us/call  (11.45 us/token)  bit-bad=0 bit-exact-bad=0
  m=6 (b8): 63.69 us/call  (10.62 us/token)  bit-bad=0 bit-exact-bad=0
  m=8 (b8): 69.36 us/call  (8.67 us/token)  bit-bad=0 bit-exact-bad=0
=== blk.1.attn_qkv.weight BV=r2 ===
  m=5 (b8): 54.22 us/call  (10.84 us/token)  bit-bad=0 bit-exact-bad=0
  m=6 (b8): 57.67 us/call  (9.61 us/token)  bit-bad=0 bit-exact-bad=0
  m=8 (b8): 67.00 us/call  (8.38 us/token)  bit-bad=0 bit-exact-bad=0
=== blk.1.attn_qkv.weight BV=auto ===
  m=5 (b8): 54.88 us/call  (10.98 us/token)  bit-bad=0 bit-exact-bad=0
  m=6 (b8): 63.95 us/call  (10.66 us/token)  bit-bad=0 bit-exact-bad=0
  m=8 (b8): 70.25 us/call  (8.78 us/token)  bit-bad=0 bit-exact-bad=0
=== blk.1.attn_qkv.weight BV=r2 ===
  m=5 (b8): 52.43 us/call  (10.49 us/token)  bit-bad=0 bit-exact-bad=0
  m=6 (b8): 58.08 us/call  (9.68 us/token)  bit-bad=0 bit-exact-bad=0
  m=8 (b8): 63.56 us/call  (7.95 us/token)  bit-bad=0 bit-exact-bad=0
=== blk.1.ssm_out.weight BV=auto ===
  m=5 (b8): 35.05 us/call  (7.01 us/token)  bit-bad=0 bit-exact-bad=0
  m=6 (b8): 38.33 us/call  (6.39 us/token)  bit-bad=0 bit-exact-bad=0
  m=8 (b8): 42.26 us/call  (5.28 us/token)  bit-bad=0 bit-exact-bad=0
=== blk.1.ssm_out.weight BV=r2 ===
  m=5 (b8): 39.16 us/call  (7.83 us/token)  bit-bad=0 bit-exact-bad=0
  m=6 (b8): 42.35 us/call  (7.06 us/token)  bit-bad=0 bit-exact-bad=0
  m=8 (b8): 47.49 us/call  (5.94 us/token)  bit-bad=0 bit-exact-bad=0
=== blk.1.ssm_out.weight BV=auto ===
  m=5 (b8): 36.00 us/call  (7.20 us/token)  bit-bad=0 bit-exact-bad=0
  m=6 (b8): 38.01 us/call  (6.34 us/token)  bit-bad=0 bit-exact-bad=0
  m=8 (b8): 42.11 us/call  (5.26 us/token)  bit-bad=0 bit-exact-bad=0
=== blk.1.ssm_out.weight BV=r2 ===
  m=5 (b8): 40.71 us/call  (8.14 us/token)  bit-bad=0 bit-exact-bad=0
  m=6 (b8): 42.01 us/call  (7.00 us/token)  bit-bad=0 bit-exact-bad=0
  m=8 (b8): 50.14 us/call  (6.27 us/token)  bit-bad=0 bit-exact-bad=0
=== blk.1.attn_gate.weight BV=auto ===
  m=5 (b8): 42.52 us/call  (8.50 us/token)  bit-bad=0 bit-exact-bad=0
  m=6 (b8): 45.90 us/call  (7.65 us/token)  bit-bad=0 bit-exact-bad=0
  m=8 (b8): 52.91 us/call  (6.61 us/token)  bit-bad=0 bit-exact-bad=0
=== blk.1.attn_gate.weight BV=r2 ===
  m=5 (b8): 34.16 us/call  (6.83 us/token)  bit-bad=0 bit-exact-bad=0
  m=6 (b8): 36.63 us/call  (6.11 us/token)  bit-bad=0 bit-exact-bad=0
  m=8 (b8): 41.99 us/call  (5.25 us/token)  bit-bad=0 bit-exact-bad=0
=== blk.1.attn_gate.weight BV=auto ===
  m=5 (b8): 42.91 us/call  (8.58 us/token)  bit-bad=0 bit-exact-bad=0
  m=6 (b8): 45.18 us/call  (7.53 us/token)  bit-bad=0 bit-exact-bad=0
  m=8 (b8): 53.66 us/call  (6.71 us/token)  bit-bad=0 bit-exact-bad=0
=== blk.1.attn_gate.weight BV=r2 ===
  m=5 (b8): 35.15 us/call  (7.03 us/token)  bit-bad=0 bit-exact-bad=0
  m=6 (b8): 37.53 us/call  (6.25 us/token)  bit-bad=0 bit-exact-bad=0
  m=8 (b8): 42.98 us/call  (5.37 us/token)  bit-bad=0 bit-exact-bad=0
