usage: tier-lock-proof.py [-h] --fd FD --lock
                          {/tmp/memra-5090.lock,/tmp/memra-gpu.lock}
                          [--owner {collector,internal-canonical}]
tier-lock-proof.py: error: argument --fd: invalid int value: '@COLLECTOR_LOCK_FD@'
a447fec492389682d00f9f326a4556d6ea8d766ca74b4041b33142f82db1b49a  /root/spill-receipts/a-day16/bins/memra-server
Traceback (most recent call last):
  File "/root/wt-a/research/spill-a-20260919/stall_cell.py", line 35, in <module>
    assert len(WORDS) == 64
           ^^^^^^^^^^^^^^^^
AssertionError
Traceback (most recent call last):
  File "/root/wt-a/research/spill-a-20260919/stall_cell.py", line 35, in <module>
    assert len(WORDS) == 64
           ^^^^^^^^^^^^^^^^
AssertionError
stall-on rc=1
{
  "schema_version": 1,
  "kind": "subprocess-capture",
  "command": [
    "bash",
    "research/spill-a-20260919/pro-single-day16/stall-cell.sh",
    "@COLLECTOR_LOCK_FD@",
    "on"
  ],
  "exit_code": 1,
  "timed_out": false,
  "parse_error": null,
  "status": "failed",
  "gpu_power_limits": [
    {
      "device": "0",
      "power.limit": "600.00 W",
      "power.max_limit": "600.00 W"
    }
  ],
  "started_monotonic_ns": 105575488315273,
  "ended_monotonic_ns": 105591084788833,
  "started_utc": "2026-09-21T20:11:30.482173+00:00",
  "ended_utc": "2026-09-21T20:11:46.078648+00:00",
  "elapsed_seconds": 15.59647356,
  "timing_scope": "collector-with-snapshots-and-sampler",
  "storage": null,
  "raw_log": {
    "path": "command.log",
    "bytes": 768,
    "sha256": "ff565a183c74e49d0ad7b8054062e783f0bb5e83ea7c9034f7fc90e502a07b84"
  },
  "failure_quote": "tier-lock-proof.py: error: argument --fd: invalid int value: '@COLLECTOR_LOCK_FD@'",
  "result": null,
  "gpu_telemetry": {
    "status": "captured-unvalidated",
    "interval_ms": 250,
    "command": [
      "/usr/bin/nvidia-smi",
      "--query-gpu=timestamp,index,pstate,clocks.sm,clocks.mem,power.draw,power.limit,power.max_limit,temperature.gpu,memory.used,utilization.gpu,pcie.link.gen.current,pcie.link.width.current",
      "--format=csv",
      "-lms",
      "250"
    ],
    "tier_counters": "not collected",
    "exit_code": 0,
    "raw_csv": {
      "path": "command.gpu.csv",
      "bytes": 6900,
      "sha256": "231b7fccdc9d43f10e42abf0443eb5dbb014321604995c34e6002bfb4d132787"
    },
    "stderr": {
      "path": "command.sampler.log",
      "bytes": 0,
      "sha256": "e3b0c44298fc1c149afbf4c8996fb92427ae41e4649b934ca495991b7852b855"
    }
  },
  "compute_apps": {
    "before": {
      "exit_code": 0,
      "timed_out": false,
      "raw_log": {
        "path": "command.before.log",
        "bytes": 41,
        "sha256": "cae79969ce448872401f5d9bcd1d52bbefa1a5450cf3a5658f62f068ab59294b"
      }
    },
    "failure": {
      "exit_code": 0,
      "timed_out": false,
      "raw_log": {
        "path": "command.failure.log",
        "bytes": 41,
        "sha256": "cae79969ce448872401f5d9bcd1d52bbefa1a5450cf3a5658f62f068ab59294b"
      }
    },
    "after": {
      "exit_code": 0,
      "timed_out": false,
      "raw_log": {
        "path": "command.after.log",
        "bytes": 41,
        "sha256": "cae79969ce448872401f5d9bcd1d52bbefa1a5450cf3a5658f62f068ab59294b"
      }
    }
  },
  "qualification": false
}
