base ae50ee52d98058c4 bench b98cf25edd7f
vt r1 vt rc=0 CELL greedy-c1 c=1 ok=8/8 agg=67.98 tok/s decode_p50=70.85 tok/s ttft_p50=267 ms tpot_p50=14.11 ms errs=[] CELL sampled-c1 c=1 ok=8/8 agg=57.02 tok/s decode_p50=59.55 tok/s ttft_p50=281 ms tpot_p50=16.79 ms errs=[] CELL greedy-c1-ignore-eos c=1 ok=4/4 agg=66.26 tok/s decode_p50=70.70 tok/s ttft_p50=266 ms tpot_p50=14.14 ms errs=[]  
vt r2 d6 rc=0 CELL greedy-c1 c=1 ok=8/8 agg=62.38 tok/s decode_p50=66.89 tok/s ttft_p50=269 ms tpot_p50=14.95 ms errs=[] CELL sampled-c1 c=1 ok=8/8 agg=52.50 tok/s decode_p50=54.27 tok/s ttft_p50=282 ms tpot_p50=18.43 ms errs=[] CELL greedy-c1-ignore-eos c=1 ok=4/4 agg=61.81 tok/s decode_p50=66.77 tok/s ttft_p50=268 ms tpot_p50=14.98 ms errs=[]  
vt r3 d6 rc=0 CELL greedy-c1 c=1 ok=8/8 agg=62.41 tok/s decode_p50=66.90 tok/s ttft_p50=266 ms tpot_p50=14.95 ms errs=[] CELL sampled-c1 c=1 ok=8/8 agg=52.51 tok/s decode_p50=54.26 tok/s ttft_p50=281 ms tpot_p50=18.43 ms errs=[] CELL greedy-c1-ignore-eos c=1 ok=4/4 agg=61.82 tok/s decode_p50=66.75 tok/s ttft_p50=266 ms tpot_p50=14.98 ms errs=[]  
vt r4 vt rc=0 CELL greedy-c1 c=1 ok=8/8 agg=68.01 tok/s decode_p50=70.86 tok/s ttft_p50=266 ms tpot_p50=14.11 ms errs=[] CELL sampled-c1 c=1 ok=8/8 agg=57.00 tok/s decode_p50=59.56 tok/s ttft_p50=281 ms tpot_p50=16.79 ms errs=[] CELL greedy-c1-ignore-eos c=1 ok=4/4 agg=66.27 tok/s decode_p50=70.71 tok/s ttft_p50=266 ms tpot_p50=14.14 ms errs=[]  
vt r5 vt rc=0 CELL greedy-c1 c=1 ok=8/8 agg=68.03 tok/s decode_p50=70.86 tok/s ttft_p50=266 ms tpot_p50=14.11 ms errs=[] CELL sampled-c1 c=1 ok=8/8 agg=56.98 tok/s decode_p50=59.45 tok/s ttft_p50=281 ms tpot_p50=16.82 ms errs=[] CELL greedy-c1-ignore-eos c=1 ok=4/4 agg=66.16 tok/s decode_p50=70.71 tok/s ttft_p50=275 ms tpot_p50=14.14 ms errs=[]  
vt r6 d6 rc=0 CELL greedy-c1 c=1 ok=8/8 agg=62.42 tok/s decode_p50=66.91 tok/s ttft_p50=266 ms tpot_p50=14.95 ms errs=[] CELL sampled-c1 c=1 ok=8/8 agg=52.27 tok/s decode_p50=54.12 tok/s ttft_p50=281 ms tpot_p50=18.48 ms errs=[] CELL greedy-c1-ignore-eos c=1 ok=4/4 agg=61.68 tok/s decode_p50=66.66 tok/s ttft_p50=272 ms tpot_p50=15.00 ms errs=[]  
PAIR8_DONE
