base ae50ee52d98058c4
depth r1 d6 rc=0 CELL greedy-c1 c=1 ok=8/8 agg=62.41 tok/s decode_p50=66.91 tok/s ttft_p50=266 ms tpot_p50=14.95 ms errs=[] CELL sampled-c1 c=1 ok=8/8 agg=52.46 tok/s decode_p50=54.27 tok/s ttft_p50=283 ms tpot_p50=18.43 ms errs=[] CELL greedy-c1-ignore-eos c=1 ok=4/4 agg=61.82 tok/s decode_p50=66.75 tok/s ttft_p50=266 ms tpot_p50=14.98 ms errs=[]  
depth r2 d4 rc=0 CELL greedy-c1 c=1 ok=8/8 agg=64.92 tok/s decode_p50=69.08 tok/s ttft_p50=258 ms tpot_p50=14.48 ms errs=[] CELL sampled-c1 c=1 ok=8/8 agg=53.53 tok/s decode_p50=56.11 tok/s ttft_p50=268 ms tpot_p50=17.82 ms errs=[] CELL greedy-c1-ignore-eos c=1 ok=4/4 agg=64.72 tok/s decode_p50=68.97 tok/s ttft_p50=263 ms tpot_p50=14.50 ms errs=[]  
depth r3 d3 rc=0 CELL greedy-c1 c=1 ok=8/8 agg=60.86 tok/s decode_p50=64.41 tok/s ttft_p50=254 ms tpot_p50=15.53 ms errs=[] CELL sampled-c1 c=1 ok=8/8 agg=51.77 tok/s decode_p50=54.33 tok/s ttft_p50=264 ms tpot_p50=18.40 ms errs=[] CELL greedy-c1-ignore-eos c=1 ok=4/4 agg=60.45 tok/s decode_p50=64.29 tok/s ttft_p50=255 ms tpot_p50=15.55 ms errs=[]  
depth r4 d5 rc=0 CELL greedy-c1 c=1 ok=8/8 agg=64.15 tok/s decode_p50=68.27 tok/s ttft_p50=261 ms tpot_p50=14.65 ms errs=[] CELL sampled-c1 c=1 ok=8/8 agg=53.42 tok/s decode_p50=56.12 tok/s ttft_p50=275 ms tpot_p50=17.82 ms errs=[] CELL greedy-c1-ignore-eos c=1 ok=4/4 agg=63.32 tok/s decode_p50=68.13 tok/s ttft_p50=266 ms tpot_p50=14.68 ms errs=[]  
depth r5 vt rc=0 CELL greedy-c1 c=1 ok=8/8 agg=0.00 tok/s decode_p50=None tok/s ttft_p50=None ms tpot_p50=None ms errs=[] CELL sampled-c1 c=1 ok=8/8 agg=0.00 tok/s decode_p50=None tok/s ttft_p50=None ms tpot_p50=None ms errs=[] CELL greedy-c1-ignore-eos c=1 ok=4/4 agg=0.00 tok/s decode_p50=None tok/s ttft_p50=None ms tpot_p50=None ms errs=[]  
depth r6 vt rc=0 CELL greedy-c1 c=1 ok=8/8 agg=0.00 tok/s decode_p50=None tok/s ttft_p50=None ms tpot_p50=None ms errs=[] CELL sampled-c1 c=1 ok=8/8 agg=0.00 tok/s decode_p50=None tok/s ttft_p50=None ms tpot_p50=None ms errs=[] CELL greedy-c1-ignore-eos c=1 ok=4/4 agg=0.00 tok/s decode_p50=None tok/s ttft_p50=None ms tpot_p50=None ms errs=[]  
depth r7 d5 rc=0 CELL greedy-c1 c=1 ok=8/8 agg=64.02 tok/s decode_p50=68.07 tok/s ttft_p50=262 ms tpot_p50=14.69 ms errs=[] CELL sampled-c1 c=1 ok=8/8 agg=53.47 tok/s decode_p50=56.29 tok/s ttft_p50=274 ms tpot_p50=17.77 ms errs=[] CELL greedy-c1-ignore-eos c=1 ok=4/4 agg=63.68 tok/s decode_p50=68.15 tok/s ttft_p50=262 ms tpot_p50=14.67 ms errs=[]  
depth r8 d3 rc=0 CELL greedy-c1 c=1 ok=8/8 agg=60.83 tok/s decode_p50=64.40 tok/s ttft_p50=255 ms tpot_p50=15.53 ms errs=[] CELL sampled-c1 c=1 ok=8/8 agg=51.86 tok/s decode_p50=54.46 tok/s ttft_p50=262 ms tpot_p50=18.36 ms errs=[] CELL greedy-c1-ignore-eos c=1 ok=4/4 agg=60.42 tok/s decode_p50=64.29 tok/s ttft_p50=260 ms tpot_p50=15.55 ms errs=[]  
depth r9 d4 rc=0 CELL greedy-c1 c=1 ok=8/8 agg=64.92 tok/s decode_p50=69.07 tok/s ttft_p50=258 ms tpot_p50=14.48 ms errs=[] CELL sampled-c1 c=1 ok=8/8 agg=53.57 tok/s decode_p50=56.05 tok/s ttft_p50=268 ms tpot_p50=17.84 ms errs=[] CELL greedy-c1-ignore-eos c=1 ok=4/4 agg=64.80 tok/s decode_p50=68.99 tok/s ttft_p50=258 ms tpot_p50=14.50 ms errs=[]  
depth r10 d6 rc=0 CELL greedy-c1 c=1 ok=8/8 agg=62.42 tok/s decode_p50=66.92 tok/s ttft_p50=266 ms tpot_p50=14.94 ms errs=[] CELL sampled-c1 c=1 ok=8/8 agg=52.51 tok/s decode_p50=54.26 tok/s ttft_p50=281 ms tpot_p50=18.43 ms errs=[] CELL greedy-c1-ignore-eos c=1 ok=4/4 agg=61.82 tok/s decode_p50=66.75 tok/s ttft_p50=266 ms tpot_p50=14.98 ms errs=[]  
depth r11 prof rc=0 CELL greedy-c1 c=1 ok=8/8 agg=62.23 tok/s decode_p50=66.69 tok/s ttft_p50=266 ms tpot_p50=14.99 ms errs=[] CELL sampled-c1 c=1 ok=8/8 agg=52.27 tok/s decode_p50=54.08 tok/s ttft_p50=282 ms tpot_p50=18.49 ms errs=[] CELL greedy-c1-ignore-eos c=1 ok=4/4 agg=61.57 tok/s decode_p50=66.61 tok/s ttft_p50=277 ms tpot_p50=15.01 ms errs=[]  
PAIR4_DONE
