[server] build: memra-0.138.0-df70a27ab0ef (id: source-tree, git: 47df550b2562)
[server] starting; models config = [("dsv4f", "/data/dsv4f/nvfp4", None)]
[gpu-watch] Xid source: /dev/kmsg
[worker-affinity] off (MEMRA_WORKER_CPUSET / MEMRA_WORKER_AFFINITY unset or =0)
[gpu-watch] on: every 60s, probe deadline 10s, fatal after 3 consecutive misses (MEMRA_GPU_PROBE_MISSES), fatal Xid [48, 64, 79, 94, 95, 119, 120]
[worker] Engine ready (device=0, MEMRA_FAST=true)
[spec-gate] policy placement=single-or-non-pp2 LOW=2 HIGH=4 source=placement-default spec-admission=on
[spec-k] automatic table: prompt<1024 -> K=3; cold-long -> K=3; prompt>= 1024 and cached>= 1024 -> K=2 (K=5 when the loaded MTP head is rank-trimmed)
[worker] loading model "dsv4f" <- /data/dsv4f/nvfp4
[load] sampled candidate order: Radix
[load] placement: split_at=22 trunk_layers=43 dspark_tail_reserve=0.00 GiB
[load] plain sampler: Device (the topology's default)
[load] expert arm: Native | decode path: Device { host_math: false } | dots arm: f32x (dots + sink/norm/indexer chains)
[load] topology: TpEpAllLayers | layers=43 per-rank-resident=all
[load] indexer score: Knee
[load] prefill head: All
[load] prefill DSpark prime: All
[load] sampled DSpark proposal: Greedy
[load] prefill MoE: reference
[load] dspark exit-head dots arm: f32x (rung-4c fork; drafts only, never the emitted stream)
[load] dspark selected-expert dispatch: per-expert reference
[load] dense arm: fp8 (iteration-5; fp8 = FP8-blk linears as-stored on the device decode/verify paths, bit-identical twins)
[load] lane-8 peer byte-integrity probe PASS: 1 boundaries, 10 copies, ladder [16384, 65536, 524288, 1048576, 67108864] bytes, 336.8ms
[load] lane-8 peer transport enabled (1 boundaries)
[load] layer 3 -> 2 rank copies done t=50s
[load] layer 7 -> 2 rank copies done t=91s
[load] layer 11 -> 2 rank copies done t=117s
[load] layer 15 -> 2 rank copies done t=145s
[load] layer 19 -> 2 rank copies done t=165s
[load] layer 23 -> 2 rank copies done t=184s
[load] layer 27 -> 2 rank copies done t=262s
[load] layer 31 -> 2 rank copies done t=350s
[load] layer 35 -> 2 rank copies done t=382s
[load] layer 39 -> 2 rank copies done t=410s
[load] layer 42 -> 2 rank copies done t=452s
[load] drafter: 3 DSpark block(s) (mtp.0.e_proj absent) — GPU drafter path off (set MEMRA_DSV4_DRAFTER=dspark); trunk-only
[TP/EP load] local expert banks resident by ID: rank0=0..128, rank1=128..256; peer dispatch disabled
[load] expert program: matrix (grouped ModelOpt split-plane executor via dsv4_grouped; tensor-core MMA class, the loaded default since 2026-09-11), EP pair (all-layer TP/EP local banks)
[attention-TP2] packed rank-local Q_b/wo_a/wo_b rows: heads=32 groups=4 wo_b_rows=2048 full_planes_freed=8.06 GiB numeric_class=dsv4_attention_head_split_row_gather_exact
[dsv4-doors] program=loaded door="replay cadence" env=MEMRA_DSV4_REPLAY_CADENCE merged=#374 declared_default=On resolved=On(DecodeOnlyM1) disposition=PortAdmissionOrRedeclare
[dsv4-doors] program=loaded door="dense exact-tail transport" env=MEMRA_DSV4_DENSE_EXACT_TAIL merged=#374 declared_default=On resolved=On(DecodeOnlyM1) disposition=Engaged
[dsv4-doors] program=loaded door="dense-fast" env=MEMRA_DSV4_DENSE_FAST merged=#404 declared_default=On resolved=On(DecodeOnlyM1) disposition=Engaged
[dsv4-doors] program=loaded door="HC dot split S16" env=MEMRA_DSV4_HC_DOT_SPLIT merged=#418 declared_default=On resolved=On(AllRoutedShapes) disposition=Engaged
[dsv4-serve] dsv4f: placement TP/EP (expert-ID EP pair, attention TP2) (default), plain sampler Device
[dsv4-serve] dsv4f: loaded on devices [0, 1], contract RefFp8Round, max_seq 1048576, drafter absent (plain only), parked-host-cache OFF (MEMRA_DSV4_KV_HOST_MB=0), chunked-prefill 512 tokens, active-C4-host-budget 0 bytes (0=OFF; separate from parked cache)
[dsv4-serve] dsv4f: B-row steps up to 4 rows, 1 group(s) in flight (MEMRA_DSV4_ROWS)
[dsv4-serve] dsv4f: 4 serving lane(s) (default on the plain TP/EP program, sharing B-row steps; MEMRA_DSV4_SESSIONS=1 is the serial route)
[admit-mem] route=dsv4-thread model="dsv4f" calibrated fixed_plain=0:4529970120,1:4529970120 fixed_spec=0:4529970120,1:4529970120 ceiling=0:15937419940,1:15966316188 defer_budget_ms=8000
[route-contract] model="dsv4f" route=dsv4-thread capacity=4 sessions implemented=[capacity,occupancy,progress,fault-ownership,shutdown-ownership,memory-cost,service-metrics] refused=[rewrite-qualification: the route consumes no MEMRA_REWRITE_BUNDLE and none of its programs is a plan rewrite (memra#449); prime-fairness: no worker Session exists for a dsv4 request; the prime is one synchronous chunked call on the serving thread (memra#535 P4)]
[prefix-cache] WARNING: derived budget is 0 B after the boot free-VRAM reserve clamp; prefix caching disabled
[admit-mem] door=OFF open_output_tokens=8192 defer_budget_ms=8000 (admission charges prompt+output, the reclaim flush demotes to the host tier before dropping, and a memory defer past the budget refuses 429 instead of queueing past the client's deadline)
[server] worker ready; serving models: ["dsv4f"]
[server] listening on http://127.0.0.1:56645
[meter] admit id=chatcmpl-fd1f64dcf092f9a5afcd5ac7ec1516a7 tenant=default lane=interactive model="dsv4f"
[admit-mem] id=chatcmpl-fd1f64dcf092f9a5afcd5ac7ec1516a7 model="dsv4f" route=dsv4-thread verdict=admit capacity=512 spec=false need=0:4605582280,1:4605582280 ceiling=0:15937419940,1:15966316188 host_need=0 short=- waited_ms=0 reclaimed=0 retry_after_s=-
[moe-sk-form] dev=0 qt=108 sms=188 occ128=1 occ32=7 occt=3 cross=2147483647 xcross=2147483647 bdb=0 in_f=4096 out_f=2048 n_active=128 max_m=228
[meter] admit id=chatcmpl-72eb163ca9a964399ca69802f7ac20ef tenant=default lane=interactive model="dsv4f"
[admit-mem] id=chatcmpl-72eb163ca9a964399ca69802f7ac20ef model="dsv4f" route=dsv4-thread verdict=admit capacity=512 spec=false need=0:4605582280,1:4605582280 ceiling=0:15937419940,1:15966316188 host_need=0 short=- waited_ms=0 reclaimed=0 retry_after_s=-
[meter] admit id=chatcmpl-40ba788ea963435869fa048cbe3ceefd tenant=default lane=interactive model="dsv4f"
[admit-mem] id=chatcmpl-40ba788ea963435869fa048cbe3ceefd model="dsv4f" route=dsv4-thread verdict=admit capacity=512 spec=false need=0:4605582280,1:4605582280 ceiling=0:15937419940,1:15966316188 host_need=0 short=- waited_ms=0 reclaimed=0 retry_after_s=-
[meter] admit id=chatcmpl-21568d6ec672c3da6de14faaa9c7927b tenant=default lane=interactive model="dsv4f"
[admit-mem] id=chatcmpl-21568d6ec672c3da6de14faaa9c7927b model="dsv4f" route=dsv4-thread verdict=admit capacity=512 spec=false need=0:4605582280,1:4605582280 ceiling=0:15937419940,1:15966316188 host_need=0 short=- waited_ms=0 reclaimed=0 retry_after_s=-
[meter] admit id=chatcmpl-ac8b38ca7362be3111d3f04432365aa4 tenant=default lane=interactive model="dsv4f"
[admit-mem] id=chatcmpl-ac8b38ca7362be3111d3f04432365aa4 model="dsv4f" route=dsv4-thread verdict=admit capacity=512 spec=false need=0:4605582280,1:4605582280 ceiling=0:15937419940,1:15966316188 host_need=0 short=- waited_ms=0 reclaimed=0 retry_after_s=-
[meter] admit id=chatcmpl-1e71cd6b6eceedb66ac5a886ec7aa8ca tenant=default lane=interactive model="dsv4f"
[admit-mem] id=chatcmpl-1e71cd6b6eceedb66ac5a886ec7aa8ca model="dsv4f" route=dsv4-thread verdict=admit capacity=512 spec=false need=0:4605582280,1:4605582280 ceiling=0:15937419940,1:15966316188 host_need=0 short=- waited_ms=0 reclaimed=0 retry_after_s=-
[meter] admit id=chatcmpl-745224d61305c3830cd1924f2298dc26 tenant=default lane=interactive model="dsv4f"
[admit-mem] id=chatcmpl-745224d61305c3830cd1924f2298dc26 model="dsv4f" route=dsv4-thread verdict=admit capacity=512 spec=false need=0:4605582280,1:4605582280 ceiling=0:15937419940,1:15966316188 host_need=0 short=- waited_ms=0 reclaimed=0 retry_after_s=-
[meter] admit id=chatcmpl-364ec11f257942e464edcf0ca2b837f6 tenant=default lane=interactive model="dsv4f"
[admit-mem] id=chatcmpl-364ec11f257942e464edcf0ca2b837f6 model="dsv4f" route=dsv4-thread verdict=admit capacity=512 spec=false need=0:4605582280,1:4605582280 ceiling=0:15937419940,1:15966316188 host_need=0 short=- waited_ms=0 reclaimed=0 retry_after_s=-
[meter] admit id=chatcmpl-043f019837802d7e9361e20f0dc4c5ca tenant=default lane=interactive model="dsv4f"
[admit-mem] id=chatcmpl-043f019837802d7e9361e20f0dc4c5ca model="dsv4f" route=dsv4-thread verdict=admit capacity=512 spec=false need=0:4605582280,1:4605582280 ceiling=0:15937419940,1:15966316188 host_need=0 short=- waited_ms=0 reclaimed=0 retry_after_s=-
[meter] admit id=chatcmpl-56ed6908eab6f4262d8f61a1ffff3703 tenant=default lane=interactive model="dsv4f"
[meter] admit id=chatcmpl-b198f02717af23a625feca6712edf908 tenant=default lane=interactive model="dsv4f"
[admit-mem] id=chatcmpl-56ed6908eab6f4262d8f61a1ffff3703 model="dsv4f" route=dsv4-thread verdict=admit capacity=512 spec=false need=0:4605582280,1:4605582280 ceiling=0:15937419940,1:15966316188 host_need=0 short=- waited_ms=0 reclaimed=0 retry_after_s=-
[admit-mem] id=chatcmpl-b198f02717af23a625feca6712edf908 model="dsv4f" route=dsv4-thread verdict=admit capacity=512 spec=false need=0:4605582280,1:4605582280 ceiling=0:15937419940,1:15966316188 host_need=0 short=- waited_ms=0 reclaimed=0 retry_after_s=-
[meter] admit id=chatcmpl-6803ae2acd73b1fd475eb185c43709db tenant=default lane=interactive model="dsv4f"
[meter] admit id=chatcmpl-fab42dce2e091bcf4a508b2dd2039888 tenant=default lane=interactive model="dsv4f"
[admit-mem] id=chatcmpl-6803ae2acd73b1fd475eb185c43709db model="dsv4f" route=dsv4-thread verdict=admit capacity=512 spec=false need=0:4605582280,1:4605582280 ceiling=0:15937419940,1:15966316188 host_need=0 short=- waited_ms=0 reclaimed=0 retry_after_s=-
[admit-mem] id=chatcmpl-fab42dce2e091bcf4a508b2dd2039888 model="dsv4f" route=dsv4-thread verdict=admit capacity=512 spec=false need=0:4605582280,1:4605582280 ceiling=0:15937419940,1:15966316188 host_need=0 short=- waited_ms=0 reclaimed=0 retry_after_s=-
[meter] admit id=chatcmpl-6a3f8584c7a3dbdec83d5648cb548ddc tenant=default lane=interactive model="dsv4f"
[meter] admit id=chatcmpl-aa95c3c89935c8e7eb9564a1359613ad tenant=default lane=interactive model="dsv4f"
[admit-mem] id=chatcmpl-6a3f8584c7a3dbdec83d5648cb548ddc model="dsv4f" route=dsv4-thread verdict=admit capacity=512 spec=false need=0:4605582280,1:4605582280 ceiling=0:15937419940,1:15966316188 host_need=0 short=- waited_ms=0 reclaimed=0 retry_after_s=-
[admit-mem] id=chatcmpl-aa95c3c89935c8e7eb9564a1359613ad model="dsv4f" route=dsv4-thread verdict=admit capacity=512 spec=false need=0:4605582280,1:4605582280 ceiling=0:15937419940,1:15966316188 host_need=0 short=- waited_ms=0 reclaimed=0 retry_after_s=-
[meter] admit id=chatcmpl-9214c50a15622bda2ab94c6c61b7b04e tenant=default lane=interactive model="dsv4f"
[meter] admit id=chatcmpl-4bb25d2de9ac3b6cde15978ff14b0188 tenant=default lane=interactive model="dsv4f"
[admit-mem] id=chatcmpl-9214c50a15622bda2ab94c6c61b7b04e model="dsv4f" route=dsv4-thread verdict=admit capacity=512 spec=false need=0:4605582280,1:4605582280 ceiling=0:15937419940,1:15966316188 host_need=0 short=- waited_ms=0 reclaimed=0 retry_after_s=-
[admit-mem] id=chatcmpl-4bb25d2de9ac3b6cde15978ff14b0188 model="dsv4f" route=dsv4-thread verdict=admit capacity=512 spec=false need=0:4605582280,1:4605582280 ceiling=0:15937419940,1:15966316188 host_need=0 short=- waited_ms=0 reclaimed=0 retry_after_s=-
[meter] admit id=chatcmpl-675176e707949607f9fa2fd6a80425ec tenant=default lane=interactive model="dsv4f"
[meter] admit id=chatcmpl-ed88506c25cbfef94512d41f42b17d11 tenant=default lane=interactive model="dsv4f"
[meter] admit id=chatcmpl-39581cc49a76444718e6e15e3d22dc9a tenant=default lane=interactive model="dsv4f"
[meter] admit id=chatcmpl-b146ff920599927ac68f5c6228128bbc tenant=default lane=interactive model="dsv4f"
[admit-mem] id=chatcmpl-675176e707949607f9fa2fd6a80425ec model="dsv4f" route=dsv4-thread verdict=admit capacity=512 spec=false need=0:4605582280,1:4605582280 ceiling=0:15937419940,1:15966316188 host_need=0 short=- waited_ms=0 reclaimed=0 retry_after_s=-
[admit-mem] id=chatcmpl-ed88506c25cbfef94512d41f42b17d11 model="dsv4f" route=dsv4-thread verdict=admit capacity=512 spec=false need=0:4605582280,1:4605582280 ceiling=0:15937419940,1:15966316188 host_need=0 short=- waited_ms=0 reclaimed=0 retry_after_s=-
[admit-mem] id=chatcmpl-39581cc49a76444718e6e15e3d22dc9a model="dsv4f" route=dsv4-thread verdict=admit capacity=512 spec=false need=0:4605582280,1:4605582280 ceiling=0:15937419940,1:15966316188 host_need=0 short=- waited_ms=0 reclaimed=0 retry_after_s=-
[admit-mem] id=chatcmpl-b146ff920599927ac68f5c6228128bbc model="dsv4f" route=dsv4-thread verdict=admit capacity=512 spec=false need=0:4605582280,1:4605582280 ceiling=0:15937419940,1:15966316188 host_need=0 short=- waited_ms=0 reclaimed=0 retry_after_s=-
[meter] admit id=chatcmpl-8af7fe791fd578f3d30207e184a7f49f tenant=default lane=interactive model="dsv4f"
[meter] admit id=chatcmpl-918ee1c99322303d3fc3277b187886d9 tenant=default lane=interactive model="dsv4f"
[meter] admit id=chatcmpl-aa41feb9bff15e8b4ab8fafdecf5d4fc tenant=default lane=interactive model="dsv4f"
[meter] admit id=chatcmpl-3789869a36ec51a2abef167b686af12f tenant=default lane=interactive model="dsv4f"
[admit-mem] id=chatcmpl-8af7fe791fd578f3d30207e184a7f49f model="dsv4f" route=dsv4-thread verdict=admit capacity=512 spec=false need=0:4605582280,1:4605582280 ceiling=0:15937419940,1:15966316188 host_need=0 short=- waited_ms=0 reclaimed=0 retry_after_s=-
[admit-mem] id=chatcmpl-918ee1c99322303d3fc3277b187886d9 model="dsv4f" route=dsv4-thread verdict=admit capacity=512 spec=false need=0:4605582280,1:4605582280 ceiling=0:15937419940,1:15966316188 host_need=0 short=- waited_ms=0 reclaimed=0 retry_after_s=-
[admit-mem] id=chatcmpl-aa41feb9bff15e8b4ab8fafdecf5d4fc model="dsv4f" route=dsv4-thread verdict=admit capacity=512 spec=false need=0:4605582280,1:4605582280 ceiling=0:15937419940,1:15966316188 host_need=0 short=- waited_ms=0 reclaimed=0 retry_after_s=-
[admit-mem] id=chatcmpl-3789869a36ec51a2abef167b686af12f model="dsv4f" route=dsv4-thread verdict=admit capacity=512 spec=false need=0:4605582280,1:4605582280 ceiling=0:15937419940,1:15966316188 host_need=0 short=- waited_ms=0 reclaimed=0 retry_after_s=-
[meter] admit id=chatcmpl-28caa75155c238d15b0a747f5ce1f36f tenant=default lane=interactive model="dsv4f"
[meter] admit id=chatcmpl-edef1aa6054db151b99a38a146ec5ab2 tenant=default lane=interactive model="dsv4f"
[admit-mem] id=chatcmpl-28caa75155c238d15b0a747f5ce1f36f model="dsv4f" route=dsv4-thread verdict=admit capacity=512 spec=false need=0:4605582280,1:4605582280 ceiling=0:15937419940,1:15966316188 host_need=0 short=- waited_ms=0 reclaimed=0 retry_after_s=-
[admit-mem] id=chatcmpl-edef1aa6054db151b99a38a146ec5ab2 model="dsv4f" route=dsv4-thread verdict=admit capacity=512 spec=false need=0:4605582280,1:4605582280 ceiling=0:15937419940,1:15966316188 host_need=0 short=- waited_ms=0 reclaimed=0 retry_after_s=-
[meter] admit id=chatcmpl-7f61f84ba4f9e2cc06d599eea9c057c3 tenant=default lane=interactive model="dsv4f"
[meter] admit id=chatcmpl-8d37b79fdaa1ab398700ff3e05a77879 tenant=default lane=interactive model="dsv4f"
[admit-mem] id=chatcmpl-7f61f84ba4f9e2cc06d599eea9c057c3 model="dsv4f" route=dsv4-thread verdict=admit capacity=512 spec=false need=0:4605582280,1:4605582280 ceiling=0:15937419940,1:15966316188 host_need=0 short=- waited_ms=0 reclaimed=0 retry_after_s=-
[admit-mem] id=chatcmpl-8d37b79fdaa1ab398700ff3e05a77879 model="dsv4f" route=dsv4-thread verdict=admit capacity=512 spec=false need=0:4605582280,1:4605582280 ceiling=0:15937419940,1:15966316188 host_need=0 short=- waited_ms=0 reclaimed=0 retry_after_s=-
[meter] admit id=chatcmpl-668407aba769108b4976487f3daa5e50 tenant=default lane=interactive model="dsv4f"
[meter] admit id=chatcmpl-1823a099d3ff2b428ce080aba2941008 tenant=default lane=interactive model="dsv4f"
[admit-mem] id=chatcmpl-668407aba769108b4976487f3daa5e50 model="dsv4f" route=dsv4-thread verdict=admit capacity=512 spec=false need=0:4605582280,1:4605582280 ceiling=0:15937419940,1:15966316188 host_need=0 short=- waited_ms=0 reclaimed=0 retry_after_s=-
[admit-mem] id=chatcmpl-1823a099d3ff2b428ce080aba2941008 model="dsv4f" route=dsv4-thread verdict=admit capacity=512 spec=false need=0:4605582280,1:4605582280 ceiling=0:15937419940,1:15966316188 host_need=0 short=- waited_ms=0 reclaimed=0 retry_after_s=-
[meter] admit id=chatcmpl-15e8b0545ebb430a5b195fa93dfb5993 tenant=default lane=interactive model="dsv4f"
[meter] admit id=chatcmpl-92c946d3daea4dcb41cf8b0d8b83e615 tenant=default lane=interactive model="dsv4f"
[admit-mem] id=chatcmpl-15e8b0545ebb430a5b195fa93dfb5993 model="dsv4f" route=dsv4-thread verdict=admit capacity=512 spec=false need=0:4605582280,1:4605582280 ceiling=0:15937419940,1:15966316188 host_need=0 short=- waited_ms=0 reclaimed=0 retry_after_s=-
[admit-mem] id=chatcmpl-92c946d3daea4dcb41cf8b0d8b83e615 model="dsv4f" route=dsv4-thread verdict=admit capacity=512 spec=false need=0:4605582280,1:4605582280 ceiling=0:15937419940,1:15966316188 host_need=0 short=- waited_ms=0 reclaimed=0 retry_after_s=-
[meter] admit id=chatcmpl-54569297efcb62c7453de6e071e297a4 tenant=default lane=interactive model="dsv4f"
[meter] admit id=chatcmpl-fce3d102aa4dcf94e2ef83bcf6d789b5 tenant=default lane=interactive model="dsv4f"
[admit-mem] id=chatcmpl-54569297efcb62c7453de6e071e297a4 model="dsv4f" route=dsv4-thread verdict=admit capacity=2326 spec=false need=0:4630509000,1:4630509000 ceiling=0:15937419940,1:15966316188 host_need=0 short=- waited_ms=0 reclaimed=0 retry_after_s=-
[admit-mem] id=chatcmpl-fce3d102aa4dcf94e2ef83bcf6d789b5 model="dsv4f" route=dsv4-thread verdict=admit capacity=2339 spec=false need=0:4630670280,1:4630670280 ceiling=0:15937419940,1:15966316188 host_need=0 short=- waited_ms=0 reclaimed=0 retry_after_s=-
[meter] admit id=chatcmpl-8e10f05847f563a55d8c15ffb086c5c4 tenant=default lane=interactive model="dsv4f"
[meter] admit id=chatcmpl-be0b2d6bad9aa1b092b47aa80e225ab5 tenant=default lane=interactive model="dsv4f"
[admit-mem] id=chatcmpl-8e10f05847f563a55d8c15ffb086c5c4 model="dsv4f" route=dsv4-thread verdict=admit capacity=2351 spec=false need=0:4630831560,1:4630831560 ceiling=0:15937419940,1:15966316188 host_need=0 short=- waited_ms=0 reclaimed=0 retry_after_s=-
[admit-mem] id=chatcmpl-be0b2d6bad9aa1b092b47aa80e225ab5 model="dsv4f" route=dsv4-thread verdict=admit capacity=2361 spec=false need=0:4630992840,1:4630992840 ceiling=0:15937419940,1:15966316188 host_need=0 short=- waited_ms=0 reclaimed=0 retry_after_s=-
[meter] admit id=chatcmpl-885748c8177c54adae76a1e292bf2af4 tenant=default lane=interactive model="dsv4f"
[meter] admit id=chatcmpl-f1fc077987b7107076d7f02bba9843ae tenant=default lane=interactive model="dsv4f"
[admit-mem] id=chatcmpl-885748c8177c54adae76a1e292bf2af4 model="dsv4f" route=dsv4-thread verdict=admit capacity=2352 spec=false need=0:4630885320,1:4630885320 ceiling=0:15937419940,1:15966316188 host_need=0 short=- waited_ms=0 reclaimed=0 retry_after_s=-
[admit-mem] id=chatcmpl-f1fc077987b7107076d7f02bba9843ae model="dsv4f" route=dsv4-thread verdict=admit capacity=2322 spec=false need=0:4630455240,1:4630455240 ceiling=0:15937419940,1:15966316188 host_need=0 short=- waited_ms=0 reclaimed=0 retry_after_s=-
[meter] admit id=chatcmpl-1194ebdcbc5113cb73d4a68b410bcc3b tenant=default lane=interactive model="dsv4f"
[meter] admit id=chatcmpl-4c180b8f2092f96541af614e7bf6b004 tenant=default lane=interactive model="dsv4f"
[admit-mem] id=chatcmpl-1194ebdcbc5113cb73d4a68b410bcc3b model="dsv4f" route=dsv4-thread verdict=admit capacity=2314 spec=false need=0:4630347720,1:4630347720 ceiling=0:15937419940,1:15966316188 host_need=0 short=- waited_ms=0 reclaimed=0 retry_after_s=-
[admit-mem] id=chatcmpl-4c180b8f2092f96541af614e7bf6b004 model="dsv4f" route=dsv4-thread verdict=admit capacity=2328 spec=false need=0:4630562760,1:4630562760 ceiling=0:15937419940,1:15966316188 host_need=0 short=- waited_ms=0 reclaimed=0 retry_after_s=-
[server] SIGTERM: draining (0 in flight, deadline 30s)
[server] drain complete in 0.0s; exiting
[server] GPU worker shutdown complete
