[server] build: memra-0.138.0-09856de32331 (id: source-tree, git: 758b05089db1)
[server] starting; models config = [("dsv4f", "/data/dsv4f/nvfp4", None)]
[gpu-watch] Xid source: journalctl -k -f (/dev/kmsg unreadable — kernel.dmesg_restrict)
[worker-affinity] off (MEMRA_WORKER_CPUSET / MEMRA_WORKER_AFFINITY unset or =0)
[gpu-watch] on: every 60s, probe deadline 10s, fatal after 3 consecutive misses (MEMRA_GPU_PROBE_MISSES), fatal Xid [48, 64, 79, 94, 95, 119, 120]
[worker] Engine ready (device=0, MEMRA_FAST=true)
[spec-gate] policy placement=single-or-non-pp2 LOW=2 HIGH=4 source=placement-default spec-admission=on
[spec-k] automatic table: prompt<1024 -> K=3; cold-long -> K=3; prompt>= 1024 and cached>= 1024 -> K=2 (K=5 when the loaded MTP head is rank-trimmed)
[worker] loading model "dsv4f" <- /data/dsv4f/nvfp4
[load] plain sampler: Host
[load] sampled candidate order: Radix
[load] placement: split_at=22 trunk_layers=43 dspark_tail_reserve=0.00 GiB
[load] expert arm: Native | decode path: Device { host_math: false } | dots arm: f32x (dots + sink/norm/indexer chains)
[load] topology: PpEp | layers=43 per-rank-resident=PP-owned
[load] indexer score: Knee
[load] prefill head: All
[load] prefill DSpark prime: All
[load] sampled DSpark proposal: Greedy
[load] prefill MoE: reference
[load] dspark exit-head dots arm: f32x (rung-4c fork; drafts only, never the emitted stream)
[load] dspark selected-expert dispatch: per-expert reference
[load] dense arm: fp8 (iteration-5; fp8 = FP8-blk linears as-stored on the device decode/verify paths, bit-identical twins)
[load] lane-8 peer byte-integrity probe PASS: 1 boundaries, 10 copies, ladder [16384, 65536, 524288, 1048576, 67108864] bytes, 473.0ms
[load] lane-8 peer transport enabled (1 boundaries)
[load] layer 3 -> 1 rank copies done t=11s
[load] layer 7 -> 1 rank copies done t=23s
[load] layer 11 -> 1 rank copies done t=34s
[load] layer 15 -> 1 rank copies done t=45s
[load] layer 19 -> 1 rank copies done t=56s
[load] layer 23 -> 1 rank copies done t=68s
[load] layer 27 -> 1 rank copies done t=79s
[load] layer 31 -> 1 rank copies done t=90s
[load] layer 35 -> 1 rank copies done t=102s
[load] layer 39 -> 1 rank copies done t=113s
[load] layer 42 -> 1 rank copies done t=121s
[load] drafter: 3 DSpark block(s) (mtp.0.e_proj absent) — GPU drafter path off (set MEMRA_DSV4_DRAFTER=dspark); trunk-only
[load] expert program: matrix (grouped ModelOpt split-plane executor via dsv4_grouped; tensor-core MMA class, the loaded default since 2026-09-11), EP off
[dsv4-doors] program=loaded door="replay cadence" env=MEMRA_DSV4_REPLAY_CADENCE merged=#374 declared_default=On resolved=NoServingCaller("full-token replay is armed per request by a gate binary only; no serving or eager request arms it, so the cadence choice has no caller") disposition=ReclassifyAsGateInput
[dsv4-doors] program=loaded door="dense exact-tail transport" env=MEMRA_DSV4_DENSE_EXACT_TAIL merged=#374 declared_default=On resolved=On(DecodeOnlyM1) disposition=Engaged
[dsv4-doors] program=loaded door="dense-fast" env=MEMRA_DSV4_DENSE_FAST merged=#404 declared_default=On resolved=On(DecodeOnlyM1) disposition=Engaged
[dsv4-doors] program=loaded door="HC dot split S16" env=MEMRA_DSV4_HC_DOT_SPLIT merged=#418 declared_default=On resolved=On(AllRoutedShapes) disposition=Engaged
[dsv4-serve] dsv4f: topology None (tp_ep=false, attention_tp=false), measurement branch
[dsv4-serve] dsv4f: loaded on devices [0, 1], contract RefFp8Round, max_seq 1048576, drafter absent (plain only), parked-host-cache OFF (MEMRA_DSV4_KV_HOST_MB=0), chunked-prefill 512 tokens, active-C4-host-budget 0 bytes (0=OFF; separate from parked cache)
[dsv4-serve] dsv4f: 1 serving lane(s) (MEMRA_DSV4_SESSIONS)
[admit-mem] route=dsv4-thread model="dsv4f" calibrated fixed_plain=0:4089668760,1:4095085720 fixed_spec=0:4089668760,1:4095085720 ceiling=0:15350829936,1:19127207220 defer_budget_ms=8000
[route-contract] model="dsv4f" route=dsv4-thread capacity=serial implemented=[capacity,occupancy,progress,fault-ownership,shutdown-ownership,memory-cost,service-metrics] refused=[rewrite-qualification: the route consumes no MEMRA_REWRITE_BUNDLE and none of its programs is a plan rewrite (memra#449); prime-fairness: no worker Session exists for a dsv4 request; the prime is one synchronous chunked call on the serving thread (memra#535 P4)]
[prefix-cache] WARNING: derived budget is 0 B after the boot free-VRAM reserve clamp; prefix caching disabled
[admit-mem] door=OFF open_output_tokens=8192 defer_budget_ms=8000 (admission charges prompt+output, the reclaim flush demotes to the host tier before dropping, and a memory defer past the budget refuses 429 instead of queueing past the client's deadline)
[server] worker ready; serving models: ["dsv4f"]
[server] listening on http://127.0.0.1:59019
[meter] admit id=chatcmpl-5ba5b298d5de3477648d418afa830503 tenant=default lane=interactive model="dsv4f"
[admit-mem] id=chatcmpl-5ba5b298d5de3477648d418afa830503 model="dsv4f" route=dsv4-thread verdict=admit capacity=71 spec=false need=0:4125001880,1:4129233560 ceiling=0:15350829936,1:19127207220 host_need=0 short=- waited_ms=0 reclaimed=0 retry_after_s=-
[dsv4-moe-fused] ENGAGED: t=1 slots=6 experts=256 hidden=4096 inter=2048, two launches, deferred faults
[moe-sk-form] dev=0 qt=108 sms=188 occ128=1 occ32=7 occt=3 cross=2147483647 xcross=2147483647 bdb=0 in_f=4096 out_f=2048 n_active=256 max_m=228
[dsv4-prefill-f16g] ENGAGED: t=38 pairs=228 expert_groups=256 max_rows_bound=228 device_routes=true FP8-QAT-mirrored half, split-plane ModelOpt NVFP4
[meter] admit id=chatcmpl-c8ad9835adae9f8d6da48108128372b7 tenant=default lane=interactive model="dsv4f"
[admit-mem] id=chatcmpl-c8ad9835adae9f8d6da48108128372b7 model="dsv4f" route=dsv4-thread verdict=admit capacity=295 spec=false need=0:4126476440,1:4130851480 ceiling=0:15350829936,1:19127207220 host_need=0 short=- waited_ms=0 reclaimed=0 retry_after_s=-
[meter] admit id=chatcmpl-617b6b9cac4e33b8c4a739ee9d141e74 tenant=default lane=interactive model="dsv4f"
[admit-mem] id=chatcmpl-617b6b9cac4e33b8c4a739ee9d141e74 model="dsv4f" route=dsv4-thread verdict=admit capacity=293 spec=false need=0:4126476440,1:4130851480 ceiling=0:15350829936,1:19127207220 host_need=0 short=- waited_ms=0 reclaimed=0 retry_after_s=-
[meter] admit id=chatcmpl-4958ba60cd4a799495cc19978fbc5ed1 tenant=default lane=interactive model="dsv4f"
[admit-mem] id=chatcmpl-4958ba60cd4a799495cc19978fbc5ed1 model="dsv4f" route=dsv4-thread verdict=admit capacity=295 spec=false need=0:4126476440,1:4130851480 ceiling=0:15350829936,1:19127207220 host_need=0 short=- waited_ms=0 reclaimed=0 retry_after_s=-
[meter] admit id=chatcmpl-d95637d2965f4b6d10cf4d5db604bd07 tenant=default lane=interactive model="dsv4f"
[admit-mem] id=chatcmpl-d95637d2965f4b6d10cf4d5db604bd07 model="dsv4f" route=dsv4-thread verdict=admit capacity=294 spec=false need=0:4126476440,1:4130851480 ceiling=0:15350829936,1:19127207220 host_need=0 short=- waited_ms=0 reclaimed=0 retry_after_s=-
[meter] admit id=chatcmpl-42d5707bdadf1f86efe877701d353707 tenant=default lane=interactive model="dsv4f"
[admit-mem] id=chatcmpl-42d5707bdadf1f86efe877701d353707 model="dsv4f" route=dsv4-thread verdict=admit capacity=290 spec=false need=0:4126450840,1:4130823320 ceiling=0:15350829936,1:19127207220 host_need=0 short=- waited_ms=0 reclaimed=0 retry_after_s=-
[meter] admit id=chatcmpl-65fcf1d462c47c2df9ce587590f11279 tenant=default lane=interactive model="dsv4f"
[admit-mem] id=chatcmpl-65fcf1d462c47c2df9ce587590f11279 model="dsv4f" route=dsv4-thread verdict=admit capacity=293 spec=false need=0:4126476440,1:4130851480 ceiling=0:15350829936,1:19127207220 host_need=0 short=- waited_ms=0 reclaimed=0 retry_after_s=-
[meter] admit id=chatcmpl-b2ea73b3ccf84ad15d711e3ceb1ac231 tenant=default lane=interactive model="dsv4f"
[admit-mem] id=chatcmpl-b2ea73b3ccf84ad15d711e3ceb1ac231 model="dsv4f" route=dsv4-thread verdict=admit capacity=296 spec=false need=0:4126502040,1:4130879640 ceiling=0:15350829936,1:19127207220 host_need=0 short=- waited_ms=0 reclaimed=0 retry_after_s=-
[meter] admit id=chatcmpl-15b067426e5804ad366989b40d997e55 tenant=default lane=interactive model="dsv4f"
[admit-mem] id=chatcmpl-15b067426e5804ad366989b40d997e55 model="dsv4f" route=dsv4-thread verdict=admit capacity=290 spec=false need=0:4126450840,1:4130823320 ceiling=0:15350829936,1:19127207220 host_need=0 short=- waited_ms=0 reclaimed=0 retry_after_s=-
[meter] admit id=chatcmpl-d7ea595b4c22686d086bc102a76bf0bd tenant=default lane=interactive model="dsv4f"
[admit-mem] id=chatcmpl-d7ea595b4c22686d086bc102a76bf0bd model="dsv4f" route=dsv4-thread verdict=admit capacity=295 spec=false need=0:4126476440,1:4130851480 ceiling=0:15350829936,1:19127207220 host_need=0 short=- waited_ms=0 reclaimed=0 retry_after_s=-
[meter] admit id=chatcmpl-d7a14d6eed067a0d0216d05abb78a70f tenant=default lane=interactive model="dsv4f"
[admit-mem] id=chatcmpl-d7a14d6eed067a0d0216d05abb78a70f model="dsv4f" route=dsv4-thread verdict=admit capacity=293 spec=false need=0:4126476440,1:4130851480 ceiling=0:15350829936,1:19127207220 host_need=0 short=- waited_ms=0 reclaimed=0 retry_after_s=-
[meter] admit id=chatcmpl-f1f75081d99ec668697346516a3d12b8 tenant=default lane=interactive model="dsv4f"
[admit-mem] id=chatcmpl-f1f75081d99ec668697346516a3d12b8 model="dsv4f" route=dsv4-thread verdict=admit capacity=295 spec=false need=0:4126476440,1:4130851480 ceiling=0:15350829936,1:19127207220 host_need=0 short=- waited_ms=0 reclaimed=0 retry_after_s=-
[meter] admit id=chatcmpl-56d44fecac02c2dc844bbd153c339887 tenant=default lane=interactive model="dsv4f"
[admit-mem] id=chatcmpl-56d44fecac02c2dc844bbd153c339887 model="dsv4f" route=dsv4-thread verdict=admit capacity=294 spec=false need=0:4126476440,1:4130851480 ceiling=0:15350829936,1:19127207220 host_need=0 short=- waited_ms=0 reclaimed=0 retry_after_s=-
[meter] admit id=chatcmpl-e9f15abe98032c8d31af50a8e46282c9 tenant=default lane=interactive model="dsv4f"
[admit-mem] id=chatcmpl-e9f15abe98032c8d31af50a8e46282c9 model="dsv4f" route=dsv4-thread verdict=admit capacity=290 spec=false need=0:4126450840,1:4130823320 ceiling=0:15350829936,1:19127207220 host_need=0 short=- waited_ms=0 reclaimed=0 retry_after_s=-
[meter] admit id=chatcmpl-ef487dbf85f5de357f1ac816cd19694e tenant=default lane=interactive model="dsv4f"
[admit-mem] id=chatcmpl-ef487dbf85f5de357f1ac816cd19694e model="dsv4f" route=dsv4-thread verdict=admit capacity=293 spec=false need=0:4126476440,1:4130851480 ceiling=0:15350829936,1:19127207220 host_need=0 short=- waited_ms=0 reclaimed=0 retry_after_s=-
[meter] admit id=chatcmpl-940422c57a054029b7fd600441d5146c tenant=default lane=interactive model="dsv4f"
[admit-mem] id=chatcmpl-940422c57a054029b7fd600441d5146c model="dsv4f" route=dsv4-thread verdict=admit capacity=296 spec=false need=0:4126502040,1:4130879640 ceiling=0:15350829936,1:19127207220 host_need=0 short=- waited_ms=0 reclaimed=0 retry_after_s=-
[meter] admit id=chatcmpl-e0bc85bee48d79fc276fb3e0ebb157de tenant=default lane=interactive model="dsv4f"
[admit-mem] id=chatcmpl-e0bc85bee48d79fc276fb3e0ebb157de model="dsv4f" route=dsv4-thread verdict=admit capacity=290 spec=false need=0:4126450840,1:4130823320 ceiling=0:15350829936,1:19127207220 host_need=0 short=- waited_ms=0 reclaimed=0 retry_after_s=-
[meter] admit id=chatcmpl-b19539a57a8b6f2a2db716daf3fc14c4 tenant=default lane=interactive model="dsv4f"
[admit-mem] id=chatcmpl-b19539a57a8b6f2a2db716daf3fc14c4 model="dsv4f" route=dsv4-thread verdict=admit capacity=295 spec=false need=0:4126476440,1:4130851480 ceiling=0:15350829936,1:19127207220 host_need=0 short=- waited_ms=0 reclaimed=0 retry_after_s=-
[meter] admit id=chatcmpl-f14343b799bf06a58b015c044ded1991 tenant=default lane=interactive model="dsv4f"
[admit-mem] id=chatcmpl-f14343b799bf06a58b015c044ded1991 model="dsv4f" route=dsv4-thread verdict=admit capacity=293 spec=false need=0:4126476440,1:4130851480 ceiling=0:15350829936,1:19127207220 host_need=0 short=- waited_ms=0 reclaimed=0 retry_after_s=-
[meter] admit id=chatcmpl-b5d0e153011f9ec9994edfd720455955 tenant=default lane=interactive model="dsv4f"
[admit-mem] id=chatcmpl-b5d0e153011f9ec9994edfd720455955 model="dsv4f" route=dsv4-thread verdict=admit capacity=295 spec=false need=0:4126476440,1:4130851480 ceiling=0:15350829936,1:19127207220 host_need=0 short=- waited_ms=0 reclaimed=0 retry_after_s=-
[meter] admit id=chatcmpl-259e66ce7e7054355f7ae346425acb9f tenant=default lane=interactive model="dsv4f"
[admit-mem] id=chatcmpl-259e66ce7e7054355f7ae346425acb9f model="dsv4f" route=dsv4-thread verdict=admit capacity=294 spec=false need=0:4126476440,1:4130851480 ceiling=0:15350829936,1:19127207220 host_need=0 short=- waited_ms=0 reclaimed=0 retry_after_s=-
[server] SIGTERM: draining (0 in flight, deadline 30s)
[server] drain complete in 0.0s; exiting
[server] GPU worker shutdown complete
