build push 511861478 SERVER_EXIT=0 ENGINE_EXIT=0  server 6288446f068f812b
anatomy rounds rc=0 CELL greedy-c1 c=1 ok=8/8 agg=88.02 tok/s decode_p50=93.58 tok/s ttft_p50=177 ms tpot_p50=10.69 ms errs=[] CELL sampled-c1 c=1 ok=8/8 agg=74.64 tok/s decode_p50=76.75 tok/s ttft_p50=186 ms tpot_p50=13.03 ms errs=[] 
anatomy nsys rc=0 PROF_DONE Traceback (most recent call last):   File "/root/box/nsys-ana.py", line 6, in <module>     names = dict(q("select id, value from StringIds")) 
anatomy plain-14804 CELL greedy-c1 c=1 ok=8/8 agg=71.56 tok/s decode_p50=74.59 tok/s ttft_p50=159 ms tpot_p50=13.41 ms errs=[] CELL sampled-c1 c=1 ok=8/8 agg=71.34 tok/s decode_p50=74.37 tok/s ttft_p50=164 ms tpot_p50=13.45 ms errs=[] 
anatomy plain-25640 CELL greedy-c1 c=1 ok=8/8 agg=71.65 tok/s decode_p50=74.65 tok/s ttft_p50=160 ms tpot_p50=13.40 ms errs=[] CELL sampled-c1 c=1 ok=8/8 agg=71.12 tok/s decode_p50=74.24 tok/s ttft_p50=168 ms tpot_p50=13.47 ms errs=[] 
anatomy dspark-15347 CELL greedy-c1 c=1 ok=8/8 agg=88.31 tok/s decode_p50=93.80 tok/s ttft_p50=178 ms tpot_p50=10.66 ms errs=[] CELL sampled-c1 c=1 ok=8/8 agg=74.60 tok/s decode_p50=76.75 tok/s ttft_p50=187 ms tpot_p50=13.03 ms errs=[] 
anatomy dspark-696 CELL greedy-c1 c=1 ok=8/8 agg=87.71 tok/s decode_p50=93.38 tok/s ttft_p50=177 ms tpot_p50=10.71 ms errs=[] CELL sampled-c1 c=1 ok=8/8 agg=73.92 tok/s decode_p50=76.22 tok/s ttft_p50=187 ms tpot_p50=13.12 ms errs=[] 
long-304 C rc=0 [load] lane-8 peer byte-integrity probe PASS: 1 boundaries, 10 copies, ladder [16384, 65536, 524288, 1048576, 67108864] bytes, 355.3ms PROGRAM_SHA256 fbce1a0492d69635dd1df532f278a40629363369d8541b48c4b132cf5c5a0d0f (every step's token, logits bits hash and digests) PASS: 304 steps from position 400 to 704 bit-identical to eager (token and logits every step, cache and hidden digests every step), 304 of them replayed; tokens_sha256=112c2fc66fe1f76029c4ff1a8ce3446a 
long-304 D rc=0 [load] lane-8 peer byte-integrity probe PASS: 1 boundaries, 10 copies, ladder [16384, 65536, 524288, 1048576, 67108864] bytes, 413.4ms [load] TP/EP push joins: true PROGRAM_SHA256 fbce1a0492d69635dd1df532f278a40629363369d8541b48c4b132cf5c5a0d0f (every step's token, logits bits hash and digests) PASS: 304 steps from position 400 to 704 bit-identical to eager (token and logits every step, cache and hidden digests every step), 304 of them replayed; tokens_sha256=112c2fc66fe1f76029c4ff1a8ce3446a 
rows-tpep D rc=0 [load] lane-8 peer byte-integrity probe PASS: 1 boundaries, 10 copies, ladder [16384, 65536, 524288, 1048576, 67108864] bytes, 358.1ms PASS: every row bit-identical to its solo step across join, leave and row moves PASS: replayed, then 8 B-row steps beside a peer while armed, then replayed again: bit-identical to solo steps PASS: B-row graph steps bit-identical to solo steps across join, leave and row moves (5 captures, 28 graph steps) PASS: sampled B-row graph draws equal the eager B-row draws (24 steps x 4 rows) 
split D rc=0 [load] lane-8 peer byte-integrity probe PASS: 1 boundaries, 10 copies, ladder [16384, 65536, 524288, 1048576, 67108864] bytes, 359.3ms PASS: chunked prefill of 3000 tokens bit-identical, split against replicated PASS: 300 eager steps bit-identical, split against replicated PASS: 300 full-token replay steps on the split state bit-identical to replicated eager PASS: park, restore and 50 more steps bit-identical, split against replicated PASS: position-split C4 store bit-identical to the replicated program 
dspark-tpep C cc6082ddea76827e 373e6557e6d118f1 373e6557e6d118f1  | verdict (c) batched==sequential: 14 cells, 77 logit rows, 3206 cache-class comparisons — ALL BIT-IDENTICAL verdict (d) accepted-position ring writes: 3 ring classes compared, 0 mismatching GPU DSPARK GATE [PASS] GATE_DONE rc=0 utc=2026-09-26T14:23:51Z 
dspark-tpep D cc6082ddea76827e 373e6557e6d118f1 373e6557e6d118f1  | verdict (c) batched==sequential: 14 cells, 77 logit rows, 3206 cache-class comparisons — ALL BIT-IDENTICAL verdict (d) accepted-position ring writes: 3 ring classes compared, 0 mismatching GPU DSPARK GATE [PASS] GATE_DONE rc=0 utc=2026-09-26T14:28:20Z 
serve r1 C rc=0 CELL greedy-c1 c=1 ok=8/8 agg=71.33 tok/s decode_p50=74.45 tok/s ttft_p50=164 ms tpot_p50=13.43 ms errs=[] CELL sampled-c1 c=1 ok=8/8 agg=71.33 tok/s decode_p50=74.59 tok/s ttft_p50=171 ms tpot_p50=13.41 ms errs=[] CELL greedy-c2 c=2 ok=8/8 agg=95.21 tok/s decode_p50=49.81 tok/s ttft_p50=260 ms tpot_p50=20.08 ms errs=[] CELL greedy-c4 c=4 ok=8/8 agg=125.95 tok/s decode_p50=33.46 tok/s ttft_p50=485 ms tpot_p50=29.89 ms errs=[] CELL greedy-c2-2k c=2 ok=8/8 agg=17.67 tok/s decode_p50=39.93 tok/s ttft_p50=11256 ms tpot_p50=25.04 ms errs=[] 
serve r2 D rc=0 CELL greedy-c1 c=1 ok=8/8 agg=77.73 tok/s decode_p50=81.13 tok/s ttft_p50=156 ms tpot_p50=12.33 ms errs=[] CELL sampled-c1 c=1 ok=8/8 agg=77.83 tok/s decode_p50=81.30 tok/s ttft_p50=153 ms tpot_p50=12.30 ms errs=[] CELL greedy-c2 c=2 ok=8/8 agg=104.99 tok/s decode_p50=55.09 tok/s ttft_p50=245 ms tpot_p50=18.15 ms errs=[] CELL greedy-c4 c=4 ok=8/8 agg=133.60 tok/s decode_p50=35.40 tok/s ttft_p50=451 ms tpot_p50=28.25 ms errs=[] CELL greedy-c2-2k c=2 ok=8/8 agg=19.31 tok/s decode_p50=43.75 tok/s ttft_p50=10333 ms tpot_p50=22.86 ms errs=[] 
serve r3 D rc=0 CELL greedy-c1 c=1 ok=8/8 agg=77.09 tok/s decode_p50=80.95 tok/s ttft_p50=168 ms tpot_p50=12.35 ms errs=[] CELL sampled-c1 c=1 ok=8/8 agg=77.33 tok/s decode_p50=81.20 tok/s ttft_p50=167 ms tpot_p50=12.32 ms errs=[] CELL greedy-c2 c=2 ok=8/8 agg=103.55 tok/s decode_p50=54.42 tok/s ttft_p50=259 ms tpot_p50=18.37 ms errs=[] CELL greedy-c4 c=4 ok=8/8 agg=130.44 tok/s decode_p50=34.76 tok/s ttft_p50=478 ms tpot_p50=28.77 ms errs=[] CELL greedy-c2-2k c=2 ok=8/8 agg=18.17 tok/s decode_p50=42.63 tok/s ttft_p50=11088 ms tpot_p50=23.46 ms errs=[] 
serve r4 C rc=0 CELL greedy-c1 c=1 ok=8/8 agg=71.81 tok/s decode_p50=74.81 tok/s ttft_p50=158 ms tpot_p50=13.37 ms errs=[] CELL sampled-c1 c=1 ok=8/8 agg=71.51 tok/s decode_p50=74.58 tok/s ttft_p50=158 ms tpot_p50=13.41 ms errs=[] CELL greedy-c2 c=2 ok=8/8 agg=96.09 tok/s decode_p50=50.22 tok/s ttft_p50=246 ms tpot_p50=19.91 ms errs=[] CELL greedy-c4 c=4 ok=8/8 agg=127.56 tok/s decode_p50=33.70 tok/s ttft_p50=446 ms tpot_p50=29.67 ms errs=[] CELL greedy-c2-2k c=2 ok=8/8 agg=18.98 tok/s decode_p50=40.39 tok/s ttft_p50=10314 ms tpot_p50=24.76 ms errs=[] 
serve r5 C rc=0 CELL greedy-c1 c=1 ok=8/8 agg=71.72 tok/s decode_p50=74.71 tok/s ttft_p50=160 ms tpot_p50=13.39 ms errs=[] CELL sampled-c1 c=1 ok=8/8 agg=71.94 tok/s decode_p50=74.92 tok/s ttft_p50=155 ms tpot_p50=13.35 ms errs=[] CELL greedy-c2 c=2 ok=8/8 agg=96.06 tok/s decode_p50=50.15 tok/s ttft_p50=241 ms tpot_p50=19.94 ms errs=[] CELL greedy-c4 c=4 ok=8/8 agg=126.50 tok/s decode_p50=33.61 tok/s ttft_p50=463 ms tpot_p50=29.75 ms errs=[] CELL greedy-c2-2k c=2 ok=8/8 agg=18.82 tok/s decode_p50=39.86 tok/s ttft_p50=10412 ms tpot_p50=25.08 ms errs=[] 
serve r6 D rc=0 CELL greedy-c1 c=1 ok=8/8 agg=77.17 tok/s decode_p50=80.99 tok/s ttft_p50=167 ms tpot_p50=12.35 ms errs=[] CELL sampled-c1 c=1 ok=8/8 agg=77.21 tok/s decode_p50=81.03 tok/s ttft_p50=169 ms tpot_p50=12.34 ms errs=[] CELL greedy-c2 c=2 ok=8/8 agg=104.83 tok/s decode_p50=55.12 tok/s ttft_p50=259 ms tpot_p50=18.14 ms errs=[] CELL greedy-c4 c=4 ok=8/8 agg=105.47 tok/s decode_p50=27.71 tok/s ttft_p50=498 ms tpot_p50=36.08 ms errs=[] CELL greedy-c2-2k c=2 ok=8/8 agg=18.18 tok/s decode_p50=42.81 tok/s ttft_p50=11053 ms tpot_p50=23.36 ms errs=[] 
serve r7 D rc=0 CELL greedy-c1 c=1 ok=8/8 agg=77.21 tok/s decode_p50=80.81 tok/s ttft_p50=164 ms tpot_p50=12.37 ms errs=[] CELL sampled-c1 c=1 ok=8/8 agg=77.25 tok/s decode_p50=81.12 tok/s ttft_p50=169 ms tpot_p50=12.33 ms errs=[] CELL greedy-c2 c=2 ok=8/8 agg=104.42 tok/s decode_p50=54.95 tok/s ttft_p50=262 ms tpot_p50=18.20 ms errs=[] CELL greedy-c4 c=4 ok=8/8 agg=132.95 tok/s decode_p50=35.33 tok/s ttft_p50=447 ms tpot_p50=28.31 ms errs=[] CELL greedy-c2-2k c=2 ok=8/8 agg=18.96 tok/s decode_p50=42.80 tok/s ttft_p50=10533 ms tpot_p50=23.36 ms errs=[] 
serve r8 C rc=0 CELL greedy-c1 c=1 ok=8/8 agg=71.64 tok/s decode_p50=74.74 tok/s ttft_p50=167 ms tpot_p50=13.38 ms errs=[] CELL sampled-c1 c=1 ok=8/8 agg=71.68 tok/s decode_p50=74.77 tok/s ttft_p50=161 ms tpot_p50=13.37 ms errs=[] CELL greedy-c2 c=2 ok=8/8 agg=95.99 tok/s decode_p50=50.19 tok/s ttft_p50=257 ms tpot_p50=19.92 ms errs=[] CELL greedy-c4 c=4 ok=8/8 agg=125.80 tok/s decode_p50=33.24 tok/s ttft_p50=465 ms tpot_p50=30.08 ms errs=[] CELL greedy-c2-2k c=2 ok=8/8 agg=17.86 tok/s decode_p50=39.87 tok/s ttft_p50=11121 ms tpot_p50=25.08 ms errs=[] 
serve r9 C rc=0 CELL greedy-c1 c=1 ok=8/8 agg=71.23 tok/s decode_p50=74.53 tok/s ttft_p50=166 ms tpot_p50=13.42 ms errs=[] CELL sampled-c1 c=1 ok=8/8 agg=71.30 tok/s decode_p50=74.41 tok/s ttft_p50=171 ms tpot_p50=13.44 ms errs=[] CELL greedy-c2 c=2 ok=8/8 agg=95.04 tok/s decode_p50=49.69 tok/s ttft_p50=262 ms tpot_p50=20.12 ms errs=[] CELL greedy-c4 c=4 ok=8/8 agg=125.60 tok/s decode_p50=33.17 tok/s ttft_p50=453 ms tpot_p50=30.15 ms errs=[] CELL greedy-c2-2k c=2 ok=8/8 agg=18.55 tok/s decode_p50=39.89 tok/s ttft_p50=10537 ms tpot_p50=25.07 ms errs=[] 
serve r10 D rc=0 CELL greedy-c1 c=1 ok=8/8 agg=77.19 tok/s decode_p50=80.88 tok/s ttft_p50=164 ms tpot_p50=12.36 ms errs=[] CELL sampled-c1 c=1 ok=8/8 agg=77.37 tok/s decode_p50=81.18 tok/s ttft_p50=169 ms tpot_p50=12.32 ms errs=[] CELL greedy-c2 c=2 ok=8/8 agg=104.36 tok/s decode_p50=54.89 tok/s ttft_p50=255 ms tpot_p50=18.22 ms errs=[] CELL greedy-c4 c=4 ok=8/8 agg=111.26 tok/s decode_p50=29.23 tok/s ttft_p50=448 ms tpot_p50=34.22 ms errs=[] CELL greedy-c2-2k c=2 ok=8/8 agg=18.67 tok/s decode_p50=42.57 tok/s ttft_p50=10390 ms tpot_p50=23.49 ms errs=[] 
S2C_DONE 511861478 best=D
