build rc=0 f2eecad4b3758667
variants rows=1 PACKED_EQUAL 1 VARIANT std_4_256_2 rows=1 gu_us=28.62 gu_TBps=0.989 VARIANT std_4_256_2 rows=1 gu_us=28.62 gu_TBps=0.989 VARIANT mode0_mirror1 rows=1 gu_us=27.85 gu_TBps=1.016 VARIANT mode0_mirror0 rows=1 gu_us=22.83 gu_TBps=1.240 VARIANT mode1_mirror0 rows=1 gu_us=20.70 gu_TBps=1.368 VARIANT mode2_mirror0 rows=1 gu_us=18.73 gu_TBps=1.512 VARIANT mode1_mirror1 rows=1 gu_us=24.99 gu_TBps=1.133 VARIANT mode0_mirror1 rows=1 gu_us=27.91 gu_TBps=1.014 
variants rows=4 PACKED_EQUAL 1 VARIANT std_4_256_2 rows=4 gu_us=97.02 gu_TBps=1.167 VARIANT std_4_256_2 rows=4 gu_us=97.03 gu_TBps=1.167 VARIANT mode0_mirror1 rows=4 gu_us=92.36 gu_TBps=1.226 VARIANT mode0_mirror0 rows=4 gu_us=84.89 gu_TBps=1.334 VARIANT mode1_mirror0 rows=4 gu_us=77.19 gu_TBps=1.467 VARIANT mode2_mirror0 rows=4 gu_us=42.99 gu_TBps=2.634 VARIANT mode1_mirror1 rows=4 gu_us=81.42 gu_TBps=1.391 VARIANT mode0_mirror1 rows=4 gu_us=92.40 gu_TBps=1.226 
S2ZA_DONE d39cbff463ad25e8d915a50f50a0faade8ab1dba
