[server] build: memra-0.138.0-3668a5d2aeb6 (id: source-tree, git: df006602ed58)
[server] starting; models config = [("dsv4f", "/data/dsv4f/nvfp4", None)]
[gpu-watch] Xid source: /dev/kmsg
[worker-affinity] off (MEMRA_WORKER_CPUSET / MEMRA_WORKER_AFFINITY unset or =0)
[gpu-watch] on: every 60s, probe deadline 10s, fatal after 3 consecutive misses (MEMRA_GPU_PROBE_MISSES), fatal Xid [48, 64, 79, 94, 95, 119, 120]
[worker] Engine ready (device=0, MEMRA_FAST=true)
[spec-gate] policy placement=single-or-non-pp2 LOW=2 HIGH=4 source=placement-default spec-admission=on
[spec-k] automatic table: prompt<1024 -> K=3; cold-long -> K=3; prompt>= 1024 and cached>= 1024 -> K=2 (K=5 when the loaded MTP head is rank-trimmed)
[worker] loading model "dsv4f" <- /data/dsv4f/nvfp4
[load] programmatic dependent launch on the decode chain: true
[load] sampled candidate order: Radix
[load] placement: split_at=22 trunk_layers=43 dspark_tail_reserve=0.00 GiB
[load] plain sampler: Device (the topology's default)
[load] expert arm: Native | decode path: Device { host_math: false } | dots arm: f32x (dots + sink/norm/indexer chains)
[load] topology: TpEpAllLayers | layers=43 per-rank-resident=all
[load] indexer score: Knee
[load] prefill head: All
[load] prefill DSpark prime: All
[load] sampled DSpark proposal: Greedy
[load] prefill MoE: reference
[load] dspark exit-head dots arm: f32x (rung-4c fork; drafts only, never the emitted stream)
[load] dspark selected-expert dispatch: per-expert reference
[load] dense arm: fp8 (iteration-5; fp8 = FP8-blk linears as-stored on the device decode/verify paths, bit-identical twins)
[load] lane-8 peer byte-integrity probe PASS: 1 boundaries, 10 copies, ladder [16384, 65536, 524288, 1048576, 67108864] bytes, 344.3ms
[load] lane-8 peer transport enabled (1 boundaries)
[load] layer 3 -> 2 rank copies done t=19s
[load] layer 7 -> 2 rank copies done t=39s
[load] layer 11 -> 2 rank copies done t=59s
[load] layer 15 -> 2 rank copies done t=85s
[load] layer 19 -> 2 rank copies done t=121s
[load] layer 23 -> 2 rank copies done t=150s
[load] layer 27 -> 2 rank copies done t=169s
[load] layer 31 -> 2 rank copies done t=189s
[load] layer 35 -> 2 rank copies done t=208s
[load] layer 39 -> 2 rank copies done t=228s
[load] layer 42 -> 2 rank copies done t=243s
[load] drafter: 3 DSpark block(s) (mtp.0.e_proj absent) — GPU drafter path off (set MEMRA_DSV4_DRAFTER=dspark); trunk-only
[load] TP/EP push joins: true
[TP/EP load] local expert banks resident by ID: rank0=0..128, rank1=128..256; peer dispatch disabled
[load] expert program: matrix (grouped ModelOpt split-plane executor via dsv4_grouped; tensor-core MMA class, the loaded default since 2026-09-11), EP pair (all-layer TP/EP local banks)
[attention-TP2] packed rank-local Q_b/wo_a/wo_b rows: heads=32 groups=4 wo_b_rows=2048 full_planes_freed=8.06 GiB numeric_class=dsv4_attention_head_split_row_gather_exact
[load] position-split staging: 131072 rows (256 MiB) per rank
[load] TP/EP vocab-parallel decode head: true
[dsv4-doors] program=loaded door="push joins" env=MEMRA_DSV4_AR_PUSH merged=#788 declared_default=On resolved=On(AllRoutedShapes) disposition=Engaged
[dsv4-doors] program=loaded door="vocab-parallel head" env=MEMRA_DSV4_VOCAB_HEAD merged=#783 declared_default=On resolved=On(DecodeOnlyM1) disposition=Engaged
[dsv4-doors] program=loaded door="PDL chain" env=MEMRA_DSV4_PDL merged=#782 declared_default=On resolved=On(AllRoutedShapes) disposition=Engaged
[dsv4-doors] program=loaded door="replay cadence" env=MEMRA_DSV4_REPLAY_CADENCE merged=#374 declared_default=On resolved=On(DecodeOnlyM1) disposition=PortAdmissionOrRedeclare
[dsv4-doors] program=loaded door="dense exact-tail transport" env=MEMRA_DSV4_DENSE_EXACT_TAIL merged=#374 declared_default=On resolved=On(DecodeOnlyM1) disposition=Engaged
[dsv4-doors] program=loaded door="dense-fast" env=MEMRA_DSV4_DENSE_FAST merged=#404 declared_default=On resolved=On(DecodeOnlyM1) disposition=Engaged
[dsv4-doors] program=loaded door="HC dot split S16" env=MEMRA_DSV4_HC_DOT_SPLIT merged=#418 declared_default=On resolved=On(AllRoutedShapes) disposition=Engaged
[dsv4-serve] dsv4f: placement TP/EP (expert-ID EP pair, attention TP2) (default), plain sampler Device
[dsv4-serve] dsv4f: loaded on devices [0, 1], contract RefFp8Round, max_seq 1048576, drafter absent (plain only), parked-host-cache OFF (MEMRA_DSV4_KV_HOST_MB=0), chunked-prefill 512 tokens, active-C4-host-budget 0 bytes (0=OFF; separate from parked cache)
[dsv4-serve] dsv4f: B-row steps up to 4 rows, 1 group(s) in flight (MEMRA_DSV4_ROWS)
[dsv4-serve] dsv4f: 4 serving lane(s) (default on the plain TP/EP program, sharing B-row steps; MEMRA_DSV4_SESSIONS=1 is the serial route)
[admit-mem] route=dsv4-thread model="dsv4f" calibrated fixed_plain=0:4706979932,1:4706979932 fixed_spec=0:4706979932,1:4706979932 ceiling=0:15662508692,1:15691404940 defer_budget_ms=8000
[route-contract] model="dsv4f" route=dsv4-thread capacity=4 sessions implemented=[capacity,occupancy,progress,fault-ownership,shutdown-ownership,memory-cost,service-metrics] refused=[rewrite-qualification: the route consumes no MEMRA_REWRITE_BUNDLE and none of its programs is a plan rewrite (memra#449); prime-fairness: no worker Session exists for a dsv4 request; the prime is one synchronous chunked call on the serving thread (memra#535 P4)]
[prefix-cache] WARNING: derived budget is 0 B after the boot free-VRAM reserve clamp; prefix caching disabled
[admit-mem] door=OFF open_output_tokens=8192 defer_budget_ms=8000 (admission charges prompt+output, the reclaim flush demotes to the host tier before dropping, and a memory defer past the budget refuses 429 instead of queueing past the client's deadline)
[server] worker ready; serving models: ["dsv4f"]
[server] listening on http://127.0.0.1:32855
[meter] admit id=chatcmpl-6f5e3c59748e42b2cb592f11b086335d tenant=default lane=interactive model="dsv4f"
[admit-mem] id=chatcmpl-6f5e3c59748e42b2cb592f11b086335d model="dsv4f" route=dsv4-thread verdict=admit capacity=512 spec=false need=0:4785355356,1:4785355356 ceiling=0:15662508692,1:15691404940 host_need=0 short=- waited_ms=0 reclaimed=0 retry_after_s=-
[moe-sk-form] dev=0 qt=108 sms=188 occ128=1 occ32=7 occt=3 cross=2147483647 xcross=2147483647 bdb=0 in_f=4096 out_f=2048 n_active=128 max_m=228
[meter] admit id=chatcmpl-a91b2560dbf3ac3ef8388b8f2547ce0f tenant=default lane=interactive model="dsv4f"
[admit-mem] id=chatcmpl-a91b2560dbf3ac3ef8388b8f2547ce0f model="dsv4f" route=dsv4-thread verdict=admit capacity=512 spec=false need=0:4785355356,1:4785355356 ceiling=0:15662508692,1:15691404940 host_need=0 short=- waited_ms=0 reclaimed=0 retry_after_s=-
[meter] admit id=chatcmpl-7bc4f0982c93789eeddd69917885d182 tenant=default lane=interactive model="dsv4f"
[admit-mem] id=chatcmpl-7bc4f0982c93789eeddd69917885d182 model="dsv4f" route=dsv4-thread verdict=admit capacity=512 spec=false need=0:4785355356,1:4785355356 ceiling=0:15662508692,1:15691404940 host_need=0 short=- waited_ms=0 reclaimed=0 retry_after_s=-
[meter] admit id=chatcmpl-7b5b54f6798c9f9e452dff9d436ce4fc tenant=default lane=interactive model="dsv4f"
[admit-mem] id=chatcmpl-7b5b54f6798c9f9e452dff9d436ce4fc model="dsv4f" route=dsv4-thread verdict=admit capacity=512 spec=false need=0:4785355356,1:4785355356 ceiling=0:15662508692,1:15691404940 host_need=0 short=- waited_ms=0 reclaimed=0 retry_after_s=-
[meter] admit id=chatcmpl-1045c1b8a3710cdd0803e52fe4e06b11 tenant=default lane=interactive model="dsv4f"
[admit-mem] id=chatcmpl-1045c1b8a3710cdd0803e52fe4e06b11 model="dsv4f" route=dsv4-thread verdict=admit capacity=512 spec=false need=0:4785355356,1:4785355356 ceiling=0:15662508692,1:15691404940 host_need=0 short=- waited_ms=0 reclaimed=0 retry_after_s=-
[meter] admit id=chatcmpl-1afd866753c6e4ea389e2a195b8bdcc7 tenant=default lane=interactive model="dsv4f"
[admit-mem] id=chatcmpl-1afd866753c6e4ea389e2a195b8bdcc7 model="dsv4f" route=dsv4-thread verdict=admit capacity=512 spec=false need=0:4785355356,1:4785355356 ceiling=0:15662508692,1:15691404940 host_need=0 short=- waited_ms=0 reclaimed=0 retry_after_s=-
[meter] admit id=chatcmpl-3c63f4a2d327a77bb19b7599a504c326 tenant=default lane=interactive model="dsv4f"
[admit-mem] id=chatcmpl-3c63f4a2d327a77bb19b7599a504c326 model="dsv4f" route=dsv4-thread verdict=admit capacity=512 spec=false need=0:4785355356,1:4785355356 ceiling=0:15662508692,1:15691404940 host_need=0 short=- waited_ms=0 reclaimed=0 retry_after_s=-
[meter] admit id=chatcmpl-2eae98ad0fd12563c8e487328ddd7132 tenant=default lane=interactive model="dsv4f"
[admit-mem] id=chatcmpl-2eae98ad0fd12563c8e487328ddd7132 model="dsv4f" route=dsv4-thread verdict=admit capacity=512 spec=false need=0:4785355356,1:4785355356 ceiling=0:15662508692,1:15691404940 host_need=0 short=- waited_ms=0 reclaimed=0 retry_after_s=-
[meter] admit id=chatcmpl-f836a2efb7f9c773862c576aa3528a15 tenant=default lane=interactive model="dsv4f"
[admit-mem] id=chatcmpl-f836a2efb7f9c773862c576aa3528a15 model="dsv4f" route=dsv4-thread verdict=admit capacity=512 spec=false need=0:4785355356,1:4785355356 ceiling=0:15662508692,1:15691404940 host_need=0 short=- waited_ms=0 reclaimed=0 retry_after_s=-
[meter] admit id=chatcmpl-0cfcc5e228054001d737816811f6103e tenant=default lane=interactive model="dsv4f"
[admit-mem] id=chatcmpl-0cfcc5e228054001d737816811f6103e model="dsv4f" route=dsv4-thread verdict=admit capacity=512 spec=false need=0:4785355356,1:4785355356 ceiling=0:15662508692,1:15691404940 host_need=0 short=- waited_ms=0 reclaimed=0 retry_after_s=-
[meter] admit id=chatcmpl-264a51fd2160f82c181c5fba97e603cc tenant=default lane=interactive model="dsv4f"
[admit-mem] id=chatcmpl-264a51fd2160f82c181c5fba97e603cc model="dsv4f" route=dsv4-thread verdict=admit capacity=512 spec=false need=0:4785355356,1:4785355356 ceiling=0:15662508692,1:15691404940 host_need=0 short=- waited_ms=0 reclaimed=0 retry_after_s=-
[meter] admit id=chatcmpl-0340df56671dbe226f71b2d68ca0dab7 tenant=default lane=interactive model="dsv4f"
[admit-mem] id=chatcmpl-0340df56671dbe226f71b2d68ca0dab7 model="dsv4f" route=dsv4-thread verdict=admit capacity=512 spec=false need=0:4785355356,1:4785355356 ceiling=0:15662508692,1:15691404940 host_need=0 short=- waited_ms=0 reclaimed=0 retry_after_s=-
[meter] admit id=chatcmpl-3975b25f90addc1a3c95ca75fdd566cf tenant=default lane=interactive model="dsv4f"
[admit-mem] id=chatcmpl-3975b25f90addc1a3c95ca75fdd566cf model="dsv4f" route=dsv4-thread verdict=admit capacity=512 spec=false need=0:4785355356,1:4785355356 ceiling=0:15662508692,1:15691404940 host_need=0 short=- waited_ms=0 reclaimed=0 retry_after_s=-
[meter] admit id=chatcmpl-3d15b956c39dc87c73b8cdba153e756e tenant=default lane=interactive model="dsv4f"
[admit-mem] id=chatcmpl-3d15b956c39dc87c73b8cdba153e756e model="dsv4f" route=dsv4-thread verdict=admit capacity=512 spec=false need=0:4785355356,1:4785355356 ceiling=0:15662508692,1:15691404940 host_need=0 short=- waited_ms=0 reclaimed=0 retry_after_s=-
[meter] admit id=chatcmpl-e4ace1dee32e8a39f37090c3d82dd008 tenant=default lane=interactive model="dsv4f"
[admit-mem] id=chatcmpl-e4ace1dee32e8a39f37090c3d82dd008 model="dsv4f" route=dsv4-thread verdict=admit capacity=512 spec=false need=0:4785355356,1:4785355356 ceiling=0:15662508692,1:15691404940 host_need=0 short=- waited_ms=0 reclaimed=0 retry_after_s=-
[meter] admit id=chatcmpl-d9f07988d9c10c1841b56e029e9f2fd2 tenant=default lane=interactive model="dsv4f"
[admit-mem] id=chatcmpl-d9f07988d9c10c1841b56e029e9f2fd2 model="dsv4f" route=dsv4-thread verdict=admit capacity=512 spec=false need=0:4785355356,1:4785355356 ceiling=0:15662508692,1:15691404940 host_need=0 short=- waited_ms=0 reclaimed=0 retry_after_s=-
[meter] admit id=chatcmpl-20d7221368510fbcc0c02ae8fcbc59e3 tenant=default lane=interactive model="dsv4f"
[admit-mem] id=chatcmpl-20d7221368510fbcc0c02ae8fcbc59e3 model="dsv4f" route=dsv4-thread verdict=admit capacity=512 spec=false need=0:4785355356,1:4785355356 ceiling=0:15662508692,1:15691404940 host_need=0 short=- waited_ms=0 reclaimed=0 retry_after_s=-
[meter] admit id=chatcmpl-38fafa6eb1cb3f7f8cc55daf9c9cf83f tenant=default lane=interactive model="dsv4f"
[meter] admit id=chatcmpl-4fff5568676569b0f43287cfbbae900b tenant=default lane=interactive model="dsv4f"
[admit-mem] id=chatcmpl-38fafa6eb1cb3f7f8cc55daf9c9cf83f model="dsv4f" route=dsv4-thread verdict=admit capacity=512 spec=false need=0:4785355356,1:4785355356 ceiling=0:15662508692,1:15691404940 host_need=0 short=- waited_ms=0 reclaimed=0 retry_after_s=-
[admit-mem] id=chatcmpl-4fff5568676569b0f43287cfbbae900b model="dsv4f" route=dsv4-thread verdict=admit capacity=512 spec=false need=0:4785355356,1:4785355356 ceiling=0:15662508692,1:15691404940 host_need=0 short=- waited_ms=0 reclaimed=0 retry_after_s=-
[meter] admit id=chatcmpl-477d751b34a042f5c8afe3b13ee902ed tenant=default lane=interactive model="dsv4f"
[meter] admit id=chatcmpl-c0a9624f71298d79ce33e3d21af5f7d9 tenant=default lane=interactive model="dsv4f"
[admit-mem] id=chatcmpl-477d751b34a042f5c8afe3b13ee902ed model="dsv4f" route=dsv4-thread verdict=admit capacity=512 spec=false need=0:4785355356,1:4785355356 ceiling=0:15662508692,1:15691404940 host_need=0 short=- waited_ms=0 reclaimed=0 retry_after_s=-
[admit-mem] id=chatcmpl-c0a9624f71298d79ce33e3d21af5f7d9 model="dsv4f" route=dsv4-thread verdict=admit capacity=512 spec=false need=0:4785355356,1:4785355356 ceiling=0:15662508692,1:15691404940 host_need=0 short=- waited_ms=0 reclaimed=0 retry_after_s=-
[meter] admit id=chatcmpl-bc93fa6d37c5908e30bf13b2933b7eb2 tenant=default lane=interactive model="dsv4f"
[meter] admit id=chatcmpl-30c93331124bd94eb2b0ef3240fcce8f tenant=default lane=interactive model="dsv4f"
[admit-mem] id=chatcmpl-bc93fa6d37c5908e30bf13b2933b7eb2 model="dsv4f" route=dsv4-thread verdict=admit capacity=512 spec=false need=0:4785355356,1:4785355356 ceiling=0:15662508692,1:15691404940 host_need=0 short=- waited_ms=0 reclaimed=0 retry_after_s=-
[admit-mem] id=chatcmpl-30c93331124bd94eb2b0ef3240fcce8f model="dsv4f" route=dsv4-thread verdict=admit capacity=512 spec=false need=0:4785355356,1:4785355356 ceiling=0:15662508692,1:15691404940 host_need=0 short=- waited_ms=0 reclaimed=0 retry_after_s=-
[meter] admit id=chatcmpl-e198adb5cd0a2df3b1e7591f61e3a31d tenant=default lane=interactive model="dsv4f"
[meter] admit id=chatcmpl-56f9d43b76f78b5874bc68c0767bc9a4 tenant=default lane=interactive model="dsv4f"
[admit-mem] id=chatcmpl-e198adb5cd0a2df3b1e7591f61e3a31d model="dsv4f" route=dsv4-thread verdict=admit capacity=512 spec=false need=0:4785355356,1:4785355356 ceiling=0:15662508692,1:15691404940 host_need=0 short=- waited_ms=0 reclaimed=0 retry_after_s=-
[admit-mem] id=chatcmpl-56f9d43b76f78b5874bc68c0767bc9a4 model="dsv4f" route=dsv4-thread verdict=admit capacity=512 spec=false need=0:4785355356,1:4785355356 ceiling=0:15662508692,1:15691404940 host_need=0 short=- waited_ms=0 reclaimed=0 retry_after_s=-
[meter] admit id=chatcmpl-b018df79ae94bfb325abfef2e40f39c2 tenant=default lane=interactive model="dsv4f"
[meter] admit id=chatcmpl-3e3611e41bfc1624e3824f859a344bb4 tenant=default lane=interactive model="dsv4f"
[meter] admit id=chatcmpl-2676cdda62d3fa625e73353816eaef64 tenant=default lane=interactive model="dsv4f"
[meter] admit id=chatcmpl-2145823d69430fc8c55527c7f51f4105 tenant=default lane=interactive model="dsv4f"
[admit-mem] id=chatcmpl-b018df79ae94bfb325abfef2e40f39c2 model="dsv4f" route=dsv4-thread verdict=admit capacity=512 spec=false need=0:4785355356,1:4785355356 ceiling=0:15662508692,1:15691404940 host_need=0 short=- waited_ms=0 reclaimed=0 retry_after_s=-
[admit-mem] id=chatcmpl-3e3611e41bfc1624e3824f859a344bb4 model="dsv4f" route=dsv4-thread verdict=admit capacity=512 spec=false need=0:4785355356,1:4785355356 ceiling=0:15662508692,1:15691404940 host_need=0 short=- waited_ms=0 reclaimed=0 retry_after_s=-
[admit-mem] id=chatcmpl-2676cdda62d3fa625e73353816eaef64 model="dsv4f" route=dsv4-thread verdict=admit capacity=512 spec=false need=0:4785355356,1:4785355356 ceiling=0:15662508692,1:15691404940 host_need=0 short=- waited_ms=0 reclaimed=0 retry_after_s=-
[admit-mem] id=chatcmpl-2145823d69430fc8c55527c7f51f4105 model="dsv4f" route=dsv4-thread verdict=admit capacity=512 spec=false need=0:4785355356,1:4785355356 ceiling=0:15662508692,1:15691404940 host_need=0 short=- waited_ms=0 reclaimed=0 retry_after_s=-
[meter] admit id=chatcmpl-0a60f42bd528eb458846586b180f5a36 tenant=default lane=interactive model="dsv4f"
[meter] admit id=chatcmpl-a95539d056ec713c2502a93d74ae33c5 tenant=default lane=interactive model="dsv4f"
[admit-mem] id=chatcmpl-0a60f42bd528eb458846586b180f5a36 model="dsv4f" route=dsv4-thread verdict=admit capacity=512 spec=false need=0:4785355356,1:4785355356 ceiling=0:15662508692,1:15691404940 host_need=0 short=- waited_ms=0 reclaimed=0 retry_after_s=-
[meter] admit id=chatcmpl-b739b7e82590a1a05c7883e0a2d3ef98 tenant=default lane=interactive model="dsv4f"
[meter] admit id=chatcmpl-933f21fcdfc35a4a0a0b349a2a52cab2 tenant=default lane=interactive model="dsv4f"
[admit-mem] id=chatcmpl-a95539d056ec713c2502a93d74ae33c5 model="dsv4f" route=dsv4-thread verdict=admit capacity=512 spec=false need=0:4785355356,1:4785355356 ceiling=0:15662508692,1:15691404940 host_need=0 short=- waited_ms=0 reclaimed=0 retry_after_s=-
[admit-mem] id=chatcmpl-b739b7e82590a1a05c7883e0a2d3ef98 model="dsv4f" route=dsv4-thread verdict=admit capacity=512 spec=false need=0:4785355356,1:4785355356 ceiling=0:15662508692,1:15691404940 host_need=0 short=- waited_ms=0 reclaimed=0 retry_after_s=-
[admit-mem] id=chatcmpl-933f21fcdfc35a4a0a0b349a2a52cab2 model="dsv4f" route=dsv4-thread verdict=admit capacity=512 spec=false need=0:4785355356,1:4785355356 ceiling=0:15662508692,1:15691404940 host_need=0 short=- waited_ms=0 reclaimed=0 retry_after_s=-
[meter] admit id=chatcmpl-d5c345748a0514c5b83f7a399ffe016b tenant=default lane=interactive model="dsv4f"
[meter] admit id=chatcmpl-5db2dcadf0c0db780bd7a14a7f13fa02 tenant=default lane=interactive model="dsv4f"
[admit-mem] id=chatcmpl-d5c345748a0514c5b83f7a399ffe016b model="dsv4f" route=dsv4-thread verdict=admit capacity=2326 spec=false need=0:4800562268,1:4800562268 ceiling=0:15662508692,1:15691404940 host_need=0 short=- waited_ms=0 reclaimed=0 retry_after_s=-
[admit-mem] id=chatcmpl-5db2dcadf0c0db780bd7a14a7f13fa02 model="dsv4f" route=dsv4-thread verdict=admit capacity=2339 spec=false need=0:4800637532,1:4800637532 ceiling=0:15662508692,1:15691404940 host_need=0 short=- waited_ms=0 reclaimed=0 retry_after_s=-
[meter] admit id=chatcmpl-e46b99fd290dcc2e6311a1d46d58c0bc tenant=default lane=interactive model="dsv4f"
[meter] admit id=chatcmpl-d4d9d5e2785f239297e207839c47ecd6 tenant=default lane=interactive model="dsv4f"
[admit-mem] id=chatcmpl-e46b99fd290dcc2e6311a1d46d58c0bc model="dsv4f" route=dsv4-thread verdict=admit capacity=2351 spec=false need=0:4800755804,1:4800755804 ceiling=0:15662508692,1:15691404940 host_need=0 short=- waited_ms=0 reclaimed=0 retry_after_s=-
[admit-mem] id=chatcmpl-d4d9d5e2785f239297e207839c47ecd6 model="dsv4f" route=dsv4-thread verdict=admit capacity=2361 spec=false need=0:4800831068,1:4800831068 ceiling=0:15662508692,1:15691404940 host_need=0 short=- waited_ms=0 reclaimed=0 retry_after_s=-
[meter] admit id=chatcmpl-246e6c8680384e957e9b33248ddb6969 tenant=default lane=interactive model="dsv4f"
[meter] admit id=chatcmpl-2175f41c858b82c2e636895c5a619a93 tenant=default lane=interactive model="dsv4f"
[admit-mem] id=chatcmpl-246e6c8680384e957e9b33248ddb6969 model="dsv4f" route=dsv4-thread verdict=admit capacity=2352 spec=false need=0:4800766556,1:4800766556 ceiling=0:15662508692,1:15691404940 host_need=0 short=- waited_ms=0 reclaimed=0 retry_after_s=-
[admit-mem] id=chatcmpl-2175f41c858b82c2e636895c5a619a93 model="dsv4f" route=dsv4-thread verdict=admit capacity=2322 spec=false need=0:4800508508,1:4800508508 ceiling=0:15662508692,1:15691404940 host_need=0 short=- waited_ms=0 reclaimed=0 retry_after_s=-
[meter] admit id=chatcmpl-e7f9a240233398ccceee065aa960f73a tenant=default lane=interactive model="dsv4f"
[meter] admit id=chatcmpl-f6a9a2890f570ba283ff4b13b7e4eeb7 tenant=default lane=interactive model="dsv4f"
[admit-mem] id=chatcmpl-e7f9a240233398ccceee065aa960f73a model="dsv4f" route=dsv4-thread verdict=admit capacity=2314 spec=false need=0:4800443996,1:4800443996 ceiling=0:15662508692,1:15691404940 host_need=0 short=- waited_ms=0 reclaimed=0 retry_after_s=-
[admit-mem] id=chatcmpl-f6a9a2890f570ba283ff4b13b7e4eeb7 model="dsv4f" route=dsv4-thread verdict=admit capacity=2328 spec=false need=0:4800573020,1:4800573020 ceiling=0:15662508692,1:15691404940 host_need=0 short=- waited_ms=0 reclaimed=0 retry_after_s=-
[server] SIGTERM: draining (0 in flight, deadline 30s)
[server] drain complete in 0.0s; exiting
[server] GPU worker shutdown complete
