tree main5 25bbb91f5443e3e7aa2079c852d50a088fa6df52
tree cmp bec39b449f4d14de2f1dd1a88918bc1b94c48240
build cmp SERVER_EXIT=0 ENGINE_EXIT=0  server 68ad057768f3d1b3 base ae50ee52d98058c4
cmp island 938c157932224943 test bf16_island_storage_is_bit_identical_to_the_f32_widening ... DSV4_ISLAND_BF16 EXACT cases=60 entries=5 shapes=3 rows=1,2,6,33 red_arm=1 test result: ok. 1 passed; 0 failed; 0 ignored; 0 measured; 0 filtered out; finished in 0.45s GATE_DONE rc=0 utc=2026-09-24T02:57:03Z 
cmp dspark-served cf3943855be6e36a GPU DSPARK GATE [PASS] GATE_DONE rc=0 utc=2026-09-24T03:00:13Z 
cmp/plain/r1-lane rc=0 CELL greedy-c1 c=1 ok=8/8 agg=51.43 tok/s decode_p50=53.51 tok/s ttft_p50=210 ms tpot_p50=18.69 ms errs=[] CELL sampled-c1 c=1 ok=8/8 agg=46.50 tok/s decode_p50=48.21 tok/s ttft_p50=213 ms tpot_p50=20.74 ms errs=[] CELL greedy-c1-ignore-eos c=1 ok=4/4 agg=51.35 tok/s decode_p50=53.46 tok/s ttft_p50=210 ms tpot_p50=18.71 ms errs=[] 
cmp/plain/r2-base rc=0 CELL greedy-c1 c=1 ok=8/8 agg=49.07 tok/s decode_p50=50.94 tok/s ttft_p50=213 ms tpot_p50=19.63 ms errs=[] CELL sampled-c1 c=1 ok=8/8 agg=44.60 tok/s decode_p50=46.18 tok/s ttft_p50=215 ms tpot_p50=21.66 ms errs=[] CELL greedy-c1-ignore-eos c=1 ok=4/4 agg=48.96 tok/s decode_p50=50.88 tok/s ttft_p50=212 ms tpot_p50=19.65 ms errs=[] 
cmp/plain/r3-base rc=0 CELL greedy-c1 c=1 ok=8/8 agg=49.10 tok/s decode_p50=50.94 tok/s ttft_p50=212 ms tpot_p50=19.63 ms errs=[] CELL sampled-c1 c=1 ok=8/8 agg=44.58 tok/s decode_p50=46.16 tok/s ttft_p50=214 ms tpot_p50=21.67 ms errs=[] CELL greedy-c1-ignore-eos c=1 ok=4/4 agg=48.92 tok/s decode_p50=50.89 tok/s ttft_p50=223 ms tpot_p50=19.65 ms errs=[] 
cmp/plain/r4-lane rc=0 CELL greedy-c1 c=1 ok=8/8 agg=51.45 tok/s decode_p50=53.53 tok/s ttft_p50=210 ms tpot_p50=18.68 ms errs=[] CELL sampled-c1 c=1 ok=8/8 agg=46.56 tok/s decode_p50=48.27 tok/s ttft_p50=211 ms tpot_p50=20.72 ms errs=[] CELL greedy-c1-ignore-eos c=1 ok=4/4 agg=51.37 tok/s decode_p50=53.46 tok/s ttft_p50=209 ms tpot_p50=18.70 ms errs=[] 
cmp/plain/r5-lane rc=0 CELL greedy-c1 c=1 ok=8/8 agg=51.42 tok/s decode_p50=53.49 tok/s ttft_p50=209 ms tpot_p50=18.70 ms errs=[] CELL sampled-c1 c=1 ok=8/8 agg=46.49 tok/s decode_p50=48.19 tok/s ttft_p50=211 ms tpot_p50=20.75 ms errs=[] CELL greedy-c1-ignore-eos c=1 ok=4/4 agg=51.34 tok/s decode_p50=53.44 tok/s ttft_p50=210 ms tpot_p50=18.71 ms errs=[] 
cmp/plain/r6-base rc=0 CELL greedy-c1 c=1 ok=8/8 agg=49.07 tok/s decode_p50=50.92 tok/s ttft_p50=216 ms tpot_p50=19.64 ms errs=[] CELL sampled-c1 c=1 ok=8/8 agg=44.51 tok/s decode_p50=46.08 tok/s ttft_p50=214 ms tpot_p50=21.70 ms errs=[] CELL greedy-c1-ignore-eos c=1 ok=4/4 agg=48.90 tok/s decode_p50=50.87 tok/s ttft_p50=222 ms tpot_p50=19.66 ms errs=[] 
cmp/plain/r7-base rc=0 CELL greedy-c1 c=1 ok=8/8 agg=49.09 tok/s decode_p50=50.93 tok/s ttft_p50=212 ms tpot_p50=19.64 ms errs=[] CELL sampled-c1 c=1 ok=8/8 agg=44.60 tok/s decode_p50=46.16 tok/s ttft_p50=214 ms tpot_p50=21.66 ms errs=[] CELL greedy-c1-ignore-eos c=1 ok=4/4 agg=48.95 tok/s decode_p50=50.88 tok/s ttft_p50=213 ms tpot_p50=19.66 ms errs=[] 
cmp/plain/r8-lane rc=0 CELL greedy-c1 c=1 ok=8/8 agg=51.46 tok/s decode_p50=53.51 tok/s ttft_p50=209 ms tpot_p50=18.69 ms errs=[] CELL sampled-c1 c=1 ok=8/8 agg=46.48 tok/s decode_p50=48.19 tok/s ttft_p50=212 ms tpot_p50=20.75 ms errs=[] CELL greedy-c1-ignore-eos c=1 ok=4/4 agg=51.35 tok/s decode_p50=53.45 tok/s ttft_p50=210 ms tpot_p50=18.71 ms errs=[] 
cmp/plain/r9-lane rc=0 CELL greedy-c1 c=1 ok=8/8 agg=51.44 tok/s decode_p50=53.51 tok/s ttft_p50=210 ms tpot_p50=18.69 ms errs=[] CELL sampled-c1 c=1 ok=8/8 agg=46.40 tok/s decode_p50=48.12 tok/s ttft_p50=212 ms tpot_p50=20.78 ms errs=[] CELL greedy-c1-ignore-eos c=1 ok=4/4 agg=51.35 tok/s decode_p50=53.45 tok/s ttft_p50=210 ms tpot_p50=18.71 ms errs=[] 
cmp/plain/r10-base rc=0 CELL greedy-c1 c=1 ok=8/8 agg=49.08 tok/s decode_p50=50.93 tok/s ttft_p50=213 ms tpot_p50=19.64 ms errs=[] CELL sampled-c1 c=1 ok=8/8 agg=44.42 tok/s decode_p50=45.98 tok/s ttft_p50=215 ms tpot_p50=21.75 ms errs=[] CELL greedy-c1-ignore-eos c=1 ok=4/4 agg=48.95 tok/s decode_p50=50.87 tok/s ttft_p50=212 ms tpot_p50=19.66 ms errs=[] 
cmp/spec/s1-lane rc=0 CELL greedy-c1 c=1 ok=8/8 agg=63.14 tok/s decode_p50=67.71 tok/s ttft_p50=262 ms tpot_p50=14.77 ms errs=[] CELL sampled-c1 c=1 ok=8/8 agg=53.11 tok/s decode_p50=54.85 tok/s ttft_p50=277 ms tpot_p50=18.23 ms errs=[] CELL greedy-c1-ignore-eos c=1 ok=4/4 agg=62.52 tok/s decode_p50=67.53 tok/s ttft_p50=263 ms tpot_p50=14.81 ms errs=[] 
cmp/spec/s2-base rc=0 CELL greedy-c1 c=1 ok=8/8 agg=62.43 tok/s decode_p50=66.91 tok/s ttft_p50=266 ms tpot_p50=14.95 ms errs=[] CELL sampled-c1 c=1 ok=8/8 agg=52.59 tok/s decode_p50=54.36 tok/s ttft_p50=281 ms tpot_p50=18.40 ms errs=[] CELL greedy-c1-ignore-eos c=1 ok=4/4 agg=61.84 tok/s decode_p50=66.78 tok/s ttft_p50=266 ms tpot_p50=14.98 ms errs=[] 
cmp/spec/s3-base rc=0 CELL greedy-c1 c=1 ok=8/8 agg=62.42 tok/s decode_p50=66.90 tok/s ttft_p50=266 ms tpot_p50=14.95 ms errs=[] CELL sampled-c1 c=1 ok=8/8 agg=52.55 tok/s decode_p50=54.31 tok/s ttft_p50=281 ms tpot_p50=18.41 ms errs=[] CELL greedy-c1-ignore-eos c=1 ok=4/4 agg=61.80 tok/s decode_p50=66.76 tok/s ttft_p50=269 ms tpot_p50=14.98 ms errs=[] 
cmp/spec/s4-lane rc=0 CELL greedy-c1 c=1 ok=8/8 agg=63.14 tok/s decode_p50=67.70 tok/s ttft_p50=262 ms tpot_p50=14.77 ms errs=[] CELL sampled-c1 c=1 ok=8/8 agg=53.02 tok/s decode_p50=54.97 tok/s ttft_p50=278 ms tpot_p50=18.19 ms errs=[] CELL greedy-c1-ignore-eos c=1 ok=4/4 agg=62.54 tok/s decode_p50=67.57 tok/s ttft_p50=270 ms tpot_p50=14.80 ms errs=[] 
cmp/spec/s5-lane rc=0 CELL greedy-c1 c=1 ok=8/8 agg=63.13 tok/s decode_p50=67.70 tok/s ttft_p50=263 ms tpot_p50=14.77 ms errs=[] CELL sampled-c1 c=1 ok=8/8 agg=53.10 tok/s decode_p50=54.84 tok/s ttft_p50=279 ms tpot_p50=18.24 ms errs=[] CELL greedy-c1-ignore-eos c=1 ok=4/4 agg=62.51 tok/s decode_p50=67.53 tok/s ttft_p50=268 ms tpot_p50=14.81 ms errs=[] 
cmp/spec/s6-base rc=0 CELL greedy-c1 c=1 ok=8/8 agg=62.38 tok/s decode_p50=66.90 tok/s ttft_p50=268 ms tpot_p50=14.95 ms errs=[] CELL sampled-c1 c=1 ok=8/8 agg=52.65 tok/s decode_p50=54.36 tok/s ttft_p50=281 ms tpot_p50=18.40 ms errs=[] CELL greedy-c1-ignore-eos c=1 ok=4/4 agg=61.81 tok/s decode_p50=66.77 tok/s ttft_p50=266 ms tpot_p50=14.98 ms errs=[] 
cmp/spec/s7-base rc=0 CELL greedy-c1 c=1 ok=8/8 agg=62.34 tok/s decode_p50=66.92 tok/s ttft_p50=266 ms tpot_p50=14.94 ms errs=[] CELL sampled-c1 c=1 ok=8/8 agg=52.70 tok/s decode_p50=54.42 tok/s ttft_p50=280 ms tpot_p50=18.37 ms errs=[] CELL greedy-c1-ignore-eos c=1 ok=4/4 agg=61.86 tok/s decode_p50=66.79 tok/s ttft_p50=266 ms tpot_p50=14.97 ms errs=[] 
cmp/spec/s8-lane rc=0 CELL greedy-c1 c=1 ok=8/8 agg=63.12 tok/s decode_p50=67.68 tok/s ttft_p50=262 ms tpot_p50=14.77 ms errs=[] CELL sampled-c1 c=1 ok=8/8 agg=53.00 tok/s decode_p50=54.95 tok/s ttft_p50=278 ms tpot_p50=18.20 ms errs=[] CELL greedy-c1-ignore-eos c=1 ok=4/4 agg=62.55 tok/s decode_p50=67.53 tok/s ttft_p50=263 ms tpot_p50=14.81 ms errs=[] 
cmp/spec/s9-lane rc=0 CELL greedy-c1 c=1 ok=8/8 agg=63.16 tok/s decode_p50=67.72 tok/s ttft_p50=263 ms tpot_p50=14.77 ms errs=[] CELL sampled-c1 c=1 ok=8/8 agg=53.07 tok/s decode_p50=54.80 tok/s ttft_p50=277 ms tpot_p50=18.25 ms errs=[] CELL greedy-c1-ignore-eos c=1 ok=4/4 agg=62.58 tok/s decode_p50=67.55 tok/s ttft_p50=263 ms tpot_p50=14.80 ms errs=[] 
cmp/spec/s10-base rc=0 CELL greedy-c1 c=1 ok=8/8 agg=62.41 tok/s decode_p50=66.90 tok/s ttft_p50=266 ms tpot_p50=14.95 ms errs=[] CELL sampled-c1 c=1 ok=8/8 agg=52.53 tok/s decode_p50=54.37 tok/s ttft_p50=281 ms tpot_p50=18.39 ms errs=[] CELL greedy-c1-ignore-eos c=1 ok=4/4 agg=61.83 tok/s decode_p50=66.78 tok/s ttft_p50=269 ms tpot_p50=14.97 ms errs=[] 
prof plain-main PROF_DONE capture span 10702.6 ms over 510 steps = 20.99 ms/step dev0: kernels 737116 (1445/step) kernel-sum 7.56 ms/step busy-union 7.75 ms/step memcpys 229/step dev1: kernels 718346 (1409/step) kernel-sum 7.99 ms/step busy-union 8.20 ms/step memcpys 237/step 
prof plain-cmp PROF_DONE capture span 10200.9 ms over 510 steps = 20.00 ms/step dev0: kernels 737116 (1445/step) kernel-sum 7.39 ms/step busy-union 7.46 ms/step memcpys 97/step dev1: kernels 718346 (1409/step) kernel-sum 7.83 ms/step busy-union 7.91 ms/step memcpys 96/step 
prof dspark-main PROF_DONE capture span 8350.1 ms over 510 steps = 16.37 ms/step dev0: kernels 297049 (582/step) kernel-sum 5.60 ms/step busy-union 5.83 ms/step memcpys 271/step dev1: kernels 374238 (734/step) kernel-sum 6.90 ms/step busy-union 7.21 ms/step memcpys 308/step 
prof plain-now PROF_DONE capture span 9641.4 ms over 510 steps = 18.90 ms/step dev0: kernels 641512 (1258/step) kernel-sum 6.79 ms/step busy-union 6.98 ms/step memcpys 229/step dev1: kernels 626340 (1228/step) kernel-sum 7.26 ms/step busy-union 7.48 ms/step memcpys 237/step 
prof dspark-now PROF_DONE capture span 8076.8 ms over 510 steps = 15.84 ms/step dev0: kernels 267409 (524/step) kernel-sum 5.43 ms/step busy-union 5.66 ms/step memcpys 271/step dev1: kernels 348398 (683/step) kernel-sum 6.74 ms/step busy-union 7.05 ms/step memcpys 308/step 
PAIR2_DONE
