build L a3537c15b SERVER_EXIT=0 ENGINE_EXIT=0 
component rc=0 test result: ok. 3 passed; 0 failed; 0 ignored; 0 measured; 653 filtered out; finished in 1.07s 
long-304 L rc=0 PASS: 304 PROGRAM_SHA256 fbce1a0492d69635 
rows tp_ep rc=0 PASS: replayed, then 8 B-row steps beside a peer while armed, then replayed again: bit-identical to  PASS: B-row graph steps bit-identical to solo steps across join, leave and row moves (5 captures, 28 PASS: sampled B-row graph draws equal the eager B-row draws (24 steps x 4 rows) 
rows wide8 rc=0 PASS: every row bit-identical to its solo step across join, leave and row moves PASS: replayed, then 8 B-row steps beside a peer while armed, then replayed again: bit-identical to solo steps PASS: B-row graph steps bit-identical to solo steps across join, leave and row moves (5 captures, 28 graph steps) PASS: sampled B-row graph draws equal the eager B-row draws (24 steps x 4 rows) PASS: 8-row-workspace eager B-row steps (widths 8, 4, 3) bit-identical to solo steps (24 steps x 8 sessions) PASS: 8-row-workspace graph B-row steps (widths 8, 4, 3) bit-identical to solo steps (24 steps x 8 sessions)  | TIME rep=0 WIDE B=8 ms_per_step=35.086 tok_s=228.01 (first step captures) TIME rep=1 WIDE B=8 ms_per_step=34.960 tok_s=228.83 (first step captures) 
kv-split rc=0 PASS: 100 full-token replay steps on the split state bit-identical to replicated eager PASS: park, restore and 50 more steps bit-identical, split against replicated PASS: position-split C4 store bit-identical to the replicated program 
dspark-tpep L 62b368f10f1becea d404da5fe101077f d404da5fe101077f  | GPU DSPARK GATE [PASS] GATE_DONE rc=0 utc=2026-09-27T18:44:39Z 
wide16 t1 M rc=0 PASS: every row bit-identical to its solo step across join, leave and row moves PASS: replayed, then 8 B-row steps beside a peer while armed, then replayed agai PASS: B-row graph steps bit-identical to solo steps across join, leave and row m PASS: sampled B-row graph draws equal the eager B-row draws (24 steps x 4 rows) PASS: 16-row-workspace eager B-row steps (widths 16, 8, 3) bit-identical to solo PASS: 16-row-workspace graph B-row steps (widths 16, 8, 3) bit-identical to solo  | TIME rep=0 WIDE B=16 ms_per_step=69.475 tok_s=230.30 (first step captures) TIME rep=1 WIDE B=16 ms_per_step=69.365 tok_s=230.66 (first step captures) 
wide16 t2 L rc=0 PASS: every row bit-identical to its solo step across join, leave and row moves PASS: replayed, then 8 B-row steps beside a peer while armed, then replayed agai PASS: B-row graph steps bit-identical to solo steps across join, leave and row m PASS: sampled B-row graph draws equal the eager B-row draws (24 steps x 4 rows) PASS: 16-row-workspace eager B-row steps (widths 16, 8, 3) bit-identical to solo PASS: 16-row-workspace graph B-row steps (widths 16, 8, 3) bit-identical to solo  | TIME rep=0 WIDE B=16 ms_per_step=71.490 tok_s=223.81 (first step captures) TIME rep=1 WIDE B=16 ms_per_step=71.326 tok_s=224.32 (first step captures) 
wide16 t3 L rc=0 PASS: every row bit-identical to its solo step across join, leave and row moves PASS: replayed, then 8 B-row steps beside a peer while armed, then replayed agai PASS: B-row graph steps bit-identical to solo steps across join, leave and row m PASS: sampled B-row graph draws equal the eager B-row draws (24 steps x 4 rows) PASS: 16-row-workspace eager B-row steps (widths 16, 8, 3) bit-identical to solo PASS: 16-row-workspace graph B-row steps (widths 16, 8, 3) bit-identical to solo  | TIME rep=0 WIDE B=16 ms_per_step=71.525 tok_s=223.70 (first step captures) TIME rep=1 WIDE B=16 ms_per_step=71.321 tok_s=224.34 (first step captures) 
wide16 t4 M rc=0 PASS: every row bit-identical to its solo step across join, leave and row moves PASS: replayed, then 8 B-row steps beside a peer while armed, then replayed agai PASS: B-row graph steps bit-identical to solo steps across join, leave and row m PASS: sampled B-row graph draws equal the eager B-row draws (24 steps x 4 rows) PASS: 16-row-workspace eager B-row steps (widths 16, 8, 3) bit-identical to solo PASS: 16-row-workspace graph B-row steps (widths 16, 8, 3) bit-identical to solo  | TIME rep=0 WIDE B=16 ms_per_step=69.453 tok_s=230.37 (first step captures) TIME rep=1 WIDE B=16 ms_per_step=69.357 tok_s=230.69 (first step captures) 
serve r1 M c24 rc=0 CELL greedy-c4 c=4 ok=8/8 agg=162.15 tok/s decode_p50=43.26 tok/s ttft_p50=364 ms tpot_p50=23.12 ms errs=[] CELL greedy-c8 c=8 ok=16/16 agg=205.48 tok/s decode_p50=27.32 tok/s ttft_p50=609 ms tpot_p50=36.60 ms errs=[] CELL greedy-c16 c=16 ok=16/16 agg=200.72 tok/s decode_p50=13.45 tok/s ttft_p50=1421 ms tpot_p50=74.35 ms errs=[] CELL greedy-c24 c=24 ok=24/24 agg=201.45 tok/s decode_p50=13.82 tok/s ttft_p50=1888 ms tpot_p50=72.34 ms errs=[] CELL sampled-c8 c=8 ok=16/16 agg=197.06 tok/s decode_p50=26.21 tok/s ttft_p50=634 ms tpot_p50=38.15 ms errs=[] 
serve r2 L c24 rc=0 CELL greedy-c4 c=4 ok=8/8 agg=165.30 tok/s decode_p50=43.30 tok/s ttft_p50=312 ms tpot_p50=23.10 ms errs=[] CELL greedy-c8 c=8 ok=16/16 agg=203.97 tok/s decode_p50=27.27 tok/s ttft_p50=610 ms tpot_p50=36.67 ms errs=[] CELL greedy-c16 c=16 ok=16/16 agg=198.43 tok/s decode_p50=13.28 tok/s ttft_p50=1427 ms tpot_p50=75.31 ms errs=[] CELL greedy-c24 c=24 ok=24/24 agg=199.84 tok/s decode_p50=13.02 tok/s ttft_p50=1854 ms tpot_p50=76.78 ms errs=[] CELL sampled-c8 c=8 ok=16/16 agg=197.46 tok/s decode_p50=26.10 tok/s ttft_p50=595 ms tpot_p50=38.32 ms errs=[] 
serve r3 L c24 rc=0 CELL greedy-c4 c=4 ok=8/8 agg=164.56 tok/s decode_p50=43.10 tok/s ttft_p50=315 ms tpot_p50=23.20 ms errs=[] CELL greedy-c8 c=8 ok=16/16 agg=205.44 tok/s decode_p50=27.27 tok/s ttft_p50=645 ms tpot_p50=36.68 ms errs=[] CELL greedy-c16 c=16 ok=16/16 agg=199.10 tok/s decode_p50=13.26 tok/s ttft_p50=1336 ms tpot_p50=75.40 ms errs=[] CELL greedy-c24 c=24 ok=24/24 agg=198.62 tok/s decode_p50=12.96 tok/s ttft_p50=1752 ms tpot_p50=77.17 ms errs=[] CELL sampled-c8 c=8 ok=16/16 agg=198.80 tok/s decode_p50=26.40 tok/s ttft_p50=641 ms tpot_p50=37.88 ms errs=[] 
serve r4 M c24 rc=0 CELL greedy-c4 c=4 ok=8/8 agg=162.82 tok/s decode_p50=42.59 tok/s ttft_p50=303 ms tpot_p50=23.48 ms errs=[] CELL greedy-c8 c=8 ok=16/16 agg=202.26 tok/s decode_p50=26.90 tok/s ttft_p50=569 ms tpot_p50=37.17 ms errs=[] CELL greedy-c16 c=16 ok=16/16 agg=202.93 tok/s decode_p50=13.58 tok/s ttft_p50=1372 ms tpot_p50=73.64 ms errs=[] CELL greedy-c24 c=24 ok=24/24 agg=200.18 tok/s decode_p50=13.18 tok/s ttft_p50=1867 ms tpot_p50=75.87 ms errs=[] CELL sampled-c8 c=8 ok=16/16 agg=195.64 tok/s decode_p50=25.91 tok/s ttft_p50=597 ms tpot_p50=38.60 ms errs=[] 
serve r5 M pdl rc=0 CELL greedy-c1 c=1 ok=8/8 agg=97.25 tok/s decode_p50=102.33 tok/s ttft_p50=133 ms tpot_p50=9.77 ms errs=[] CELL sampled-c1 c=1 ok=8/8 agg=98.01 tok/s decode_p50=102.90 tok/s ttft_p50=132 ms tpot_p50=9.72 ms errs=[] CELL greedy-c2 c=2 ok=8/8 agg=130.28 tok/s decode_p50=68.83 tok/s ttft_p50=223 ms tpot_p50=14.53 ms errs=[] CELL greedy-c4 c=4 ok=8/8 agg=165.83 tok/s decode_p50=43.50 tok/s ttft_p50=324 ms tpot_p50=22.99 ms errs=[] CELL greedy-c2-2k c=2 ok=8/8 agg=25.93 tok/s decode_p50=53.74 tok/s ttft_p50=7478 ms tpot_p50=18.61 ms errs=[] 
serve r6 L pdl rc=0 CELL greedy-c1 c=1 ok=8/8 agg=97.08 tok/s decode_p50=102.14 tok/s ttft_p50=134 ms tpot_p50=9.79 ms errs=[] CELL sampled-c1 c=1 ok=8/8 agg=98.07 tok/s decode_p50=102.97 tok/s ttft_p50=133 ms tpot_p50=9.71 ms errs=[] CELL greedy-c2 c=2 ok=8/8 agg=132.46 tok/s decode_p50=70.11 tok/s ttft_p50=225 ms tpot_p50=14.26 ms errs=[] CELL greedy-c4 c=4 ok=8/8 agg=167.24 tok/s decode_p50=44.31 tok/s ttft_p50=340 ms tpot_p50=22.57 ms errs=[] CELL greedy-c2-2k c=2 ok=8/8 agg=26.01 tok/s decode_p50=54.19 tok/s ttft_p50=7465 ms tpot_p50=18.45 ms errs=[] 
V6Z_DONE a3537c15b28d37fd5ffd9226c4fce4774c883cec
