263fe777ef12b121bed00a4367d94dfc4b4f6c5a88433a9b21b4162d87e6ea1b  /root/spill-receipts/a-day20/bins/memra-server
2026-09-22T05:25:58Z identity-default-off rc=0
2026-09-22T05:26:28Z identity-default-on rc=0
2026-09-22T05:26:48Z identity-plain-off rc=0
2026-09-22T05:27:17Z identity-plain-on rc=0
2026-09-22T05:27:50Z failure-off rc=0
2026-09-22T05:28:40Z failure-on rc=0
2026-09-22T05:30:24Z contract-fault rc=0
2026-09-22T05:31:36Z twin-off rc=0
2026-09-22T05:32:49Z twin-on rc=0
gates-done
{
  "schema_version": 1,
  "kind": "subprocess-capture",
  "command": [
    "bash",
    "research/spill-a-20260919/pro-single-day20/gates.sh",
    "3"
  ],
  "exit_code": 0,
  "timed_out": false,
  "parse_error": null,
  "status": "executed-not-qualified",
  "gpu_power_limits": [
    {
      "device": "0",
      "power.limit": "600.00 W",
      "power.max_limit": "600.00 W"
    }
  ],
  "started_monotonic_ns": 138820756140208,
  "ended_monotonic_ns": 139254349006065,
  "started_utc": "2026-09-22T05:25:35.749997+00:00",
  "ended_utc": "2026-09-22T05:32:49.342865+00:00",
  "elapsed_seconds": 433.592865857,
  "timing_scope": "collector-with-snapshots-and-sampler",
  "storage": null,
  "raw_log": {
    "path": "command.log",
    "bytes": 491,
    "sha256": "bd439b3bc863581923bb507fedd1b01c49d855be53bdeffa6ec1a56a0cc2bb84"
  },
  "failure_quote": null,
  "result": null,
  "gpu_telemetry": {
    "status": "captured-unvalidated",
    "interval_ms": 250,
    "command": [
      "/usr/bin/nvidia-smi",
      "--query-gpu=timestamp,index,pstate,clocks.sm,clocks.mem,power.draw,power.limit,power.max_limit,temperature.gpu,memory.used,utilization.gpu,pcie.link.gen.current,pcie.link.width.current",
      "--format=csv",
      "-lms",
      "250"
    ],
    "tier_counters": "not collected",
    "exit_code": 0,
    "raw_csv": {
      "path": "command.gpu.csv",
      "bytes": 188151,
      "sha256": "d69fa629623b17b5a72204d3c411c9e5a35857314ca4b977e930b837d4a8ed76"
    },
    "stderr": {
      "path": "command.sampler.log",
      "bytes": 0,
      "sha256": "e3b0c44298fc1c149afbf4c8996fb92427ae41e4649b934ca495991b7852b855"
    }
  },
  "compute_apps": {
    "before": {
      "exit_code": 0,
      "timed_out": false,
      "raw_log": {
        "path": "command.before.log",
        "bytes": 41,
        "sha256": "cae79969ce448872401f5d9bcd1d52bbefa1a5450cf3a5658f62f068ab59294b"
      }
    },
    "after": {
      "exit_code": 0,
      "timed_out": false,
      "raw_log": {
        "path": "command.after.log",
        "bytes": 41,
        "sha256": "cae79969ce448872401f5d9bcd1d52bbefa1a5450cf3a5658f62f068ab59294b"
      }
    }
  },
  "qualification": false,
  "lock_proof": {
    "path": "lock.json",
    "bytes": 180,
    "sha256": "ecfb2e89533c536cb8e9a07478e36938b8b03635b96a64333a8f2ef75f355c81"
  }
}
