== fast-gate plan (diff vs HEAD) ==
  changed: crates/memra-engine/src/hybrid_forward.rs
  changed: research/fast-gate-20260802/break-forward10-console.log
  changed: research/fast-gate-20260802/break-forward-console.log
  changed: research/fast-gate-20260802/break-forward-logs/build.log
  changed: research/fast-gate-20260802/break-forward-logs/kernel-check.log
  changed: research/fast-gate-20260802/break-forward-logs/probe-g12.log
  changed: research/fast-gate-20260802/break-forward-logs/probe-q35.log
  changed: research/fast-gate-20260802/break-forward-logs/probe-q35spec.log
  changed: research/fast-gate-20260802/break-forward-logs/probe-q9.log
  changed: research/fast-gate-20260802/break-kernel-console.log
  changed: research/fast-gate-20260802/break-kernel-logs/build.log
  changed: research/fast-gate-20260802/break-kernel-logs/kernel-check.log
  changed: research/fast-gate-20260802/clean-run-console.log
  changed: research/fast-gate-20260802/clean-run-logs/build.log
  changed: research/fast-gate-20260802/clean-run-logs/kernel-check.log
  changed: research/fast-gate-20260802/clean-run-logs/probe-g12.log
  changed: research/fast-gate-20260802/clean-run-logs/probe-o35.log
  changed: research/fast-gate-20260802/clean-run-logs/probe-q35.log
  changed: research/fast-gate-20260802/clean-run-logs/probe-q9.log
  changed: tools/fast-gate/fast-gate.sh
  changed: tools/fast-gate/map.tsv
  kernel-check scope: synthetic
  tier-1 argmax probes: g12,q9,q35
  tier-1 spec probes:   q35spec
  logs: /home/avifenesh/projects/wt-fast-gate/research/fast-gate-20260802/break-forward10-logs
== fast-gate tier 0 ==
  build: OK (22s)
  kernel-check (synthetic arms): GREEN (2s)
tier 0: GREEN (24s total)
== fast-gate tier 1 ==
  g12: PASS (gates green + golden token-identical, 3s)
  q9: PASS (gates green + golden token-identical, 4s)
  q35: PASS (gates green + golden token-identical, 11s)
  q35spec: PASS (gates green + golden token-identical, 7s)
tier 1: 0 fail (49s total)

fast-gate is the DEV-LOOP gate only — the full battery (tools/local-ci.sh + perf stage)
still gates every merge and tag.

real	0m49.715s
user	1m40.603s
sys	0m20.328s
