Xp-6144-r0-t1 status=200 finish=length G=1 cached=0 ms=1642
Xp-6144-r0-t2 status=200 finish=length G=1 cached=6145 ms=82
Xp-6144-r0-t3 status=200 finish=length G=32 cached=6209 ms=455
Xp-6144-r0-t1-cold status=200 finish=length G=1 cached=0 ms=1584
Xp-6144-r0-t2-cold status=200 finish=length G=1 cached=0 ms=1616
Xp-6144-r0-t3-cold status=200 finish=length G=32 cached=0 ms=1999
A-6144-r0-t1 status=200 finish=length G=16 cached=0 ms=1873
A-6144-r0-t2 status=200 finish=length G=32 cached=6176 ms=533
A-6144-r0-t1-cold status=200 finish=length G=16 cached=0 ms=1872
A-6144-r0-t2-cold status=200 finish=length G=32 cached=0 ms=2072
Xp-6144-r1-t1 status=200 finish=length G=1 cached=0 ms=1600
Xp-6144-r1-t2 status=200 finish=length G=1 cached=6145 ms=82
Xp-6144-r1-t3 status=200 finish=length G=32 cached=6209 ms=456
Xp-6144-r1-t1-cold status=200 finish=length G=1 cached=0 ms=1602
Xp-6144-r1-t2-cold status=200 finish=length G=1 cached=0 ms=1634
Xp-6144-r1-t3-cold status=200 finish=length G=32 cached=0 ms=2015
A-6144-r1-t1 status=200 finish=length G=16 cached=0 ms=1887
A-6144-r1-t2 status=200 finish=length G=32 cached=6176 ms=535
A-6144-r1-t1-cold status=200 finish=length G=16 cached=0 ms=1887
A-6144-r1-t2-cold status=200 finish=length G=32 cached=0 ms=2085
Xp-6144-r2-t1 status=200 finish=length G=1 cached=0 ms=1612
Xp-6144-r2-t2 status=200 finish=length G=1 cached=6145 ms=82
Xp-6144-r2-t3 status=200 finish=length G=32 cached=6209 ms=455
Xp-6144-r2-t1-cold status=200 finish=length G=1 cached=0 ms=1614
Xp-6144-r2-t2-cold status=200 finish=length G=1 cached=0 ms=1646
Xp-6144-r2-t3-cold status=200 finish=length G=32 cached=0 ms=2027
A-6144-r2-t1 status=200 finish=length G=16 cached=0 ms=1899
A-6144-r2-t2 status=200 finish=length G=32 cached=6176 ms=534
A-6144-r2-t1-cold status=200 finish=length G=16 cached=0 ms=1897
A-6144-r2-t2-cold status=200 finish=length G=32 cached=0 ms=2095
Xp-6144-r3-t1 status=200 finish=length G=1 cached=0 ms=1620
Xp-6144-r3-t2 status=200 finish=length G=1 cached=6145 ms=82
Xp-6144-r3-t3 status=200 finish=length G=32 cached=6209 ms=456
Xp-6144-r3-t1-cold status=200 finish=length G=1 cached=0 ms=1619
Xp-6144-r3-t2-cold status=200 finish=length G=1 cached=0 ms=1653
Xp-6144-r3-t3-cold status=200 finish=length G=32 cached=0 ms=2032
A-6144-r3-t1 status=200 finish=length G=16 cached=0 ms=1905
A-6144-r3-t2 status=200 finish=length G=32 cached=6176 ms=534
A-6144-r3-t1-cold status=200 finish=length G=16 cached=0 ms=1905
A-6144-r3-t2-cold status=200 finish=length G=32 cached=0 ms=2101
Xp-6144-r4-t1 status=200 finish=length G=1 cached=0 ms=1627
Xp-6144-r4-t2 status=200 finish=length G=1 cached=6145 ms=82
Xp-6144-r4-t3 status=200 finish=length G=32 cached=6209 ms=456
Xp-6144-r4-t1-cold status=200 finish=length G=1 cached=0 ms=1626
Xp-6144-r4-t2-cold status=200 finish=length G=1 cached=0 ms=1659
Xp-6144-r4-t3-cold status=200 finish=length G=32 cached=0 ms=2041
A-6144-r4-t1 status=200 finish=length G=16 cached=0 ms=1910
A-6144-r4-t2 status=200 finish=length G=32 cached=6176 ms=534
A-6144-r4-t1-cold status=200 finish=length G=16 cached=0 ms=1908
A-6144-r4-t2-cold status=200 finish=length G=32 cached=0 ms=2107
Xp-30720-r0-t1 status=200 finish=length G=1 cached=0 ms=9053
Xp-30720-r0-t2 status=200 finish=length G=1 cached=30721 ms=111
Xp-30720-r0-t3 status=200 finish=length G=32 cached=30785 ms=531
Xp-30720-r0-t1-cold status=200 finish=length G=1 cached=0 ms=9061
Xp-30720-r0-t2-cold status=200 finish=length G=1 cached=0 ms=9164
Xp-30720-r0-t3-cold status=200 finish=length G=32 cached=0 ms=9577
A-30720-r0-t1 status=200 finish=length G=16 cached=0 ms=9500
A-30720-r0-t2 status=200 finish=length G=32 cached=30752 ms=682
A-30720-r0-t1-cold status=200 finish=length G=16 cached=0 ms=9488
A-30720-r0-t2-cold status=200 finish=length G=32 cached=0 ms=9702
Xp-30720-r1-t1 status=200 finish=length G=1 cached=0 ms=9036
Xp-30720-r1-t2 status=200 finish=length G=1 cached=30721 ms=110
Xp-30720-r1-t3 status=200 finish=length G=32 cached=30785 ms=530
Xp-30720-r1-t1-cold status=200 finish=length G=1 cached=0 ms=9028
Xp-30720-r1-t2-cold status=200 finish=length G=1 cached=0 ms=9137
Xp-30720-r1-t3-cold status=200 finish=length G=32 cached=0 ms=9553
A-30720-r1-t1 status=200 finish=length G=16 cached=0 ms=9484
A-30720-r1-t2 status=200 finish=length G=32 cached=30752 ms=682
A-30720-r1-t1-cold status=200 finish=length G=16 cached=0 ms=9473
A-30720-r1-t2-cold status=200 finish=length G=32 cached=0 ms=9685
Xp-30720-r2-t1 status=200 finish=length G=1 cached=0 ms=9032
Xp-30720-r2-t2 status=200 finish=length G=1 cached=30721 ms=110
Xp-30720-r2-t3 status=200 finish=length G=32 cached=30785 ms=530
Xp-30720-r2-t1-cold status=200 finish=length G=1 cached=0 ms=9027
Xp-30720-r2-t2-cold status=200 finish=length G=1 cached=0 ms=9131
Xp-30720-r2-t3-cold status=200 finish=length G=32 cached=0 ms=9555
A-30720-r2-t1 status=200 finish=length G=16 cached=0 ms=9468
A-30720-r2-t2 status=200 finish=length G=32 cached=30752 ms=681
A-30720-r2-t1-cold status=200 finish=length G=16 cached=0 ms=9460
A-30720-r2-t2-cold status=200 finish=length G=32 cached=0 ms=9684
Xp-30720-r3-t1 status=200 finish=length G=1 cached=0 ms=9031
Xp-30720-r3-t2 status=200 finish=length G=1 cached=30721 ms=110
Xp-30720-r3-t3 status=200 finish=length G=32 cached=30785 ms=530
Xp-30720-r3-t1-cold status=200 finish=length G=1 cached=0 ms=9031
Xp-30720-r3-t2-cold status=200 finish=length G=1 cached=0 ms=9135
Xp-30720-r3-t3-cold status=200 finish=length G=32 cached=0 ms=9559
A-30720-r3-t1 status=200 finish=length G=16 cached=0 ms=9478
A-30720-r3-t2 status=200 finish=length G=32 cached=30752 ms=682
A-30720-r3-t1-cold status=200 finish=length G=16 cached=0 ms=9474
A-30720-r3-t2-cold status=200 finish=length G=32 cached=0 ms=9686
Xp-30720-r4-t1 status=200 finish=length G=1 cached=0 ms=9025
Xp-30720-r4-t2 status=200 finish=length G=1 cached=30721 ms=110
Xp-30720-r4-t3 status=200 finish=length G=32 cached=30785 ms=530
Xp-30720-r4-t1-cold status=200 finish=length G=1 cached=0 ms=9032
Xp-30720-r4-t2-cold status=200 finish=length G=1 cached=0 ms=9124
Xp-30720-r4-t3-cold status=200 finish=length G=32 cached=0 ms=9547
A-30720-r4-t1 status=200 finish=length G=16 cached=0 ms=9473
A-30720-r4-t2 status=200 finish=length G=32 cached=30752 ms=682
A-30720-r4-t1-cold status=200 finish=length G=16 cached=0 ms=9473
A-30720-r4-t2-cold status=200 finish=length G=32 cached=0 ms=9683
Xp-122880-r0-t1 status=200 finish=length G=1 cached=0 ms=51804
Xp-122880-r0-t2 status=200 finish=length G=1 cached=122881 ms=217
Xp-122880-r0-t3 status=200 finish=length G=32 cached=122945 ms=845
Xp-122880-r0-t1-cold status=200 finish=length G=1 cached=0 ms=51775
Xp-122880-r0-t2-cold status=200 finish=length G=1 cached=0 ms=51774
Xp-122880-r0-t3-cold status=200 finish=length G=32 cached=0 ms=52468
A-122880-r0-t1 status=200 finish=length G=16 cached=0 ms=52596
A-122880-r0-t2 status=200 finish=length G=32 cached=122912 ms=1252
A-122880-r0-t1-cold status=200 finish=length G=16 cached=0 ms=52582
A-122880-r0-t2-cold status=200 finish=length G=32 cached=0 ms=52912
Xp-122880-r1-t1 status=200 finish=length G=1 cached=0 ms=51777
Xp-122880-r1-t2 status=200 finish=length G=1 cached=122881 ms=216
Xp-122880-r1-t3 status=200 finish=length G=32 cached=122945 ms=846
Xp-122880-r1-t1-cold status=200 finish=length G=1 cached=0 ms=51797
Xp-122880-r1-t2-cold status=200 finish=length G=1 cached=0 ms=51794
Xp-122880-r1-t3-cold status=200 finish=length G=32 cached=0 ms=52373
A-122880-r1-t1 status=200 finish=length G=16 cached=0 ms=52554
A-122880-r1-t2 status=200 finish=length G=32 cached=122912 ms=1249
A-122880-r1-t1-cold status=200 finish=length G=16 cached=0 ms=52525
A-122880-r1-t2-cold status=200 finish=length G=32 cached=0 ms=52898
Xp-122880-r2-t1 status=200 finish=length G=1 cached=0 ms=51779
Xp-122880-r2-t2 status=200 finish=length G=1 cached=122881 ms=216
Xp-122880-r2-t3 status=200 finish=length G=32 cached=122945 ms=844
Xp-122880-r2-t1-cold status=200 finish=length G=1 cached=0 ms=51784
Xp-122880-r2-t2-cold status=200 finish=length G=1 cached=0 ms=51805
Xp-122880-r2-t3-cold status=200 finish=length G=32 cached=0 ms=52474
A-122880-r2-t1 status=200 finish=length G=16 cached=0 ms=52567
A-122880-r2-t2 status=200 finish=length G=32 cached=122912 ms=1250
A-122880-r2-t1-cold status=200 finish=length G=16 cached=0 ms=52578
A-122880-r2-t2-cold status=200 finish=length G=32 cached=0 ms=52880
Xp-122880-r3-t1 status=200 finish=length G=1 cached=0 ms=51784
Xp-122880-r3-t2 status=200 finish=length G=1 cached=122881 ms=217
Xp-122880-r3-t3 status=200 finish=length G=32 cached=122945 ms=845
Xp-122880-r3-t1-cold status=200 finish=length G=1 cached=0 ms=51748
Xp-122880-r3-t2-cold status=200 finish=length G=1 cached=0 ms=51749
Xp-122880-r3-t3-cold status=200 finish=length G=32 cached=0 ms=52405
A-122880-r3-t1 status=200 finish=length G=16 cached=0 ms=52560
A-122880-r3-t2 status=200 finish=length G=32 cached=122912 ms=1250
A-122880-r3-t1-cold status=200 finish=length G=16 cached=0 ms=52584
A-122880-r3-t2-cold status=200 finish=length G=32 cached=0 ms=52956
Xp-122880-r4-t1 status=200 finish=length G=1 cached=0 ms=51794
Xp-122880-r4-t2 status=200 finish=length G=1 cached=122881 ms=216
Xp-122880-r4-t3 status=200 finish=length G=32 cached=122945 ms=845
Xp-122880-r4-t1-cold status=200 finish=length G=1 cached=0 ms=51751
Xp-122880-r4-t2-cold status=200 finish=length G=1 cached=0 ms=51788
Xp-122880-r4-t3-cold status=200 finish=length G=32 cached=0 ms=52416
A-122880-r4-t1 status=200 finish=length G=16 cached=0 ms=52547
A-122880-r4-t2 status=200 finish=length G=32 cached=122912 ms=1252
A-122880-r4-t1-cold status=200 finish=length G=16 cached=0 ms=52553
A-122880-r4-t2-cold status=200 finish=length G=32 cached=0 ms=52881
DAY38 CLIENT rows=150 ok=150
