   Compiling memra-gguf v0.138.0 (/root/wt-integ73/crates/memra-gguf)
   Compiling memra-engine v0.138.0 (/root/wt-integ73/crates/memra-engine)
   Compiling memra-sampling v0.138.0 (/root/wt-integ73/crates/memra-sampling)
   Compiling memra-tokenizer v0.138.0 (/root/wt-integ73/crates/memra-tokenizer)
   Compiling memra-kv v0.138.0 (/root/wt-integ73/crates/memra-kv)
   Compiling memra-runtime v0.138.0 (/root/wt-integ73/crates/memra-runtime)
   Compiling memra-reference v0.138.0 (/root/wt-integ73/crates/memra-reference)
warning: memra-engine@0.138.0: nvcc from MEMRA_NVCC: /usr/local/cuda/bin/nvcc
warning: memra-engine@0.138.0: MEMRA_CUDA_ARCH auto-detected 120a (compute_cap 12.0); set MEMRA_CUDA_ARCH to override
    Finished `test` profile [unoptimized + debuginfo] target(s) in 2m 18s
     Running unittests src/lib.rs (target/debug/deps/memra_engine-bf0eecd4d4d0b90c)

running 26 tests
test spill_pread::tests::demand_submit_returns_none_only_when_prefetches_hold_every_buffer ... ok
test spill_pread::tests::demand_submit_waits_for_a_buffer_instead_of_returning_ring_busy ... ok
test spill_pread::tests::demand_wait_after_every_h2d_event_completed_returns_at_once ... ok
test spill_pread::tests::demand_wait_with_a_free_buffer_and_nothing_in_flight_returns_at_once ... ok
test spill_pread::tests::direct_worker_overread_preserves_exact_bytes ... ok
test spill_pread::tests::mapped_serve_reads_in_place_and_owns_the_buffer_until_its_event ... ok
test spill_pread::tests::worker_positioned_reads_preserve_exact_bytes_and_reuse_after_short_read ... ok
test tier_transfer::tests::d2d_capture_lands_on_the_copy_stream_and_publishes_only_after_its_event ... ok
test tier_transfer::tests::d2d_early_reader_fault_is_refused_by_the_receipt ... ok
test tier_transfer::tests::d2d_receipt_digest_matches_the_cpu_oracle ... ok
test tier_transfer::tests::d2d_receipt_digest_price_against_the_copy ... ok
test tier_transfer::tests::d2d_restore_lands_on_the_copy_stream_and_is_ready_only_after_the_installed_wait ... ok
test tier_transfer::tests::d2h_device_receipt_lands_with_the_source_digest ... ok
test tier_transfer::tests::d2h_source_flip_is_witnessed_by_the_landed_bytes ... ok
test tier_transfer::tests::d2h_span_batch_lands_with_its_ticket_on_the_copy_stream ... ok
test tier_transfer::tests::day48_a_take_back_waits_for_its_own_lease_only ... ok
test tier_transfer::tests::day63_a_drop_past_the_cap_frees_and_the_engine_closes_the_pool ... ok
test tier_transfer::tests::day63_a_dropped_lease_backs_the_next_same_class_lease ... ok
test tier_transfer::tests::day69_a_drained_backing_is_never_the_next_lease ... ok
test tier_transfer::tests::day70_a_lease_past_the_pool_cap_is_its_length_and_never_parks ... ok
test tier_transfer::tests::h2d_deferred_checksum_lands_with_the_supplied_digests ... ok
test tier_transfer::tests::h2d_fill_host_function_does_not_hold_the_owner_thread ... ok
test tier_transfer::tests::h2d_span_batch_lands_with_its_ticket_on_the_copy_stream ... ok
test tier_transfer::tests::h2d_span_filled_batch_fills_on_the_copy_stream_before_its_copies ... ok
test tier_transfer::tests::pinned_kind_arm_is_honoured_by_the_driver ... ok
test tier_transfer::tests::span_receipt_digests_are_the_program_per_span ... ok

test result: ok. 26 passed; 0 failed; 0 ignored; 0 measured; 720 filtered out; finished in 8.15s

