tree 874d3667eb621eea1d963d71ddf3a839643015ae + topology-lane.patch 478d1f8a57e6a73e
BUILD tpep3 head=874d3667eb621eea1d963d71ddf3a839643015ae utc=2026-09-23T14:04:22Z SERVER_EXIT=0 ENGINE_EXIT=0 
bin server 8dd0b632ffd72adf verify 83207722665dcc65 dspark 23c7d463fa1e952f
test-bin /root/lane/target-tpep3/release/deps/memra_engine-88d7a4f71e6f66fa cc86fb6bffe68333
component test result: ok. 9 passed; 0 failed; 0 ignored; 0 measured; 572 filtered out; finished in 4.11s GATE_DONE rc=0 utc=2026-09-23T14:09:06Z 
verify pp SEQ rows=224 deterministic=true CHUNK rows=65 VERIFY rows=70 PASS topology=pp rows chunk=65 verify=70 restore=22 bit-equal to sequential GATE_DONE rc=0 utc=2026-09-23T14:11:22Z 
verify tpep-at0 SEQ rows=224 deterministic=true CHUNK rows=65 VERIFY rows=70 PASS topology=tpep rows chunk=65 verify=70 restore=22 bit-equal to sequential GATE_DONE rc=0 utc=2026-09-23T14:15:26Z 
verify tpep-at1 SEQ rows=224 deterministic=true CHUNK rows=65 VERIFY rows=70 PASS topology=tpep rows chunk=65 verify=70 restore=22 bit-equal to sequential GATE_DONE rc=0 utc=2026-09-23T14:19:27Z 
dspark-tpep GPU DSPARK GATE [PASS] GATE_DONE rc=0 utc=2026-09-23T14:24:11Z 
plain r1 pp rc=0 CELL greedy-c1 c=1 ok=8/8 agg=60.64 tok/s decode_p50=63.36 tok/s ttft_p50=192 ms tpot_p50=15.78 ms errs=[] CELL sampled-c1 c=1 ok=8/8 agg=55.52 tok/s decode_p50=57.73 tok/s ttft_p50=193 ms tpot_p50=17.32 ms errs=[] CELL greedy-c1-ignore-eos c=1 ok=4/4 agg=60.60 tok/s decode_p50=63.31 tok/s ttft_p50=192 ms tpot_p50=15.80 ms errs=[]  
plain r2 tpa rc=0 CELL greedy-c1 c=1 ok=8/8 agg=66.79 tok/s decode_p50=69.11 tok/s ttft_p50=142 ms tpot_p50=14.47 ms errs=[] CELL sampled-c1 c=1 ok=8/8 agg=60.65 tok/s decode_p50=62.63 tok/s ttft_p50=144 ms tpot_p50=15.97 ms errs=[] CELL greedy-c1-ignore-eos c=1 ok=4/4 agg=66.60 tok/s decode_p50=68.97 tok/s ttft_p50=142 ms tpot_p50=14.50 ms errs=[]  
plain r3 tpa rc=0 CELL greedy-c1 c=1 ok=8/8 agg=66.98 tok/s decode_p50=69.33 tok/s ttft_p50=142 ms tpot_p50=14.42 ms errs=[] CELL sampled-c1 c=1 ok=8/8 agg=60.82 tok/s decode_p50=62.73 tok/s ttft_p50=143 ms tpot_p50=15.94 ms errs=[] CELL greedy-c1-ignore-eos c=1 ok=4/4 agg=66.72 tok/s decode_p50=69.28 tok/s ttft_p50=142 ms tpot_p50=14.43 ms errs=[]  
plain r4 pp rc=0 CELL greedy-c1 c=1 ok=8/8 agg=60.71 tok/s decode_p50=63.38 tok/s ttft_p50=192 ms tpot_p50=15.78 ms errs=[] CELL sampled-c1 c=1 ok=8/8 agg=55.36 tok/s decode_p50=57.56 tok/s ttft_p50=194 ms tpot_p50=17.37 ms errs=[] CELL greedy-c1-ignore-eos c=1 ok=4/4 agg=60.59 tok/s decode_p50=63.31 tok/s ttft_p50=192 ms tpot_p50=15.80 ms errs=[]  
plain r5 pp rc=0 CELL greedy-c1 c=1 ok=8/8 agg=60.71 tok/s decode_p50=63.38 tok/s ttft_p50=192 ms tpot_p50=15.78 ms errs=[] CELL sampled-c1 c=1 ok=8/8 agg=55.31 tok/s decode_p50=57.55 tok/s ttft_p50=194 ms tpot_p50=17.38 ms errs=[] CELL greedy-c1-ignore-eos c=1 ok=4/4 agg=60.60 tok/s decode_p50=63.31 tok/s ttft_p50=192 ms tpot_p50=15.80 ms errs=[]  
plain r6 tpa rc=0 CELL greedy-c1 c=1 ok=8/8 agg=66.39 tok/s decode_p50=68.88 tok/s ttft_p50=143 ms tpot_p50=14.52 ms errs=[] CELL sampled-c1 c=1 ok=8/8 agg=60.24 tok/s decode_p50=62.25 tok/s ttft_p50=144 ms tpot_p50=16.06 ms errs=[] CELL greedy-c1-ignore-eos c=1 ok=4/4 agg=66.47 tok/s decode_p50=68.87 tok/s ttft_p50=144 ms tpot_p50=14.52 ms errs=[]  
plain r7 tpa rc=0 CELL greedy-c1 c=1 ok=8/8 agg=66.77 tok/s decode_p50=69.11 tok/s ttft_p50=142 ms tpot_p50=14.47 ms errs=[] CELL sampled-c1 c=1 ok=8/8 agg=60.62 tok/s decode_p50=62.52 tok/s ttft_p50=143 ms tpot_p50=15.99 ms errs=[] CELL greedy-c1-ignore-eos c=1 ok=4/4 agg=66.53 tok/s decode_p50=68.92 tok/s ttft_p50=144 ms tpot_p50=14.51 ms errs=[]  
plain r8 pp rc=0 CELL greedy-c1 c=1 ok=8/8 agg=60.72 tok/s decode_p50=63.39 tok/s ttft_p50=192 ms tpot_p50=15.78 ms errs=[] CELL sampled-c1 c=1 ok=8/8 agg=55.26 tok/s decode_p50=57.49 tok/s ttft_p50=193 ms tpot_p50=17.39 ms errs=[] CELL greedy-c1-ignore-eos c=1 ok=4/4 agg=60.61 tok/s decode_p50=63.33 tok/s ttft_p50=192 ms tpot_p50=15.79 ms errs=[]  
plain r9 pp rc=0 CELL greedy-c1 c=1 ok=8/8 agg=60.69 tok/s decode_p50=63.38 tok/s ttft_p50=192 ms tpot_p50=15.78 ms errs=[] CELL sampled-c1 c=1 ok=8/8 agg=55.37 tok/s decode_p50=57.59 tok/s ttft_p50=193 ms tpot_p50=17.37 ms errs=[] CELL greedy-c1-ignore-eos c=1 ok=4/4 agg=60.59 tok/s decode_p50=63.32 tok/s ttft_p50=192 ms tpot_p50=15.79 ms errs=[]  
plain r10 tpa rc=0 CELL greedy-c1 c=1 ok=8/8 agg=66.65 tok/s decode_p50=69.05 tok/s ttft_p50=142 ms tpot_p50=14.48 ms errs=[] CELL sampled-c1 c=1 ok=8/8 agg=60.57 tok/s decode_p50=62.49 tok/s ttft_p50=144 ms tpot_p50=16.00 ms errs=[] CELL greedy-c1-ignore-eos c=1 ok=4/4 agg=66.62 tok/s decode_p50=69.01 tok/s ttft_p50=142 ms tpot_p50=14.49 ms errs=[]  
plain r11 tp rc=0 CELL greedy-c1 c=1 ok=8/8 agg=62.65 tok/s decode_p50=65.02 tok/s ttft_p50=163 ms tpot_p50=15.38 ms errs=[] CELL sampled-c1 c=1 ok=8/8 agg=57.07 tok/s decode_p50=59.09 tok/s ttft_p50=165 ms tpot_p50=16.92 ms errs=[] CELL greedy-c1-ignore-eos c=1 ok=4/4 agg=62.51 tok/s decode_p50=64.93 tok/s ttft_p50=164 ms tpot_p50=15.40 ms errs=[]  
plain r12 tp rc=0 CELL greedy-c1 c=1 ok=8/8 agg=62.63 tok/s decode_p50=64.99 tok/s ttft_p50=164 ms tpot_p50=15.39 ms errs=[] CELL sampled-c1 c=1 ok=8/8 agg=57.15 tok/s decode_p50=59.13 tok/s ttft_p50=166 ms tpot_p50=16.91 ms errs=[] CELL greedy-c1-ignore-eos c=1 ok=4/4 agg=62.48 tok/s decode_p50=64.90 tok/s ttft_p50=165 ms tpot_p50=15.41 ms errs=[]  
plain r13 tp rc=0 CELL greedy-c1 c=1 ok=8/8 agg=62.66 tok/s decode_p50=65.02 tok/s ttft_p50=164 ms tpot_p50=15.38 ms errs=[] CELL sampled-c1 c=1 ok=8/8 agg=57.02 tok/s decode_p50=59.06 tok/s ttft_p50=166 ms tpot_p50=16.93 ms errs=[] CELL greedy-c1-ignore-eos c=1 ok=4/4 agg=62.53 tok/s decode_p50=64.95 tok/s ttft_p50=165 ms tpot_p50=15.40 ms errs=[]  
spec s1 tpa rc=71  [server] FATAL: worker init failed: load dsv4f: FP8 pack code allocation: DriverError(CUDA_ERROR_OUT_OF_MEMORY, "out of memory")
spec s2 pp rc=0 CELL greedy-c1 c=1 ok=8/8 agg=70.81 tok/s decode_p50=76.12 tok/s ttft_p50=239 ms tpot_p50=13.14 ms errs=[] CELL sampled-c1 c=1 ok=8/8 agg=60.60 tok/s decode_p50=62.71 tok/s ttft_p50=250 ms tpot_p50=15.95 ms errs=[] CELL greedy-c1-ignore-eos c=1 ok=4/4 agg=70.33 tok/s decode_p50=76.02 tok/s ttft_p50=239 ms tpot_p50=13.15 ms errs=[]  
spec s3 tp rc=71  [server] FATAL: worker init failed: load dsv4f: dsv4 memory calibration: vws f32: DriverError(CUDA_ERROR_OUT_OF_MEMORY, "out of memory")
prof tpa rc=0 PROF_DONE capture span 12190.5 ms over 510 steps = 23.90 ms/step dev0: kernels 1561858 (3062/step) kernel-sum 14.93 ms/step busy-union 15.36 ms/step memcpys 462/step dev1: kernels 1564946 (3069/step) kernel-sum 12.97 ms/step busy-union 13.40 ms/step memcpys 463/step 
prof pp rc=0 PROF_DONE capture span 8791.4 ms over 510 steps = 17.24 ms/step dev0: kernels 737336 (1446/step) kernel-sum 7.58 ms/step busy-union 7.77 ms/step memcpys 229/step dev1: kernels 718556 (1409/step) kernel-sum 7.96 ms/step busy-union 8.17 ms/step memcpys 237/step 
TPEP3_DONE
