[server] build: memra-0.138.0-3668a5d2aeb6 (id: source-tree, git: df006602ed58)
[server] starting; models config = [("dsv4f", "/data/dsv4f/nvfp4", None)]
[gpu-watch] Xid source: /dev/kmsg
[worker-affinity] off (MEMRA_WORKER_CPUSET / MEMRA_WORKER_AFFINITY unset or =0)
[gpu-watch] on: every 60s, probe deadline 10s, fatal after 3 consecutive misses (MEMRA_GPU_PROBE_MISSES), fatal Xid [48, 64, 79, 94, 95, 119, 120]
[worker] Engine ready (device=0, MEMRA_FAST=true)
[spec-gate] policy placement=single-or-non-pp2 LOW=2 HIGH=4 source=placement-default spec-admission=on
[spec-k] automatic table: prompt<1024 -> K=3; cold-long -> K=3; prompt>= 1024 and cached>= 1024 -> K=2 (K=5 when the loaded MTP head is rank-trimmed)
[worker] loading model "dsv4f" <- /data/dsv4f/nvfp4
[load] programmatic dependent launch on the decode chain: true
[load] sampled candidate order: Radix
[load] placement: split_at=22 trunk_layers=43 dspark_tail_reserve=0.00 GiB
[load] plain sampler: Device (the topology's default)
[load] expert arm: Native | decode path: Device { host_math: false } | dots arm: f32x (dots + sink/norm/indexer chains)
[load] topology: TpEpAllLayers | layers=43 per-rank-resident=all
[load] indexer score: Knee
[load] prefill head: All
[load] prefill DSpark prime: All
[load] sampled DSpark proposal: Greedy
[load] prefill MoE: reference
[load] dspark exit-head dots arm: f32x (rung-4c fork; drafts only, never the emitted stream)
[load] dspark selected-expert dispatch: per-expert reference
[load] dense arm: fp8 (iteration-5; fp8 = FP8-blk linears as-stored on the device decode/verify paths, bit-identical twins)
[load] lane-8 peer byte-integrity probe PASS: 1 boundaries, 10 copies, ladder [16384, 65536, 524288, 1048576, 67108864] bytes, 333.2ms
[load] lane-8 peer transport enabled (1 boundaries)
[load] layer 3 -> 2 rank copies done t=44s
[load] layer 7 -> 2 rank copies done t=81s
[load] layer 11 -> 2 rank copies done t=106s
[load] layer 15 -> 2 rank copies done t=130s
[load] layer 19 -> 2 rank copies done t=156s
[load] layer 23 -> 2 rank copies done t=186s
[load] layer 27 -> 2 rank copies done t=220s
[load] layer 31 -> 2 rank copies done t=280s
[load] layer 35 -> 2 rank copies done t=343s
[load] layer 39 -> 2 rank copies done t=405s
[load] layer 42 -> 2 rank copies done t=449s
[load] drafter: 3 DSpark block(s) (mtp.0.e_proj absent) — GPU drafter path off (set MEMRA_DSV4_DRAFTER=dspark); trunk-only
[load] TP/EP push joins: true
[TP/EP load] local expert banks resident by ID: rank0=0..128, rank1=128..256; peer dispatch disabled
[load] expert program: matrix (grouped ModelOpt split-plane executor via dsv4_grouped; tensor-core MMA class, the loaded default since 2026-09-11), EP pair (all-layer TP/EP local banks)
[attention-TP2] packed rank-local Q_b/wo_a/wo_b rows: heads=32 groups=4 wo_b_rows=2048 full_planes_freed=8.06 GiB numeric_class=dsv4_attention_head_split_row_gather_exact
[load] position-split staging: 131072 rows (256 MiB) per rank
[load] TP/EP vocab-parallel decode head: true
[dsv4-doors] program=loaded door="push joins" env=MEMRA_DSV4_AR_PUSH merged=#788 declared_default=On resolved=On(AllRoutedShapes) disposition=Engaged
[dsv4-doors] program=loaded door="vocab-parallel head" env=MEMRA_DSV4_VOCAB_HEAD merged=#783 declared_default=On resolved=On(DecodeOnlyM1) disposition=Engaged
[dsv4-doors] program=loaded door="PDL chain" env=MEMRA_DSV4_PDL merged=#782 declared_default=On resolved=On(AllRoutedShapes) disposition=Engaged
[dsv4-doors] program=loaded door="replay cadence" env=MEMRA_DSV4_REPLAY_CADENCE merged=#374 declared_default=On resolved=On(DecodeOnlyM1) disposition=PortAdmissionOrRedeclare
[dsv4-doors] program=loaded door="dense exact-tail transport" env=MEMRA_DSV4_DENSE_EXACT_TAIL merged=#374 declared_default=On resolved=On(DecodeOnlyM1) disposition=Engaged
[dsv4-doors] program=loaded door="dense-fast" env=MEMRA_DSV4_DENSE_FAST merged=#404 declared_default=On resolved=On(DecodeOnlyM1) disposition=Engaged
[dsv4-doors] program=loaded door="HC dot split S16" env=MEMRA_DSV4_HC_DOT_SPLIT merged=#418 declared_default=On resolved=On(AllRoutedShapes) disposition=Engaged
[dsv4-serve] dsv4f: placement TP/EP (expert-ID EP pair, attention TP2) (default), plain sampler Device
[dsv4-serve] dsv4f: loaded on devices [0, 1], contract RefFp8Round, max_seq 1048576, drafter absent (plain only), parked-host-cache OFF (MEMRA_DSV4_KV_HOST_MB=0), chunked-prefill 512 tokens, active-C4-host-budget 0 bytes (0=OFF; separate from parked cache)
[dsv4-serve] dsv4f: B-row steps up to 4 rows, 1 group(s) in flight (MEMRA_DSV4_ROWS)
[dsv4-serve] dsv4f: 4 serving lane(s) (default on the plain TP/EP program, sharing B-row steps; MEMRA_DSV4_SESSIONS=1 is the serial route)
[admit-mem] route=dsv4-thread model="dsv4f" calibrated fixed_plain=0:4706979932,1:4706979932 fixed_spec=0:4706979932,1:4706979932 ceiling=0:15662508692,1:15691404940 defer_budget_ms=8000
[route-contract] model="dsv4f" route=dsv4-thread capacity=4 sessions implemented=[capacity,occupancy,progress,fault-ownership,shutdown-ownership,memory-cost,service-metrics] refused=[rewrite-qualification: the route consumes no MEMRA_REWRITE_BUNDLE and none of its programs is a plan rewrite (memra#449); prime-fairness: no worker Session exists for a dsv4 request; the prime is one synchronous chunked call on the serving thread (memra#535 P4)]
[prefix-cache] WARNING: derived budget is 0 B after the boot free-VRAM reserve clamp; prefix caching disabled
[admit-mem] door=OFF open_output_tokens=8192 defer_budget_ms=8000 (admission charges prompt+output, the reclaim flush demotes to the host tier before dropping, and a memory defer past the budget refuses 429 instead of queueing past the client's deadline)
[server] worker ready; serving models: ["dsv4f"]
[server] listening on http://127.0.0.1:57051
[meter] admit id=chatcmpl-0e5277b60e0271b2354a58a2a4541b03 tenant=default lane=interactive model="dsv4f"
[admit-mem] id=chatcmpl-0e5277b60e0271b2354a58a2a4541b03 model="dsv4f" route=dsv4-thread verdict=admit capacity=512 spec=false need=0:4785355356,1:4785355356 ceiling=0:15662508692,1:15691404940 host_need=0 short=- waited_ms=0 reclaimed=0 retry_after_s=-
[moe-sk-form] dev=0 qt=108 sms=188 occ128=1 occ32=7 occt=3 cross=2147483647 xcross=2147483647 bdb=0 in_f=4096 out_f=2048 n_active=128 max_m=228
[meter] admit id=chatcmpl-4efef37a52a82636d663fc1a452661f9 tenant=default lane=interactive model="dsv4f"
[admit-mem] id=chatcmpl-4efef37a52a82636d663fc1a452661f9 model="dsv4f" route=dsv4-thread verdict=admit capacity=512 spec=false need=0:4785355356,1:4785355356 ceiling=0:15662508692,1:15691404940 host_need=0 short=- waited_ms=0 reclaimed=0 retry_after_s=-
[meter] admit id=chatcmpl-75fbbe302c60e5ae152291faf1304fd7 tenant=default lane=interactive model="dsv4f"
[admit-mem] id=chatcmpl-75fbbe302c60e5ae152291faf1304fd7 model="dsv4f" route=dsv4-thread verdict=admit capacity=512 spec=false need=0:4785355356,1:4785355356 ceiling=0:15662508692,1:15691404940 host_need=0 short=- waited_ms=0 reclaimed=0 retry_after_s=-
[meter] admit id=chatcmpl-16ef82f2e64ebf902673c367cc563c67 tenant=default lane=interactive model="dsv4f"
[admit-mem] id=chatcmpl-16ef82f2e64ebf902673c367cc563c67 model="dsv4f" route=dsv4-thread verdict=admit capacity=512 spec=false need=0:4785355356,1:4785355356 ceiling=0:15662508692,1:15691404940 host_need=0 short=- waited_ms=0 reclaimed=0 retry_after_s=-
[meter] admit id=chatcmpl-82bb81986c66d1dee8954ddd5d6d48d1 tenant=default lane=interactive model="dsv4f"
[admit-mem] id=chatcmpl-82bb81986c66d1dee8954ddd5d6d48d1 model="dsv4f" route=dsv4-thread verdict=admit capacity=512 spec=false need=0:4785355356,1:4785355356 ceiling=0:15662508692,1:15691404940 host_need=0 short=- waited_ms=0 reclaimed=0 retry_after_s=-
[meter] admit id=chatcmpl-7c309f9f472997422c03869696e732bd tenant=default lane=interactive model="dsv4f"
[admit-mem] id=chatcmpl-7c309f9f472997422c03869696e732bd model="dsv4f" route=dsv4-thread verdict=admit capacity=512 spec=false need=0:4785355356,1:4785355356 ceiling=0:15662508692,1:15691404940 host_need=0 short=- waited_ms=0 reclaimed=0 retry_after_s=-
[meter] admit id=chatcmpl-67889820fdddd69a4ea9be81f61271ad tenant=default lane=interactive model="dsv4f"
[admit-mem] id=chatcmpl-67889820fdddd69a4ea9be81f61271ad model="dsv4f" route=dsv4-thread verdict=admit capacity=512 spec=false need=0:4785355356,1:4785355356 ceiling=0:15662508692,1:15691404940 host_need=0 short=- waited_ms=0 reclaimed=0 retry_after_s=-
[meter] admit id=chatcmpl-1a530f134f66dff4335723366fca3773 tenant=default lane=interactive model="dsv4f"
[admit-mem] id=chatcmpl-1a530f134f66dff4335723366fca3773 model="dsv4f" route=dsv4-thread verdict=admit capacity=512 spec=false need=0:4785355356,1:4785355356 ceiling=0:15662508692,1:15691404940 host_need=0 short=- waited_ms=0 reclaimed=0 retry_after_s=-
[meter] admit id=chatcmpl-e3d8b73262caaa637d8ce29e277a7b65 tenant=default lane=interactive model="dsv4f"
[admit-mem] id=chatcmpl-e3d8b73262caaa637d8ce29e277a7b65 model="dsv4f" route=dsv4-thread verdict=admit capacity=512 spec=false need=0:4785355356,1:4785355356 ceiling=0:15662508692,1:15691404940 host_need=0 short=- waited_ms=0 reclaimed=0 retry_after_s=-
[meter] admit id=chatcmpl-e3b4f08adef469aab108f47cf0659ade tenant=default lane=interactive model="dsv4f"
[admit-mem] id=chatcmpl-e3b4f08adef469aab108f47cf0659ade model="dsv4f" route=dsv4-thread verdict=admit capacity=512 spec=false need=0:4785355356,1:4785355356 ceiling=0:15662508692,1:15691404940 host_need=0 short=- waited_ms=0 reclaimed=0 retry_after_s=-
[meter] admit id=chatcmpl-aa3da761e4711d054382af82acee208b tenant=default lane=interactive model="dsv4f"
[admit-mem] id=chatcmpl-aa3da761e4711d054382af82acee208b model="dsv4f" route=dsv4-thread verdict=admit capacity=512 spec=false need=0:4785355356,1:4785355356 ceiling=0:15662508692,1:15691404940 host_need=0 short=- waited_ms=0 reclaimed=0 retry_after_s=-
[meter] admit id=chatcmpl-3a84653e604f88cf656829da5d131cf7 tenant=default lane=interactive model="dsv4f"
[admit-mem] id=chatcmpl-3a84653e604f88cf656829da5d131cf7 model="dsv4f" route=dsv4-thread verdict=admit capacity=512 spec=false need=0:4785355356,1:4785355356 ceiling=0:15662508692,1:15691404940 host_need=0 short=- waited_ms=0 reclaimed=0 retry_after_s=-
[meter] admit id=chatcmpl-09cc390e0ee4979fe92505289ae80bc0 tenant=default lane=interactive model="dsv4f"
[admit-mem] id=chatcmpl-09cc390e0ee4979fe92505289ae80bc0 model="dsv4f" route=dsv4-thread verdict=admit capacity=512 spec=false need=0:4785355356,1:4785355356 ceiling=0:15662508692,1:15691404940 host_need=0 short=- waited_ms=0 reclaimed=0 retry_after_s=-
[meter] admit id=chatcmpl-21c331595d801838ff8c117f14d84b09 tenant=default lane=interactive model="dsv4f"
[admit-mem] id=chatcmpl-21c331595d801838ff8c117f14d84b09 model="dsv4f" route=dsv4-thread verdict=admit capacity=512 spec=false need=0:4785355356,1:4785355356 ceiling=0:15662508692,1:15691404940 host_need=0 short=- waited_ms=0 reclaimed=0 retry_after_s=-
[meter] admit id=chatcmpl-cf65808c185e7d84cd367448cc0ff00d tenant=default lane=interactive model="dsv4f"
[admit-mem] id=chatcmpl-cf65808c185e7d84cd367448cc0ff00d model="dsv4f" route=dsv4-thread verdict=admit capacity=512 spec=false need=0:4785355356,1:4785355356 ceiling=0:15662508692,1:15691404940 host_need=0 short=- waited_ms=0 reclaimed=0 retry_after_s=-
[meter] admit id=chatcmpl-dd14bb6b224c2ec06e38d72fc5bfcfb2 tenant=default lane=interactive model="dsv4f"
[admit-mem] id=chatcmpl-dd14bb6b224c2ec06e38d72fc5bfcfb2 model="dsv4f" route=dsv4-thread verdict=admit capacity=512 spec=false need=0:4785355356,1:4785355356 ceiling=0:15662508692,1:15691404940 host_need=0 short=- waited_ms=0 reclaimed=0 retry_after_s=-
[meter] admit id=chatcmpl-4c1773b7ba72a2305298ac74d7402417 tenant=default lane=interactive model="dsv4f"
[admit-mem] id=chatcmpl-4c1773b7ba72a2305298ac74d7402417 model="dsv4f" route=dsv4-thread verdict=admit capacity=512 spec=false need=0:4785355356,1:4785355356 ceiling=0:15662508692,1:15691404940 host_need=0 short=- waited_ms=0 reclaimed=0 retry_after_s=-
[meter] admit id=chatcmpl-252e45c45e0b511954a89b87a192a4e1 tenant=default lane=interactive model="dsv4f"
[meter] admit id=chatcmpl-b976f6db727eecc849910fd151ff2c73 tenant=default lane=interactive model="dsv4f"
[admit-mem] id=chatcmpl-252e45c45e0b511954a89b87a192a4e1 model="dsv4f" route=dsv4-thread verdict=admit capacity=512 spec=false need=0:4785355356,1:4785355356 ceiling=0:15662508692,1:15691404940 host_need=0 short=- waited_ms=0 reclaimed=0 retry_after_s=-
[admit-mem] id=chatcmpl-b976f6db727eecc849910fd151ff2c73 model="dsv4f" route=dsv4-thread verdict=admit capacity=512 spec=false need=0:4785355356,1:4785355356 ceiling=0:15662508692,1:15691404940 host_need=0 short=- waited_ms=0 reclaimed=0 retry_after_s=-
[meter] admit id=chatcmpl-e5ca03389e8c51741a7570cbcf1ffe7c tenant=default lane=interactive model="dsv4f"
[meter] admit id=chatcmpl-2e277958440effba04f7dcb54c43a229 tenant=default lane=interactive model="dsv4f"
[admit-mem] id=chatcmpl-e5ca03389e8c51741a7570cbcf1ffe7c model="dsv4f" route=dsv4-thread verdict=admit capacity=512 spec=false need=0:4785355356,1:4785355356 ceiling=0:15662508692,1:15691404940 host_need=0 short=- waited_ms=0 reclaimed=0 retry_after_s=-
[admit-mem] id=chatcmpl-2e277958440effba04f7dcb54c43a229 model="dsv4f" route=dsv4-thread verdict=admit capacity=512 spec=false need=0:4785355356,1:4785355356 ceiling=0:15662508692,1:15691404940 host_need=0 short=- waited_ms=0 reclaimed=0 retry_after_s=-
[meter] admit id=chatcmpl-83a8de300aafe5720c33293277dcd0e6 tenant=default lane=interactive model="dsv4f"
[meter] admit id=chatcmpl-a2215fe145592c7c670446451a84dd97 tenant=default lane=interactive model="dsv4f"
[admit-mem] id=chatcmpl-83a8de300aafe5720c33293277dcd0e6 model="dsv4f" route=dsv4-thread verdict=admit capacity=512 spec=false need=0:4785355356,1:4785355356 ceiling=0:15662508692,1:15691404940 host_need=0 short=- waited_ms=0 reclaimed=0 retry_after_s=-
[admit-mem] id=chatcmpl-a2215fe145592c7c670446451a84dd97 model="dsv4f" route=dsv4-thread verdict=admit capacity=512 spec=false need=0:4785355356,1:4785355356 ceiling=0:15662508692,1:15691404940 host_need=0 short=- waited_ms=0 reclaimed=0 retry_after_s=-
[meter] admit id=chatcmpl-ffc1e5df29ffb3e271e5c4414b08c00a tenant=default lane=interactive model="dsv4f"
[meter] admit id=chatcmpl-273836378da4ae69f4443628987b73e1 tenant=default lane=interactive model="dsv4f"
[admit-mem] id=chatcmpl-ffc1e5df29ffb3e271e5c4414b08c00a model="dsv4f" route=dsv4-thread verdict=admit capacity=512 spec=false need=0:4785355356,1:4785355356 ceiling=0:15662508692,1:15691404940 host_need=0 short=- waited_ms=0 reclaimed=0 retry_after_s=-
[admit-mem] id=chatcmpl-273836378da4ae69f4443628987b73e1 model="dsv4f" route=dsv4-thread verdict=admit capacity=512 spec=false need=0:4785355356,1:4785355356 ceiling=0:15662508692,1:15691404940 host_need=0 short=- waited_ms=0 reclaimed=0 retry_after_s=-
[meter] admit id=chatcmpl-a4c4c9f88792b1e0286e431d2143f756 tenant=default lane=interactive model="dsv4f"
[meter] admit id=chatcmpl-b226505f384dd66d073ee040269ded13 tenant=default lane=interactive model="dsv4f"
[meter] admit id=chatcmpl-df72e3f7249dedc911766fb57ee2f43e tenant=default lane=interactive model="dsv4f"
[admit-mem] id=chatcmpl-a4c4c9f88792b1e0286e431d2143f756 model="dsv4f" route=dsv4-thread verdict=admit capacity=512 spec=false need=0:4785355356,1:4785355356 ceiling=0:15662508692,1:15691404940 host_need=0 short=- waited_ms=0 reclaimed=0 retry_after_s=-
[meter] admit id=chatcmpl-a00adc6cd23f5e9f0c0ba9c1268e81b6 tenant=default lane=interactive model="dsv4f"
[admit-mem] id=chatcmpl-b226505f384dd66d073ee040269ded13 model="dsv4f" route=dsv4-thread verdict=admit capacity=512 spec=false need=0:4785355356,1:4785355356 ceiling=0:15662508692,1:15691404940 host_need=0 short=- waited_ms=0 reclaimed=0 retry_after_s=-
[admit-mem] id=chatcmpl-df72e3f7249dedc911766fb57ee2f43e model="dsv4f" route=dsv4-thread verdict=admit capacity=512 spec=false need=0:4785355356,1:4785355356 ceiling=0:15662508692,1:15691404940 host_need=0 short=- waited_ms=0 reclaimed=0 retry_after_s=-
[admit-mem] id=chatcmpl-a00adc6cd23f5e9f0c0ba9c1268e81b6 model="dsv4f" route=dsv4-thread verdict=admit capacity=512 spec=false need=0:4785355356,1:4785355356 ceiling=0:15662508692,1:15691404940 host_need=0 short=- waited_ms=0 reclaimed=0 retry_after_s=-
[meter] admit id=chatcmpl-b0e63486efffb8e9cb4661edd6a0d05c tenant=default lane=interactive model="dsv4f"
[meter] admit id=chatcmpl-e5fa9bd4789ccc5674ad31c1c0788994 tenant=default lane=interactive model="dsv4f"
[meter] admit id=chatcmpl-dd2fcc0d8195defbd62fa5437003f039 tenant=default lane=interactive model="dsv4f"
[admit-mem] id=chatcmpl-b0e63486efffb8e9cb4661edd6a0d05c model="dsv4f" route=dsv4-thread verdict=admit capacity=512 spec=false need=0:4785355356,1:4785355356 ceiling=0:15662508692,1:15691404940 host_need=0 short=- waited_ms=0 reclaimed=0 retry_after_s=-
[admit-mem] id=chatcmpl-e5fa9bd4789ccc5674ad31c1c0788994 model="dsv4f" route=dsv4-thread verdict=admit capacity=512 spec=false need=0:4785355356,1:4785355356 ceiling=0:15662508692,1:15691404940 host_need=0 short=- waited_ms=0 reclaimed=0 retry_after_s=-
[admit-mem] id=chatcmpl-dd2fcc0d8195defbd62fa5437003f039 model="dsv4f" route=dsv4-thread verdict=admit capacity=512 spec=false need=0:4785355356,1:4785355356 ceiling=0:15662508692,1:15691404940 host_need=0 short=- waited_ms=0 reclaimed=0 retry_after_s=-
[meter] admit id=chatcmpl-0c10abfc175765edf780aee8b3210ab1 tenant=default lane=interactive model="dsv4f"
[admit-mem] id=chatcmpl-0c10abfc175765edf780aee8b3210ab1 model="dsv4f" route=dsv4-thread verdict=admit capacity=512 spec=false need=0:4785355356,1:4785355356 ceiling=0:15662508692,1:15691404940 host_need=0 short=- waited_ms=0 reclaimed=0 retry_after_s=-
[meter] admit id=chatcmpl-f4d6051f0daba7075bd870788f937b0f tenant=default lane=interactive model="dsv4f"
[meter] admit id=chatcmpl-03ca7031a2c57a23de98349f42329b51 tenant=default lane=interactive model="dsv4f"
[admit-mem] id=chatcmpl-f4d6051f0daba7075bd870788f937b0f model="dsv4f" route=dsv4-thread verdict=admit capacity=2339 spec=false need=0:4800637532,1:4800637532 ceiling=0:15662508692,1:15691404940 host_need=0 short=- waited_ms=0 reclaimed=0 retry_after_s=-
[admit-mem] id=chatcmpl-03ca7031a2c57a23de98349f42329b51 model="dsv4f" route=dsv4-thread verdict=admit capacity=2326 spec=false need=0:4800562268,1:4800562268 ceiling=0:15662508692,1:15691404940 host_need=0 short=- waited_ms=0 reclaimed=0 retry_after_s=-
[meter] admit id=chatcmpl-5c6fd41865a5b09d610242353a5495b9 tenant=default lane=interactive model="dsv4f"
[meter] admit id=chatcmpl-394f78690c116025bf3c337ccb538615 tenant=default lane=interactive model="dsv4f"
[admit-mem] id=chatcmpl-5c6fd41865a5b09d610242353a5495b9 model="dsv4f" route=dsv4-thread verdict=admit capacity=2361 spec=false need=0:4800831068,1:4800831068 ceiling=0:15662508692,1:15691404940 host_need=0 short=- waited_ms=0 reclaimed=0 retry_after_s=-
[admit-mem] id=chatcmpl-394f78690c116025bf3c337ccb538615 model="dsv4f" route=dsv4-thread verdict=admit capacity=2351 spec=false need=0:4800755804,1:4800755804 ceiling=0:15662508692,1:15691404940 host_need=0 short=- waited_ms=0 reclaimed=0 retry_after_s=-
[meter] admit id=chatcmpl-d647e3242481013ffac8865f4abe820a tenant=default lane=interactive model="dsv4f"
[meter] admit id=chatcmpl-1cabeaa14f0efb35a5396cc65ace99ea tenant=default lane=interactive model="dsv4f"
[admit-mem] id=chatcmpl-d647e3242481013ffac8865f4abe820a model="dsv4f" route=dsv4-thread verdict=admit capacity=2322 spec=false need=0:4800508508,1:4800508508 ceiling=0:15662508692,1:15691404940 host_need=0 short=- waited_ms=0 reclaimed=0 retry_after_s=-
[admit-mem] id=chatcmpl-1cabeaa14f0efb35a5396cc65ace99ea model="dsv4f" route=dsv4-thread verdict=admit capacity=2352 spec=false need=0:4800766556,1:4800766556 ceiling=0:15662508692,1:15691404940 host_need=0 short=- waited_ms=0 reclaimed=0 retry_after_s=-
[meter] admit id=chatcmpl-e85b16fb49e33375e19d1f9f74549728 tenant=default lane=interactive model="dsv4f"
[meter] admit id=chatcmpl-313b5fb60b1493405d1342dfc6e81189 tenant=default lane=interactive model="dsv4f"
[admit-mem] id=chatcmpl-e85b16fb49e33375e19d1f9f74549728 model="dsv4f" route=dsv4-thread verdict=admit capacity=2328 spec=false need=0:4800573020,1:4800573020 ceiling=0:15662508692,1:15691404940 host_need=0 short=- waited_ms=0 reclaimed=0 retry_after_s=-
[admit-mem] id=chatcmpl-313b5fb60b1493405d1342dfc6e81189 model="dsv4f" route=dsv4-thread verdict=admit capacity=2314 spec=false need=0:4800443996,1:4800443996 ceiling=0:15662508692,1:15691404940 host_need=0 short=- waited_ms=0 reclaimed=0 retry_after_s=-
[server] SIGTERM: draining (0 in flight, deadline 30s)
[server] drain complete in 0.0s; exiting
[server] GPU worker shutdown complete
