build L fdcf1993b SERVER_EXIT=0 ENGINE_EXIT=0 
long-304 L rc=0 PASS: 304 PROGRAM_SHA256 fbce1a0492d69635 
rows tp_ep rc=0 PASS: replayed, then 8 B-row steps beside a peer while armed, then replayed again: bit-identical to  PASS: B-row graph steps bit-identical to solo steps across join, leave and row moves (5 captures, 28 PASS: sampled B-row graph draws equal the eager B-row draws (24 steps x 4 rows) 
rows wide8 rc=0 PASS: every row bit-identical to its solo step across join, leave and row moves PASS: replayed, then 8 B-row steps beside a peer while armed, then replayed again: bit-identical to solo steps PASS: B-row graph steps bit-identical to solo steps across join, leave and row moves (5 captures, 28 graph steps) PASS: sampled B-row graph draws equal the eager B-row draws (24 steps x 4 rows) PASS: 8-row-workspace eager B-row steps (widths 8, 4, 3) bit-identical to solo steps (24 steps x 8 sessions) PASS: 8-row-workspace graph B-row steps (widths 8, 4, 3) bit-identical to solo steps (24 steps x 8 sessions)  | TIME rep=0 WIDE B=8 ms_per_step=23.350 tok_s=342.61 (first step captures) TIME rep=1 WIDE B=8 ms_per_step=23.364 tok_s=342.41 (first step captures) 
kv-split rc=0 PASS: 100 full-token replay steps on the split state bit-identical to replicated eager PASS: park, restore and 50 more steps bit-identical, split against replicated PASS: position-split C4 store bit-identical to the replicated program 
dspark-tpep L cc6082ddea76827e 373e6557e6d118f1 373e6557e6d118f1  | GPU DSPARK GATE [PASS] GATE_DONE rc=0 utc=2026-09-27T18:34:35Z 
wide16 t1 M rc=0 PASS: every row bit-identical to its solo step across join, leave and row moves PASS: replayed, then 8 B-row steps beside a peer while armed, then replayed agai PASS: B-row graph steps bit-identical to solo steps across join, leave and row m PASS: sampled B-row graph draws equal the eager B-row draws (24 steps x 4 rows) PASS: 16-row-workspace eager B-row steps (widths 16, 8, 3) bit-identical to solo PASS: 16-row-workspace graph B-row steps (widths 16, 8, 3) bit-identical to solo  | TIME rep=0 WIDE B=16 ms_per_step=67.796 tok_s=236.00 (first step captures) TIME rep=1 WIDE B=16 ms_per_step=67.867 tok_s=235.75 (first step captures) 
wide16 t2 L rc=0 PASS: every row bit-identical to its solo step across join, leave and row moves PASS: replayed, then 8 B-row steps beside a peer while armed, then replayed agai PASS: B-row graph steps bit-identical to solo steps across join, leave and row m PASS: sampled B-row graph draws equal the eager B-row draws (24 steps x 4 rows) PASS: 16-row-workspace eager B-row steps (widths 16, 8, 3) bit-identical to solo PASS: 16-row-workspace graph B-row steps (widths 16, 8, 3) bit-identical to solo  | TIME rep=0 WIDE B=16 ms_per_step=67.727 tok_s=236.24 (first step captures) TIME rep=1 WIDE B=16 ms_per_step=68.165 tok_s=234.72 (first step captures) 
wide16 t3 L rc=0 PASS: every row bit-identical to its solo step across join, leave and row moves PASS: replayed, then 8 B-row steps beside a peer while armed, then replayed agai PASS: B-row graph steps bit-identical to solo steps across join, leave and row m PASS: sampled B-row graph draws equal the eager B-row draws (24 steps x 4 rows) PASS: 16-row-workspace eager B-row steps (widths 16, 8, 3) bit-identical to solo PASS: 16-row-workspace graph B-row steps (widths 16, 8, 3) bit-identical to solo  | TIME rep=0 WIDE B=16 ms_per_step=67.781 tok_s=236.05 (first step captures) TIME rep=1 WIDE B=16 ms_per_step=67.873 tok_s=235.73 (first step captures) 
wide16 t4 M rc=0 PASS: every row bit-identical to its solo step across join, leave and row moves PASS: replayed, then 8 B-row steps beside a peer while armed, then replayed agai PASS: B-row graph steps bit-identical to solo steps across join, leave and row m PASS: sampled B-row graph draws equal the eager B-row draws (24 steps x 4 rows) PASS: 16-row-workspace eager B-row steps (widths 16, 8, 3) bit-identical to solo PASS: 16-row-workspace graph B-row steps (widths 16, 8, 3) bit-identical to solo  | TIME rep=0 WIDE B=16 ms_per_step=68.306 tok_s=234.24 (first step captures) TIME rep=1 WIDE B=16 ms_per_step=68.397 tok_s=233.93 (first step captures) 
S2ZJ_DONE fdcf1993b served cut: captured B-row steps stopped at 8 rows, q-s2zk measures the served cells with 16-row graphs
