build rows 5d21db2a3 SERVER_EXIT=0 ENGINE_EXIT=0  server ba606ad568045c7a
rows-tpep rc=0 [load] lane-8 peer byte-integrity probe PASS: 1 boundaries, 10 copies, ladder [16384, 65536, 524288, 1048576, 67108864] bytes, 349.2ms WIDTHS [1, 1, 1, 2, 2, 2, 2, 3, 3, 3, 3, 3, 4, 4, 4, 4, 4, 4, 4, 4, 4, 4, 4, 4, 3, 3, 3, 2, 2, 2, 2, 1, 1, 1, 1, 1] PASS: every row bit-identical to its solo step across join, leave and row moves PASS: replayed, then 8 B-row steps beside a peer while armed, then replayed again: bit-identical to solo steps TIME rep=1 B=1 one_row_ms_per_token=17.038 rows_ms_per_step=16.897 one_row_tok_s=58.69 rows_tok_s=59.18 speedup=1.008 TIME rep=1 B=2 one_row_ms_per_token=16.779 rows_ms_per_step=23.834 one_row_tok_s=59.60 rows_tok_s=83.91 speedup=1.408 TIME rep=1 B=4 one_row_ms_per_token=16.923 rows_ms_per_step=34.104 one_row_tok_s=59.09 rows_tok_s=117.29 speedup=1.985 
long-304 rc=0 [load] lane-8 peer byte-integrity probe PASS: 1 boundaries, 10 copies, ladder [16384, 65536, 524288, 1048576, 67108864] bytes, 350.6ms PASS: 304 steps from position 400 to 704 bit-identical to eager (token, logits, cache and hidden digests), 304 of them replayed; tokens_sha256=112c2fc66fe1f76029c4ff1a8ce3446af91c1570df6594bce93115336 TIME rep=2 eager_ms_per_token=17.215 replay_ms_per_token=13.868 eager_tok_s=58.09 replay_tok_s=72.11 speedup=1.241 
dspark-tpep 62b368f10f1becea d404da5fe101077f d404da5fe101077f  | GPU DSPARK GATE [PASS] GATE_DONE rc=0 utc=2026-09-25T20:02:06Z 
serve r1 Rw rc=0 CELL greedy-c1 c=1 ok=8/8 agg=68.22 tok/s decode_p50=70.95 tok/s ttft_p50=170 ms tpot_p50=14.09 ms errs=[] CELL greedy-c2 c=2 ok=8/8 agg=77.88 tok/s decode_p50=40.36 tok/s ttft_p50=257 ms tpot_p50=24.78 ms errs=[] CELL greedy-c4 c=4 ok=8/8 agg=78.05 tok/s decode_p50=40.53 tok/s ttft_p50=6771 ms tpot_p50=24.67 ms errs=[] CELL sampled-c2 c=2 ok=8/8 agg=77.41 tok/s decode_p50=40.13 tok/s ttft_p50=259 ms tpot_p50=24.92 ms errs=[] CELL greedy-c2-2k c=2 ok=8/8 agg=16.57 tok/s decode_p50=35.83 tok/s ttft_p50=11862 ms tpot_p50=27.91 ms errs=[]  notarmed=0 2 serving lane(s) (default on the plain PP matrix program; MEMRA_DSV4_SESSIONS=1 is the serial route) 
serve r2 T1 rc=0 CELL greedy-c1 c=1 ok=8/8 agg=68.27 tok/s decode_p50=71.21 tok/s ttft_p50=171 ms tpot_p50=14.04 ms errs=[] CELL greedy-c2 c=2 ok=8/8 agg=69.76 tok/s decode_p50=72.94 tok/s ttft_p50=3837 ms tpot_p50=13.71 ms errs=[] CELL greedy-c4 c=4 ok=8/8 agg=69.79 tok/s decode_p50=72.98 tok/s ttft_p50=11155 ms tpot_p50=13.70 ms errs=[] CELL sampled-c2 c=2 ok=8/8 agg=69.50 tok/s decode_p50=72.60 tok/s ttft_p50=3852 ms tpot_p50=13.77 ms errs=[] CELL greedy-c2-2k c=2 ok=8/8 agg=16.16 tok/s decode_p50=68.65 tok/s ttft_p50=13990 ms tpot_p50=14.57 ms errs=[]  notarmed=0 1 serving lane(s) (MEMRA_DSV4_SESSIONS) 
serve r3 Pp rc=0 CELL greedy-c1 c=1 ok=8/8 agg=59.56 tok/s decode_p50=62.36 tok/s ttft_p50=211 ms tpot_p50=16.04 ms errs=[] CELL greedy-c2 c=2 ok=8/8 agg=113.15 tok/s decode_p50=60.82 tok/s ttft_p50=325 ms tpot_p50=16.44 ms errs=[] CELL greedy-c4 c=4 ok=8/8 agg=112.95 tok/s decode_p50=60.77 tok/s ttft_p50=4778 ms tpot_p50=16.46 ms errs=[] CELL sampled-c2 c=2 ok=8/8 agg=105.58 tok/s decode_p50=56.42 tok/s ttft_p50=326 ms tpot_p50=17.72 ms errs=[] CELL greedy-c2-2k c=2 ok=8/8 agg=18.05 tok/s decode_p50=52.91 tok/s ttft_p50=11732 ms tpot_p50=18.90 ms errs=[]  notarmed=0 2 serving lane(s) (default on the plain PP matrix program; MEMRA_DSV4_SESSIONS=1 is the serial route) 
serve r4 Rw rc=0 CELL greedy-c1 c=1 ok=8/8 agg=68.22 tok/s decode_p50=70.96 tok/s ttft_p50=170 ms tpot_p50=14.09 ms errs=[] CELL greedy-c2 c=2 ok=8/8 agg=78.00 tok/s decode_p50=40.39 tok/s ttft_p50=259 ms tpot_p50=24.76 ms errs=[] CELL greedy-c4 c=4 ok=8/8 agg=78.09 tok/s decode_p50=40.52 tok/s ttft_p50=6772 ms tpot_p50=24.68 ms errs=[] CELL sampled-c2 c=2 ok=8/8 agg=77.43 tok/s decode_p50=40.17 tok/s ttft_p50=257 ms tpot_p50=24.89 ms errs=[] CELL greedy-c2-2k c=2 ok=8/8 agg=16.57 tok/s decode_p50=35.88 tok/s ttft_p50=11873 ms tpot_p50=27.87 ms errs=[]  notarmed=0 2 serving lane(s) (default on the plain PP matrix program; MEMRA_DSV4_SESSIONS=1 is the serial route) 
serve r5 T1 rc=0 CELL greedy-c1 c=1 ok=8/8 agg=68.38 tok/s decode_p50=71.20 tok/s ttft_p50=172 ms tpot_p50=14.05 ms errs=[] CELL greedy-c2 c=2 ok=8/8 agg=69.85 tok/s decode_p50=72.99 tok/s ttft_p50=3834 ms tpot_p50=13.70 ms errs=[] CELL greedy-c4 c=4 ok=8/8 agg=69.77 tok/s decode_p50=72.98 tok/s ttft_p50=11161 ms tpot_p50=13.70 ms errs=[] CELL sampled-c2 c=2 ok=8/8 agg=69.53 tok/s decode_p50=72.63 tok/s ttft_p50=3850 ms tpot_p50=13.77 ms errs=[] CELL greedy-c2-2k c=2 ok=8/8 agg=16.16 tok/s decode_p50=68.65 tok/s ttft_p50=13980 ms tpot_p50=14.57 ms errs=[]  notarmed=0 1 serving lane(s) (MEMRA_DSV4_SESSIONS) 
serve r6 Pp rc=0 CELL greedy-c1 c=1 ok=8/8 agg=59.57 tok/s decode_p50=62.36 tok/s ttft_p50=210 ms tpot_p50=16.04 ms errs=[] CELL greedy-c2 c=2 ok=8/8 agg=112.93 tok/s decode_p50=60.77 tok/s ttft_p50=335 ms tpot_p50=16.46 ms errs=[] CELL greedy-c4 c=4 ok=8/8 agg=112.86 tok/s decode_p50=60.80 tok/s ttft_p50=4787 ms tpot_p50=16.45 ms errs=[] CELL sampled-c2 c=2 ok=8/8 agg=105.73 tok/s decode_p50=56.51 tok/s ttft_p50=326 ms tpot_p50=17.70 ms errs=[] CELL greedy-c2-2k c=2 ok=8/8 agg=18.05 tok/s decode_p50=52.91 tok/s ttft_p50=11730 ms tpot_p50=18.90 ms errs=[]  notarmed=0 2 serving lane(s) (default on the plain PP matrix program; MEMRA_DSV4_SESSIONS=1 is the serial route) 
serve r7 Rw rc=0 CELL greedy-c1 c=1 ok=8/8 agg=68.29 tok/s decode_p50=71.40 tok/s ttft_p50=172 ms tpot_p50=14.01 ms errs=[] CELL greedy-c2 c=2 ok=8/8 agg=77.91 tok/s decode_p50=40.26 tok/s ttft_p50=257 ms tpot_p50=24.84 ms errs=[] CELL greedy-c4 c=4 ok=8/8 agg=78.03 tok/s decode_p50=40.54 tok/s ttft_p50=6769 ms tpot_p50=24.67 ms errs=[] CELL sampled-c2 c=2 ok=8/8 agg=77.31 tok/s decode_p50=40.11 tok/s ttft_p50=258 ms tpot_p50=24.93 ms errs=[] CELL greedy-c2-2k c=2 ok=8/8 agg=16.57 tok/s decode_p50=35.79 tok/s ttft_p50=11861 ms tpot_p50=27.94 ms errs=[]  notarmed=0 2 serving lane(s) (default on the plain PP matrix program; MEMRA_DSV4_SESSIONS=1 is the serial route) 
serve r8 R4 rc=0 CELL greedy-c1 c=1 ok=8/8 agg=68.17 tok/s decode_p50=71.10 tok/s ttft_p50=174 ms tpot_p50=14.07 ms errs=[] CELL greedy-c2 c=2 ok=8/8 agg=77.83 tok/s decode_p50=40.28 tok/s ttft_p50=255 ms tpot_p50=24.83 ms errs=[] CELL greedy-c4 c=4 ok=8/8 agg=104.33 tok/s decode_p50=27.25 tok/s ttft_p50=444 ms tpot_p50=36.69 ms errs=[] CELL sampled-c2 c=2 ok=8/8 agg=77.75 tok/s decode_p50=40.31 tok/s ttft_p50=258 ms tpot_p50=24.81 ms errs=[] CELL greedy-c2-2k c=2 ok=8/8 agg=16.59 tok/s decode_p50=35.97 tok/s ttft_p50=11855 ms tpot_p50=27.80 ms errs=[]  notarmed=0 4 serving lane(s) (MEMRA_DSV4_SESSIONS) 
V3Z_DONE
