== v
   Compiling memra-engine v0.138.0 (/root/wt-a/crates/memra-engine)
   Compiling memra-server v0.138.0 (/root/wt-a/crates/memra-server)
warning: memra-engine@0.138.0: nvcc auto-detected CUDA 13.1 at /usr/local/cuda-13.1/bin/nvcc
warning: memra-engine@0.138.0: MEMRA_CUDA_ARCH auto-detected 120a (compute_cap 12.0); set MEMRA_CUDA_ARCH to override
    Finished `release` profile [optimized] target(s) in 2m 29s
== base (bbd2535b6)
warning: memra-engine@0.138.0: nvcc auto-detected CUDA 13.1 at /usr/local/cuda-13.1/bin/nvcc
warning: memra-engine@0.138.0: MEMRA_CUDA_ARCH auto-detected 120a (compute_cap 12.0); set MEMRA_CUDA_ARCH to override
   Compiling memra-server v0.138.0 (/root/wt-a/crates/memra-server)
    Finished `release` profile [optimized] target(s) in 13.89s
== the tip's test binaries
warning: memra-engine@0.138.0: nvcc auto-detected CUDA 13.1 at /usr/local/cuda-13.1/bin/nvcc
warning: memra-engine@0.138.0: MEMRA_CUDA_ARCH auto-detected 120a (compute_cap 12.0); set MEMRA_CUDA_ARCH to override
   Compiling memra-server v0.138.0 (/root/wt-a/crates/memra-server)
    Finished `release` profile [optimized] target(s) in 13.96s
   Compiling memra-engine v0.138.0 (/root/wt-a/crates/memra-engine)
   Compiling memra-server v0.138.0 (/root/wt-a/crates/memra-server)
warning: memra-engine@0.138.0: nvcc auto-detected CUDA 13.1 at /usr/local/cuda-13.1/bin/nvcc
warning: memra-engine@0.138.0: MEMRA_CUDA_ARCH auto-detected 120a (compute_cap 12.0); set MEMRA_CUDA_ARCH to override
    Finished `test` profile [unoptimized + debuginfo] target(s) in 2m 08s
  Executable unittests src/lib.rs (target/debug/deps/memra_server-4cd9b829515be66d)
warning: memra-engine@0.138.0: nvcc auto-detected CUDA 13.1 at /usr/local/cuda-13.1/bin/nvcc
warning: memra-engine@0.138.0: MEMRA_CUDA_ARCH auto-detected 120a (compute_cap 12.0); set MEMRA_CUDA_ARCH to override
   Compiling memra-engine v0.138.0 (/root/wt-a/crates/memra-engine)
    Finished `test` profile [unoptimized + debuginfo] target(s) in 2.14s
  Executable unittests src/lib.rs (target/debug/deps/memra_engine-47ae06a2f9cbea34)
    Finished `test` profile [unoptimized + debuginfo] target(s) in 0.01s
  Executable tests/contracts/mod.rs (target/debug/deps/contracts-7e738aecefe88b56)
