build flip 275f83a75 rc=0 gate ec7bb5092b1e621b
gate handoff-greedy rc=0 [load] lane-8 peer byte-integrity probe PASS: 1 boundaries, 10 copies, ladder [16384, 65536, 524288, 1048576, 67108864] bytes, 347.6ms HANDOFF Some(640) (the position replay handed the request to the eager step) REPLAY_VARIANTS rank0=[180, 240, 58, 2] rank1=[180, 240, 58, 2] (ordinary, commit, c4, c4+c128) captures=[3, 1] PASS: 500 steps from position 400 to 900 bit-identical to eager (token, logits, cache and hidden digests), 240 of them replayed, then eager from the handoff at 640; tokens_sha256=54c602bee8dd7ba7f4baca1bb5af8caac2ec03d7982e3c4c9c8 
gate handoff-default rc=0 [load] lane-8 peer byte-integrity probe PASS: 1 boundaries, 10 copies, ladder [16384, 65536, 524288, 1048576, 67108864] bytes, 347.6ms HANDOFF Some(640) (the position replay handed the request to the eager step) REPLAY_VARIANTS rank0=[180, 240, 58, 2] rank1=[180, 240, 58, 2] (ordinary, commit, c4, c4+c128) captures=[3, 1] PASS: 500 steps from position 400 to 900 bit-identical to eager (token, logits, cache and hidden digests), 240 of them replayed, then eager from the handoff at 640; tokens_sha256=9059ef223492f37976abb05a3f594c68cc59228a538d9930f69 
gate limit16384-greedy rc=143 [load] lane-8 peer byte-integrity probe PASS: 1 boundaries, 10 copies, ladder [16384, 65536, 524288, 1048576, 67108864] bytes, 348.8ms 
V3Y_DONE
