build flip 9d19b5014 SERVER_EXIT=0 ENGINE_EXIT=0  server 0e7d5e6f7f69fa7b gate 7f1444f84a478901
gate handoff-greedy rc=101 [load] lane-8 peer byte-integrity probe PASS: 1 boundaries, 10 copies, ladder [16384, 65536, 524288, 1048576, 67108864] bytes, 349.3ms HANDOFF Some(640) (the position replay handed the request to the eager step) thread 'main' (263659) panicked at crates/memra-engine/src/bin/dsv4_tp_replay_long_gate.rs:260:10: 
gate handoff-default rc=101 [load] lane-8 peer byte-integrity probe PASS: 1 boundaries, 10 copies, ladder [16384, 65536, 524288, 1048576, 67108864] bytes, 345.6ms HANDOFF Some(640) (the position replay handed the request to the eager step) thread 'main' (263710) panicked at crates/memra-engine/src/bin/dsv4_tp_replay_long_gate.rs:260:10: 
gate plain-304 rc=0 [load] lane-8 peer byte-integrity probe PASS: 1 boundaries, 10 copies, ladder [16384, 65536, 524288, 1048576, 67108864] bytes, 346.2ms HANDOFF None (the position replay handed the request to the eager step) PASS: 304 steps from position 400 to 704 bit-identical to eager (token, logits, cache and hidden digests), 304 of them replayed; tokens_sha256=112c2fc66fe1f76029c4ff1a8ce3446af91c1570df6594bce9311533650f02ce TIME rep=2 eager_ms_per_token=17.257 replay_ms_per_token=13.935 eager_tok_s=57.95 replay_tok_s=71.76 speedup=1.238 
gate limit16384-greedy rc=101 [load] lane-8 peer byte-integrity probe PASS: 1 boundaries, 10 copies, ladder [16384, 65536, 524288, 1048576, 67108864] bytes, 347.3ms HANDOFF Some(16384) (the position replay handed the request to the eager step) thread 'main' (263797) panicked at crates/memra-engine/src/bin/dsv4_tp_replay_long_gate.rs:260:10: 
serve r1 Df rc=0 CELL greedy-c1 c=1 ok=8/8 agg=67.94 tok/s decode_p50=70.77 tok/s ttft_p50=173 ms tpot_p50=14.13 ms errs=[] CELL sampled-c1 c=1 ok=8/8 agg=68.47 tok/s decode_p50=71.49 tok/s ttft_p50=172 ms tpot_p50=13.99 ms errs=[] CELL greedy-c1-ignore-eos c=1 ok=4/4 agg=69.02 tok/s decode_p50=72.09 tok/s ttft_p50=172 ms tpot_p50=13.87 ms errs=[] CELL greedy-c2 c=2 ok=8/8 agg=69.07 tok/s decode_p50=72.17 tok/s ttft_p50=3878 ms tpot_p50=13.86 ms errs=[] CELL sampled-c2 c=2 ok=8/8 agg=68.82 tok/s decode_p50=71.85 tok/s ttft_p50=3890 ms tpot_p50=13.92 ms errs=[] CELL greedy-c1-2k c=1 ok=4/4 agg=16.10 tok/s decode_p50=67.95 tok/s ttft_p50=6070 ms tpot_p50=14.72 ms errs=[]  notarmed=0 [load] plain sampler: Device (the topology's default) 
serve r2 Pp rc=0 CELL greedy-c1 c=1 ok=8/8 agg=59.65 tok/s decode_p50=62.38 tok/s ttft_p50=210 ms tpot_p50=16.03 ms errs=[] CELL sampled-c1 c=1 ok=8/8 agg=55.97 tok/s decode_p50=58.49 tok/s ttft_p50=208 ms tpot_p50=17.10 ms errs=[] CELL greedy-c1-ignore-eos c=1 ok=4/4 agg=60.68 tok/s decode_p50=63.61 tok/s ttft_p50=206 ms tpot_p50=15.72 ms errs=[] CELL greedy-c2 c=2 ok=8/8 agg=113.01 tok/s decode_p50=60.78 tok/s ttft_p50=330 ms tpot_p50=16.45 ms errs=[] CELL sampled-c2 c=2 ok=8/8 agg=105.82 tok/s decode_p50=56.60 tok/s ttft_p50=327 ms tpot_p50=17.67 ms errs=[] CELL greedy-c1-2k c=1 ok=4/4 agg=15.81 tok/s decode_p50=61.34 tok/s ttft_p50=6013 ms tpot_p50=16.30 ms errs=[]  notarmed=0 [load] plain sampler: Host (the topology's default) 
serve r3 Pp rc=0 CELL greedy-c1 c=1 ok=8/8 agg=59.62 tok/s decode_p50=62.38 tok/s ttft_p50=210 ms tpot_p50=16.03 ms errs=[] CELL sampled-c1 c=1 ok=8/8 agg=55.83 tok/s decode_p50=58.40 tok/s ttft_p50=208 ms tpot_p50=17.12 ms errs=[] CELL greedy-c1-ignore-eos c=1 ok=4/4 agg=60.78 tok/s decode_p50=63.82 tok/s ttft_p50=206 ms tpot_p50=15.67 ms errs=[] CELL greedy-c2 c=2 ok=8/8 agg=113.02 tok/s decode_p50=60.78 tok/s ttft_p50=331 ms tpot_p50=16.45 ms errs=[] CELL sampled-c2 c=2 ok=8/8 agg=105.73 tok/s decode_p50=56.53 tok/s ttft_p50=326 ms tpot_p50=17.69 ms errs=[] CELL greedy-c1-2k c=1 ok=4/4 agg=15.82 tok/s decode_p50=61.34 tok/s ttft_p50=6012 ms tpot_p50=16.30 ms errs=[]  notarmed=0 [load] plain sampler: Host (the topology's default) 
serve r4 Df rc=0 CELL greedy-c1 c=1 ok=8/8 agg=68.32 tok/s decode_p50=71.20 tok/s ttft_p50=172 ms tpot_p50=14.05 ms errs=[] CELL sampled-c1 c=1 ok=8/8 agg=69.60 tok/s decode_p50=72.70 tok/s ttft_p50=171 ms tpot_p50=13.76 ms errs=[] CELL greedy-c1-ignore-eos c=1 ok=4/4 agg=69.90 tok/s decode_p50=72.98 tok/s ttft_p50=171 ms tpot_p50=13.70 ms errs=[] CELL greedy-c2 c=2 ok=8/8 agg=69.78 tok/s decode_p50=72.94 tok/s ttft_p50=3839 ms tpot_p50=13.71 ms errs=[] CELL sampled-c2 c=2 ok=8/8 agg=69.52 tok/s decode_p50=72.61 tok/s ttft_p50=3851 ms tpot_p50=13.77 ms errs=[] CELL greedy-c1-2k c=1 ok=4/4 agg=16.16 tok/s decode_p50=68.64 tok/s ttft_p50=6061 ms tpot_p50=14.57 ms errs=[]  notarmed=0 [load] plain sampler: Device (the topology's default) 
serve r5 Df rc=0 CELL greedy-c1 c=1 ok=8/8 agg=68.37 tok/s decode_p50=71.49 tok/s ttft_p50=172 ms tpot_p50=13.99 ms errs=[] CELL sampled-c1 c=1 ok=8/8 agg=69.56 tok/s decode_p50=72.65 tok/s ttft_p50=171 ms tpot_p50=13.76 ms errs=[] CELL greedy-c1-ignore-eos c=1 ok=4/4 agg=69.89 tok/s decode_p50=72.97 tok/s ttft_p50=170 ms tpot_p50=13.70 ms errs=[] CELL greedy-c2 c=2 ok=8/8 agg=69.81 tok/s decode_p50=72.95 tok/s ttft_p50=3837 ms tpot_p50=13.71 ms errs=[] CELL sampled-c2 c=2 ok=8/8 agg=69.51 tok/s decode_p50=72.58 tok/s ttft_p50=3853 ms tpot_p50=13.78 ms errs=[] CELL greedy-c1-2k c=1 ok=4/4 agg=16.16 tok/s decode_p50=68.65 tok/s ttft_p50=6060 ms tpot_p50=14.57 ms errs=[]  notarmed=0 [load] plain sampler: Device (the topology's default) 
serve r6 Pp rc=0 CELL greedy-c1 c=1 ok=8/8 agg=59.66 tok/s decode_p50=62.36 tok/s ttft_p50=210 ms tpot_p50=16.04 ms errs=[] CELL sampled-c1 c=1 ok=8/8 agg=55.87 tok/s decode_p50=58.38 tok/s ttft_p50=207 ms tpot_p50=17.13 ms errs=[] CELL greedy-c1-ignore-eos c=1 ok=4/4 agg=60.68 tok/s decode_p50=63.61 tok/s ttft_p50=206 ms tpot_p50=15.72 ms errs=[] CELL greedy-c2 c=2 ok=8/8 agg=113.22 tok/s decode_p50=60.82 tok/s ttft_p50=325 ms tpot_p50=16.44 ms errs=[] CELL sampled-c2 c=2 ok=8/8 agg=105.80 tok/s decode_p50=56.56 tok/s ttft_p50=326 ms tpot_p50=17.68 ms errs=[] CELL greedy-c1-2k c=1 ok=4/4 agg=15.82 tok/s decode_p50=61.33 tok/s ttft_p50=6012 ms tpot_p50=16.31 ms errs=[]  notarmed=0 [load] plain sampler: Host (the topology's default) 
serve r7 Hc rc=0 CELL greedy-c1 c=1 ok=8/8 agg=68.31 tok/s decode_p50=71.48 tok/s ttft_p50=177 ms tpot_p50=13.99 ms errs=[] CELL sampled-c1 c=1 ok=8/8 agg=69.40 tok/s decode_p50=72.65 tok/s ttft_p50=175 ms tpot_p50=13.77 ms errs=[] CELL greedy-c1-ignore-eos c=1 ok=4/4 agg=69.75 tok/s decode_p50=72.95 tok/s ttft_p50=177 ms tpot_p50=13.71 ms errs=[]  notarmed=0 [load] plain sampler: Device (the topology's default) 
serve r8 DsDf rc=0 CELL greedy-c1 c=1 ok=8/8 agg=70.20 tok/s decode_p50=72.83 tok/s ttft_p50=207 ms tpot_p50=13.73 ms errs=[] CELL sampled-c1 c=1 ok=8/8 agg=61.81 tok/s decode_p50=63.63 tok/s ttft_p50=212 ms tpot_p50=15.72 ms errs=[] CELL greedy-c1-ignore-eos c=1 ok=4/4 agg=71.03 tok/s decode_p50=75.98 tok/s ttft_p50=203 ms tpot_p50=13.16 ms errs=[]  notarmed=0 [load] plain sampler: Device (the topology's default) 
serve r9 DsPp rc=0 CELL greedy-c1 c=1 ok=8/8 agg=58.38 tok/s decode_p50=61.75 tok/s ttft_p50=267 ms tpot_p50=16.19 ms errs=[] CELL sampled-c1 c=1 ok=8/8 agg=52.15 tok/s decode_p50=54.01 tok/s ttft_p50=273 ms tpot_p50=18.51 ms errs=[] CELL greedy-c1-ignore-eos c=1 ok=4/4 agg=59.50 tok/s decode_p50=63.91 tok/s ttft_p50=261 ms tpot_p50=15.65 ms errs=[]  notarmed=0 [load] plain sampler: Host (the topology's default) 
serve r10 DsPp rc=0 CELL greedy-c1 c=1 ok=8/8 agg=58.33 tok/s decode_p50=61.69 tok/s ttft_p50=267 ms tpot_p50=16.21 ms errs=[] CELL sampled-c1 c=1 ok=8/8 agg=51.98 tok/s decode_p50=53.79 tok/s ttft_p50=273 ms tpot_p50=18.59 ms errs=[] CELL greedy-c1-ignore-eos c=1 ok=4/4 agg=59.41 tok/s decode_p50=63.84 tok/s ttft_p50=262 ms tpot_p50=15.66 ms errs=[]  notarmed=0 [load] plain sampler: Host (the topology's default) 
serve r11 DsDf rc=0 CELL greedy-c1 c=1 ok=8/8 agg=70.04 tok/s decode_p50=72.76 tok/s ttft_p50=208 ms tpot_p50=13.74 ms errs=[] CELL sampled-c1 c=1 ok=8/8 agg=61.62 tok/s decode_p50=63.51 tok/s ttft_p50=213 ms tpot_p50=15.75 ms errs=[] CELL greedy-c1-ignore-eos c=1 ok=4/4 agg=70.93 tok/s decode_p50=75.87 tok/s ttft_p50=203 ms tpot_p50=13.18 ms errs=[]  notarmed=0 [load] plain sampler: Device (the topology's default) 
V3X_DONE
