build W ce3f7e135 SERVER_EXIT=0 ENGINE_EXIT=0 
bits W rc=0 test dsv4_hc_finish_is_bit_identical_to_the_unfused_chain ... DSV4_HC_FINISH EXACT cases=144 outputs=7 slices=8,16,32 rows=1,2,5,6 red_arms=3 test result: ok. 1 passed; 0 failed; 0 ignored; 0 measured; 1 filtered out; finished in 1.28s 
timing t1 M14 rc=0 rows=1 rep=0 fused_us=11.803 rows=1 rep=1 fused_us=11.799 rows=1 rep=2 fused_us=11.794 rows=1 rep=3 fused_us=11.756 rows=1 rep=4 fused_us=11.784 rows=6 rep=0 fused_us=18.731 rows=6 rep=1 fused_us=18.945 rows=6 rep=2 fused_us=18.910 rows=6 rep=3 fused_us=18.940 rows=6 rep=4 fused_us=18.907 
timing t2 W rc=0 rows=1 rep=0 fused_us=9.869 rows=1 rep=1 fused_us=9.872 rows=1 rep=2 fused_us=9.866 rows=1 rep=3 fused_us=9.877 rows=1 rep=4 fused_us=9.842 rows=6 rep=0 fused_us=17.249 rows=6 rep=1 fused_us=17.253 rows=6 rep=2 fused_us=17.246 rows=6 rep=3 fused_us=17.255 rows=6 rep=4 fused_us=17.251 
timing t3 W rc=0 rows=1 rep=0 fused_us=9.913 rows=1 rep=1 fused_us=9.923 rows=1 rep=2 fused_us=9.937 rows=1 rep=3 fused_us=9.912 rows=1 rep=4 fused_us=9.943 rows=6 rep=0 fused_us=17.258 rows=6 rep=1 fused_us=17.261 rows=6 rep=2 fused_us=17.208 rows=6 rep=3 fused_us=17.270 rows=6 rep=4 fused_us=17.265 
timing t4 M14 rc=0 rows=1 rep=0 fused_us=11.843 rows=1 rep=1 fused_us=11.842 rows=1 rep=2 fused_us=11.827 rows=1 rep=3 fused_us=11.823 rows=1 rep=4 fused_us=11.814 rows=6 rep=0 fused_us=19.034 rows=6 rep=1 fused_us=18.984 rows=6 rep=2 fused_us=19.001 rows=6 rep=3 fused_us=19.086 rows=6 rep=4 fused_us=18.996 
long t1 M14 rc=0 PASS: 304 PROGRAM_SHA256 fbce1a0492d69635  replay_ms_per_token=10.713 replay_ms_per_token=10.700 replay_ms_per_token=10.698 
long t2 W rc=0 PASS: 304 PROGRAM_SHA256 fbce1a0492d69635  replay_ms_per_token=10.526 replay_ms_per_token=10.478 replay_ms_per_token=10.477 
long t3 W rc=0 PASS: 304 PROGRAM_SHA256 fbce1a0492d69635  replay_ms_per_token=10.575 replay_ms_per_token=10.484 replay_ms_per_token=10.478 
long t4 M14 rc=0 PASS: 304 PROGRAM_SHA256 fbce1a0492d69635  replay_ms_per_token=10.820 replay_ms_per_token=10.745 replay_ms_per_token=10.700 
long t5 M14 rc=0 PASS: 304 PROGRAM_SHA256 fbce1a0492d69635  replay_ms_per_token=10.804 replay_ms_per_token=10.697 replay_ms_per_token=10.699 
long t6 W rc=0 PASS: 304 PROGRAM_SHA256 fbce1a0492d69635  replay_ms_per_token=10.584 replay_ms_per_token=10.484 replay_ms_per_token=10.479 
serve r1 M14 rc=0 CELL greedy-c1 c=1 ok=8/8 agg=89.17 tok/s decode_p50=94.04 tok/s ttft_p50=154 ms tpot_p50=10.63 ms errs=[] CELL sampled-c1 c=1 ok=8/8 agg=89.78 tok/s decode_p50=94.27 tok/s ttft_p50=147 ms tpot_p50=10.61 ms errs=[] CELL greedy-c2 c=2 ok=8/8 agg=121.30 tok/s decode_p50=63.90 tok/s ttft_p50=228 ms tpot_p50=15.65 ms errs=[] CELL greedy-c4 c=4 ok=8/8 agg=155.28 tok/s decode_p50=41.26 tok/s ttft_p50=400 ms tpot_p50=24.24 ms errs=[] CELL greedy-c2-2k c=2 ok=8/8 agg=21.74 tok/s decode_p50=49.99 tok/s ttft_p50=9205 ms tpot_p50=20.01 ms errs=[] 
serve r2 W rc=0 CELL greedy-c1 c=1 ok=8/8 agg=91.01 tok/s decode_p50=96.09 tok/s ttft_p50=153 ms tpot_p50=10.41 ms errs=[] CELL sampled-c1 c=1 ok=8/8 agg=91.51 tok/s decode_p50=96.25 tok/s ttft_p50=146 ms tpot_p50=10.39 ms errs=[] CELL greedy-c2 c=2 ok=8/8 agg=122.78 tok/s decode_p50=64.67 tok/s ttft_p50=221 ms tpot_p50=15.46 ms errs=[] CELL greedy-c4 c=4 ok=8/8 agg=154.99 tok/s decode_p50=41.31 tok/s ttft_p50=399 ms tpot_p50=24.21 ms errs=[] CELL greedy-c2-2k c=2 ok=8/8 agg=21.82 tok/s decode_p50=50.62 tok/s ttft_p50=9191 ms tpot_p50=19.76 ms errs=[] 
serve r3 W rc=0 CELL greedy-c1 c=1 ok=8/8 agg=91.10 tok/s decode_p50=96.23 tok/s ttft_p50=152 ms tpot_p50=10.39 ms errs=[] CELL sampled-c1 c=1 ok=8/8 agg=91.54 tok/s decode_p50=96.20 tok/s ttft_p50=147 ms tpot_p50=10.40 ms errs=[] CELL greedy-c2 c=2 ok=8/8 agg=123.05 tok/s decode_p50=64.79 tok/s ttft_p50=225 ms tpot_p50=15.43 ms errs=[] CELL greedy-c4 c=4 ok=8/8 agg=157.19 tok/s decode_p50=41.80 tok/s ttft_p50=387 ms tpot_p50=23.92 ms errs=[] CELL greedy-c2-2k c=2 ok=8/8 agg=21.82 tok/s decode_p50=50.55 tok/s ttft_p50=9189 ms tpot_p50=19.78 ms errs=[] 
serve r4 M14 rc=0 CELL greedy-c1 c=1 ok=8/8 agg=89.30 tok/s decode_p50=94.04 tok/s ttft_p50=153 ms tpot_p50=10.63 ms errs=[] CELL sampled-c1 c=1 ok=8/8 agg=89.73 tok/s decode_p50=94.23 tok/s ttft_p50=147 ms tpot_p50=10.61 ms errs=[] CELL greedy-c2 c=2 ok=8/8 agg=121.29 tok/s decode_p50=63.90 tok/s ttft_p50=228 ms tpot_p50=15.65 ms errs=[] CELL greedy-c4 c=4 ok=8/8 agg=155.54 tok/s decode_p50=41.27 tok/s ttft_p50=393 ms tpot_p50=24.23 ms errs=[] CELL greedy-c2-2k c=2 ok=8/8 agg=21.74 tok/s decode_p50=49.85 tok/s ttft_p50=9197 ms tpot_p50=20.06 ms errs=[] 
V6M_DONE ce3f7e135e3800959c49d0222fae25ee1039cf57
