   Compiling proc-macro2 v1.0.106
   Compiling quote v1.0.46
   Compiling serde_core v1.0.228
   Compiling syn v2.0.118
   Compiling memchr v2.8.2
   Compiling serde_json v1.0.150
   Compiling serde_derive v1.0.228
   Compiling serde v1.0.228
   Compiling memra-gguf v0.138.0 (/home/avifenesh/projects/wt-memra-rig-qualification-20261002/crates/memra-gguf)
   Compiling smallvec v1.15.2
   Compiling unicode-normalization-alignments v0.1.12
   Compiling aho-corasick v1.1.4
   Compiling memra-tokenizer v0.138.0 (/home/avifenesh/projects/wt-memra-rig-qualification-20261002/crates/memra-tokenizer)
   Compiling memra-tier v0.138.0 (/home/avifenesh/projects/wt-memra-rig-qualification-20261002/crates/memra-tier)
warning: memra-engine@0.138.0: nvcc from $CUDA_HOME: /usr/local/cuda-13.1/bin/nvcc
   Compiling memra-kv v0.138.0 (/home/avifenesh/projects/wt-memra-rig-qualification-20261002/crates/memra-kv)
   Compiling memra-reference v0.138.0 (/home/avifenesh/projects/wt-memra-rig-qualification-20261002/crates/memra-reference)
   Compiling memra-runtime v0.138.0 (/home/avifenesh/projects/wt-memra-rig-qualification-20261002/crates/memra-runtime)
   Compiling memra-engine v0.138.0 (/home/avifenesh/projects/wt-memra-rig-qualification-20261002/crates/memra-engine)
    Finished `release` profile [optimized] target(s) in 1m 41s
          Finished with result: success
Main processes terminated with: code=exited, status=0/SUCCESS
               Service runtime: 1min 41.801s
             CPU time consumed: 3min 5.363s
                   Memory peak: 2.6G (swap: 0B)
