12:01:57.406	[cpu-probe] phase=start cpu=2 compute_ns=1.057
12:01:57.440	[tensor-contract] bound 753 semantic tensors (pack qwen35_moe, Gguf, output head Separate); every census tensor is claimed and every required tensor is present with its declared shape and storage
12:01:59.647	[q8rp] split-plane decode mirrors built: 191 tensors
12:01:59.647	loaded qwen35moe (40 trunk layers; optional MTP skipped)
12:01:59.647	prompt tokens: [55, 88, 13]
12:01:59.832	[glm5-vrows-t1-deny] dev=0 il=0 capture_open=false t1_dev=false forced=false slab_bases=false moe_q8=true uniform=true n_used=8 sigmoid_cfg=false pre_clamp=false cpu_hybrid=false observe_routes=false sig_router_env=true — the T=1 device-table MoE arm stood down and this layer takes the host-readback path. Benign with capture_open=false (an eager gap layer); with capture_open=true it is the wrong-answer class the router guard refuses, and the first denied conjunct on the line is the reason.
12:01:59.833	[glm5-vrows-t1-deny] dev=0 il=1 capture_open=false t1_dev=false forced=false slab_bases=false moe_q8=true uniform=true n_used=8 sigmoid_cfg=false pre_clamp=false cpu_hybrid=false observe_routes=false sig_router_env=true — the T=1 device-table MoE arm stood down and this layer takes the host-readback path. Benign with capture_open=false (an eager gap layer); with capture_open=true it is the wrong-answer class the router guard refuses, and the first denied conjunct on the line is the reason.
12:01:59.833	[glm5-vrows-t1-deny] dev=0 il=2 capture_open=false t1_dev=false forced=false slab_bases=false moe_q8=true uniform=true n_used=8 sigmoid_cfg=false pre_clamp=false cpu_hybrid=false observe_routes=false sig_router_env=true — the T=1 device-table MoE arm stood down and this layer takes the host-readback path. Benign with capture_open=false (an eager gap layer); with capture_open=true it is the wrong-answer class the router guard refuses, and the first denied conjunct on the line is the reason.
12:01:59.833	[fa-pool] grow #0 dev=0 o_len 0 -> 4096 ml_len 0 -> 16 (retired kept, zero=false)
12:01:59.834	[glm5-vrows-t1-deny] dev=0 il=13 capture_open=false t1_dev=false forced=false slab_bases=false moe_q8=true uniform=true n_used=8 sigmoid_cfg=false pre_clamp=false cpu_hybrid=false observe_routes=false sig_router_env=true — the T=1 device-table MoE arm stood down and this layer takes the host-readback path. Benign with capture_open=false (an eager gap layer); with capture_open=true it is the wrong-answer class the router guard refuses, and the first denied conjunct on the line is the reason.
12:01:59.834	[glm5-vrows-t1-deny] dev=0 il=14 capture_open=false t1_dev=false forced=false slab_bases=false moe_q8=true uniform=true n_used=8 sigmoid_cfg=false pre_clamp=false cpu_hybrid=false observe_routes=false sig_router_env=true — the T=1 device-table MoE arm stood down and this layer takes the host-readback path. Benign with capture_open=false (an eager gap layer); with capture_open=true it is the wrong-answer class the router guard refuses, and the first denied conjunct on the line is the reason.
12:01:59.834	[glm5-vrows-t1-deny] dev=0 il=15 capture_open=false t1_dev=false forced=false slab_bases=false moe_q8=true uniform=true n_used=8 sigmoid_cfg=false pre_clamp=false cpu_hybrid=false observe_routes=false sig_router_env=true — the T=1 device-table MoE arm stood down and this layer takes the host-readback path. Benign with capture_open=false (an eager gap layer); with capture_open=true it is the wrong-answer class the router guard refuses, and the first denied conjunct on the line is the reason.
12:01:59.835	[glm5-vrows-t1-deny] dev=0 il=16 capture_open=false t1_dev=false forced=false slab_bases=false moe_q8=true uniform=true n_used=8 sigmoid_cfg=false pre_clamp=false cpu_hybrid=false observe_routes=false sig_router_env=true — the T=1 device-table MoE arm stood down and this layer takes the host-readback path. Benign with capture_open=false (an eager gap layer); with capture_open=true it is the wrong-answer class the router guard refuses, and the first denied conjunct on the line is the reason.
12:01:59.835	[glm5-vrows-t1-deny] dev=0 il=17 capture_open=false t1_dev=false forced=false slab_bases=false moe_q8=true uniform=true n_used=8 sigmoid_cfg=false pre_clamp=false cpu_hybrid=false observe_routes=false sig_router_env=true — the T=1 device-table MoE arm stood down and this layer takes the host-readback path. Benign with capture_open=false (an eager gap layer); with capture_open=true it is the wrong-answer class the router guard refuses, and the first denied conjunct on the line is the reason.
12:01:59.848	prefill argmax=198  decode argmax=198  logit maxdiff=6.482e-1  MATCH
12:01:59.849	[cpu-probe] phase=gate cpu=1 compute_ns=1.049
12:02:00.106	generated 32 tokens in 0.245s = 130.50 tok/s (Stage-B int8 dp4a decode, gen-only; prime 0.012s) [stop: MaxNew]
12:02:00.107	tokens: [198, 760, 1118, 3065, 310, 635, 369, 310, 1791, 264, 491, 2313, 13, 353, 2688, 2019, 310, 958, 279, 1581, 46796, 35309, 9237, 4736, 7093, 3683, 13, 198, 40, 2688, 2019, 310]
12:02:00.108	[cpu-probe] phase=generate cpu=1 compute_ns=1.049
12:02:00.108	MoE cache: 9986 slots | cumulative hits=31149 misses=8211 (hit-rate=79.1%) | Stage-1 baseline = 454 MB/decode-token (every block, every layer, every token)
12:02:00.273	[cpu-probe] phase=warm cpu=1 compute_ns=1.050
12:02:00.491	MoE cache STEADY-STATE window: 32 decode steps in 0.218s
12:02:00.492	[cpu-probe] phase=window cpu=1 compute_ns=1.049
12:02:00.492	MoE cache STEADY-STATE (32 tokens after warmup): hit-rate=90.4% | 43.5 MB/decode-token (vs 454 MB/token Stage-1 => 10.4x less PCIe)
12:02:01.381	[cpu-probe] cpu=1 cpu_after=1 compute_ns=1.050 l1_ns=0.874 l2_ns=2.782 dram_ns=87.568 compute2_ns=1.049
