   Compiling proc-macro2 v1.0.106
   Compiling unicode-ident v1.0.24
   Compiling quote v1.0.46
   Compiling libc v0.2.186
   Compiling serde_core v1.0.228
   Compiling serde v1.0.228
   Compiling version_check v0.9.5
   Compiling cfg-if v1.0.4
   Compiling itoa v1.0.18
   Compiling pin-project-lite v0.2.17
   Compiling futures-core v0.3.32
   Compiling syn v2.0.118
   Compiling once_cell v1.21.4
   Compiling hashbrown v0.17.1
   Compiling equivalent v1.0.2
   Compiling smallvec v1.15.2
   Compiling bytes v1.12.0
   Compiling indexmap v2.14.0
   Compiling zmij v1.0.21
   Compiling crossbeam-utils v0.8.22
   Compiling http v1.4.2
   Compiling errno v0.3.14
   Compiling generic-array v0.14.7
   Compiling zerocopy v0.8.55
   Compiling crossbeam-epoch v0.9.20
   Compiling getrandom v0.3.4
   Compiling serde_json v1.0.150
   Compiling signal-hook-registry v1.4.8
   Compiling http-body v1.0.1
   Compiling mio v1.2.1
   Compiling socket2 v0.6.4
   Compiling memmap2 v0.9.11
   Compiling serde_derive v1.0.228
   Compiling tokio-macros v2.7.0
   Compiling syn v3.0.3
   Compiling ahash v0.8.12
   Compiling percent-encoding v2.3.2
   Compiling anyhow v1.0.104
   Compiling httparse v1.10.1
   Compiling parking_lot_core v0.9.12
   Compiling cudarc v0.19.8
   Compiling crossbeam-deque v0.8.7
   Compiling memchr v2.8.2
   Compiling ref-cast v1.0.26
   Compiling typenum v1.20.1
   Compiling ref-cast-impl v1.0.26
   Compiling tokio v1.52.3
   Compiling memra-gguf v0.81.3 (/home/avifenesh/projects/wt-cx-budgetsize-baseline/crates/memra-gguf)
   Compiling tracing-core v0.1.36
   Compiling libloading v0.9.0
   Compiling log v0.4.33
   Compiling scopeguard v1.2.0
   Compiling rayon-core v1.13.0
   Compiling heck v0.5.0
   Compiling tower-service v0.3.3
   Compiling slab v0.4.12
   Compiling futures-task v0.3.32
   Compiling rustversion v1.0.22
   Compiling futures-util v0.3.32
   Compiling strum_macros v0.28.0
   Compiling lock_api v0.4.14
   Compiling tracing v0.1.44
   Compiling bytemuck_derive v1.11.0
   Compiling futures-channel v0.3.32
   Compiling sync_wrapper v1.0.2
   Compiling borrow-or-share v0.2.4
   Compiling atomic-waker v1.1.2
   Compiling tower-layer v0.3.3
   Compiling bytemuck v1.25.2
   Compiling httpdate v1.0.3
   Compiling hyper v1.10.1
   Compiling fluent-uri v0.3.2
   Compiling parking_lot v0.12.5
   Compiling strum v0.28.0
   Compiling serde_spanned v0.6.9
   Compiling toml_datetime v0.6.11
   Compiling block-buffer v0.10.4
   Compiling crypto-common v0.1.7
   Compiling form_urlencoded v1.2.2
   Compiling async-trait v0.1.89
   Compiling http-body-util v0.1.3
   Compiling mime v0.3.17
   Compiling ryu v1.0.23
   Compiling regex-syntax v0.8.11
   Compiling llguidance v1.7.6
   Compiling memra-engine v0.81.3 (/home/avifenesh/projects/wt-cx-budgetsize-baseline/crates/memra-engine)
   Compiling toml_write v0.1.2
   Compiling winnow v0.7.15
   Compiling either v1.17.0
   Compiling rayon v1.12.0
   Compiling toml_edit v0.22.27
   Compiling derivre v0.3.12
warning: memra-engine@0.81.3: nvcc from $CUDA_HOME: /usr/local/cuda-13.1/bin/nvcc
warning: memra-engine@0.81.3: MEMRA_CUDA_ARCH auto-detected 120a (compute_cap 12.0); set MEMRA_CUDA_ARCH to override
error: failed to run custom build command for `memra-engine v0.81.3 (/home/avifenesh/projects/wt-cx-budgetsize-baseline/crates/memra-engine)`

Caused by:
  process didn't exit successfully: `/home/avifenesh/projects/wt-cx-budgetsize/target/baseline-instrumented/release/build/memra-engine-5411ce7d799d9b22/build-script-build` (exit status: 101)
  --- stdout
  cargo:rerun-if-env-changed=MEMRA_NVCC
  cargo:rerun-if-env-changed=CUDA_HOME
  cargo:rerun-if-env-changed=CUDA_PATH
  cargo:rerun-if-env-changed=CUDA_ROOT
  cargo:warning=nvcc from $CUDA_HOME: /usr/local/cuda-13.1/bin/nvcc
  cargo:rerun-if-env-changed=MEMRA_CUDA_ARCH
  cargo:rerun-if-env-changed=MEMRA_CUTLASS
  cargo:rustc-check-cfg=cfg(memra_portable_cuda)
  cargo:rustc-check-cfg=cfg(memra_hopper_mma)
  cargo:rustc-check-cfg=cfg(memra_cutlass)
  cargo:warning=MEMRA_CUDA_ARCH auto-detected 120a (compute_cap 12.0); set MEMRA_CUDA_ARCH to override
  cargo:rustc-env=MEMRA_BUILT_CUDA_ARCH=120a
  cargo:rerun-if-changed=cu/kernels.cu
  cargo:rerun-if-changed=cu/wgmma_common.cuh
  cargo:rerun-if-env-changed=MEMRA_FA_PP_MINBLOCKS

  --- stderr
  cu/kernels.cu(798): warning #550-D: variable "head" was set but never used
        int head = hr % n_heads;
            ^

  Remark: The warnings can be suppressed with "-diag-suppress <warning-number>"

  cu/kernels.cu(1770): warning #550-D: variable "red" was set but never used
        __attribute__((shared)) float red[1];
                                      ^

  cu/kernels.cu(1817): warning #550-D: variable "red" was set but never used
        __attribute__((shared)) float red[1];
                                      ^

  LLVM ERROR: out of memory
  Aborted (core dumped)

  thread 'main' (835748) panicked at crates/memra-engine/build.rs:251:9:
  nvcc fatbin build failed for cu/kernels.cu
  note: run with `RUST_BACKTRACE=1` environment variable to display a backtrace
warning: build failed, waiting for other jobs to finish...
