BUILD dmrow head=58348d94d9cdc32598881fdda55a53449bd406a8 utc=2026-09-23T10:30:53Z SERVER_EXIT=0 ENGINE_EXIT=0 
bin 10603562f904c869
test-bin /root/lane/target-dmrow/release/deps/dsv4_small_diet_gpu-fade922ab743c817 2c69c8dbe7d4232a
component test dsv4_small_hc_diet_is_bit_identical_to_the_unfused_chain ... DSV4_SMALL_HC_DIET EXACT cases=96 outputs=5 red_arms=3 test dsv4_small_hc_diet_multirow_is_bit_identical_to_the_unfused_chain_and_to_each_row_alone ... DSV4_SMALL_HC_DIET_MROW EXACT cases=24 rows=448 outputs=5 red_arms=1 test dsv4_small_norm_pack_diet_is_bit_identical_to_the_unfused_pair ... DSV4_SMALL_NORM_PACK_DIET EXACT cases=128 outputs=2 red_arms=1 test dsv4_small_norm_pack_diet_multirow_is_bit_identical_to_the_unfused_pair_and_to_each_row_alone ... DSV4_SMALL_NORM_PACK_DIET_MROW EXACT cases=18 rows=336 outputs=2 test result: ok. 4 passed; 0 failed; 0 ignored; 0 measured; 0 filtered out; finished in 1.41s GATE_DONE rc=0 utc=2026-09-23T10:35:15Z 
dspark-served GPU DSPARK GATE [PASS] GATE_DONE rc=0 utc=2026-09-23T10:38:10Z 
s1 on rc=0 CELL greedy-c1 c=1 ok=8/8 agg=69.42 tok/s decode_p50=74.57 tok/s ttft_p50=243 ms tpot_p50=13.41 ms errs=[] CELL sampled-c1 c=1 ok=8/8 agg=59.23 tok/s decode_p50=61.37 tok/s ttft_p50=256 ms tpot_p50=16.30 ms errs=[] CELL greedy-c1-ignore-eos c=1 ok=4/4 agg=68.68 tok/s decode_p50=74.25 tok/s ttft_p50=244 ms tpot_p50=13.47 ms errs=[] 
s2 t1 rc=0 CELL greedy-c1 c=1 ok=8/8 agg=69.46 tok/s decode_p50=74.67 tok/s ttft_p50=244 ms tpot_p50=13.39 ms errs=[] CELL sampled-c1 c=1 ok=8/8 agg=59.47 tok/s decode_p50=61.53 tok/s ttft_p50=254 ms tpot_p50=16.25 ms errs=[] CELL greedy-c1-ignore-eos c=1 ok=4/4 agg=68.94 tok/s decode_p50=74.51 tok/s ttft_p50=243 ms tpot_p50=13.42 ms errs=[] 
s3 t1 rc=0 CELL greedy-c1 c=1 ok=8/8 agg=69.49 tok/s decode_p50=74.66 tok/s ttft_p50=243 ms tpot_p50=13.39 ms errs=[] CELL sampled-c1 c=1 ok=8/8 agg=59.43 tok/s decode_p50=61.47 tok/s ttft_p50=255 ms tpot_p50=16.27 ms errs=[] CELL greedy-c1-ignore-eos c=1 ok=4/4 agg=68.92 tok/s decode_p50=74.51 tok/s ttft_p50=244 ms tpot_p50=13.42 ms errs=[] 
s4 on rc=0 CELL greedy-c1 c=1 ok=8/8 agg=69.49 tok/s decode_p50=74.64 tok/s ttft_p50=243 ms tpot_p50=13.40 ms errs=[] CELL sampled-c1 c=1 ok=8/8 agg=59.43 tok/s decode_p50=61.55 tok/s ttft_p50=255 ms tpot_p50=16.25 ms errs=[] CELL greedy-c1-ignore-eos c=1 ok=4/4 agg=68.93 tok/s decode_p50=74.52 tok/s ttft_p50=243 ms tpot_p50=13.42 ms errs=[] 
s5 on rc=0 CELL greedy-c1 c=1 ok=8/8 agg=69.46 tok/s decode_p50=74.55 tok/s ttft_p50=243 ms tpot_p50=13.41 ms errs=[] CELL sampled-c1 c=1 ok=8/8 agg=59.43 tok/s decode_p50=61.51 tok/s ttft_p50=255 ms tpot_p50=16.26 ms errs=[] CELL greedy-c1-ignore-eos c=1 ok=4/4 agg=68.94 tok/s decode_p50=74.51 tok/s ttft_p50=244 ms tpot_p50=13.42 ms errs=[] 
s6 t1 rc=0 CELL greedy-c1 c=1 ok=8/8 agg=69.45 tok/s decode_p50=74.57 tok/s ttft_p50=243 ms tpot_p50=13.41 ms errs=[] CELL sampled-c1 c=1 ok=8/8 agg=59.40 tok/s decode_p50=61.43 tok/s ttft_p50=255 ms tpot_p50=16.28 ms errs=[] CELL greedy-c1-ignore-eos c=1 ok=4/4 agg=68.90 tok/s decode_p50=74.49 tok/s ttft_p50=244 ms tpot_p50=13.43 ms errs=[] 
s7 t1 rc=0 CELL greedy-c1 c=1 ok=8/8 agg=69.44 tok/s decode_p50=74.59 tok/s ttft_p50=243 ms tpot_p50=13.41 ms errs=[] CELL sampled-c1 c=1 ok=8/8 agg=59.44 tok/s decode_p50=61.54 tok/s ttft_p50=255 ms tpot_p50=16.25 ms errs=[] CELL greedy-c1-ignore-eos c=1 ok=4/4 agg=68.88 tok/s decode_p50=74.44 tok/s ttft_p50=244 ms tpot_p50=13.43 ms errs=[] 
s8 on rc=0 CELL greedy-c1 c=1 ok=8/8 agg=69.47 tok/s decode_p50=74.59 tok/s ttft_p50=243 ms tpot_p50=13.41 ms errs=[] CELL sampled-c1 c=1 ok=8/8 agg=59.35 tok/s decode_p50=61.46 tok/s ttft_p50=255 ms tpot_p50=16.27 ms errs=[] CELL greedy-c1-ignore-eos c=1 ok=4/4 agg=68.88 tok/s decode_p50=74.46 tok/s ttft_p50=243 ms tpot_p50=13.43 ms errs=[] 
r1 on rc=0 CELL greedy-c1 c=1 ok=8/8 agg=53.78 tok/s decode_p50=55.91 tok/s ttft_p50=196 ms tpot_p50=17.89 ms errs=[] CELL sampled-c1 c=1 ok=8/8 agg=49.42 tok/s decode_p50=51.20 tok/s ttft_p50=198 ms tpot_p50=19.53 ms errs=[] CELL greedy-c1-ignore-eos c=1 ok=4/4 agg=53.72 tok/s decode_p50=55.87 tok/s ttft_p50=196 ms tpot_p50=17.90 ms errs=[] 
r2 t1 rc=0 CELL greedy-c1 c=1 ok=8/8 agg=53.78 tok/s decode_p50=55.87 tok/s ttft_p50=195 ms tpot_p50=17.90 ms errs=[] CELL sampled-c1 c=1 ok=8/8 agg=49.49 tok/s decode_p50=51.27 tok/s ttft_p50=198 ms tpot_p50=19.51 ms errs=[] CELL greedy-c1-ignore-eos c=1 ok=4/4 agg=53.71 tok/s decode_p50=55.86 tok/s ttft_p50=196 ms tpot_p50=17.90 ms errs=[] 
r3 t1 rc=0 CELL greedy-c1 c=1 ok=8/8 agg=53.77 tok/s decode_p50=55.87 tok/s ttft_p50=195 ms tpot_p50=17.90 ms errs=[] CELL sampled-c1 c=1 ok=8/8 agg=49.48 tok/s decode_p50=51.26 tok/s ttft_p50=197 ms tpot_p50=19.51 ms errs=[] CELL greedy-c1-ignore-eos c=1 ok=4/4 agg=53.69 tok/s decode_p50=55.85 tok/s ttft_p50=196 ms tpot_p50=17.90 ms errs=[] 
r4 on rc=0 CELL greedy-c1 c=1 ok=8/8 agg=53.78 tok/s decode_p50=55.90 tok/s ttft_p50=195 ms tpot_p50=17.89 ms errs=[] CELL sampled-c1 c=1 ok=8/8 agg=49.33 tok/s decode_p50=51.11 tok/s ttft_p50=197 ms tpot_p50=19.57 ms errs=[] CELL greedy-c1-ignore-eos c=1 ok=4/4 agg=53.69 tok/s decode_p50=55.84 tok/s ttft_p50=196 ms tpot_p50=17.91 ms errs=[] 
DEV2_DONE
