build rows 504d0e1f2 rc=0
unit rc=0 test result: ok. 1 passed; 0 failed; 0 ignored; 0 measured; 0 filtered out; finished in 0.66s 
rows-tpep rc=0 [load] lane-8 peer byte-integrity probe PASS: 1 boundaries, 10 copies, ladder [16384, 65536, 524288, 1048576, 67108864] bytes, 471.4ms PASS: every row bit-identical to its solo step across join, leave and row moves PASS: replayed, then 8 B-row steps beside a peer while armed, then replayed again: bit-identical to solo steps TIME rep=1 B=1 one_row_ms_per_token=15.994 rows_ms_per_step=15.942 one_row_tok_s=62.52 rows_tok_s=62.73 speedup=1.003 TIME rep=1 B=2 one_row_ms_per_token=15.988 rows_ms_per_step=21.392 one_row_tok_s=62.55 rows_tok_s=93.49 speedup=1.495 TIME rep=1 B=4 one_row_ms_per_token=15.974 rows_ms_per_step=29.616 one_row_tok_s=62.60 rows_tok_s=135.06 speedup=2.158 
rows-pp rc=0 [load] lane-8 peer byte-integrity probe PASS: 1 boundaries, 10 copies, ladder [16384, 65536, 524288, 1048576, 67108864] bytes, 488.4ms PASS: every row bit-identical to its solo step across join, leave and row moves PASS: pipelined groups bit-identical to solo steps TIME rep=1 B=1 one_row_ms_per_token=14.634 rows_ms_per_step=14.632 one_row_tok_s=68.34 rows_tok_s=68.34 speedup=1.000 TIME rep=1 B=2 one_row_ms_per_token=14.631 rows_ms_per_step=22.768 one_row_tok_s=68.35 rows_tok_s=87.84 speedup=1.285 TIME rep=1 PIPELINED 2x2 ms_per_group_step=15.138 tok_s=132.12 vs_rows4=1.078 TIME rep=1 B=4 one_row_ms_per_token=14.622 rows_ms_per_step=32.636 one_row_tok_s=68.39 rows_tok_s=122.56 speedup=1.792 
dspark-tpep cc6082ddea76827e 373e6557e6d118f1 373e6557e6d118f1  | GPU DSPARK GATE [PASS] GATE_DONE rc=0 utc=2026-09-25T21:23:13Z 
dspark-pp cc6082ddea76827e 373e6557e6d118f1 373e6557e6d118f1  | GPU DSPARK GATE [PASS] GATE_DONE rc=0 utc=2026-09-25T21:26:11Z 
anat B=2 PROFILE B=2 steps=64 ms_per_step=23.680 | capture span 1515.4 ms over 64 steps = 23.68 ms/step dev0: kernels 197936 (3093/step) kernel-sum 16.62 ms/step busy-union 17.05 ms/step memcpys 403/step dev1: kernels 198448 (3101/step) kernel-sum 16.02 ms/step busy-union 16.44 ms/step memcpys 404/step 
anat B=4 PROFILE B=4 steps=64 ms_per_step=31.482 | capture span 2014.8 ms over 64 steps = 31.48 ms/step dev0: kernels 247248 (3863/step) kernel-sum 22.44 ms/step busy-union 23.25 ms/step memcpys 802/step dev1: kernels 247888 (3873/step) kernel-sum 22.37 ms/step busy-union 23.18 ms/step memcpys 803/step 
PAIR17_DONE
