build so 4d814d743 SERVER_EXIT=0 ENGINE_EXIT=0 
test-build rc=0   Executable unittests src/lib.rs (/root/lane/target-hm/release/deps/memra_engine-c8ff6b35b7df7707)
cgate-build rc=0
component rc=0 test result: ok. 5 passed; 0 failed; 0 ignored; 0 measured; 643 filtered out; finished in 2.23s 
cgate rc=0 8 gated PASS dense_fast_components 
long-304 S rc=0 PASS: 304 PROGRAM_SHA256 fbce1a0492d69635 
rows tp_ep rc=0 PASS: replayed, then 8 B-row steps beside a peer while armed, then replayed again: bit-identical to solo steps PASS: B-row graph steps bit-identical to solo steps across join, leave and row moves (5 captures, 28 graph steps) PASS: sampled B-row graph draws equal the eager B-row draws (24 steps x 4 rows) 
kv-split rc=0 PASS: 100 full-token replay steps on the split state bit-identical to replicated eager PASS: park, restore and 50 more steps bit-identical, split against replicated PASS: position-split C4 store bit-identical to the replicated program 
dspark-tpep S cc6082ddea76827e 373e6557e6d118f1 373e6557e6d118f1  | GPU DSPARK GATE [PASS] GATE_DONE rc=0 utc=2026-09-27T09:05:20Z 
long t1 M rc=0 PROGRAM_SHA256 fbce1a0492d69635 replay_ms_per_token=11.007 replay_ms_per_token=10.925 replay_ms_per_token=10.875 
long t2 S rc=0 PROGRAM_SHA256 fbce1a0492d69635 replay_ms_per_token=10.582 replay_ms_per_token=10.513 replay_ms_per_token=10.428 
long t3 S rc=0 PROGRAM_SHA256 fbce1a0492d69635 replay_ms_per_token=10.587 replay_ms_per_token=10.461 replay_ms_per_token=10.420 
long t4 M rc=0 PROGRAM_SHA256 fbce1a0492d69635 replay_ms_per_token=10.919 replay_ms_per_token=10.876 replay_ms_per_token=10.843 
long t5 M rc=0 PROGRAM_SHA256 fbce1a0492d69635 replay_ms_per_token=11.010 replay_ms_per_token=10.952 replay_ms_per_token=10.925 
long t6 S rc=0 PROGRAM_SHA256 fbce1a0492d69635 replay_ms_per_token=10.478 replay_ms_per_token=10.384 replay_ms_per_token=10.386 
serve r1 M rc=0 CELL greedy-c1 c=1 ok=8/8 agg=88.52 tok/s decode_p50=92.95 tok/s ttft_p50=149 ms tpot_p50=10.76 ms errs=[] CELL sampled-c1 c=1 ok=8/8 agg=88.26 tok/s decode_p50=92.86 tok/s ttft_p50=156 ms tpot_p50=10.77 ms errs=[] CELL greedy-c2 c=2 ok=8/8 agg=118.81 tok/s decode_p50=62.80 tok/s ttft_p50=233 ms tpot_p50=15.92 ms errs=[] CELL greedy-c4 c=4 ok=8/8 agg=150.91 tok/s decode_p50=40.51 tok/s ttft_p50=446 ms tpot_p50=24.68 ms errs=[] CELL greedy-c2-2k c=2 ok=8/8 agg=23.81 tok/s decode_p50=48.81 tok/s ttft_p50=8164 ms tpot_p50=20.49 ms errs=[] 
serve r2 S rc=0 CELL greedy-c1 c=1 ok=8/8 agg=91.96 tok/s decode_p50=96.70 tok/s ttft_p50=147 ms tpot_p50=10.34 ms errs=[] CELL sampled-c1 c=1 ok=8/8 agg=91.79 tok/s decode_p50=96.63 tok/s ttft_p50=151 ms tpot_p50=10.35 ms errs=[] CELL greedy-c2 c=2 ok=8/8 agg=122.73 tok/s decode_p50=64.88 tok/s ttft_p50=229 ms tpot_p50=15.41 ms errs=[] CELL greedy-c4 c=4 ok=8/8 agg=112.33 tok/s decode_p50=29.41 tok/s ttft_p50=445 ms tpot_p50=34.00 ms errs=[] CELL greedy-c2-2k c=2 ok=8/8 agg=23.88 tok/s decode_p50=50.07 tok/s ttft_p50=8175 ms tpot_p50=19.97 ms errs=[] 
serve r3 S rc=0 CELL greedy-c1 c=1 ok=8/8 agg=92.39 tok/s decode_p50=97.01 tok/s ttft_p50=146 ms tpot_p50=10.31 ms errs=[] CELL sampled-c1 c=1 ok=8/8 agg=92.79 tok/s decode_p50=97.42 tok/s ttft_p50=142 ms tpot_p50=10.26 ms errs=[] CELL greedy-c2 c=2 ok=8/8 agg=124.15 tok/s decode_p50=65.94 tok/s ttft_p50=198 ms tpot_p50=15.17 ms errs=[] CELL greedy-c4 c=4 ok=8/8 agg=157.55 tok/s decode_p50=41.85 tok/s ttft_p50=401 ms tpot_p50=23.89 ms errs=[] CELL greedy-c2-2k c=2 ok=8/8 agg=23.25 tok/s decode_p50=51.00 tok/s ttft_p50=8514 ms tpot_p50=19.61 ms errs=[] 
serve r4 M rc=0 CELL greedy-c1 c=1 ok=8/8 agg=88.84 tok/s decode_p50=93.07 tok/s ttft_p50=146 ms tpot_p50=10.74 ms errs=[] CELL sampled-c1 c=1 ok=8/8 agg=89.37 tok/s decode_p50=93.72 tok/s ttft_p50=142 ms tpot_p50=10.67 ms errs=[] CELL greedy-c2 c=2 ok=8/8 agg=120.37 tok/s decode_p50=63.37 tok/s ttft_p50=231 ms tpot_p50=15.78 ms errs=[] CELL greedy-c4 c=4 ok=8/8 agg=153.56 tok/s decode_p50=40.99 tok/s ttft_p50=432 ms tpot_p50=24.40 ms errs=[] CELL greedy-c2-2k c=2 ok=8/8 agg=23.87 tok/s decode_p50=49.58 tok/s ttft_p50=8126 ms tpot_p50=20.17 ms errs=[] 
serve r5 M rc=0 CELL greedy-c1 c=1 ok=8/8 agg=88.76 tok/s decode_p50=93.09 tok/s ttft_p50=147 ms tpot_p50=10.74 ms errs=[] CELL sampled-c1 c=1 ok=8/8 agg=89.33 tok/s decode_p50=93.66 tok/s ttft_p50=143 ms tpot_p50=10.68 ms errs=[] CELL greedy-c2 c=2 ok=8/8 agg=120.16 tok/s decode_p50=63.17 tok/s ttft_p50=223 ms tpot_p50=15.83 ms errs=[] CELL greedy-c4 c=4 ok=8/8 agg=151.96 tok/s decode_p50=40.63 tok/s ttft_p50=436 ms tpot_p50=24.61 ms errs=[] CELL greedy-c2-2k c=2 ok=8/8 agg=24.10 tok/s decode_p50=48.90 tok/s ttft_p50=8014 ms tpot_p50=20.45 ms errs=[] 
serve r6 S rc=0 CELL greedy-c1 c=1 ok=8/8 agg=92.07 tok/s decode_p50=96.62 tok/s ttft_p50=146 ms tpot_p50=10.35 ms errs=[] CELL sampled-c1 c=1 ok=8/8 agg=91.95 tok/s decode_p50=96.73 tok/s ttft_p50=150 ms tpot_p50=10.34 ms errs=[] CELL greedy-c2 c=2 ok=8/8 agg=122.19 tok/s decode_p50=64.62 tok/s ttft_p50=236 ms tpot_p50=15.48 ms errs=[] CELL greedy-c4 c=4 ok=8/8 agg=152.96 tok/s decode_p50=40.81 tok/s ttft_p50=415 ms tpot_p50=24.50 ms errs=[] CELL greedy-c2-2k c=2 ok=8/8 agg=24.14 tok/s decode_p50=50.18 tok/s ttft_p50=8066 ms tpot_p50=19.93 ms errs=[] 
S2X_DONE 4d814d743bb56e0218e251bca4b3d0e54758a802
