build main13 5420d34bd SERVER_EXIT=0 ENGINE_EXIT=0 
serve r1 A rc=0 CELL greedy-c1 c=1 ok=8/8 agg=78.24 tok/s decode_p50=82.00 tok/s ttft_p50=158 ms tpot_p50=12.20 ms errs=[] CELL sampled-c1 c=1 ok=8/8 agg=79.26 tok/s decode_p50=82.81 tok/s ttft_p50=152 ms tpot_p50=12.08 ms errs=[] CELL greedy-c2 c=2 ok=8/8 agg=106.92 tok/s decode_p50=56.00 tok/s ttft_p50=232 ms tpot_p50=17.86 ms errs=[] CELL greedy-c4 c=4 ok=8/8 agg=134.39 tok/s decode_p50=35.30 tok/s ttft_p50=397 ms tpot_p50=28.33 ms errs=[] CELL greedy-c2-2k c=2 ok=8/8 agg=21.24 tok/s decode_p50=44.77 tok/s ttft_p50=9194 ms tpot_p50=22.34 ms errs=[] 
serve r2 B rc=0 CELL greedy-c1 c=1 ok=8/8 agg=85.76 tok/s decode_p50=90.03 tok/s ttft_p50=153 ms tpot_p50=11.11 ms errs=[] CELL sampled-c1 c=1 ok=8/8 agg=86.44 tok/s decode_p50=90.58 tok/s ttft_p50=147 ms tpot_p50=11.04 ms errs=[] CELL greedy-c2 c=2 ok=8/8 agg=119.37 tok/s decode_p50=62.82 tok/s ttft_p50=224 ms tpot_p50=15.92 ms errs=[] CELL greedy-c4 c=4 ok=8/8 agg=151.16 tok/s decode_p50=39.95 tok/s ttft_p50=387 ms tpot_p50=25.03 ms errs=[] CELL greedy-c2-2k c=2 ok=8/8 agg=21.72 tok/s decode_p50=49.42 tok/s ttft_p50=9189 ms tpot_p50=20.23 ms errs=[] 
serve r3 B rc=0 CELL greedy-c1 c=1 ok=8/8 agg=85.67 tok/s decode_p50=89.83 tok/s ttft_p50=154 ms tpot_p50=11.13 ms errs=[] CELL sampled-c1 c=1 ok=8/8 agg=86.43 tok/s decode_p50=90.57 tok/s ttft_p50=147 ms tpot_p50=11.04 ms errs=[] CELL greedy-c2 c=2 ok=8/8 agg=119.33 tok/s decode_p50=62.74 tok/s ttft_p50=226 ms tpot_p50=15.94 ms errs=[] CELL greedy-c4 c=4 ok=8/8 agg=151.08 tok/s decode_p50=40.08 tok/s ttft_p50=391 ms tpot_p50=24.95 ms errs=[] CELL greedy-c2-2k c=2 ok=8/8 agg=21.68 tok/s decode_p50=49.22 tok/s ttft_p50=9202 ms tpot_p50=20.32 ms errs=[] 
serve r4 A rc=0 CELL greedy-c1 c=1 ok=8/8 agg=78.13 tok/s decode_p50=81.98 tok/s ttft_p50=158 ms tpot_p50=12.20 ms errs=[] CELL sampled-c1 c=1 ok=8/8 agg=79.21 tok/s decode_p50=82.78 tok/s ttft_p50=152 ms tpot_p50=12.08 ms errs=[] CELL greedy-c2 c=2 ok=8/8 agg=106.70 tok/s decode_p50=55.89 tok/s ttft_p50=235 ms tpot_p50=17.89 ms errs=[] CELL greedy-c4 c=4 ok=8/8 agg=98.67 tok/s decode_p50=25.65 tok/s ttft_p50=415 ms tpot_p50=38.99 ms errs=[] CELL greedy-c2-2k c=2 ok=8/8 agg=21.22 tok/s decode_p50=44.82 tok/s ttft_p50=9201 ms tpot_p50=22.31 ms errs=[] 
serve r5 A rc=0 CELL greedy-c1 c=1 ok=8/8 agg=78.15 tok/s decode_p50=82.11 tok/s ttft_p50=158 ms tpot_p50=12.18 ms errs=[] CELL sampled-c1 c=1 ok=8/8 agg=79.27 tok/s decode_p50=82.81 tok/s ttft_p50=152 ms tpot_p50=12.08 ms errs=[] CELL greedy-c2 c=2 ok=8/8 agg=106.98 tok/s decode_p50=56.01 tok/s ttft_p50=232 ms tpot_p50=17.85 ms errs=[] CELL greedy-c4 c=4 ok=8/8 agg=136.10 tok/s decode_p50=35.77 tok/s ttft_p50=397 ms tpot_p50=27.95 ms errs=[] CELL greedy-c2-2k c=2 ok=8/8 agg=21.24 tok/s decode_p50=44.84 tok/s ttft_p50=9202 ms tpot_p50=22.30 ms errs=[] 
serve r6 B rc=0 CELL greedy-c1 c=1 ok=8/8 agg=85.66 tok/s decode_p50=90.12 tok/s ttft_p50=154 ms tpot_p50=11.10 ms errs=[] CELL sampled-c1 c=1 ok=8/8 agg=86.35 tok/s decode_p50=90.54 tok/s ttft_p50=148 ms tpot_p50=11.05 ms errs=[] CELL greedy-c2 c=2 ok=8/8 agg=119.24 tok/s decode_p50=62.70 tok/s ttft_p50=227 ms tpot_p50=15.95 ms errs=[] CELL greedy-c4 c=4 ok=8/8 agg=150.64 tok/s decode_p50=39.96 tok/s ttft_p50=406 ms tpot_p50=25.02 ms errs=[] CELL greedy-c2-2k c=2 ok=8/8 agg=21.68 tok/s decode_p50=49.11 tok/s ttft_p50=9195 ms tpot_p50=20.36 ms errs=[] 
V6D_DONE 5420d34bd
