build B 2023fbbb4 SERVER_EXIT=0 ENGINE_EXIT=0 
build D 25fef3288 SERVER_EXIT=0 ENGINE_EXIT=0 
component rows rc=0 test result: ok. 2 passed; 0 failed; 0 ignored; 0 measured; 0 filtered out; finished in 0.52s 
component grouped rc=0 test result: ok. 3 passed; 0 failed; 0 ignored; 0 measured; 654 filtered out; finished in 1.00s 
long-304 D rc=0 PASS: 304 PROGRAM_SHA256 fbce1a0492d69635 
rows tp_ep rc=0 PASS: replayed, then 8 B-row steps beside a peer while armed, then replayed again: bit-identical to  PASS: B-row graph steps bit-identical to solo steps across join, leave and row moves (5 captures, 28 PASS: sampled B-row graph draws equal the eager B-row draws (24 steps x 4 rows) 
wide16 t1 D rc=0 PASS: every row bit-identical to its solo step across join, leave and  PASS: replayed, then 8 B-row steps beside a peer while armed, then rep PASS: B-row graph steps bit-identical to solo steps across join, leave PASS: sampled B-row graph draws equal the eager B-row draws (24 steps  PASS: 16-row-workspace eager B-row steps (widths 16, 8, 3) bit-identic PASS: 16-row-workspace graph B-row steps (widths 16, 8, 3) bit-identic  | TIME rep=0 WIDE B=16 ms_per_step=37.515 tok_s=426.49 (first step captures) TIME rep=1 WIDE B=16 ms_per_step=37.410 tok_s=427.69 (first step captures) 
wide16 t2 B rc=0 PASS: every row bit-identical to its solo step across join, leave and  PASS: replayed, then 8 B-row steps beside a peer while armed, then rep PASS: B-row graph steps bit-identical to solo steps across join, leave PASS: sampled B-row graph draws equal the eager B-row draws (24 steps  PASS: 16-row-workspace eager B-row steps (widths 16, 8, 3) bit-identic PASS: 16-row-workspace graph B-row steps (widths 16, 8, 3) bit-identic  | TIME rep=0 WIDE B=16 ms_per_step=48.746 tok_s=328.23 (first step captures) TIME rep=1 WIDE B=16 ms_per_step=48.586 tok_s=329.31 (first step captures) 
wide16 t3 D rc=0 PASS: every row bit-identical to its solo step across join, leave and  PASS: replayed, then 8 B-row steps beside a peer while armed, then rep PASS: B-row graph steps bit-identical to solo steps across join, leave PASS: sampled B-row graph draws equal the eager B-row draws (24 steps  PASS: 16-row-workspace eager B-row steps (widths 16, 8, 3) bit-identic PASS: 16-row-workspace graph B-row steps (widths 16, 8, 3) bit-identic  | TIME rep=0 WIDE B=16 ms_per_step=37.515 tok_s=426.50 (first step captures) TIME rep=1 WIDE B=16 ms_per_step=37.378 tok_s=428.06 (first step captures) 
wide16 t4 B rc=0 PASS: every row bit-identical to its solo step across join, leave and  PASS: replayed, then 8 B-row steps beside a peer while armed, then rep PASS: B-row graph steps bit-identical to solo steps across join, leave PASS: sampled B-row graph draws equal the eager B-row draws (24 steps  PASS: 16-row-workspace eager B-row steps (widths 16, 8, 3) bit-identic PASS: 16-row-workspace graph B-row steps (widths 16, 8, 3) bit-identic  | TIME rep=0 WIDE B=16 ms_per_step=48.797 tok_s=327.89 (first step captures) TIME rep=1 WIDE B=16 ms_per_step=48.624 tok_s=329.05 (first step captures) 
serve r1 B c24 rc=0 CELL greedy-c4 c=4 ok=8/8 agg=214.92 tok/s decode_p50=58.27 tok/s ttft_p50=363 ms tpot_p50=17.16 ms errs=[] CELL greedy-c8 c=8 ok=16/16 agg=296.32 tok/s decode_p50=40.37 tok/s ttft_p50=615 ms tpot_p50=24.77 ms errs=[] CELL greedy-c16 c=16 ok=16/16 agg=276.04 tok/s decode_p50=19.01 tok/s ttft_p50=1415 ms tpot_p50=52.60 ms errs=[] CELL greedy-c24 c=24 ok=24/24 agg=276.52 tok/s decode_p50=18.45 tok/s ttft_p50=1850 ms tpot_p50=54.20 ms errs=[] CELL sampled-c8 c=8 ok=16/16 agg=273.38 tok/s decode_p50=37.08 tok/s ttft_p50=604 ms tpot_p50=26.97 ms errs=[] 
serve r2 D c24 rc=0 CELL greedy-c4 c=4 ok=8/8 agg=209.10 tok/s decode_p50=55.90 tok/s ttft_p50=335 ms tpot_p50=17.89 ms errs=[] CELL greedy-c8 c=8 ok=16/16 agg=289.47 tok/s decode_p50=39.66 tok/s ttft_p50=621 ms tpot_p50=25.21 ms errs=[] CELL greedy-c16 c=16 ok=16/16 agg=340.45 tok/s decode_p50=23.88 tok/s ttft_p50=1330 ms tpot_p50=41.87 ms errs=[] CELL greedy-c24 c=24 ok=24/24 agg=314.72 tok/s decode_p50=24.01 tok/s ttft_p50=1852 ms tpot_p50=41.65 ms errs=[] CELL sampled-c8 c=8 ok=16/16 agg=274.09 tok/s decode_p50=37.20 tok/s ttft_p50=595 ms tpot_p50=26.88 ms errs=[] 
serve r3 D c24 rc=0 CELL greedy-c4 c=4 ok=8/8 agg=212.11 tok/s decode_p50=57.60 tok/s ttft_p50=370 ms tpot_p50=17.36 ms errs=[] CELL greedy-c8 c=8 ok=16/16 agg=293.59 tok/s decode_p50=40.47 tok/s ttft_p50=661 ms tpot_p50=24.71 ms errs=[] CELL greedy-c16 c=16 ok=16/16 agg=336.49 tok/s decode_p50=23.75 tok/s ttft_p50=1410 ms tpot_p50=42.11 ms errs=[] CELL greedy-c24 c=24 ok=24/24 agg=311.58 tok/s decode_p50=23.76 tok/s ttft_p50=1963 ms tpot_p50=42.08 ms errs=[] CELL sampled-c8 c=8 ok=16/16 agg=274.06 tok/s decode_p50=37.09 tok/s ttft_p50=574 ms tpot_p50=26.96 ms errs=[] 
serve r4 B c24 rc=0 CELL greedy-c4 c=4 ok=8/8 agg=213.51 tok/s decode_p50=57.22 tok/s ttft_p50=324 ms tpot_p50=17.48 ms errs=[] CELL greedy-c8 c=8 ok=16/16 agg=298.16 tok/s decode_p50=40.92 tok/s ttft_p50=611 ms tpot_p50=24.44 ms errs=[] CELL greedy-c16 c=16 ok=16/16 agg=272.71 tok/s decode_p50=18.68 tok/s ttft_p50=1320 ms tpot_p50=53.52 ms errs=[] CELL greedy-c24 c=24 ok=24/24 agg=278.72 tok/s decode_p50=18.60 tok/s ttft_p50=1731 ms tpot_p50=53.75 ms errs=[] CELL sampled-c8 c=8 ok=16/16 agg=274.02 tok/s decode_p50=36.94 tok/s ttft_p50=544 ms tpot_p50=27.07 ms errs=[] 
V7C_DONE 25fef3288e262ef5f4590b7764508ba9dba8a473
