r1 on rc=0 CELL greedy-c1 c=1 ok=8/8 agg=48.34 tok/s decode_p50=50.06 tok/s ttft_p50=201 ms tpot_p50=19.98 ms errs=[]
r2 off rc=0 CELL greedy-c1 c=1 ok=8/8 agg=37.82 tok/s decode_p50=38.77 tok/s ttft_p50=205 ms tpot_p50=25.79 ms errs=[]
r3 off rc=0 CELL greedy-c1 c=1 ok=8/8 agg=37.84 tok/s decode_p50=38.80 tok/s ttft_p50=206 ms tpot_p50=25.77 ms errs=[]
r4 on rc=0 CELL greedy-c1 c=1 ok=8/8 agg=48.40 tok/s decode_p50=50.13 tok/s ttft_p50=199 ms tpot_p50=19.95 ms errs=[]
r5 on rc=0 CELL greedy-c1 c=1 ok=8/8 agg=48.38 tok/s decode_p50=50.11 tok/s ttft_p50=200 ms tpot_p50=19.96 ms errs=[]
r6 off rc=0 CELL greedy-c1 c=1 ok=8/8 agg=37.85 tok/s decode_p50=38.79 tok/s ttft_p50=205 ms tpot_p50=25.78 ms errs=[]
r7 off rc=0 CELL greedy-c1 c=1 ok=8/8 agg=37.83 tok/s decode_p50=38.77 tok/s ttft_p50=205 ms tpot_p50=25.79 ms errs=[]
r8 on rc=0 CELL greedy-c1 c=1 ok=8/8 agg=48.38 tok/s decode_p50=50.10 tok/s ttft_p50=200 ms tpot_p50=19.96 ms errs=[]
r9 on rc=0 CELL greedy-c1 c=1 ok=8/8 agg=48.37 tok/s decode_p50=50.09 tok/s ttft_p50=200 ms tpot_p50=19.96 ms errs=[]
r10 off rc=0 CELL greedy-c1 c=1 ok=8/8 agg=37.86 tok/s decode_p50=38.83 tok/s ttft_p50=205 ms tpot_p50=25.75 ms errs=[]
tpep rows skipped: the lane binary's stream-first down order was superseded (gate-armed tails keep precedence)
AB_DONE
tpep rows skipped: the lane binary's stream-first down order was superseded (gate-armed tails keep precedence)
AB_DONE
