census pdl0 [load] lane-8 peer byte-integrity probe PASS: 1 boundaries, 10 copies, ladder [16384, 65536, 524288, 1048576, 67108864]  PASS: 304 steps from position 400 to 704 bit-identical to eager (token and logits every step, cache and hidden digests e PROFILE arm=replay steps=304 ms_per_token=11.207  | capture span 3406.7 ms over 304 steps = 11.21 ms/step dev0: kernels 643996 (2118/step) kernel-sum 10.42 ms/step busy-union 10.48 ms/step memcpys 48/step dev1: kernels 650380 (2139/step) kernel-sum 10.40 ms/step busy-union 10.46 ms/step memcpys 49/step 
census pdl1 [load] lane-8 peer byte-integrity probe PASS: 1 boundaries, 10 copies, ladder [16384, 65536, 524288, 1048576, 67108864]  PASS: 304 steps from position 400 to 704 bit-identical to eager (token and logits every step, cache and hidden digests e PROFILE arm=replay steps=304 ms_per_token=10.700  | capture span 3252.7 ms over 304 steps = 10.70 ms/step dev0: kernels 643996 (2118/step) kernel-sum 17.69 ms/step busy-union 10.39 ms/step memcpys 48/step dev1: kernels 650380 (2139/step) kernel-sum 17.63 ms/step busy-union 10.37 ms/step memcpys 49/step 
V6Q_DONE
