warning: function `expected_census` is never used
   --> crates/memra-gguf/src/model_packs/qwen4_exp/mod.rs:288:15
    |
288 | pub(crate) fn expected_census(config: &ModelConfig) -> BTreeMap<String, TensorSpec> {
    |               ^^^^^^^^^^^^^^^
    |
    = note: `#[warn(dead_code)]` (part of `#[warn(unused)]`) on by default

warning: variable does not need to be mutable
    --> crates/memra-engine/src/qwen4exp_gpu.rs:7243:9
     |
7243 |     let mut run = |label: &str, steps: Vec<Vec<u32>>| -> Res<usize> {
     |         ----^^^
     |         |
     |         help: remove this `mut`
     |
     = note: `#[warn(unused_mut)]` (part of `#[warn(unused)]`) on by default

warning: function `indexer_mask_rows` is never used
    --> crates/memra-engine/src/qwen4exp_gpu.rs:3726:4
     |
3726 | fn indexer_mask_rows(
     |    ^^^^^^^^^^^^^^^^^
     |
     = note: `#[warn(dead_code)]` (part of `#[warn(unused)]`) on by default

warning: method `qsa_indexer_mask` is never used
     --> crates/memra-engine/src/qwen4exp_gpu.rs:16582:8
      |
15974 | impl Qwen4ExpGpu {
      | ---------------- method in this implementation
...
16582 |     fn qsa_indexer_mask(
      |        ^^^^^^^^^^^^^^^^

glm5-spec-ppn-gate config: stages=2 streams=per-stage overlap=1(double-buffered) devices=default(primary) splits=default(even) shard=per-stage
[loader-law] WARNING: token_embd.weight loads as 2D Float ne=[128, 32] (src F32) — a Float matmul weight rides cuBLAS f32 GEMV and poisons all-or-nothing q8-fast predicates (uses_q8_1_fast/mixer_in_q8_1_fast). If matmul-class: Q8_0-encode at load (model.rs ssm arm / source.rs BF16+F8 gates). If deliberately Float: add it to float_2d_audited with the audit rationale.
[loader-law] WARNING: blk.*.kda_q.weight loads as 2D Float ne=[128, 128] (src F32) — a Float matmul weight rides cuBLAS f32 GEMV and poisons all-or-nothing q8-fast predicates (uses_q8_1_fast/mixer_in_q8_1_fast). If matmul-class: Q8_0-encode at load (model.rs ssm arm / source.rs BF16+F8 gates). If deliberately Float: add it to float_2d_audited with the audit rationale.
[loader-law] WARNING: blk.*.kda_k.weight loads as 2D Float ne=[128, 128] (src F32) — a Float matmul weight rides cuBLAS f32 GEMV and poisons all-or-nothing q8-fast predicates (uses_q8_1_fast/mixer_in_q8_1_fast). If matmul-class: Q8_0-encode at load (model.rs ssm arm / source.rs BF16+F8 gates). If deliberately Float: add it to float_2d_audited with the audit rationale.
[loader-law] WARNING: blk.*.kda_v.weight loads as 2D Float ne=[128, 128] (src F32) — a Float matmul weight rides cuBLAS f32 GEMV and poisons all-or-nothing q8-fast predicates (uses_q8_1_fast/mixer_in_q8_1_fast). If matmul-class: Q8_0-encode at load (model.rs ssm arm / source.rs BF16+F8 gates). If deliberately Float: add it to float_2d_audited with the audit rationale.
[loader-law] WARNING: blk.*.kda_f_a.weight loads as 2D Float ne=[128, 128] (src F32) — a Float matmul weight rides cuBLAS f32 GEMV and poisons all-or-nothing q8-fast predicates (uses_q8_1_fast/mixer_in_q8_1_fast). If matmul-class: Q8_0-encode at load (model.rs ssm arm / source.rs BF16+F8 gates). If deliberately Float: add it to float_2d_audited with the audit rationale.
[loader-law] WARNING: blk.*.kda_f_b.weight loads as 2D Float ne=[128, 128] (src F32) — a Float matmul weight rides cuBLAS f32 GEMV and poisons all-or-nothing q8-fast predicates (uses_q8_1_fast/mixer_in_q8_1_fast). If matmul-class: Q8_0-encode at load (model.rs ssm arm / source.rs BF16+F8 gates). If deliberately Float: add it to float_2d_audited with the audit rationale.
[loader-law] WARNING: blk.*.kda_g_a.weight loads as 2D Float ne=[128, 128] (src F32) — a Float matmul weight rides cuBLAS f32 GEMV and poisons all-or-nothing q8-fast predicates (uses_q8_1_fast/mixer_in_q8_1_fast). If matmul-class: Q8_0-encode at load (model.rs ssm arm / source.rs BF16+F8 gates). If deliberately Float: add it to float_2d_audited with the audit rationale.
[loader-law] WARNING: blk.*.kda_g_b.weight loads as 2D Float ne=[128, 128] (src F32) — a Float matmul weight rides cuBLAS f32 GEMV and poisons all-or-nothing q8-fast predicates (uses_q8_1_fast/mixer_in_q8_1_fast). If matmul-class: Q8_0-encode at load (model.rs ssm arm / source.rs BF16+F8 gates). If deliberately Float: add it to float_2d_audited with the audit rationale.
[loader-law] WARNING: blk.*.kda_out.weight loads as 2D Float ne=[128, 128] (src F32) — a Float matmul weight rides cuBLAS f32 GEMV and poisons all-or-nothing q8-fast predicates (uses_q8_1_fast/mixer_in_q8_1_fast). If matmul-class: Q8_0-encode at load (model.rs ssm arm / source.rs BF16+F8 gates). If deliberately Float: add it to float_2d_audited with the audit rationale.
[loader-law] WARNING: blk.*.ffn_gate.weight loads as 2D Float ne=[128, 64] (src F32) — a Float matmul weight rides cuBLAS f32 GEMV and poisons all-or-nothing q8-fast predicates (uses_q8_1_fast/mixer_in_q8_1_fast). If matmul-class: Q8_0-encode at load (model.rs ssm arm / source.rs BF16+F8 gates). If deliberately Float: add it to float_2d_audited with the audit rationale.
[loader-law] WARNING: blk.*.ffn_up.weight loads as 2D Float ne=[128, 64] (src F32) — a Float matmul weight rides cuBLAS f32 GEMV and poisons all-or-nothing q8-fast predicates (uses_q8_1_fast/mixer_in_q8_1_fast). If matmul-class: Q8_0-encode at load (model.rs ssm arm / source.rs BF16+F8 gates). If deliberately Float: add it to float_2d_audited with the audit rationale.
[loader-law] WARNING: blk.*.ffn_down.weight loads as 2D Float ne=[64, 128] (src F32) — a Float matmul weight rides cuBLAS f32 GEMV and poisons all-or-nothing q8-fast predicates (uses_q8_1_fast/mixer_in_q8_1_fast). If matmul-class: Q8_0-encode at load (model.rs ssm arm / source.rs BF16+F8 gates). If deliberately Float: add it to float_2d_audited with the audit rationale.
[loader-law] WARNING: blk.*.attn_q_a.weight loads as 2D Float ne=[128, 16] (src F32) — a Float matmul weight rides cuBLAS f32 GEMV and poisons all-or-nothing q8-fast predicates (uses_q8_1_fast/mixer_in_q8_1_fast). If matmul-class: Q8_0-encode at load (model.rs ssm arm / source.rs BF16+F8 gates). If deliberately Float: add it to float_2d_audited with the audit rationale.
[loader-law] WARNING: blk.*.attn_q_b.weight loads as 2D Float ne=[16, 32] (src F32) — a Float matmul weight rides cuBLAS f32 GEMV and poisons all-or-nothing q8-fast predicates (uses_q8_1_fast/mixer_in_q8_1_fast). If matmul-class: Q8_0-encode at load (model.rs ssm arm / source.rs BF16+F8 gates). If deliberately Float: add it to float_2d_audited with the audit rationale.
[loader-law] WARNING: blk.*.attn_kv_a_mqa.weight loads as 2D Float ne=[128, 16] (src F32) — a Float matmul weight rides cuBLAS f32 GEMV and poisons all-or-nothing q8-fast predicates (uses_q8_1_fast/mixer_in_q8_1_fast). If matmul-class: Q8_0-encode at load (model.rs ssm arm / source.rs BF16+F8 gates). If deliberately Float: add it to float_2d_audited with the audit rationale.
[loader-law] WARNING: blk.*.attn_output.weight loads as 2D Float ne=[32, 128] (src F32) — a Float matmul weight rides cuBLAS f32 GEMV and poisons all-or-nothing q8-fast predicates (uses_q8_1_fast/mixer_in_q8_1_fast). If matmul-class: Q8_0-encode at load (model.rs ssm arm / source.rs BF16+F8 gates). If deliberately Float: add it to float_2d_audited with the audit rationale.
[moe] resident-experts decision (PP dev0): experts 0.00GB + trunk 0.00GB vs free 23.29GB (expert budget 21.29GB) -> RESIDENT
[loader-law] WARNING: blk.*.ffn_gate_shexp.weight loads as 2D Float ne=[128, 64] (src F32) — a Float matmul weight rides cuBLAS f32 GEMV and poisons all-or-nothing q8-fast predicates (uses_q8_1_fast/mixer_in_q8_1_fast). If matmul-class: Q8_0-encode at load (model.rs ssm arm / source.rs BF16+F8 gates). If deliberately Float: add it to float_2d_audited with the audit rationale.
[loader-law] WARNING: blk.*.ffn_up_shexp.weight loads as 2D Float ne=[128, 64] (src F32) — a Float matmul weight rides cuBLAS f32 GEMV and poisons all-or-nothing q8-fast predicates (uses_q8_1_fast/mixer_in_q8_1_fast). If matmul-class: Q8_0-encode at load (model.rs ssm arm / source.rs BF16+F8 gates). If deliberately Float: add it to float_2d_audited with the audit rationale.
[loader-law] WARNING: blk.*.ffn_down_shexp.weight loads as 2D Float ne=[64, 128] (src F32) — a Float matmul weight rides cuBLAS f32 GEMV and poisons all-or-nothing q8-fast predicates (uses_q8_1_fast/mixer_in_q8_1_fast). If matmul-class: Q8_0-encode at load (model.rs ssm arm / source.rs BF16+F8 gates). If deliberately Float: add it to float_2d_audited with the audit rationale.
[mtp-glm5] MEMRA_GLM5_MTP=1: loading the glm5_next NextN block
[loader-law] WARNING: blk.*.nextn.eh_proj.weight loads as 2D Float ne=[256, 128] (src F32) — a Float matmul weight rides cuBLAS f32 GEMV and poisons all-or-nothing q8-fast predicates (uses_q8_1_fast/mixer_in_q8_1_fast). If matmul-class: Q8_0-encode at load (model.rs ssm arm / source.rs BF16+F8 gates). If deliberately Float: add it to float_2d_audited with the audit rationale.
hc topology: streams=4 collapse=Mean
stage fence: [0, 2, 4]; Recurrent(KDA) on stages [0, 1], LatentKvCache(MLA+kpool) on stages [0, 1]
[phase] references: door OFF
[moe-grouped-prefill] flag=on t=24 il=1 (announce printed in both arms; engagement is the per-layer execute line + the dispatch counter)
[moe-sk-form] dev=0 qt=7 sms=82 occ128=1 occ32=7 occt=3 cross=64 xcross=64 bdb=0 in_f=128 out_f=64 n_active=4 max_m=14
[moe-grouped-prefill] execute layer=1 tokens=24 n_active=4 provenance=resident-slab router=sigmoid-host-oracle epilogue=pre-clamped macro_fold=gate-up-rows+down-weight performance_claim=false (logged once per layer)
[moe-grouped-prefill] execute layer=2 tokens=24 n_active=4 provenance=resident-slab router=sigmoid-host-oracle epilogue=pre-clamped macro_fold=gate-up-rows+down-weight performance_claim=false (logged once per layer)
[moe-grouped-prefill] execute layer=3 tokens=24 n_active=4 provenance=resident-slab router=sigmoid-host-oracle epilogue=pre-clamped macro_fold=gate-up-rows+down-weight performance_claim=false (logged once per layer)
[phase] arm W0: door ON, plain ppN decode re-pin
glm5-spec-ppn gate PASS [W0 plain-ppn-decode]: 8 rows bit-identical vs door-OFF (n_vocab=32)
[phase] arm W1: door ON, verify walk (ppN twin)
[glm5-spec] verify walk BATCHED per layer: kda=one t-call (scan sequential in-kernel), mla=rows-exact t-call, head=rows-exact, moe=pairs rows-call where qualified (MEMRA_GLM5_VERIFY_BATCH default ON)
[glm5-verify-ws] engaged: verify-walk buffers recycling through the size-keyed pool (MEMRA_GLM5_VERIFY_WS=1)
[glm5-vrows] verify MoE batched across rows: pairs=16 (t=8 x 2), one gate/up+preclamp launch + one down/FMA launch per layer-call (rides MEMRA_GLM5_VERIFY_BATCH)
glm5-spec-ppn gate PASS [W1 verify-walk]: 8 verify rows bit-identical to plain decode under the split (and to plain ppN decode via W0)
[phase] arm A: door ON, accept-j rollback battery
glm5-spec-ppn gate PASS [A accept-j=0]: 12 continue steps bit-identical
glm5-spec-ppn gate PASS [A accept-j=1]: 12 continue steps bit-identical
glm5-spec-ppn gate PASS [A accept-j=2]: 12 continue steps bit-identical
glm5-spec-ppn gate PASS [A accept-j=3]: 12 continue steps bit-identical
glm5-spec-ppn gate PASS [A accept-j=4]: 12 continue steps bit-identical
glm5-spec-ppn gate PASS [A accept-j=5]: 12 continue steps bit-identical
glm5-spec-ppn gate PASS [A accept-j=6]: 12 continue steps bit-identical
glm5-spec-ppn gate PASS [A accept-j=7]: 12 continue steps bit-identical
[phase] arm E: door ON, e2e spec-vs-plain tapes
[glm5-phase] rounds=19 k=1 total=42.79ms | draft=5.83 verify=35.59 accept=0.47 roll=0.69 maint=0.20 | per-round ms: draft=0.307 verify=1.873 accept=0.025 roll=0.037 maint=0.010 total=2.252
[glm5-phase-v] rounds=19 k=1 | per-round ms: vkda=1.278 (scan=0.026) vmla=1.195 vrest=0.000 (vffn=1.113)
glm5-spec-ppn gate PASS [E natural K=1]: tape identical to door-OFF plain greedy (0/19 accepted)
[glm5-phase] rounds=19 k=2 total=71.29ms | draft=11.14 verify=58.65 accept=0.57 roll=0.73 maint=0.20 | per-round ms: draft=0.586 verify=3.087 accept=0.030 roll=0.038 maint=0.011 total=3.752
[glm5-phase-v] rounds=19 k=2 | per-round ms: vkda=1.116 (scan=0.017) vmla=0.857 vrest=1.114 (vffn=0.633)
glm5-spec-ppn gate PASS [E natural K=2]: tape identical to door-OFF plain greedy (0/38 accepted)
[glm5-phase] rounds=19 k=3 total=75.34ms | draft=16.43 verify=57.31 accept=0.67 roll=0.73 maint=0.21 | per-round ms: draft=0.865 verify=3.016 accept=0.035 roll=0.039 maint=0.011 total=3.965
[glm5-phase-v] rounds=19 k=3 | per-round ms: vkda=0.881 (scan=0.018) vmla=0.842 vrest=1.293 (vffn=0.761)
glm5-spec-ppn gate PASS [E natural K=3]: tape identical to door-OFF plain greedy (0/57 accepted)
[glm5-phase] rounds=19 k=4 total=88.38ms | draft=21.15 verify=65.56 accept=0.72 roll=0.74 maint=0.20 | per-round ms: draft=1.113 verify=3.451 accept=0.038 roll=0.039 maint=0.011 total=4.651
[glm5-phase-v] rounds=19 k=4 | per-round ms: vkda=1.033 (scan=0.018) vmla=0.973 vrest=1.444 (vffn=0.868)
glm5-spec-ppn gate PASS [E natural K=4]: tape identical to door-OFF plain greedy (0/76 accepted)
[glm5-phase] rounds=19 k=5 total=103.44ms | draft=26.33 verify=75.42 accept=0.77 roll=0.72 maint=0.20 | per-round ms: draft=1.386 verify=3.969 accept=0.041 roll=0.038 maint=0.010 total=5.444
[glm5-phase-v] rounds=19 k=5 | per-round ms: vkda=1.212 (scan=0.019) vmla=1.142 vrest=1.615 (vffn=0.993)
glm5-spec-ppn gate PASS [E natural K=5]: tape identical to door-OFF plain greedy (0/95 accepted)
[glm5-phase] rounds=19 k=6 total=121.23ms | draft=31.89 verify=87.51 accept=0.89 roll=0.74 maint=0.20 | per-round ms: draft=1.679 verify=4.606 accept=0.047 roll=0.039 maint=0.011 total=6.381
[glm5-phase-v] rounds=19 k=6 | per-round ms: vkda=1.421 (scan=0.021) vmla=1.351 vrest=1.834 (vffn=1.150)
glm5-spec-ppn gate PASS [E natural K=6]: tape identical to door-OFF plain greedy (0/114 accepted)
[glm5-phase] rounds=19 k=7 total=138.50ms | draft=37.50 verify=99.10 accept=0.95 roll=0.75 maint=0.20 | per-round ms: draft=1.974 verify=5.216 accept=0.050 roll=0.039 maint=0.011 total=7.290
[glm5-phase-v] rounds=19 k=7 | per-round ms: vkda=1.573 (scan=0.021) vmla=1.556 vrest=2.086 (vffn=1.244)
glm5-spec-ppn gate PASS [E natural K=7]: tape identical to door-OFF plain greedy (0/133 accepted)
[glm5-phase] rounds=5 k=3 total=22.22ms | draft=7.25 verify=14.65 accept=0.17 roll=0.05 maint=0.10 | per-round ms: draft=1.450 verify=2.931 accept=0.034 roll=0.010 maint=0.020 total=4.444
[glm5-phase-v] rounds=5 k=3 | per-round ms: vkda=0.857 (scan=0.018) vmla=0.801 vrest=1.273 (vffn=0.747)
glm5-spec-ppn gate PASS [E forced-accept K=3]: tape identical, 15/15 accepted (full-accept path exercised)
[glm5-phase] rounds=3 k=7 total=24.58ms | draft=9.28 verify=15.01 accept=0.15 roll=0.06 maint=0.08 | per-round ms: draft=3.093 verify=5.002 accept=0.050 roll=0.021 maint=0.027 total=8.194
[glm5-phase-v] rounds=3 k=7 | per-round ms: vkda=1.548 (scan=0.021) vmla=1.475 vrest=1.979 (vffn=1.256)
glm5-spec-ppn gate PASS [E forced-accept K=7]: tape identical, 17/21 accepted (full-accept path exercised)
[glm5-phase] rounds=6 k=7 total=44.96ms | draft=14.03 verify=30.30 accept=0.30 roll=0.24 maint=0.10 | per-round ms: draft=2.338 verify=5.049 accept=0.050 roll=0.040 maint=0.017 total=7.494
[glm5-phase-v] rounds=6 k=7 | per-round ms: vkda=1.558 (scan=0.022) vmla=1.501 vrest=1.990 (vffn=1.263)
glm5-spec-ppn gate PASS [E forced-rejection sweep K=7]: every partial-keep rollback cycled, tape identical (14/42)
[phase] arm R1: RED stale-KDA state
glm5-spec-ppn gate PASS [R1 stale-KDA RED]: bites — 383 differing logits across the continuation
[phase] arm R2: RED pool-key clamp
glm5-spec-ppn gate PASS [R2 pool-key RED]: bites by name — layer 1: DSA k-pool selection failed: resident k-pool key plane claims 8 finished pools but the cache holds only 6 complete pools before this call (25 rows / pool 4) — a rewind reduced the latent length without clamping index_pools_ready
[phase] arm R3: RED rollback disabled
glm5-spec-ppn gate PASS [R3 rollback-disabled RED]: bites — loop failed loudly: layer 1: latent cache overflow — 56 + 8 rows exceeds capacity 59
==========================================================
glm5-spec-ppn gate: ALL ARMS PASS (P=24 N=20 K=7, fence=[0, 2, 4]; stages=2 streams=per-stage overlap=1(double-buffered) devices=default(primary) splits=default(even) shard=per-stage)
exit=0
