
running 1 test
test latency_kernel_timing ... TIMING tree=lane kernel=rmsnorm_f32acc shape=1x4096 rep=0 us_per_launch=1.602
TIMING tree=lane kernel=rmsnorm_f32acc shape=1x4096 rep=1 us_per_launch=1.597
TIMING tree=lane kernel=rmsnorm_f32acc shape=1x4096 rep=2 us_per_launch=1.597
TIMING tree=lane kernel=rmsnorm_f32acc shape=1x4096 rep=3 us_per_launch=1.597
TIMING tree=lane kernel=rmsnorm_f32acc shape=1x4096 rep=4 us_per_launch=1.597
TIMING tree=lane kernel=rmsnorm_f32acc shape=1x1024 rep=0 us_per_launch=1.388
TIMING tree=lane kernel=rmsnorm_f32acc shape=1x1024 rep=1 us_per_launch=1.374
TIMING tree=lane kernel=rmsnorm_f32acc shape=1x1024 rep=2 us_per_launch=1.394
TIMING tree=lane kernel=rmsnorm_f32acc shape=1x1024 rep=3 us_per_launch=1.393
TIMING tree=lane kernel=rmsnorm_f32acc shape=1x1024 rep=4 us_per_launch=1.381
TIMING tree=lane kernel=rmsnorm_f32acc shape=1x512 rep=0 us_per_launch=1.369
TIMING tree=lane kernel=rmsnorm_f32acc shape=1x512 rep=1 us_per_launch=1.375
TIMING tree=lane kernel=rmsnorm_f32acc shape=1x512 rep=2 us_per_launch=1.386
TIMING tree=lane kernel=rmsnorm_f32acc shape=1x512 rep=3 us_per_launch=1.383
TIMING tree=lane kernel=rmsnorm_f32acc shape=1x512 rep=4 us_per_launch=1.375
TIMING tree=lane kernel=route_m shape=s1_ne256_top6 rep=0 us_per_launch=4.432
TIMING tree=lane kernel=route_m shape=s1_ne256_top6 rep=1 us_per_launch=4.433
TIMING tree=lane kernel=route_m shape=s1_ne256_top6 rep=2 us_per_launch=4.432
TIMING tree=lane kernel=route_m shape=s1_ne256_top6 rep=3 us_per_launch=4.432
TIMING tree=lane kernel=route_m shape=s1_ne256_top6 rep=4 us_per_launch=4.432
TIMING tree=lane kernel=grouped_routes shape=slots6_groups256 rep=0 us_per_call=4.340
TIMING tree=lane kernel=grouped_routes shape=slots6_groups256 rep=1 us_per_call=4.280
TIMING tree=lane kernel=grouped_routes shape=slots6_groups256 rep=2 us_per_call=4.247
TIMING tree=lane kernel=grouped_routes shape=slots6_groups256 rep=3 us_per_call=4.320
TIMING tree=lane kernel=grouped_routes shape=slots6_groups256 rep=4 us_per_call=4.250
TIMING tree=lane kernel=grouped_routes_partition shape=slots6_groups128 rep=0 us_per_call=4.326
TIMING tree=lane kernel=grouped_routes_partition shape=slots6_groups128 rep=1 us_per_call=4.237
TIMING tree=lane kernel=grouped_routes_partition shape=slots6_groups128 rep=2 us_per_call=4.244
TIMING tree=lane kernel=grouped_routes_partition shape=slots6_groups128 rep=3 us_per_call=4.245
TIMING tree=lane kernel=grouped_routes_partition shape=slots6_groups128 rep=4 us_per_call=4.301
ok

test result: ok. 1 passed; 0 failed; 0 ignored; 0 measured; 6 filtered out; finished in 0.57s

