### tree state before anything
HEAD=01ed43c1a step37 bank v3: the three doors announce their ENGAGEMENT, becaus
### A) CLEAN build (tree as committed)
    Finished `release` profile [optimized] target(s) in 4m 54s
BUILT label=clean1 md5=e2bc8c801837d3951d50c45e9377ce4a
### B) TEETH build: *1.5f on the per-slot scale inside the RESTORED _sel_v2 kernel
injected *1.5f into _sel_v2 only
 crates/memra-engine/cu/qmatvec.cu | 2 +-
 1 file changed, 1 insertion(+), 1 deletion(-)
    Finished `release` profile [optimized] target(s) in 4m 04s
BUILT label=teethA md5=38ee37b9ed124bad28425b52ef458136
### C) REVERT and rebuild — must return to the clean md5
Updated 1 path from the index
    Finished `release` profile [optimized] target(s) in 4m 04s
BUILT label=clean2 md5=802618775ee220a73db70467133362d4
### md5 census
e2bc8c801837d3951d50c45e9377ce4a  /home/ubuntu/bankv3/bin-teeth/oracle-clean1
38ee37b9ed124bad28425b52ef458136  /home/ubuntu/bankv3/bin-teeth/oracle-teethA
802618775ee220a73db70467133362d4  /home/ubuntu/bankv3/bin-teeth/oracle-clean2
ASSERT_OK  clean != teeth (the .cu edit reaches the binary)
ASSERT_WARN clean1 != clean2 (not byte-reproducible; note it)
### tree state after
(empty = restored)
TEETH_BUILD_DONE
