nvcc -gencode arch=compute_120a,code=sm_120a -O3 -std=c++17 --expt-relaxed-constexpr -ptx cu/moe_f16_grouped.cu
Cuda compilation tools, release 13.2, V13.2.51
Build cuda_13.2.r13.2/compiler.37434383_0
=== ptx line counts (identical) ===
  38264 fixed.ptx
  38264 prefix.ptx
  76528 total
=== per-.entry comparison ===
kernel entries: 39 in each, same name set: True
BYTE-IDENTICAL entries: 38
DIFFERING entries: 1
   _Z20moe_kq_sktail_kernelILi107EEvPKyiiPKilPK6__halfPfPKfS3_iiiiii(

Interpretation: the ONLY device code that moved is the QT_NVFP4_V2 (=107)
instantiation of moe_kq_sktail_kernel. Every other qtype instantiation in the TU,
including QT_NVFP4 (=7) which is what the perf-CI GGUF cells exercise, is
byte-identical, so no perf cell in research/tune-data/perf-cells.json can observe
this change.

=== the differing entry, diffed ===
22,23c22,23
< 	.reg .b32 	%r<559>;
< 	.reg .b64 	%rd<138>;
---
> 	.reg .b32 	%r<561>;
> 	.reg .b64 	%rd<136>;
32c32
< 	ld.param.b64 	%rd22, [_Z20moe_kq_sktail_kernelILi107EEvPKyiiPKilPK6__halfPfPKfS3_iiiiii_param_0];
---
> 	ld.param.b64 	%rd23, [_Z20moe_kq_sktail_kernelILi107EEvPKyiiPKilPK6__halfPfPKfS3_iiiiii_param_0];
35,36c35
< 	ld.param.b64 	%rd23, [_Z20moe_kq_sktail_kernelILi107EEvPKyiiPKilPK6__halfPfPKfS3_iiiiii_param_3];
< 	ld.param.b64 	%rd24, [_Z20moe_kq_sktail_kernelILi107EEvPKyiiPKilPK6__halfPfPKfS3_iiiiii_param_4];
---
> 	ld.param.b64 	%rd24, [_Z20moe_kq_sktail_kernelILi107EEvPKyiiPKilPK6__halfPfPKfS3_iiiiii_param_3];
77,78c76,77
< 	mov.b32 	%r541, 0;
< 	mov.b32 	%r540, %r541;
---
> 	mov.b32 	%r543, 0;
> 	mov.b32 	%r542, %r543;
81,83c80,82
< 	ld.global.nc.b32 	%r538, [%rd1];
< 	mov.b32 	%r541, 0;
< 	mov.b32 	%r539, %r541;
---
> 	ld.global.nc.b32 	%r540, [%rd1];
> 	mov.b32 	%r543, 0;
> 	mov.b32 	%r541, %r543;
86c85
< 	mul.wide.u32 	%rd32, %r541, 4;
---
> 	mul.wide.u32 	%rd32, %r543, 4;
89c88
< 	sub.s32 	%r8, %r7, %r538;
---
> 	sub.s32 	%r8, %r7, %r540;
99c98
< 	mad.lo.s32 	%r540, %r90, %r1, %r540;
---
(diff truncated to 40 lines; full PTX not banked - it is 38k lines and regenerable from the two shas)
