build T2 fe473a9d0 SERVER_EXIT=0 ENGINE_EXIT=0 
long-304 T rc=0 PASS: 304 PROGRAM_SHA256 fbce1a0492d69635 
rows tp_ep rc=0 PASS: replayed, then 8 B-row steps beside a peer while armed, then replayed again: bit-identical to  PASS: B-row graph steps bit-identical to solo steps across join, leave and row moves (5 captures, 28 PASS: sampled B-row graph draws equal the eager B-row draws (24 steps x 4 rows) 
kv-split rc=0 PASS: 100 full-token replay steps on the split state bit-identical to replicated eager PASS: park, restore and 50 more steps bit-identical, split against replicated PASS: position-split C4 store bit-identical to the replicated program 
dspark-tpep T cc6082ddea76827e 373e6557e6d118f1 373e6557e6d118f1  | GPU DSPARK GATE [PASS] GATE_DONE rc=0 utc=2026-09-27T13:51:07Z 
long t1 M rc=0 PROGRAM_SHA256 fbce1a0492d69635 replay_ms_per_token=10.332 replay_ms_per_token=10.262 replay_ms_per_token=10.214 
long t2 T rc=0 PROGRAM_SHA256 fbce1a0492d69635 replay_ms_per_token=10.253 replay_ms_per_token=10.182 replay_ms_per_token=10.179 
long t3 T rc=0 PROGRAM_SHA256 fbce1a0492d69635 replay_ms_per_token=10.273 replay_ms_per_token=10.183 replay_ms_per_token=10.163 
long t4 M rc=0 PROGRAM_SHA256 fbce1a0492d69635 replay_ms_per_token=10.309 replay_ms_per_token=10.240 replay_ms_per_token=10.171 
long t5 M rc=0 PROGRAM_SHA256 fbce1a0492d69635 replay_ms_per_token=10.285 replay_ms_per_token=10.222 replay_ms_per_token=10.180 
long t6 T rc=0 PROGRAM_SHA256 fbce1a0492d69635 replay_ms_per_token=10.214 replay_ms_per_token=10.153 replay_ms_per_token=10.156 
serve r1 M rc=0 CELL greedy-c1 c=1 ok=8/8 agg=94.64 tok/s decode_p50=99.37 tok/s ttft_p50=136 ms tpot_p50=10.06 ms errs=[] CELL sampled-c1 c=1 ok=8/8 agg=94.92 tok/s decode_p50=99.61 tok/s ttft_p50=136 ms tpot_p50=10.04 ms errs=[] CELL greedy-c2 c=2 ok=8/8 agg=126.51 tok/s decode_p50=66.49 tok/s ttft_p50=205 ms tpot_p50=15.04 ms errs=[] CELL greedy-c4 c=4 ok=8/8 agg=158.34 tok/s decode_p50=42.30 tok/s ttft_p50=394 ms tpot_p50=23.64 ms errs=[] CELL greedy-c2-2k c=2 ok=8/8 agg=25.99 tok/s decode_p50=51.56 tok/s ttft_p50=7342 ms tpot_p50=19.39 ms errs=[] 
serve r2 T rc=0 CELL greedy-c1 c=1 ok=8/8 agg=94.94 tok/s decode_p50=99.68 tok/s ttft_p50=137 ms tpot_p50=10.03 ms errs=[] CELL sampled-c1 c=1 ok=8/8 agg=95.17 tok/s decode_p50=99.77 tok/s ttft_p50=135 ms tpot_p50=10.02 ms errs=[] CELL greedy-c2 c=2 ok=8/8 agg=126.75 tok/s decode_p50=66.67 tok/s ttft_p50=210 ms tpot_p50=15.00 ms errs=[] CELL greedy-c4 c=4 ok=8/8 agg=146.55 tok/s decode_p50=38.86 tok/s ttft_p50=412 ms tpot_p50=25.74 ms errs=[] CELL greedy-c2-2k c=2 ok=8/8 agg=26.21 tok/s decode_p50=43.98 tok/s ttft_p50=6868 ms tpot_p50=22.74 ms errs=[] 
serve r3 T rc=0 CELL greedy-c1 c=1 ok=8/8 agg=94.60 tok/s decode_p50=99.27 tok/s ttft_p50=140 ms tpot_p50=10.07 ms errs=[] CELL sampled-c1 c=1 ok=8/8 agg=95.31 tok/s decode_p50=99.96 tok/s ttft_p50=134 ms tpot_p50=10.00 ms errs=[] CELL greedy-c2 c=2 ok=8/8 agg=125.68 tok/s decode_p50=66.90 tok/s ttft_p50=248 ms tpot_p50=14.95 ms errs=[] CELL greedy-c4 c=4 ok=8/8 agg=156.97 tok/s decode_p50=41.73 tok/s ttft_p50=407 ms tpot_p50=23.97 ms errs=[] CELL greedy-c2-2k c=2 ok=8/8 agg=25.37 tok/s decode_p50=51.35 tok/s ttft_p50=7597 ms tpot_p50=19.47 ms errs=[] 
serve r4 M rc=0 CELL greedy-c1 c=1 ok=8/8 agg=94.39 tok/s decode_p50=99.09 tok/s ttft_p50=136 ms tpot_p50=10.09 ms errs=[] CELL sampled-c1 c=1 ok=8/8 agg=94.48 tok/s decode_p50=99.34 tok/s ttft_p50=142 ms tpot_p50=10.07 ms errs=[] CELL greedy-c2 c=2 ok=8/8 agg=125.93 tok/s decode_p50=66.14 tok/s ttft_p50=209 ms tpot_p50=15.12 ms errs=[] CELL greedy-c4 c=4 ok=8/8 agg=158.10 tok/s decode_p50=42.12 tok/s ttft_p50=394 ms tpot_p50=23.74 ms errs=[] CELL greedy-c2-2k c=2 ok=8/8 agg=26.25 tok/s decode_p50=51.45 tok/s ttft_p50=7253 ms tpot_p50=19.44 ms errs=[] 
S2ZF_DONE fe473a9d011f6ff2ae86b510227b93fbeb146743
