[server] build: memra-0.138.0-e94e5618b919 (id: source-tree, git: 286c0c54cbe8)
[server] starting; models config = [("dsv4f", "/data/dsv4f/nvfp4", None)]
[gpu-watch] Xid source: /dev/kmsg
[worker-affinity] off (MEMRA_WORKER_CPUSET / MEMRA_WORKER_AFFINITY unset or =0)
[gpu-watch] on: every 60s, probe deadline 10s, fatal after 3 consecutive misses (MEMRA_GPU_PROBE_MISSES), fatal Xid [48, 64, 79, 94, 95, 119, 120]
[worker] Engine ready (device=0, MEMRA_FAST=true)
[spec-gate] policy placement=single-or-non-pp2 LOW=2 HIGH=4 source=placement-default spec-admission=on
[spec-k] automatic table: prompt<1024 -> K=3; cold-long -> K=3; prompt>= 1024 and cached>= 1024 -> K=2 (K=5 when the loaded MTP head is rank-trimmed)
[worker] loading model "dsv4f" <- /data/dsv4f/nvfp4
[load] programmatic dependent launch on the decode chain: true
[load] sampled candidate order: Radix
[load] placement: split_at=22 trunk_layers=43 dspark_tail_reserve=0.00 GiB
[load] plain sampler: Device (the topology's default)
[load] expert arm: Native | decode path: Device { host_math: false } | dots arm: f32x (dots + sink/norm/indexer chains)
[load] topology: TpEpAllLayers | layers=43 per-rank-resident=all
[load] indexer score: Knee
[load] prefill head: All
[load] prefill DSpark prime: All
[load] sampled DSpark proposal: Greedy
[load] prefill MoE: reference
[load] dspark exit-head dots arm: f32x (rung-4c fork; drafts only, never the emitted stream)
[load] dspark selected-expert dispatch: per-expert reference
[load] dense arm: fp8 (iteration-5; fp8 = FP8-blk linears as-stored on the device decode/verify paths, bit-identical twins)
[load] lane-8 peer byte-integrity probe PASS: 1 boundaries, 10 copies, ladder [16384, 65536, 524288, 1048576, 67108864] bytes, 345.4ms
[load] lane-8 peer transport enabled (1 boundaries)
[load] layer 3 -> 2 rank copies done t=23s
[load] layer 7 -> 2 rank copies done t=47s
[load] layer 11 -> 2 rank copies done t=69s
[load] layer 15 -> 2 rank copies done t=94s
[load] layer 19 -> 2 rank copies done t=121s
[load] layer 23 -> 2 rank copies done t=146s
[load] layer 27 -> 2 rank copies done t=168s
[load] layer 31 -> 2 rank copies done t=259s
[load] layer 35 -> 2 rank copies done t=283s
[load] layer 39 -> 2 rank copies done t=330s
[load] layer 42 -> 2 rank copies done t=360s
[load] drafter: 3 DSpark block(s) (mtp.0.e_proj absent) — GPU drafter path off (set MEMRA_DSV4_DRAFTER=dspark); trunk-only
[load] TP/EP push joins: true
[TP/EP load] local expert banks resident by ID: rank0=0..128, rank1=128..256; peer dispatch disabled
[load] expert program: matrix (grouped ModelOpt split-plane executor via dsv4_grouped; tensor-core MMA class, the loaded default since 2026-09-11), EP pair (all-layer TP/EP local banks)
[attention-TP2] packed rank-local Q_b/wo_a/wo_b rows: heads=32 groups=4 wo_b_rows=2048 full_planes_freed=8.06 GiB numeric_class=dsv4_attention_head_split_row_gather_exact
[load] position-split staging: 131072 rows (256 MiB) per rank
[load] TP/EP vocab-parallel decode head: true
[dsv4-doors] program=loaded door="push joins" env=MEMRA_DSV4_AR_PUSH merged=#788 declared_default=On resolved=On(AllRoutedShapes) disposition=Engaged
[dsv4-doors] program=loaded door="vocab-parallel head" env=MEMRA_DSV4_VOCAB_HEAD merged=#783 declared_default=On resolved=On(DecodeOnlyM1) disposition=Engaged
[dsv4-doors] program=loaded door="PDL chain" env=MEMRA_DSV4_PDL merged=#782 declared_default=On resolved=On(AllRoutedShapes) disposition=Engaged
[dsv4-doors] program=loaded door="replay cadence" env=MEMRA_DSV4_REPLAY_CADENCE merged=#374 declared_default=On resolved=On(DecodeOnlyM1) disposition=PortAdmissionOrRedeclare
[dsv4-doors] program=loaded door="dense exact-tail transport" env=MEMRA_DSV4_DENSE_EXACT_TAIL merged=#374 declared_default=On resolved=On(DecodeOnlyM1) disposition=Engaged
[dsv4-doors] program=loaded door="dense-fast" env=MEMRA_DSV4_DENSE_FAST merged=#404 declared_default=On resolved=On(DecodeOnlyM1) disposition=Engaged
[dsv4-doors] program=loaded door="HC dot split S16" env=MEMRA_DSV4_HC_DOT_SPLIT merged=#418 declared_default=On resolved=On(AllRoutedShapes) disposition=Engaged
[dsv4-serve] dsv4f: placement TP/EP (expert-ID EP pair, attention TP2) (default), plain sampler Device
[dsv4-serve] dsv4f: loaded on devices [0, 1], contract RefFp8Round, max_seq 1048576, drafter absent (plain only), parked-host-cache OFF (MEMRA_DSV4_KV_HOST_MB=0), chunked-prefill 512 tokens, active-C4-host-budget 0 bytes (0=OFF; separate from parked cache)
[dsv4-serve] dsv4f: B-row steps up to 4 rows, 1 group(s) in flight (MEMRA_DSV4_ROWS)
[dsv4-serve] dsv4f: 4 serving lane(s) (default on the plain TP/EP program, sharing B-row steps; MEMRA_DSV4_SESSIONS=1 is the serial route)
[admit-mem] route=dsv4-thread model="dsv4f" calibrated fixed_plain=0:4723789924,1:4723789924 fixed_spec=0:4723789924,1:4723789924 ceiling=0:15662377616,1:15691273864 defer_budget_ms=8000
[route-contract] model="dsv4f" route=dsv4-thread capacity=4 sessions implemented=[capacity,occupancy,progress,fault-ownership,shutdown-ownership,memory-cost,service-metrics] refused=[rewrite-qualification: the route consumes no MEMRA_REWRITE_BUNDLE and none of its programs is a plan rewrite (memra#449); prime-fairness: no worker Session exists for a dsv4 request; the prime is one synchronous chunked call on the serving thread (memra#535 P4)]
[prefix-cache] WARNING: derived budget is 0 B after the boot free-VRAM reserve clamp; prefix caching disabled
[admit-mem] door=OFF open_output_tokens=8192 defer_budget_ms=8000 (admission charges prompt+output, the reclaim flush demotes to the host tier before dropping, and a memory defer past the budget refuses 429 instead of queueing past the client's deadline)
[kv-vmm] door=OFF (MEMRA_KV_ALLOCATOR unset or pooled: pooled K/V planes)
[server] worker ready; serving models: ["dsv4f"]
[server] listening on http://127.0.0.1:44945
[meter] admit id=chatcmpl-1a548c49e7d29844be29a6fa078440fd tenant=default lane=interactive model="dsv4f"
[admit-mem] id=chatcmpl-1a548c49e7d29844be29a6fa078440fd model="dsv4f" route=dsv4-thread verdict=admit capacity=512 spec=false need=0:4802165348,1:4802165348 ceiling=0:15662377616,1:15691273864 host_need=0 short=- waited_ms=0 reclaimed=0 retry_after_s=-
[dsv4-moe-fused] ENGAGED on TP/EP: t=1 slots=6 experts [0, 128) of 256, two launches, the slot sums after the rank-order join
[moe-sk-form] dev=0 qt=108 sms=188 occ128=1 occ32=7 occt=3 cross=2147483647 xcross=2147483647 bdb=0 in_f=4096 out_f=2048 n_active=128 max_m=228
[meter] admit id=chatcmpl-c328722fd2e02075f2240bf1ab0915a6 tenant=default lane=interactive model="dsv4f"
[admit-mem] id=chatcmpl-c328722fd2e02075f2240bf1ab0915a6 model="dsv4f" route=dsv4-thread verdict=admit capacity=512 spec=false need=0:4802165348,1:4802165348 ceiling=0:15662377616,1:15691273864 host_need=0 short=- waited_ms=0 reclaimed=0 retry_after_s=-
[meter] admit id=chatcmpl-3f5b39451e21ea135c7ea43024136d4d tenant=default lane=interactive model="dsv4f"
[admit-mem] id=chatcmpl-3f5b39451e21ea135c7ea43024136d4d model="dsv4f" route=dsv4-thread verdict=admit capacity=512 spec=false need=0:4802165348,1:4802165348 ceiling=0:15662377616,1:15691273864 host_need=0 short=- waited_ms=0 reclaimed=0 retry_after_s=-
[meter] admit id=chatcmpl-903e93d6b682efb2caaefe450fc021e9 tenant=default lane=interactive model="dsv4f"
[admit-mem] id=chatcmpl-903e93d6b682efb2caaefe450fc021e9 model="dsv4f" route=dsv4-thread verdict=admit capacity=512 spec=false need=0:4802165348,1:4802165348 ceiling=0:15662377616,1:15691273864 host_need=0 short=- waited_ms=0 reclaimed=0 retry_after_s=-
[meter] admit id=chatcmpl-d2e499a3677aa46515ce1339028b668a tenant=default lane=interactive model="dsv4f"
[admit-mem] id=chatcmpl-d2e499a3677aa46515ce1339028b668a model="dsv4f" route=dsv4-thread verdict=admit capacity=512 spec=false need=0:4802165348,1:4802165348 ceiling=0:15662377616,1:15691273864 host_need=0 short=- waited_ms=0 reclaimed=0 retry_after_s=-
[meter] admit id=chatcmpl-08d4f1f706016ae3587bb34bc0687b16 tenant=default lane=interactive model="dsv4f"
[admit-mem] id=chatcmpl-08d4f1f706016ae3587bb34bc0687b16 model="dsv4f" route=dsv4-thread verdict=admit capacity=512 spec=false need=0:4802165348,1:4802165348 ceiling=0:15662377616,1:15691273864 host_need=0 short=- waited_ms=0 reclaimed=0 retry_after_s=-
[meter] admit id=chatcmpl-d5519325a1c1cdbff5f3e57de5c86f45 tenant=default lane=interactive model="dsv4f"
[admit-mem] id=chatcmpl-d5519325a1c1cdbff5f3e57de5c86f45 model="dsv4f" route=dsv4-thread verdict=admit capacity=512 spec=false need=0:4802165348,1:4802165348 ceiling=0:15662377616,1:15691273864 host_need=0 short=- waited_ms=0 reclaimed=0 retry_after_s=-
[meter] admit id=chatcmpl-e6bc908548ea4219131f1da0d7368a38 tenant=default lane=interactive model="dsv4f"
[admit-mem] id=chatcmpl-e6bc908548ea4219131f1da0d7368a38 model="dsv4f" route=dsv4-thread verdict=admit capacity=512 spec=false need=0:4802165348,1:4802165348 ceiling=0:15662377616,1:15691273864 host_need=0 short=- waited_ms=0 reclaimed=0 retry_after_s=-
[meter] admit id=chatcmpl-c966c46706b36d126380b248a04dd137 tenant=default lane=interactive model="dsv4f"
[admit-mem] id=chatcmpl-c966c46706b36d126380b248a04dd137 model="dsv4f" route=dsv4-thread verdict=admit capacity=512 spec=false need=0:4802165348,1:4802165348 ceiling=0:15662377616,1:15691273864 host_need=0 short=- waited_ms=0 reclaimed=0 retry_after_s=-
[meter] admit id=chatcmpl-a1d4b418755e7baefe4b0bae38e95bae tenant=default lane=interactive model="dsv4f"
[admit-mem] id=chatcmpl-a1d4b418755e7baefe4b0bae38e95bae model="dsv4f" route=dsv4-thread verdict=admit capacity=512 spec=false need=0:4802165348,1:4802165348 ceiling=0:15662377616,1:15691273864 host_need=0 short=- waited_ms=0 reclaimed=0 retry_after_s=-
[meter] admit id=chatcmpl-73f1c9eb07a3f0f2d878eb2b29efd5fd tenant=default lane=interactive model="dsv4f"
[admit-mem] id=chatcmpl-73f1c9eb07a3f0f2d878eb2b29efd5fd model="dsv4f" route=dsv4-thread verdict=admit capacity=512 spec=false need=0:4802165348,1:4802165348 ceiling=0:15662377616,1:15691273864 host_need=0 short=- waited_ms=0 reclaimed=0 retry_after_s=-
[meter] admit id=chatcmpl-47557d35f6fc528e324c637dbf87ef49 tenant=default lane=interactive model="dsv4f"
[admit-mem] id=chatcmpl-47557d35f6fc528e324c637dbf87ef49 model="dsv4f" route=dsv4-thread verdict=admit capacity=512 spec=false need=0:4802165348,1:4802165348 ceiling=0:15662377616,1:15691273864 host_need=0 short=- waited_ms=0 reclaimed=0 retry_after_s=-
[meter] admit id=chatcmpl-281e792b1d23a4dda47b27c03707a84f tenant=default lane=interactive model="dsv4f"
[admit-mem] id=chatcmpl-281e792b1d23a4dda47b27c03707a84f model="dsv4f" route=dsv4-thread verdict=admit capacity=512 spec=false need=0:4802165348,1:4802165348 ceiling=0:15662377616,1:15691273864 host_need=0 short=- waited_ms=0 reclaimed=0 retry_after_s=-
[meter] admit id=chatcmpl-23b4123f2f0e605b6da629e72d4d5206 tenant=default lane=interactive model="dsv4f"
[admit-mem] id=chatcmpl-23b4123f2f0e605b6da629e72d4d5206 model="dsv4f" route=dsv4-thread verdict=admit capacity=512 spec=false need=0:4802165348,1:4802165348 ceiling=0:15662377616,1:15691273864 host_need=0 short=- waited_ms=0 reclaimed=0 retry_after_s=-
[meter] admit id=chatcmpl-9420c1dcdd03e171e3c4822bd6cdff5d tenant=default lane=interactive model="dsv4f"
[admit-mem] id=chatcmpl-9420c1dcdd03e171e3c4822bd6cdff5d model="dsv4f" route=dsv4-thread verdict=admit capacity=512 spec=false need=0:4802165348,1:4802165348 ceiling=0:15662377616,1:15691273864 host_need=0 short=- waited_ms=0 reclaimed=0 retry_after_s=-
[meter] admit id=chatcmpl-9ab4d1769442fd3ae1de6ab6e5a61966 tenant=default lane=interactive model="dsv4f"
[admit-mem] id=chatcmpl-9ab4d1769442fd3ae1de6ab6e5a61966 model="dsv4f" route=dsv4-thread verdict=admit capacity=512 spec=false need=0:4802165348,1:4802165348 ceiling=0:15662377616,1:15691273864 host_need=0 short=- waited_ms=0 reclaimed=0 retry_after_s=-
[meter] admit id=chatcmpl-a560b4e8213b9f2f745cf4c50d88805b tenant=default lane=interactive model="dsv4f"
[admit-mem] id=chatcmpl-a560b4e8213b9f2f745cf4c50d88805b model="dsv4f" route=dsv4-thread verdict=admit capacity=512 spec=false need=0:4802165348,1:4802165348 ceiling=0:15662377616,1:15691273864 host_need=0 short=- waited_ms=0 reclaimed=0 retry_after_s=-
[meter] admit id=chatcmpl-dc0d4678ee5a87aaf7b5d2b86858c943 tenant=default lane=interactive model="dsv4f"
[meter] admit id=chatcmpl-31c7b15f3c645e2889fede1e4418dad9 tenant=default lane=interactive model="dsv4f"
[admit-mem] id=chatcmpl-dc0d4678ee5a87aaf7b5d2b86858c943 model="dsv4f" route=dsv4-thread verdict=admit capacity=512 spec=false need=0:4802165348,1:4802165348 ceiling=0:15662377616,1:15691273864 host_need=0 short=- waited_ms=0 reclaimed=0 retry_after_s=-
[admit-mem] id=chatcmpl-31c7b15f3c645e2889fede1e4418dad9 model="dsv4f" route=dsv4-thread verdict=admit capacity=512 spec=false need=0:4802165348,1:4802165348 ceiling=0:15662377616,1:15691273864 host_need=0 short=- waited_ms=0 reclaimed=0 retry_after_s=-
[meter] admit id=chatcmpl-ab22c202a069f93ff4a7c678c3a86134 tenant=default lane=interactive model="dsv4f"
[meter] admit id=chatcmpl-bd98722185504c144787fa1a7ae797d0 tenant=default lane=interactive model="dsv4f"
[admit-mem] id=chatcmpl-ab22c202a069f93ff4a7c678c3a86134 model="dsv4f" route=dsv4-thread verdict=admit capacity=512 spec=false need=0:4802165348,1:4802165348 ceiling=0:15662377616,1:15691273864 host_need=0 short=- waited_ms=0 reclaimed=0 retry_after_s=-
[admit-mem] id=chatcmpl-bd98722185504c144787fa1a7ae797d0 model="dsv4f" route=dsv4-thread verdict=admit capacity=512 spec=false need=0:4802165348,1:4802165348 ceiling=0:15662377616,1:15691273864 host_need=0 short=- waited_ms=0 reclaimed=0 retry_after_s=-
[meter] admit id=chatcmpl-895d28359d070a9b925be638bd6e3b24 tenant=default lane=interactive model="dsv4f"
[meter] admit id=chatcmpl-465f25fa858152e827c5aab528d86507 tenant=default lane=interactive model="dsv4f"
[admit-mem] id=chatcmpl-895d28359d070a9b925be638bd6e3b24 model="dsv4f" route=dsv4-thread verdict=admit capacity=512 spec=false need=0:4802165348,1:4802165348 ceiling=0:15662377616,1:15691273864 host_need=0 short=- waited_ms=0 reclaimed=0 retry_after_s=-
[admit-mem] id=chatcmpl-465f25fa858152e827c5aab528d86507 model="dsv4f" route=dsv4-thread verdict=admit capacity=512 spec=false need=0:4802165348,1:4802165348 ceiling=0:15662377616,1:15691273864 host_need=0 short=- waited_ms=0 reclaimed=0 retry_after_s=-
[meter] admit id=chatcmpl-a7a21376492c858ace862c0f1eb96700 tenant=default lane=interactive model="dsv4f"
[meter] admit id=chatcmpl-986137a27ecbfd3cb3c62a0875261580 tenant=default lane=interactive model="dsv4f"
[admit-mem] id=chatcmpl-a7a21376492c858ace862c0f1eb96700 model="dsv4f" route=dsv4-thread verdict=admit capacity=512 spec=false need=0:4802165348,1:4802165348 ceiling=0:15662377616,1:15691273864 host_need=0 short=- waited_ms=0 reclaimed=0 retry_after_s=-
[admit-mem] id=chatcmpl-986137a27ecbfd3cb3c62a0875261580 model="dsv4f" route=dsv4-thread verdict=admit capacity=512 spec=false need=0:4802165348,1:4802165348 ceiling=0:15662377616,1:15691273864 host_need=0 short=- waited_ms=0 reclaimed=0 retry_after_s=-
[meter] admit id=chatcmpl-e7f42bcad8ee7f1d3a565a0796101dba tenant=default lane=interactive model="dsv4f"
[meter] admit id=chatcmpl-d530d04f960c9955eb332d7449403a03 tenant=default lane=interactive model="dsv4f"
[admit-mem] id=chatcmpl-e7f42bcad8ee7f1d3a565a0796101dba model="dsv4f" route=dsv4-thread verdict=admit capacity=512 spec=false need=0:4802165348,1:4802165348 ceiling=0:15662377616,1:15691273864 host_need=0 short=- waited_ms=0 reclaimed=0 retry_after_s=-
[meter] admit id=chatcmpl-872f34c476c193d216259b9f7a7e2d11 tenant=default lane=interactive model="dsv4f"
[meter] admit id=chatcmpl-a4d0e1255908163ec5259e192c878db9 tenant=default lane=interactive model="dsv4f"
[admit-mem] id=chatcmpl-d530d04f960c9955eb332d7449403a03 model="dsv4f" route=dsv4-thread verdict=admit capacity=512 spec=false need=0:4802165348,1:4802165348 ceiling=0:15662377616,1:15691273864 host_need=0 short=- waited_ms=0 reclaimed=0 retry_after_s=-
[admit-mem] id=chatcmpl-872f34c476c193d216259b9f7a7e2d11 model="dsv4f" route=dsv4-thread verdict=admit capacity=512 spec=false need=0:4802165348,1:4802165348 ceiling=0:15662377616,1:15691273864 host_need=0 short=- waited_ms=0 reclaimed=0 retry_after_s=-
[admit-mem] id=chatcmpl-a4d0e1255908163ec5259e192c878db9 model="dsv4f" route=dsv4-thread verdict=admit capacity=512 spec=false need=0:4802165348,1:4802165348 ceiling=0:15662377616,1:15691273864 host_need=0 short=- waited_ms=0 reclaimed=0 retry_after_s=-
[meter] admit id=chatcmpl-e77568e93d7d2384cd067ae7b57e616b tenant=default lane=interactive model="dsv4f"
[meter] admit id=chatcmpl-883ed86c8c2d55c13eb0688db16a91af tenant=default lane=interactive model="dsv4f"
[meter] admit id=chatcmpl-2f30a64602316bb2da375b1f7f821afe tenant=default lane=interactive model="dsv4f"
[meter] admit id=chatcmpl-c87bb065bd1524dc00256afa8be82924 tenant=default lane=interactive model="dsv4f"
[admit-mem] id=chatcmpl-e77568e93d7d2384cd067ae7b57e616b model="dsv4f" route=dsv4-thread verdict=admit capacity=512 spec=false need=0:4802165348,1:4802165348 ceiling=0:15662377616,1:15691273864 host_need=0 short=- waited_ms=0 reclaimed=0 retry_after_s=-
[admit-mem] id=chatcmpl-883ed86c8c2d55c13eb0688db16a91af model="dsv4f" route=dsv4-thread verdict=admit capacity=512 spec=false need=0:4802165348,1:4802165348 ceiling=0:15662377616,1:15691273864 host_need=0 short=- waited_ms=0 reclaimed=0 retry_after_s=-
[admit-mem] id=chatcmpl-2f30a64602316bb2da375b1f7f821afe model="dsv4f" route=dsv4-thread verdict=admit capacity=512 spec=false need=0:4802165348,1:4802165348 ceiling=0:15662377616,1:15691273864 host_need=0 short=- waited_ms=0 reclaimed=0 retry_after_s=-
[admit-mem] id=chatcmpl-c87bb065bd1524dc00256afa8be82924 model="dsv4f" route=dsv4-thread verdict=admit capacity=512 spec=false need=0:4802165348,1:4802165348 ceiling=0:15662377616,1:15691273864 host_need=0 short=- waited_ms=0 reclaimed=0 retry_after_s=-
[meter] admit id=chatcmpl-fa4eea8e0a74357b2b7af48f186598ea tenant=default lane=interactive model="dsv4f"
[meter] admit id=chatcmpl-03b80b9a5de3fc17fa3223d90a938369 tenant=default lane=interactive model="dsv4f"
[admit-mem] id=chatcmpl-fa4eea8e0a74357b2b7af48f186598ea model="dsv4f" route=dsv4-thread verdict=admit capacity=2339 spec=false need=0:4817447524,1:4817447524 ceiling=0:15662377616,1:15691273864 host_need=0 short=- waited_ms=0 reclaimed=0 retry_after_s=-
[admit-mem] id=chatcmpl-03b80b9a5de3fc17fa3223d90a938369 model="dsv4f" route=dsv4-thread verdict=admit capacity=2326 spec=false need=0:4817372260,1:4817372260 ceiling=0:15662377616,1:15691273864 host_need=0 short=- waited_ms=0 reclaimed=0 retry_after_s=-
[meter] admit id=chatcmpl-e6bbf09b639e1f55a9b327838a50bad9 tenant=default lane=interactive model="dsv4f"
[meter] admit id=chatcmpl-01de6b20a83fc762f55a7e0178f3ba21 tenant=default lane=interactive model="dsv4f"
[admit-mem] id=chatcmpl-e6bbf09b639e1f55a9b327838a50bad9 model="dsv4f" route=dsv4-thread verdict=admit capacity=2361 spec=false need=0:4817641060,1:4817641060 ceiling=0:15662377616,1:15691273864 host_need=0 short=- waited_ms=0 reclaimed=0 retry_after_s=-
[admit-mem] id=chatcmpl-01de6b20a83fc762f55a7e0178f3ba21 model="dsv4f" route=dsv4-thread verdict=admit capacity=2351 spec=false need=0:4817565796,1:4817565796 ceiling=0:15662377616,1:15691273864 host_need=0 short=- waited_ms=0 reclaimed=0 retry_after_s=-
[meter] admit id=chatcmpl-e065dc6bbe75447b83e5bd68f666f0ba tenant=default lane=interactive model="dsv4f"
[meter] admit id=chatcmpl-a0691721d93f8e3783099267ec99c855 tenant=default lane=interactive model="dsv4f"
[admit-mem] id=chatcmpl-e065dc6bbe75447b83e5bd68f666f0ba model="dsv4f" route=dsv4-thread verdict=admit capacity=2322 spec=false need=0:4817318500,1:4817318500 ceiling=0:15662377616,1:15691273864 host_need=0 short=- waited_ms=0 reclaimed=0 retry_after_s=-
[admit-mem] id=chatcmpl-a0691721d93f8e3783099267ec99c855 model="dsv4f" route=dsv4-thread verdict=admit capacity=2352 spec=false need=0:4817576548,1:4817576548 ceiling=0:15662377616,1:15691273864 host_need=0 short=- waited_ms=0 reclaimed=0 retry_after_s=-
[meter] admit id=chatcmpl-c19b0a39348369ec456ac95493a82cfe tenant=default lane=interactive model="dsv4f"
[meter] admit id=chatcmpl-8eed7ac813bac9639513bce6814a9ff0 tenant=default lane=interactive model="dsv4f"
[admit-mem] id=chatcmpl-c19b0a39348369ec456ac95493a82cfe model="dsv4f" route=dsv4-thread verdict=admit capacity=2328 spec=false need=0:4817383012,1:4817383012 ceiling=0:15662377616,1:15691273864 host_need=0 short=- waited_ms=0 reclaimed=0 retry_after_s=-
[admit-mem] id=chatcmpl-8eed7ac813bac9639513bce6814a9ff0 model="dsv4f" route=dsv4-thread verdict=admit capacity=2314 spec=false need=0:4817253988,1:4817253988 ceiling=0:15662377616,1:15691273864 host_need=0 short=- waited_ms=0 reclaimed=0 retry_after_s=-
[server] SIGTERM: draining (0 in flight, deadline 30s)
[server] drain complete in 0.0s; exiting
[server] GPU worker shutdown complete
