warm status=200 G=64 ttft=62.311279296875 e2e=574
a0 status=429 G=None ttft=None e2e=2
a2 status=429 G=None ttft=None e2e=3
a1 status=429 G=None ttft=None e2e=4
a3 status=429 G=None ttft=None e2e=3
b0 status=429 G=None ttft=None e2e=2
c0 status=429 G=None ttft=None e2e=2
c2 status=429 G=None ttft=None e2e=3
c1 status=429 G=None ttft=None e2e=3
c3 status=429 G=None ttft=None e2e=3
burst-0 status=429 G=None ttft=None e2e=3
burst-1 status=429 G=None ttft=None e2e=3
burst-2 status=429 G=None ttft=None e2e=5
burst-3 status=429 G=None ttft=None e2e=4
burst-5 status=429 G=None ttft=None e2e=3
burst-6 status=429 G=None ttft=None e2e=3
burst-4 status=429 G=None ttft=None e2e=7
burst-8 status=429 G=None ttft=None e2e=5
burst-13 status=429 G=None ttft=None e2e=2
burst-9 status=429 G=None ttft=None e2e=4
burst-31 status=429 G=None ttft=None e2e=2
burst-11 status=429 G=None ttft=None e2e=3
burst-10 status=429 G=None ttft=None e2e=2
burst-7 status=429 G=None ttft=None e2e=7
burst-14 status=429 G=None ttft=None e2e=4
burst-15 status=429 G=None ttft=None e2e=5
burst-17 status=429 G=None ttft=None e2e=2
burst-21 status=429 G=None ttft=None e2e=2
burst-20 status=429 G=None ttft=None e2e=3
burst-23 status=429 G=None ttft=None e2e=2
burst-24 status=429 G=None ttft=None e2e=2
burst-26 status=429 G=None ttft=None e2e=3
burst-19 status=429 G=None ttft=None e2e=6
burst-22 status=429 G=None ttft=None e2e=4
burst-25 status=429 G=None ttft=None e2e=3
burst-18 status=429 G=None ttft=None e2e=7
burst-16 status=429 G=None ttft=None e2e=10
burst-27 status=429 G=None ttft=None e2e=3
burst-28 status=429 G=None ttft=None e2e=2
burst-29 status=429 G=None ttft=None e2e=2
burst-30 status=429 G=None ttft=None e2e=1
burst-12 status=429 G=None ttft=None e2e=3
wave2-5 status=429 G=None ttft=None e2e=49
wave2-9 status=429 G=None ttft=None e2e=49
wave2-7 status=429 G=None ttft=None e2e=50
wave2-4 status=429 G=None ttft=None e2e=51
wave2-2 status=429 G=None ttft=None e2e=53
wave2-10 status=429 G=None ttft=None e2e=51
wave2-6 status=429 G=None ttft=None e2e=51
wave2-12 status=429 G=None ttft=None e2e=51
wave2-8 status=429 G=None ttft=None e2e=53
wave2-0 status=429 G=None ttft=None e2e=57
wave2-1 status=429 G=None ttft=None e2e=57
wave2-13 status=429 G=None ttft=None e2e=53
wave2-11 status=429 G=None ttft=None e2e=55
wave2-15 status=429 G=None ttft=None e2e=54
wave2-3 status=429 G=None ttft=None e2e=58
wave2-14 status=429 G=None ttft=None e2e=55
probe status=200 G=16 ttft=331.30517578125 e2e=568
DAY48 CLIENT rows=59 ok=2
