[server] build: memra-0.138.0-ec950f2c5461 (id: source-tree, git: 58eda5005b9b)
[server] starting; models config = [("dsv4f", "/data/dsv4f/nvfp4", None)]
[gpu-watch] Xid source: journalctl -k -f (/dev/kmsg unreadable — kernel.dmesg_restrict)
[worker-affinity] off (MEMRA_WORKER_CPUSET / MEMRA_WORKER_AFFINITY unset or =0)
[gpu-watch] on: every 60s, probe deadline 10s, fatal after 3 consecutive misses (MEMRA_GPU_PROBE_MISSES), fatal Xid [48, 64, 79, 94, 95, 119, 120]
[worker] Engine ready (device=0, MEMRA_FAST=true)
[spec-gate] policy placement=single-or-non-pp2 LOW=2 HIGH=4 source=placement-default spec-admission=on
[spec-k] automatic table: prompt<1024 -> K=3; cold-long -> K=3; prompt>= 1024 and cached>= 1024 -> K=2 (K=5 when the loaded MTP head is rank-trimmed)
[worker] loading model "dsv4f" <- /data/dsv4f/nvfp4
[load] programmatic dependent launch on the decode chain: true
[load] sampled candidate order: Radix
[load] placement: split_at=22 trunk_layers=43 dspark_tail_reserve=0.00 GiB
[load] plain sampler: Device (the topology's default)
[load] expert arm: Native | decode path: Device { host_math: false } | dots arm: f32x (dots + sink/norm/indexer chains)
[load] topology: TpEpAllLayers | layers=43 per-rank-resident=all
[load] indexer score: Knee
[load] prefill head: All
[load] prefill DSpark prime: All
[load] sampled DSpark proposal: Greedy
[load] prefill MoE: reference
[load] dspark exit-head dots arm: f32x (rung-4c fork; drafts only, never the emitted stream)
[load] dspark selected-expert dispatch: per-expert reference
[load] dense arm: fp8 (iteration-5; fp8 = FP8-blk linears as-stored on the device decode/verify paths, bit-identical twins)
[load] lane-8 peer byte-integrity probe PASS: 1 boundaries, 10 copies, ladder [16384, 65536, 524288, 1048576, 67108864] bytes, 368.5ms
[load] lane-8 peer transport enabled (1 boundaries)
[load] layer 3 -> 2 rank copies done t=20s
[load] layer 7 -> 2 rank copies done t=40s
[load] layer 11 -> 2 rank copies done t=60s
[load] layer 15 -> 2 rank copies done t=80s
[load] layer 19 -> 2 rank copies done t=99s
[load] layer 23 -> 2 rank copies done t=118s
[load] layer 27 -> 2 rank copies done t=138s
[load] layer 31 -> 2 rank copies done t=157s
[load] layer 35 -> 2 rank copies done t=176s
[load] layer 39 -> 2 rank copies done t=195s
[load] layer 42 -> 2 rank copies done t=210s
[load] drafter: 3 DSpark block(s) (mtp.0.e_proj absent) — GPU drafter path off (set MEMRA_DSV4_DRAFTER=dspark); trunk-only
[load] TP/EP push joins: true
[TP/EP load] local expert banks resident by ID: rank0=0..128, rank1=128..256; peer dispatch disabled
[load] expert program: matrix (grouped ModelOpt split-plane executor via dsv4_grouped; tensor-core MMA class, the loaded default since 2026-09-11), EP pair (all-layer TP/EP local banks)
[attention-TP2] packed rank-local Q_b/wo_a/wo_b rows: heads=32 groups=4 wo_b_rows=2048 full_planes_freed=8.06 GiB numeric_class=dsv4_attention_head_split_row_gather_exact
[load] position-split staging: 131072 rows (256 MiB) per rank
[load] TP/EP vocab-parallel decode head: true
[dsv4-doors] program=loaded door="push joins" env=MEMRA_DSV4_AR_PUSH merged=#788 declared_default=On resolved=On(AllRoutedShapes) disposition=Engaged
[dsv4-doors] program=loaded door="vocab-parallel head" env=MEMRA_DSV4_VOCAB_HEAD merged=#783 declared_default=On resolved=On(DecodeOnlyM1) disposition=Engaged
[dsv4-doors] program=loaded door="PDL chain" env=MEMRA_DSV4_PDL merged=#782 declared_default=On resolved=On(AllRoutedShapes) disposition=Engaged
[dsv4-doors] program=loaded door="replay cadence" env=MEMRA_DSV4_REPLAY_CADENCE merged=#374 declared_default=On resolved=On(DecodeOnlyM1) disposition=PortAdmissionOrRedeclare
[dsv4-doors] program=loaded door="dense exact-tail transport" env=MEMRA_DSV4_DENSE_EXACT_TAIL merged=#374 declared_default=On resolved=On(DecodeOnlyM1) disposition=Engaged
[dsv4-doors] program=loaded door="dense-fast" env=MEMRA_DSV4_DENSE_FAST merged=#404 declared_default=On resolved=On(DecodeOnlyM1) disposition=Engaged
[dsv4-doors] program=loaded door="HC dot split S16" env=MEMRA_DSV4_HC_DOT_SPLIT merged=#418 declared_default=On resolved=On(AllRoutedShapes) disposition=Engaged
[dsv4-serve] dsv4f: placement TP/EP (expert-ID EP pair, attention TP2) (default), plain sampler Device
[dsv4-serve] dsv4f: loaded on devices [0, 1], contract RefFp8Round, max_seq 1048576, drafter absent (plain only), parked-host-cache OFF (MEMRA_DSV4_KV_HOST_MB=0), chunked-prefill 512 tokens, active-C4-host-budget 0 bytes (0=OFF; separate from parked cache)
[dsv4-serve] dsv4f: B-row steps up to 4 rows, 1 group(s) in flight (MEMRA_DSV4_ROWS)
[dsv4-serve] dsv4f: 4 serving lane(s) (default on the plain TP/EP program, sharing B-row steps; MEMRA_DSV4_SESSIONS=1 is the serial route)
[admit-mem] route=dsv4-thread model="dsv4f" calibrated fixed_plain=0:4706979932,1:4706979932 fixed_spec=0:4706979932,1:4706979932 ceiling=0:15664540308,1:15693436556 defer_budget_ms=8000
[route-contract] model="dsv4f" route=dsv4-thread capacity=4 sessions implemented=[capacity,occupancy,progress,fault-ownership,shutdown-ownership,memory-cost,service-metrics] refused=[rewrite-qualification: the route consumes no MEMRA_REWRITE_BUNDLE and none of its programs is a plan rewrite (memra#449); prime-fairness: no worker Session exists for a dsv4 request; the prime is one synchronous chunked call on the serving thread (memra#535 P4)]
[prefix-cache] WARNING: derived budget is 0 B after the boot free-VRAM reserve clamp; prefix caching disabled
[admit-mem] door=OFF open_output_tokens=8192 defer_budget_ms=8000 (admission charges prompt+output, the reclaim flush demotes to the host tier before dropping, and a memory defer past the budget refuses 429 instead of queueing past the client's deadline)
[server] worker ready; serving models: ["dsv4f"]
[server] listening on http://127.0.0.1:60489
[meter] admit id=chatcmpl-6e66d4f57952afe6b255710d0a271c71 tenant=default lane=interactive model="dsv4f"
[admit-mem] id=chatcmpl-6e66d4f57952afe6b255710d0a271c71 model="dsv4f" route=dsv4-thread verdict=admit capacity=512 spec=false need=0:4785355356,1:4785355356 ceiling=0:15664540308,1:15693436556 host_need=0 short=- waited_ms=0 reclaimed=0 retry_after_s=-
[dsv4-moe-fused] ENGAGED on TP/EP: t=1 slots=6 experts [0, 128) of 256, two launches, the slot sums after the rank-order join
[moe-sk-form] dev=0 qt=108 sms=188 occ128=1 occ32=7 occt=3 cross=2147483647 xcross=2147483647 bdb=0 in_f=4096 out_f=2048 n_active=128 max_m=228
[meter] admit id=chatcmpl-ecd71c343cf1bef5528798732c9f67a4 tenant=default lane=interactive model="dsv4f"
[admit-mem] id=chatcmpl-ecd71c343cf1bef5528798732c9f67a4 model="dsv4f" route=dsv4-thread verdict=admit capacity=512 spec=false need=0:4785355356,1:4785355356 ceiling=0:15664540308,1:15693436556 host_need=0 short=- waited_ms=0 reclaimed=0 retry_after_s=-
[meter] admit id=chatcmpl-0a2a5b8f60a2609cc41ac5af061898f7 tenant=default lane=interactive model="dsv4f"
[admit-mem] id=chatcmpl-0a2a5b8f60a2609cc41ac5af061898f7 model="dsv4f" route=dsv4-thread verdict=admit capacity=512 spec=false need=0:4785355356,1:4785355356 ceiling=0:15664540308,1:15693436556 host_need=0 short=- waited_ms=0 reclaimed=0 retry_after_s=-
[meter] admit id=chatcmpl-8a2bb3a646b90a259f5cdf57e23042f2 tenant=default lane=interactive model="dsv4f"
[admit-mem] id=chatcmpl-8a2bb3a646b90a259f5cdf57e23042f2 model="dsv4f" route=dsv4-thread verdict=admit capacity=512 spec=false need=0:4785355356,1:4785355356 ceiling=0:15664540308,1:15693436556 host_need=0 short=- waited_ms=0 reclaimed=0 retry_after_s=-
[meter] admit id=chatcmpl-c7f6b5e31333ef146cf90eb6b7f98483 tenant=default lane=interactive model="dsv4f"
[admit-mem] id=chatcmpl-c7f6b5e31333ef146cf90eb6b7f98483 model="dsv4f" route=dsv4-thread verdict=admit capacity=512 spec=false need=0:4785355356,1:4785355356 ceiling=0:15664540308,1:15693436556 host_need=0 short=- waited_ms=0 reclaimed=0 retry_after_s=-
[meter] admit id=chatcmpl-f280af852897d9cc78595090e9f0c4ce tenant=default lane=interactive model="dsv4f"
[admit-mem] id=chatcmpl-f280af852897d9cc78595090e9f0c4ce model="dsv4f" route=dsv4-thread verdict=admit capacity=512 spec=false need=0:4785355356,1:4785355356 ceiling=0:15664540308,1:15693436556 host_need=0 short=- waited_ms=0 reclaimed=0 retry_after_s=-
[meter] admit id=chatcmpl-739ca6f900d8edcdf40bbccfd1d6db85 tenant=default lane=interactive model="dsv4f"
[admit-mem] id=chatcmpl-739ca6f900d8edcdf40bbccfd1d6db85 model="dsv4f" route=dsv4-thread verdict=admit capacity=512 spec=false need=0:4785355356,1:4785355356 ceiling=0:15664540308,1:15693436556 host_need=0 short=- waited_ms=0 reclaimed=0 retry_after_s=-
[meter] admit id=chatcmpl-0c50cc4758519f0f31bbc826c14e0c84 tenant=default lane=interactive model="dsv4f"
[admit-mem] id=chatcmpl-0c50cc4758519f0f31bbc826c14e0c84 model="dsv4f" route=dsv4-thread verdict=admit capacity=512 spec=false need=0:4785355356,1:4785355356 ceiling=0:15664540308,1:15693436556 host_need=0 short=- waited_ms=0 reclaimed=0 retry_after_s=-
[meter] admit id=chatcmpl-3b44aaa8475a54fd5e021e99829239f2 tenant=default lane=interactive model="dsv4f"
[admit-mem] id=chatcmpl-3b44aaa8475a54fd5e021e99829239f2 model="dsv4f" route=dsv4-thread verdict=admit capacity=512 spec=false need=0:4785355356,1:4785355356 ceiling=0:15664540308,1:15693436556 host_need=0 short=- waited_ms=0 reclaimed=0 retry_after_s=-
[meter] admit id=chatcmpl-b50bb964f62256be1603e04395aaf303 tenant=default lane=interactive model="dsv4f"
[admit-mem] id=chatcmpl-b50bb964f62256be1603e04395aaf303 model="dsv4f" route=dsv4-thread verdict=admit capacity=512 spec=false need=0:4785355356,1:4785355356 ceiling=0:15664540308,1:15693436556 host_need=0 short=- waited_ms=0 reclaimed=0 retry_after_s=-
[meter] admit id=chatcmpl-42ebc20777d32f43052068f5afcc9563 tenant=default lane=interactive model="dsv4f"
[admit-mem] id=chatcmpl-42ebc20777d32f43052068f5afcc9563 model="dsv4f" route=dsv4-thread verdict=admit capacity=512 spec=false need=0:4785355356,1:4785355356 ceiling=0:15664540308,1:15693436556 host_need=0 short=- waited_ms=0 reclaimed=0 retry_after_s=-
[meter] admit id=chatcmpl-57a9dd26a91e1000301b5c33c8be4bb4 tenant=default lane=interactive model="dsv4f"
[admit-mem] id=chatcmpl-57a9dd26a91e1000301b5c33c8be4bb4 model="dsv4f" route=dsv4-thread verdict=admit capacity=512 spec=false need=0:4785355356,1:4785355356 ceiling=0:15664540308,1:15693436556 host_need=0 short=- waited_ms=0 reclaimed=0 retry_after_s=-
[meter] admit id=chatcmpl-11e7d1021c32639578cc8691bb6ac3cd tenant=default lane=interactive model="dsv4f"
[admit-mem] id=chatcmpl-11e7d1021c32639578cc8691bb6ac3cd model="dsv4f" route=dsv4-thread verdict=admit capacity=512 spec=false need=0:4785355356,1:4785355356 ceiling=0:15664540308,1:15693436556 host_need=0 short=- waited_ms=0 reclaimed=0 retry_after_s=-
[meter] admit id=chatcmpl-35908e8c92afc306d3c53e89803ace71 tenant=default lane=interactive model="dsv4f"
[admit-mem] id=chatcmpl-35908e8c92afc306d3c53e89803ace71 model="dsv4f" route=dsv4-thread verdict=admit capacity=512 spec=false need=0:4785355356,1:4785355356 ceiling=0:15664540308,1:15693436556 host_need=0 short=- waited_ms=0 reclaimed=0 retry_after_s=-
[meter] admit id=chatcmpl-d8c1659e59d42318ae0cda0a7a9dfce4 tenant=default lane=interactive model="dsv4f"
[admit-mem] id=chatcmpl-d8c1659e59d42318ae0cda0a7a9dfce4 model="dsv4f" route=dsv4-thread verdict=admit capacity=512 spec=false need=0:4785355356,1:4785355356 ceiling=0:15664540308,1:15693436556 host_need=0 short=- waited_ms=0 reclaimed=0 retry_after_s=-
[meter] admit id=chatcmpl-eb3d27e4c5eb7bb4ea5701b65eba714b tenant=default lane=interactive model="dsv4f"
[admit-mem] id=chatcmpl-eb3d27e4c5eb7bb4ea5701b65eba714b model="dsv4f" route=dsv4-thread verdict=admit capacity=512 spec=false need=0:4785355356,1:4785355356 ceiling=0:15664540308,1:15693436556 host_need=0 short=- waited_ms=0 reclaimed=0 retry_after_s=-
[meter] admit id=chatcmpl-a0c146eabd2255f1108d782c7aa9776c tenant=default lane=interactive model="dsv4f"
[admit-mem] id=chatcmpl-a0c146eabd2255f1108d782c7aa9776c model="dsv4f" route=dsv4-thread verdict=admit capacity=512 spec=false need=0:4785355356,1:4785355356 ceiling=0:15664540308,1:15693436556 host_need=0 short=- waited_ms=0 reclaimed=0 retry_after_s=-
[meter] admit id=chatcmpl-763c220d161c5c6afe647c4fba905092 tenant=default lane=interactive model="dsv4f"
[meter] admit id=chatcmpl-dd30ed608b83c4c84fcd4ed09f3c30e8 tenant=default lane=interactive model="dsv4f"
[admit-mem] id=chatcmpl-763c220d161c5c6afe647c4fba905092 model="dsv4f" route=dsv4-thread verdict=admit capacity=512 spec=false need=0:4785355356,1:4785355356 ceiling=0:15664540308,1:15693436556 host_need=0 short=- waited_ms=0 reclaimed=0 retry_after_s=-
[admit-mem] id=chatcmpl-dd30ed608b83c4c84fcd4ed09f3c30e8 model="dsv4f" route=dsv4-thread verdict=admit capacity=512 spec=false need=0:4785355356,1:4785355356 ceiling=0:15664540308,1:15693436556 host_need=0 short=- waited_ms=0 reclaimed=0 retry_after_s=-
[meter] admit id=chatcmpl-eb0090532652c0c58e930b7cc9d7f7df tenant=default lane=interactive model="dsv4f"
[meter] admit id=chatcmpl-9b6b3ba24e388b6411496b2b967770fb tenant=default lane=interactive model="dsv4f"
[admit-mem] id=chatcmpl-eb0090532652c0c58e930b7cc9d7f7df model="dsv4f" route=dsv4-thread verdict=admit capacity=512 spec=false need=0:4785355356,1:4785355356 ceiling=0:15664540308,1:15693436556 host_need=0 short=- waited_ms=0 reclaimed=0 retry_after_s=-
[admit-mem] id=chatcmpl-9b6b3ba24e388b6411496b2b967770fb model="dsv4f" route=dsv4-thread verdict=admit capacity=512 spec=false need=0:4785355356,1:4785355356 ceiling=0:15664540308,1:15693436556 host_need=0 short=- waited_ms=0 reclaimed=0 retry_after_s=-
[meter] admit id=chatcmpl-bea4373e07d69f560e27016d0cf03618 tenant=default lane=interactive model="dsv4f"
[meter] admit id=chatcmpl-78eee763cd3e41dafefe9bd024c52cc4 tenant=default lane=interactive model="dsv4f"
[admit-mem] id=chatcmpl-bea4373e07d69f560e27016d0cf03618 model="dsv4f" route=dsv4-thread verdict=admit capacity=512 spec=false need=0:4785355356,1:4785355356 ceiling=0:15664540308,1:15693436556 host_need=0 short=- waited_ms=0 reclaimed=0 retry_after_s=-
[admit-mem] id=chatcmpl-78eee763cd3e41dafefe9bd024c52cc4 model="dsv4f" route=dsv4-thread verdict=admit capacity=512 spec=false need=0:4785355356,1:4785355356 ceiling=0:15664540308,1:15693436556 host_need=0 short=- waited_ms=0 reclaimed=0 retry_after_s=-
[meter] admit id=chatcmpl-ff422abe90b9fd963948c7af26082eb0 tenant=default lane=interactive model="dsv4f"
[meter] admit id=chatcmpl-a28f296f7050189718b3c2c8398070b2 tenant=default lane=interactive model="dsv4f"
[admit-mem] id=chatcmpl-ff422abe90b9fd963948c7af26082eb0 model="dsv4f" route=dsv4-thread verdict=admit capacity=512 spec=false need=0:4785355356,1:4785355356 ceiling=0:15664540308,1:15693436556 host_need=0 short=- waited_ms=0 reclaimed=0 retry_after_s=-
[admit-mem] id=chatcmpl-a28f296f7050189718b3c2c8398070b2 model="dsv4f" route=dsv4-thread verdict=admit capacity=512 spec=false need=0:4785355356,1:4785355356 ceiling=0:15664540308,1:15693436556 host_need=0 short=- waited_ms=0 reclaimed=0 retry_after_s=-
[meter] admit id=chatcmpl-d02840ff4682388ab4946c9680e59350 tenant=default lane=interactive model="dsv4f"
[admit-mem] id=chatcmpl-d02840ff4682388ab4946c9680e59350 model="dsv4f" route=dsv4-thread verdict=admit capacity=512 spec=false need=0:4785355356,1:4785355356 ceiling=0:15664540308,1:15693436556 host_need=0 short=- waited_ms=0 reclaimed=0 retry_after_s=-
[meter] admit id=chatcmpl-4e79c010e2c6314f7c044449fb1b35a6 tenant=default lane=interactive model="dsv4f"
[meter] admit id=chatcmpl-a4007c2af6f9a172473a22901c62f6f7 tenant=default lane=interactive model="dsv4f"
[meter] admit id=chatcmpl-eca5cd5ae68c4b320f8816435765c84a tenant=default lane=interactive model="dsv4f"
[admit-mem] id=chatcmpl-4e79c010e2c6314f7c044449fb1b35a6 model="dsv4f" route=dsv4-thread verdict=admit capacity=512 spec=false need=0:4785355356,1:4785355356 ceiling=0:15664540308,1:15693436556 host_need=0 short=- waited_ms=0 reclaimed=0 retry_after_s=-
[admit-mem] id=chatcmpl-a4007c2af6f9a172473a22901c62f6f7 model="dsv4f" route=dsv4-thread verdict=admit capacity=512 spec=false need=0:4785355356,1:4785355356 ceiling=0:15664540308,1:15693436556 host_need=0 short=- waited_ms=0 reclaimed=0 retry_after_s=-
[admit-mem] id=chatcmpl-eca5cd5ae68c4b320f8816435765c84a model="dsv4f" route=dsv4-thread verdict=admit capacity=512 spec=false need=0:4785355356,1:4785355356 ceiling=0:15664540308,1:15693436556 host_need=0 short=- waited_ms=0 reclaimed=0 retry_after_s=-
[meter] admit id=chatcmpl-e9cf2f22e14818880ed0fa87b31aec40 tenant=default lane=interactive model="dsv4f"
[meter] admit id=chatcmpl-e8a1539eaa93bc6992a2c4faa6b8d2c6 tenant=default lane=interactive model="dsv4f"
[meter] admit id=chatcmpl-3811c9e095964470e9d48c358d2e044f tenant=default lane=interactive model="dsv4f"
[meter] admit id=chatcmpl-7381891a4d5cb1f8d6c58b93c796c7b0 tenant=default lane=interactive model="dsv4f"
[admit-mem] id=chatcmpl-e9cf2f22e14818880ed0fa87b31aec40 model="dsv4f" route=dsv4-thread verdict=admit capacity=512 spec=false need=0:4785355356,1:4785355356 ceiling=0:15664540308,1:15693436556 host_need=0 short=- waited_ms=0 reclaimed=0 retry_after_s=-
[admit-mem] id=chatcmpl-e8a1539eaa93bc6992a2c4faa6b8d2c6 model="dsv4f" route=dsv4-thread verdict=admit capacity=512 spec=false need=0:4785355356,1:4785355356 ceiling=0:15664540308,1:15693436556 host_need=0 short=- waited_ms=0 reclaimed=0 retry_after_s=-
[admit-mem] id=chatcmpl-3811c9e095964470e9d48c358d2e044f model="dsv4f" route=dsv4-thread verdict=admit capacity=512 spec=false need=0:4785355356,1:4785355356 ceiling=0:15664540308,1:15693436556 host_need=0 short=- waited_ms=0 reclaimed=0 retry_after_s=-
[admit-mem] id=chatcmpl-7381891a4d5cb1f8d6c58b93c796c7b0 model="dsv4f" route=dsv4-thread verdict=admit capacity=512 spec=false need=0:4785355356,1:4785355356 ceiling=0:15664540308,1:15693436556 host_need=0 short=- waited_ms=0 reclaimed=0 retry_after_s=-
[meter] admit id=chatcmpl-91b818f1fce8a7fc7c02d971c4f9784f tenant=default lane=interactive model="dsv4f"
[meter] admit id=chatcmpl-fa8a7feeda881f8af17461411e99859a tenant=default lane=interactive model="dsv4f"
[admit-mem] id=chatcmpl-91b818f1fce8a7fc7c02d971c4f9784f model="dsv4f" route=dsv4-thread verdict=admit capacity=2326 spec=false need=0:4800562268,1:4800562268 ceiling=0:15664540308,1:15693436556 host_need=0 short=- waited_ms=0 reclaimed=0 retry_after_s=-
[admit-mem] id=chatcmpl-fa8a7feeda881f8af17461411e99859a model="dsv4f" route=dsv4-thread verdict=admit capacity=2339 spec=false need=0:4800637532,1:4800637532 ceiling=0:15664540308,1:15693436556 host_need=0 short=- waited_ms=0 reclaimed=0 retry_after_s=-
[meter] admit id=chatcmpl-951c6b5bf240e280380fd0a222624609 tenant=default lane=interactive model="dsv4f"
[meter] admit id=chatcmpl-bdf846f3fede2326d8b847bb7620874f tenant=default lane=interactive model="dsv4f"
[admit-mem] id=chatcmpl-951c6b5bf240e280380fd0a222624609 model="dsv4f" route=dsv4-thread verdict=admit capacity=2351 spec=false need=0:4800755804,1:4800755804 ceiling=0:15664540308,1:15693436556 host_need=0 short=- waited_ms=0 reclaimed=0 retry_after_s=-
[admit-mem] id=chatcmpl-bdf846f3fede2326d8b847bb7620874f model="dsv4f" route=dsv4-thread verdict=admit capacity=2361 spec=false need=0:4800831068,1:4800831068 ceiling=0:15664540308,1:15693436556 host_need=0 short=- waited_ms=0 reclaimed=0 retry_after_s=-
[meter] admit id=chatcmpl-f443a9378610fdfcc25bae37ee4b0005 tenant=default lane=interactive model="dsv4f"
[meter] admit id=chatcmpl-3e06e32c9ee420b5611722962f153a12 tenant=default lane=interactive model="dsv4f"
[admit-mem] id=chatcmpl-f443a9378610fdfcc25bae37ee4b0005 model="dsv4f" route=dsv4-thread verdict=admit capacity=2352 spec=false need=0:4800766556,1:4800766556 ceiling=0:15664540308,1:15693436556 host_need=0 short=- waited_ms=0 reclaimed=0 retry_after_s=-
[admit-mem] id=chatcmpl-3e06e32c9ee420b5611722962f153a12 model="dsv4f" route=dsv4-thread verdict=admit capacity=2322 spec=false need=0:4800508508,1:4800508508 ceiling=0:15664540308,1:15693436556 host_need=0 short=- waited_ms=0 reclaimed=0 retry_after_s=-
[meter] admit id=chatcmpl-b9592140c26b52e600a2f7cd04053006 tenant=default lane=interactive model="dsv4f"
[admit-mem] id=chatcmpl-b9592140c26b52e600a2f7cd04053006 model="dsv4f" route=dsv4-thread verdict=admit capacity=2314 spec=false need=0:4800443996,1:4800443996 ceiling=0:15664540308,1:15693436556 host_need=0 short=- waited_ms=0 reclaimed=0 retry_after_s=-
[meter] admit id=chatcmpl-7e91749da308abc50a0c2e53c83ed78a tenant=default lane=interactive model="dsv4f"
[admit-mem] id=chatcmpl-7e91749da308abc50a0c2e53c83ed78a model="dsv4f" route=dsv4-thread verdict=admit capacity=2328 spec=false need=0:4800573020,1:4800573020 ceiling=0:15664540308,1:15693436556 host_need=0 short=- waited_ms=0 reclaimed=0 retry_after_s=-
[server] SIGTERM: draining (0 in flight, deadline 30s)
[server] drain complete in 0.0s; exiting
[server] GPU worker shutdown complete
