[w4a16] artifact contract accepted: expert_weights=nvfp4 expert_activations=bf16-rounded q8_expert_program=disabled
[loader-law] WARNING: output.weight loads as 2D Float ne=[4096, 120832] (src BF16) — a Float matmul weight rides cuBLAS f32 GEMV and poisons all-or-nothing q8-fast predicates (uses_q8_1_fast/mixer_in_q8_1_fast). If matmul-class: Q8_0-encode at load (model.rs ssm arm / source.rs BF16+F8 gates). If deliberately Float: add it to float_2d_audited with the audit rationale.
[loader-law] WARNING: blk.*.attn_q.weight loads as 2D Float ne=[4096, 8192] (src BF16) — a Float matmul weight rides cuBLAS f32 GEMV and poisons all-or-nothing q8-fast predicates (uses_q8_1_fast/mixer_in_q8_1_fast). If matmul-class: Q8_0-encode at load (model.rs ssm arm / source.rs BF16+F8 gates). If deliberately Float: add it to float_2d_audited with the audit rationale.
[loader-law] WARNING: blk.*.attn_k.weight loads as 2D Float ne=[4096, 1024] (src BF16) — a Float matmul weight rides cuBLAS f32 GEMV and poisons all-or-nothing q8-fast predicates (uses_q8_1_fast/mixer_in_q8_1_fast). If matmul-class: Q8_0-encode at load (model.rs ssm arm / source.rs BF16+F8 gates). If deliberately Float: add it to float_2d_audited with the audit rationale.
[loader-law] WARNING: blk.*.attn_v.weight loads as 2D Float ne=[4096, 1024] (src BF16) — a Float matmul weight rides cuBLAS f32 GEMV and poisons all-or-nothing q8-fast predicates (uses_q8_1_fast/mixer_in_q8_1_fast). If matmul-class: Q8_0-encode at load (model.rs ssm arm / source.rs BF16+F8 gates). If deliberately Float: add it to float_2d_audited with the audit rationale.
[loader-law] WARNING: blk.*.attn_output.weight loads as 2D Float ne=[8192, 4096] (src BF16) — a Float matmul weight rides cuBLAS f32 GEMV and poisons all-or-nothing q8-fast predicates (uses_q8_1_fast/mixer_in_q8_1_fast). If matmul-class: Q8_0-encode at load (model.rs ssm arm / source.rs BF16+F8 gates). If deliberately Float: add it to float_2d_audited with the audit rationale.
[loader-law] WARNING: blk.*.ffn_gate.weight loads as 2D Float ne=[4096, 13312] (src BF16) — a Float matmul weight rides cuBLAS f32 GEMV and poisons all-or-nothing q8-fast predicates (uses_q8_1_fast/mixer_in_q8_1_fast). If matmul-class: Q8_0-encode at load (model.rs ssm arm / source.rs BF16+F8 gates). If deliberately Float: add it to float_2d_audited with the audit rationale.
[loader-law] WARNING: blk.*.ffn_up.weight loads as 2D Float ne=[4096, 13312] (src BF16) — a Float matmul weight rides cuBLAS f32 GEMV and poisons all-or-nothing q8-fast predicates (uses_q8_1_fast/mixer_in_q8_1_fast). If matmul-class: Q8_0-encode at load (model.rs ssm arm / source.rs BF16+F8 gates). If deliberately Float: add it to float_2d_audited with the audit rationale.
[loader-law] WARNING: blk.*.ffn_down.weight loads as 2D Float ne=[13312, 4096] (src BF16) — a Float matmul weight rides cuBLAS f32 GEMV and poisons all-or-nothing q8-fast predicates (uses_q8_1_fast/mixer_in_q8_1_fast). If matmul-class: Q8_0-encode at load (model.rs ssm arm / source.rs BF16+F8 gates). If deliberately Float: add it to float_2d_audited with the audit rationale.
[slab-populate] blk1-gate: 648 MiB in 0.1s (7557 MiB/s)
[slab-populate] blk1-up: 648 MiB in 0.1s (9939 MiB/s)
[slab-populate] blk1-down: 648 MiB in 0.1s (10023 MiB/s)
[moe] resident-experts decision (dev0): experts 165.11GB + trunk 0.00GB vs free 98.09GB (expert budget 96.09GB) -> SLRU cache
[loader-law] WARNING: blk.*.ffn_gate_shexp.weight loads as 2D Float ne=[4096, 1536] (src BF16) — a Float matmul weight rides cuBLAS f32 GEMV and poisons all-or-nothing q8-fast predicates (uses_q8_1_fast/mixer_in_q8_1_fast). If matmul-class: Q8_0-encode at load (model.rs ssm arm / source.rs BF16+F8 gates). If deliberately Float: add it to float_2d_audited with the audit rationale.
[loader-law] WARNING: blk.*.ffn_up_shexp.weight loads as 2D Float ne=[4096, 1536] (src BF16) — a Float matmul weight rides cuBLAS f32 GEMV and poisons all-or-nothing q8-fast predicates (uses_q8_1_fast/mixer_in_q8_1_fast). If matmul-class: Q8_0-encode at load (model.rs ssm arm / source.rs BF16+F8 gates). If deliberately Float: add it to float_2d_audited with the audit rationale.
[loader-law] WARNING: blk.*.ffn_down_shexp.weight loads as 2D Float ne=[1536, 4096] (src BF16) — a Float matmul weight rides cuBLAS f32 GEMV and poisons all-or-nothing q8-fast predicates (uses_q8_1_fast/mixer_in_q8_1_fast). If matmul-class: Q8_0-encode at load (model.rs ssm arm / source.rs BF16+F8 gates). If deliberately Float: add it to float_2d_audited with the audit rationale.
[slab-populate] blk2-gate: 648 MiB in 0.1s (10192 MiB/s)
[slab-populate] blk2-up: 648 MiB in 0.1s (10376 MiB/s)
[slab-populate] blk2-down: 648 MiB in 0.1s (10425 MiB/s)
[slab-populate] blk3-gate: 648 MiB in 0.1s (10732 MiB/s)
[slab-populate] blk3-up: 648 MiB in 0.1s (10917 MiB/s)
[slab-populate] blk3-down: 648 MiB in 0.1s (11004 MiB/s)
[slab-populate] blk4-gate: 648 MiB in 0.1s (10844 MiB/s)
[slab-populate] blk4-up: 648 MiB in 0.1s (10985 MiB/s)
[slab-populate] blk4-down: 648 MiB in 0.1s (9919 MiB/s)
[slab-populate] blk5-gate: 648 MiB in 0.1s (11094 MiB/s)
[slab-populate] blk5-up: 648 MiB in 0.1s (11213 MiB/s)
[slab-populate] blk5-down: 648 MiB in 0.1s (11359 MiB/s)
[slab-populate] blk6-gate: 648 MiB in 0.1s (11371 MiB/s)
[slab-populate] blk6-up: 648 MiB in 0.1s (11581 MiB/s)
[slab-populate] blk6-down: 648 MiB in 0.1s (11602 MiB/s)
[slab-populate] blk7-gate: 648 MiB in 0.1s (11295 MiB/s)
[slab-populate] blk7-up: 648 MiB in 0.1s (11437 MiB/s)
[slab-populate] blk7-down: 648 MiB in 0.1s (11375 MiB/s)
[slab-populate] blk8-gate: 648 MiB in 0.1s (10999 MiB/s)
[slab-populate] blk8-up: 648 MiB in 0.1s (9910 MiB/s)
[slab-populate] blk8-down: 648 MiB in 0.1s (11145 MiB/s)
[slab-populate] blk9-gate: 648 MiB in 0.1s (11103 MiB/s)
[slab-populate] blk9-up: 648 MiB in 0.1s (11337 MiB/s)
[slab-populate] blk9-down: 648 MiB in 0.1s (9833 MiB/s)
[slab-populate] blk10-gate: 648 MiB in 0.1s (10774 MiB/s)
[slab-populate] blk10-up: 648 MiB in 0.1s (10786 MiB/s)
[slab-populate] blk10-down: 648 MiB in 0.1s (10817 MiB/s)
[slab-populate] blk11-gate: 648 MiB in 0.1s (11573 MiB/s)
[slab-populate] blk11-up: 648 MiB in 0.1s (11598 MiB/s)
[slab-populate] blk11-down: 648 MiB in 0.1s (11684 MiB/s)
[slab-populate] blk12-gate: 648 MiB in 0.1s (10090 MiB/s)
[slab-populate] blk12-up: 648 MiB in 0.1s (11328 MiB/s)
[slab-populate] blk12-down: 648 MiB in 0.1s (11298 MiB/s)
[slab-populate] blk13-gate: 648 MiB in 0.1s (9550 MiB/s)
[slab-populate] blk13-up: 648 MiB in 0.1s (10811 MiB/s)
[slab-populate] blk13-down: 648 MiB in 0.1s (10692 MiB/s)
[slab-populate] blk14-gate: 648 MiB in 0.1s (10933 MiB/s)
[slab-populate] blk14-up: 648 MiB in 0.1s (10991 MiB/s)
[slab-populate] blk14-down: 648 MiB in 0.1s (11180 MiB/s)
[slab-populate] blk15-gate: 648 MiB in 0.1s (10796 MiB/s)
[slab-populate] blk15-up: 648 MiB in 0.1s (10899 MiB/s)
[slab-populate] blk15-down: 648 MiB in 0.1s (10842 MiB/s)
[slab-populate] blk16-gate: 648 MiB in 0.1s (10623 MiB/s)
[slab-populate] blk16-up: 648 MiB in 0.1s (10599 MiB/s)
[slab-populate] blk16-down: 648 MiB in 0.1s (10940 MiB/s)
[slab-populate] blk17-gate: 648 MiB in 0.1s (11270 MiB/s)
[slab-populate] blk17-up: 648 MiB in 0.1s (11473 MiB/s)
[slab-populate] blk17-down: 648 MiB in 0.1s (11396 MiB/s)
[slab-populate] blk18-gate: 648 MiB in 0.1s (11207 MiB/s)
[slab-populate] blk18-up: 648 MiB in 0.1s (11278 MiB/s)
[slab-populate] blk18-down: 648 MiB in 0.1s (11307 MiB/s)
[slab-populate] blk19-gate: 648 MiB in 0.1s (11199 MiB/s)
[slab-populate] blk19-up: 648 MiB in 0.1s (11415 MiB/s)
[slab-populate] blk19-down: 648 MiB in 0.1s (10066 MiB/s)
[slab-populate] blk20-gate: 648 MiB in 0.1s (11159 MiB/s)
[slab-populate] blk20-up: 648 MiB in 0.1s (11353 MiB/s)
[slab-populate] blk20-down: 648 MiB in 0.1s (11507 MiB/s)
[slab-populate] blk21-gate: 648 MiB in 0.1s (11004 MiB/s)
[slab-populate] blk21-up: 648 MiB in 0.1s (11128 MiB/s)
[slab-populate] blk21-down: 648 MiB in 0.1s (11188 MiB/s)
[slab-populate] blk22-gate: 648 MiB in 0.1s (10623 MiB/s)
[slab-populate] blk22-up: 648 MiB in 0.1s (11019 MiB/s)
[slab-populate] blk22-down: 648 MiB in 0.1s (11112 MiB/s)
[slab-populate] blk23-gate: 648 MiB in 0.1s (11426 MiB/s)
[slab-populate] blk23-up: 648 MiB in 0.0s (17434 MiB/s)
[slab-populate] blk23-down: 648 MiB in 0.0s (13398 MiB/s)
[slab-populate] blk24-gate: 648 MiB in 0.1s (11142 MiB/s)
[slab-populate] blk24-up: 648 MiB in 0.1s (11262 MiB/s)
[slab-populate] blk24-down: 648 MiB in 0.1s (10127 MiB/s)
[slab-populate] blk25-gate: 648 MiB in 0.1s (11324 MiB/s)
[slab-populate] blk25-up: 648 MiB in 0.1s (11545 MiB/s)
[slab-populate] blk25-down: 648 MiB in 0.1s (11462 MiB/s)
[slab-populate] blk26-gate: 648 MiB in 0.1s (11093 MiB/s)
[slab-populate] blk26-up: 648 MiB in 0.1s (11237 MiB/s)
[slab-populate] blk26-down: 648 MiB in 0.1s (11271 MiB/s)
[slab-populate] blk27-gate: 648 MiB in 0.1s (11332 MiB/s)
[slab-populate] blk27-up: 648 MiB in 0.1s (10014 MiB/s)
[slab-populate] blk27-down: 648 MiB in 0.1s (11495 MiB/s)
[slab-populate] blk28-gate: 648 MiB in 0.1s (10381 MiB/s)
[slab-populate] blk28-up: 648 MiB in 0.1s (9742 MiB/s)
[slab-populate] blk28-down: 648 MiB in 0.1s (10454 MiB/s)
[slab-populate] blk29-gate: 648 MiB in 0.1s (10965 MiB/s)
[slab-populate] blk29-up: 648 MiB in 0.1s (11105 MiB/s)
[slab-populate] blk29-down: 648 MiB in 0.1s (10866 MiB/s)
[slab-populate] blk30-gate: 648 MiB in 0.1s (10887 MiB/s)
[slab-populate] blk30-up: 648 MiB in 0.1s (11075 MiB/s)
[slab-populate] blk30-down: 648 MiB in 0.1s (11112 MiB/s)
[slab-populate] blk31-gate: 648 MiB in 0.1s (10228 MiB/s)
[slab-populate] blk31-up: 648 MiB in 0.1s (11473 MiB/s)
[slab-populate] blk31-down: 648 MiB in 0.1s (11554 MiB/s)
[slab-populate] blk32-gate: 648 MiB in 0.1s (10123 MiB/s)
[slab-populate] blk32-up: 648 MiB in 0.1s (11435 MiB/s)
[slab-populate] blk32-down: 648 MiB in 0.1s (11334 MiB/s)
[slab-populate] blk33-gate: 648 MiB in 0.1s (11718 MiB/s)
[slab-populate] blk33-up: 648 MiB in 0.1s (11908 MiB/s)
[slab-populate] blk33-down: 648 MiB in 0.1s (11865 MiB/s)
[slab-populate] blk34-gate: 648 MiB in 0.1s (11426 MiB/s)
[slab-populate] blk34-up: 648 MiB in 0.1s (11566 MiB/s)
[slab-populate] blk34-down: 648 MiB in 0.1s (11531 MiB/s)
[slab-populate] blk35-gate: 648 MiB in 0.1s (11597 MiB/s)
[slab-populate] blk35-up: 648 MiB in 0.1s (11846 MiB/s)
[slab-populate] blk35-down: 648 MiB in 0.1s (11868 MiB/s)
[slab-populate] blk36-gate: 648 MiB in 0.1s (11068 MiB/s)
[slab-populate] blk36-up: 648 MiB in 0.1s (11785 MiB/s)
[slab-populate] blk36-down: 648 MiB in 0.1s (11858 MiB/s)
[slab-populate] blk37-gate: 648 MiB in 0.1s (11170 MiB/s)
[slab-populate] blk37-up: 648 MiB in 0.1s (11259 MiB/s)
[slab-populate] blk37-down: 648 MiB in 0.1s (11097 MiB/s)
[slab-populate] blk38-gate: 648 MiB in 0.1s (11213 MiB/s)
[slab-populate] blk38-up: 648 MiB in 0.1s (11250 MiB/s)
[slab-populate] blk38-down: 648 MiB in 0.1s (11285 MiB/s)
[slab-populate] blk39-gate: 648 MiB in 0.1s (11313 MiB/s)
[slab-populate] blk39-up: 648 MiB in 0.1s (11433 MiB/s)
[slab-populate] blk39-down: 648 MiB in 0.1s (11536 MiB/s)
[slab-populate] blk40-gate: 648 MiB in 0.1s (11733 MiB/s)
[slab-populate] blk40-up: 648 MiB in 0.1s (11923 MiB/s)
[slab-populate] blk40-down: 648 MiB in 0.1s (11933 MiB/s)
[slab-populate] blk41-gate: 648 MiB in 0.1s (10963 MiB/s)
[slab-populate] blk41-up: 648 MiB in 0.1s (10997 MiB/s)
[slab-populate] blk41-down: 648 MiB in 0.1s (11174 MiB/s)
[slab-populate] blk42-gate: 648 MiB in 0.1s (11169 MiB/s)
[slab-populate] blk42-up: 648 MiB in 0.1s (11355 MiB/s)
[slab-populate] blk42-down: 648 MiB in 0.1s (11413 MiB/s)
[slab-populate] blk43-gate: 648 MiB in 0.1s (11002 MiB/s)
[slab-populate] blk43-up: 648 MiB in 0.1s (11231 MiB/s)
[slab-populate] blk43-down: 648 MiB in 0.1s (11217 MiB/s)
[slab-populate] blk44-gate: 648 MiB in 0.1s (11500 MiB/s)
[slab-populate] blk44-up: 648 MiB in 0.1s (11536 MiB/s)
[slab-populate] blk44-down: 648 MiB in 0.1s (11578 MiB/s)
[slab-populate] blk45-gate: 648 MiB in 0.1s (11462 MiB/s)
[slab-populate] blk45-up: 648 MiB in 0.1s (11534 MiB/s)
[slab-populate] blk45-down: 648 MiB in 0.1s (11625 MiB/s)
[slab-populate] blk46-gate: 648 MiB in 0.1s (11035 MiB/s)
[slab-populate] blk46-up: 648 MiB in 0.1s (11270 MiB/s)
[slab-populate] blk46-down: 648 MiB in 0.1s (10028 MiB/s)
[slab-populate] blk47-gate: 648 MiB in 0.1s (11397 MiB/s)
[slab-populate] blk47-up: 648 MiB in 0.1s (11558 MiB/s)
[slab-populate] blk47-down: 648 MiB in 0.1s (10634 MiB/s)
[slab-populate] blk48-gate: 648 MiB in 0.1s (11318 MiB/s)
[slab-populate] blk48-up: 648 MiB in 0.1s (11589 MiB/s)
[slab-populate] blk48-down: 648 MiB in 0.1s (11571 MiB/s)
[slab-populate] blk49-gate: 648 MiB in 0.1s (11286 MiB/s)
[slab-populate] blk49-up: 648 MiB in 0.1s (11436 MiB/s)
[slab-populate] blk49-down: 648 MiB in 0.1s (10231 MiB/s)
[slab-populate] blk50-gate: 648 MiB in 0.1s (9509 MiB/s)
[slab-populate] blk50-up: 648 MiB in 0.1s (7729 MiB/s)
[slab-populate] blk50-down: 648 MiB in 0.2s (3560 MiB/s)
[slab-populate] blk51-gate: 648 MiB in 0.2s (2628 MiB/s)
[slab-populate] blk51-up: 648 MiB in 0.1s (6243 MiB/s)
[slab-populate] blk51-down: 648 MiB in 0.1s (8112 MiB/s)
[slab-populate] blk52-gate: 648 MiB in 0.3s (2323 MiB/s)
[slab-populate] blk52-up: 648 MiB in 0.2s (4283 MiB/s)
[slab-populate] blk52-down: 648 MiB in 0.2s (2885 MiB/s)
[slab-populate] blk53-gate: 648 MiB in 0.2s (4192 MiB/s)
[slab-populate] blk53-up: 648 MiB in 0.1s (8609 MiB/s)
[slab-populate] blk53-down: 648 MiB in 0.1s (11985 MiB/s)
[slab-populate] blk54-gate: 648 MiB in 0.1s (10117 MiB/s)
[slab-populate] blk54-up: 648 MiB in 0.1s (11887 MiB/s)
[slab-populate] blk54-down: 648 MiB in 0.1s (12076 MiB/s)
[slab-populate] blk55-gate: 648 MiB in 0.1s (10327 MiB/s)
[slab-populate] blk55-up: 648 MiB in 0.1s (11839 MiB/s)
[slab-populate] blk55-down: 648 MiB in 0.1s (12005 MiB/s)
[slab-populate] blk56-gate: 648 MiB in 0.1s (11866 MiB/s)
[slab-populate] blk56-up: 648 MiB in 0.1s (11938 MiB/s)
[slab-populate] blk56-down: 648 MiB in 0.1s (11903 MiB/s)
[slab-populate] blk57-gate: 648 MiB in 0.1s (11909 MiB/s)
[slab-populate] blk57-up: 648 MiB in 0.1s (11946 MiB/s)
[slab-populate] blk57-down: 648 MiB in 0.1s (11969 MiB/s)
[slab-populate] blk58-gate: 648 MiB in 0.1s (11380 MiB/s)
[slab-populate] blk58-up: 648 MiB in 0.1s (11914 MiB/s)
[slab-populate] blk58-down: 648 MiB in 0.1s (12000 MiB/s)
[slab-populate] blk59-gate: 648 MiB in 0.1s (11958 MiB/s)
[slab-populate] blk59-up: 648 MiB in 0.1s (11834 MiB/s)
[slab-populate] blk59-down: 648 MiB in 0.1s (11738 MiB/s)
[slab-populate] blk60-gate: 648 MiB in 0.1s (11910 MiB/s)
[slab-populate] blk60-up: 648 MiB in 0.1s (11544 MiB/s)
[slab-populate] blk60-down: 648 MiB in 0.1s (11977 MiB/s)
[slab-populate] blk61-gate: 648 MiB in 0.1s (11152 MiB/s)
[slab-populate] blk61-up: 648 MiB in 0.1s (12053 MiB/s)
[slab-populate] blk61-down: 648 MiB in 0.1s (11519 MiB/s)
[slab-populate] blk62-gate: 648 MiB in 0.1s (11963 MiB/s)
[slab-populate] blk62-up: 648 MiB in 0.1s (11979 MiB/s)
[slab-populate] blk62-down: 648 MiB in 0.1s (11957 MiB/s)
[slab-populate] blk63-gate: 648 MiB in 0.1s (11864 MiB/s)
[slab-populate] blk63-up: 648 MiB in 0.1s (11804 MiB/s)
[slab-populate] blk63-down: 648 MiB in 0.1s (12034 MiB/s)
[slab-populate] blk64-gate: 648 MiB in 0.1s (11895 MiB/s)
[slab-populate] blk64-up: 648 MiB in 0.1s (12020 MiB/s)
[slab-populate] blk64-down: 648 MiB in 0.1s (12073 MiB/s)
[slab-populate] blk65-gate: 648 MiB in 0.1s (11188 MiB/s)
[slab-populate] blk65-up: 648 MiB in 0.1s (11999 MiB/s)
[slab-populate] blk65-down: 648 MiB in 0.1s (12037 MiB/s)
[slab-populate] blk66-gate: 648 MiB in 0.1s (11858 MiB/s)
[slab-populate] blk66-up: 648 MiB in 0.1s (12006 MiB/s)
[slab-populate] blk66-down: 648 MiB in 0.1s (12031 MiB/s)
[slab-populate] blk67-gate: 648 MiB in 0.1s (12023 MiB/s)
[slab-populate] blk67-up: 648 MiB in 0.1s (12080 MiB/s)
[slab-populate] blk67-down: 648 MiB in 0.1s (12000 MiB/s)
[slab-populate] blk68-gate: 648 MiB in 0.1s (11926 MiB/s)
[slab-populate] blk68-up: 648 MiB in 0.1s (12051 MiB/s)
[slab-populate] blk68-down: 648 MiB in 0.1s (11470 MiB/s)
[slab-populate] blk69-gate: 648 MiB in 0.1s (11354 MiB/s)
[slab-populate] blk69-up: 648 MiB in 0.1s (12062 MiB/s)
[slab-populate] blk69-down: 648 MiB in 0.1s (11972 MiB/s)
[slab-populate] blk70-gate: 648 MiB in 0.1s (11988 MiB/s)
[slab-populate] blk70-up: 648 MiB in 0.1s (11926 MiB/s)
[slab-populate] blk70-down: 648 MiB in 0.1s (12008 MiB/s)
[slab-populate] blk71-gate: 648 MiB in 0.1s (11646 MiB/s)
[slab-populate] blk71-up: 648 MiB in 0.1s (11985 MiB/s)
[slab-populate] blk71-down: 648 MiB in 0.1s (12000 MiB/s)
[slab-populate] blk72-gate: 648 MiB in 0.1s (11978 MiB/s)
[slab-populate] blk72-up: 648 MiB in 0.1s (12127 MiB/s)
[slab-populate] blk72-down: 648 MiB in 0.1s (12126 MiB/s)
[slab-populate] blk73-gate: 648 MiB in 0.1s (11608 MiB/s)
[slab-populate] blk73-up: 648 MiB in 0.1s (12165 MiB/s)
[slab-populate] blk73-down: 648 MiB in 0.1s (12103 MiB/s)
[slab-populate] blk74-gate: 648 MiB in 0.1s (11555 MiB/s)
[slab-populate] blk74-up: 648 MiB in 0.1s (12171 MiB/s)
[slab-populate] blk74-down: 648 MiB in 0.1s (12115 MiB/s)
[slab-populate] blk75-gate: 648 MiB in 0.1s (11407 MiB/s)
[slab-populate] blk75-up: 648 MiB in 0.1s (12074 MiB/s)
[slab-populate] blk75-down: 648 MiB in 0.1s (12141 MiB/s)
[slab-populate] blk76-gate: 648 MiB in 0.1s (11590 MiB/s)
[slab-populate] blk76-up: 648 MiB in 0.1s (12114 MiB/s)
[slab-populate] blk76-down: 648 MiB in 0.1s (12084 MiB/s)
[slab-populate] blk77-gate: 648 MiB in 0.1s (12040 MiB/s)
[slab-populate] blk77-up: 648 MiB in 0.1s (12115 MiB/s)
[slab-populate] blk77-down: 648 MiB in 0.1s (12069 MiB/s)
[slab-populate] blk78-gate: 648 MiB in 0.1s (12011 MiB/s)
[slab-populate] blk78-up: 648 MiB in 0.1s (12172 MiB/s)
[slab-populate] blk78-down: 648 MiB in 0.1s (12099 MiB/s)
[slab-populate] blk79-gate: 648 MiB in 0.1s (12033 MiB/s)
[slab-populate] blk79-up: 648 MiB in 0.1s (11628 MiB/s)
[slab-populate] blk79-down: 648 MiB in 0.1s (11623 MiB/s)
loaded Hy3 (80 trunk layers)
prompts: 1 distinct across m=4 streams (lens [20, 20, 20, 20]), n_new=32
[moe-cache] size-aware fixed slots: 16410 slots in 1 classes, 58.07 GB / 58.07 GB budget
[spill-pread] enabled: depth=32 buffer_bytes=3538944 total_pinned_bytes=113246208 (bounded O_DIRECT worker prefetch, caller-thread compute-stream H2D, mmap error fallback)
[moe-cache] residency frozen: 16410 slots, 15675 resident blocks; 5225 complete experts, 0 one-projection fragments, 0 two-projection fragments (0 stranded blocks)
[moe-cache] freeze profile restored: 15675/15675 blocks restaged from /root/lane/hy3.freeze
[fa-pool] grow #0 dev=0 o_len 0 -> 8192 ml_len 0 -> 64 (retired kept, zero=false)
[glm5-vrows-t1-deny] dev=0 il=1 capture_open=false t1_dev=false forced=false slab_bases=false moe_q8=false uniform=true n_used=8 sigmoid_cfg=true pre_clamp=false cpu_hybrid=true observe_routes=true sig_router_env=true — the T=1 device-table MoE arm stood down and this layer takes the host-readback path. Benign with capture_open=false (an eager gap layer); with capture_open=true it is the wrong-answer class the router guard refuses, and the first denied conjunct on the line is the reason.
[glm5-vrows-t1-deny] dev=0 il=2 capture_open=false t1_dev=false forced=false slab_bases=false moe_q8=false uniform=true n_used=8 sigmoid_cfg=true pre_clamp=false cpu_hybrid=true observe_routes=true sig_router_env=true — the T=1 device-table MoE arm stood down and this layer takes the host-readback path. Benign with capture_open=false (an eager gap layer); with capture_open=true it is the wrong-answer class the router guard refuses, and the first denied conjunct on the line is the reason.
[glm5-vrows-t1-deny] dev=0 il=3 capture_open=false t1_dev=false forced=false slab_bases=false moe_q8=false uniform=true n_used=8 sigmoid_cfg=true pre_clamp=false cpu_hybrid=true observe_routes=true sig_router_env=true — the T=1 device-table MoE arm stood down and this layer takes the host-readback path. Benign with capture_open=false (an eager gap layer); with capture_open=true it is the wrong-answer class the router guard refuses, and the first denied conjunct on the line is the reason.
[glm5-vrows-t1-deny] dev=0 il=4 capture_open=false t1_dev=false forced=false slab_bases=false moe_q8=false uniform=true n_used=8 sigmoid_cfg=true pre_clamp=false cpu_hybrid=true observe_routes=true sig_router_env=true — the T=1 device-table MoE arm stood down and this layer takes the host-readback path. Benign with capture_open=false (an eager gap layer); with capture_open=true it is the wrong-answer class the router guard refuses, and the first denied conjunct on the line is the reason.
[glm5-vrows-t1-deny] dev=0 il=5 capture_open=false t1_dev=false forced=false slab_bases=false moe_q8=false uniform=true n_used=8 sigmoid_cfg=true pre_clamp=false cpu_hybrid=true observe_routes=true sig_router_env=true — the T=1 device-table MoE arm stood down and this layer takes the host-readback path. Benign with capture_open=false (an eager gap layer); with capture_open=true it is the wrong-answer class the router guard refuses, and the first denied conjunct on the line is the reason.
[glm5-vrows-t1-deny] dev=0 il=6 capture_open=false t1_dev=false forced=false slab_bases=false moe_q8=false uniform=true n_used=8 sigmoid_cfg=true pre_clamp=false cpu_hybrid=true observe_routes=true sig_router_env=true — the T=1 device-table MoE arm stood down and this layer takes the host-readback path. Benign with capture_open=false (an eager gap layer); with capture_open=true it is the wrong-answer class the router guard refuses, and the first denied conjunct on the line is the reason.
[glm5-vrows-t1-deny] dev=0 il=7 capture_open=false t1_dev=false forced=false slab_bases=false moe_q8=false uniform=true n_used=8 sigmoid_cfg=true pre_clamp=false cpu_hybrid=true observe_routes=true sig_router_env=true — the T=1 device-table MoE arm stood down and this layer takes the host-readback path. Benign with capture_open=false (an eager gap layer); with capture_open=true it is the wrong-answer class the router guard refuses, and the first denied conjunct on the line is the reason.
[glm5-vrows-t1-deny] dev=0 il=8 capture_open=false t1_dev=false forced=false slab_bases=false moe_q8=false uniform=true n_used=8 sigmoid_cfg=true pre_clamp=false cpu_hybrid=true observe_routes=true sig_router_env=true — the T=1 device-table MoE arm stood down and this layer takes the host-readback path. Benign with capture_open=false (an eager gap layer); with capture_open=true it is the wrong-answer class the router guard refuses, and the first denied conjunct on the line is the reason.
[memra] experimental CPU expert backend: /root/lane/libmemra-cpu-experts.so (threads=16)
[memra-cpu] RAM headroom cap: requested=60.00 GiB available=180.99 GiB reserve=8.00 GiB effective=60.00 GiB
[memra-cpu] normal-RAM expert cache: 60.00 GiB policy=lru io=direct
stream0 step 0: argmax 503 top2-margin 1.784156e1
stream0 step 1: argmax 29463 top2-margin 1.747894e1
stream0 step 2: argmax 1512 top2-margin 7.955021e0
stream0 step 3: argmax 1208 top2-margin 2.028445e1
stream0 step 4: argmax 47736 top2-margin 1.474728e1
stream0 step 5: argmax 503 top2-margin 2.024571e1
stream0 step 6: argmax 316 top2-margin 8.958416e0
stream0 step 7: argmax 244 top2-margin 1.364122e1
stream0 step 8: argmax 9321 top2-margin 5.700954e0
stream0 step 9: argmax 287 top2-margin 1.191991e1
stream0 step 10: argmax 4791 top2-margin 1.052264e1
stream0 step 11: argmax 1017 top2-margin 2.009179e1
stream0 step 12: argmax 102155 top2-margin 2.402195e0
stream0 step 13: argmax 17366 top2-margin 1.483591e1
stream0 step 14: argmax 3791 top2-margin 5.795975e-1
stream0 step 15: argmax 2438 top2-margin 2.793644e0
stream0 step 16: argmax 28615 top2-margin 7.311062e0
stream0 step 17: argmax 341 top2-margin 4.221878e-1
stream0 step 18: argmax 68 top2-margin 2.137917e0
stream0 step 19: argmax 2693 top2-margin 1.747681e1
stream0 step 20: argmax 1871 top2-margin 1.860262e1
stream0 step 21: argmax 32195 top2-margin 3.799250e0
stream0 step 22: argmax 25215 top2-margin 1.469585e1
stream0 step 23: argmax 8 top2-margin 1.311943e1
stream0 step 24: argmax 2553 top2-margin 8.338022e0
stream0 step 25: argmax 9687 top2-margin 1.380645e1
stream0 step 26: argmax 252 top2-margin 2.039398e1
stream0 step 27: argmax 3602 top2-margin 2.959126e0
stream0 step 28: argmax 5500 top2-margin 1.103931e1
stream0 step 29: argmax 13 top2-margin 4.324627e-1
stream0 step 30: argmax 286 top2-margin 1.538262e1
stream0 step 31: argmax 503 top2-margin 9.347076e0
stream0 step 32: argmax 20743 top2-margin 4.723701e0
lockstep m=4: 128 tokens in 18.183s = 7.04 tok/s aggregate, 1.76 tok/s per stream
CPU experts DECODE-WINDOW: calls=8005 experts=32020 backend_wall=14.751s RAM_hits=13974 RAM_misses=10041 RAM_fills=35.53 GB io=4.508s compute=10.005s
stream 0: [503, 29463, 1512, 1208, 47736, 503, 316, 244, 9321, 287, 4791, 1017, 102155, 17366, 3791, 2438, 28615, 341, 68, 2693, 1871, 32195, 25215, 8, 2553, 9687, 252, 3602, 5500, 13, 286, 503]
stream 1: [503, 29463, 1512, 1208, 47736, 503, 316, 244, 9321, 287, 4791, 1017, 102155, 17366, 3791, 2438, 28615, 341, 68, 2693, 1871, 32195, 25215, 8, 2553, 9687, 252, 3602, 5500, 13, 286, 503]
stream 2: [503, 29463, 1512, 1208, 47736, 503, 316, 244, 9321, 287, 4791, 1017, 102155, 17366, 3791, 2438, 28615, 341, 68, 2693, 1871, 32195, 25215, 8, 2553, 9687, 252, 3602, 5500, 13, 286, 503]
stream 3: [503, 29463, 1512, 1208, 47736, 503, 316, 244, 9321, 287, 4791, 1017, 102155, 17366, 3791, 2438, 28615, 341, 68, 2693, 1871, 32195, 25215, 8, 2553, 9687, 252, 3602, 5500, 13, 286, 503]
stream-identity gate: PASS (all streams identical)
[memra-cpu-cache] hits=15048 misses=10395 hit_rate=59.14% read_GB=36.787 resident_GB=36.787
[memra-cpu-profile] calls=8477 prepare=0.230968s io=4.688422s insert=0.006348s compute=10.225850s read_projections=10395 read_GB=36.787 stage_entry=0.022128s stage_cached=0.191687s stage_missing=0.002085s stage_accum=0.000594s prefetch_projections=0 prefetch_GB=0.000
