warning: memra-engine@0.138.0: nvcc auto-detected CUDA 13.1 at /usr/local/cuda-13.1/bin/nvcc
warning: memra-engine@0.138.0: MEMRA_CUDA_ARCH auto-detected 120a (compute_cap 12.0); set MEMRA_CUDA_ARCH to override
    Finished `test` profile [unoptimized + debuginfo] target(s) in 0.02s
     Running unittests src/lib.rs (target/debug/deps/memra_engine-47ae06a2f9cbea34)

running 15 tests
owner-thread work while the copy stream's host function sleeps: 10.12 ms; the copy behind the host function still pending: true
test tier_transfer::tests::h2d_deferred_checksum_lands_with_the_supplied_digests ... ok
HOLD READING cell=h2d_span_filled_batch first_item_seen_ms=27.14 polls=1 longest_poll_ms=23.50 longest_gap_ms=0.00 batch_landed_at_first_sight=false
HOLD STEPS cell=h2d_span_filled_batch pinned-alloc@-4.77+1.66 device-alloc@-3.11+0.02 pinned-alloc@-3.09+1.87 device-alloc@-1.22+0.01 pinned-alloc@-1.21+1.16 device-alloc@-0.04+0.01 delay@0.00+0.01 pinned-alloc@0.02+0.70 device-alloc@0.71+0.07 pinned-alloc@0.79+1.10 device-alloc@1.89+0.01 pinned-alloc@1.89+1.44 device-alloc@3.34+0.01 submit@3.35+0.29
test tier_transfer::tests::pinned_kind_arm_is_honoured_by_the_driver ... ok
HOLD READING cell=h2d_span_batch first_item_seen_ms=5.42 polls=1 longest_poll_ms=0.01 longest_gap_ms=0.00 batch_landed_at_first_sight=false
HOLD STEPS cell=h2d_span_batch pinned-alloc@-33.83+2.01 pinned-write@-31.82+0.11 device-alloc@-31.71+0.14 pinned-alloc@-31.57+2.66 pinned-write@-28.90+0.27 device-alloc@-28.63+0.01 pinned-alloc@-28.62+2.79 pinned-write@-25.83+0.16 device-alloc@-25.68+0.01 pinned-alloc@-10.53+0.48 pinned-write@-10.05+0.09 device-alloc@-9.95+0.01 pinned-alloc@-9.94+0.88 device-alloc@-9.06+0.01 pinned-alloc@-9.06+0.72 pinned-write@-8.33+0.21 device-alloc@-8.13+0.01 delay@0.00+0.01 pinned-alloc@0.01+0.56 pinned-write@0.57+0.08 device-alloc@0.65+0.01 pinned-alloc@0.65+1.17 pinned-write@1.83+0.14 device-alloc@1.97+0.01 pinned-alloc@1.98+0.70 pinned-write@2.67+0.11 device-alloc@2.79+0.01 submit@2.80+0.11 pinned-alloc@2.91+0.52 pinned-write@3.44+0.07 device-alloc@3.51+0.01 pinned-alloc@3.52+0.84 pinned-write@4.36+0.17 device-alloc@4.52+0.07 pinned-alloc@4.59+0.67 pinned-write@5.27+0.13 device-alloc@5.40+0.01 submit-busy@5.41+0.00
HOLD READING cell=d2h_span_batch first_item_seen_ms=119.23 polls=90596 longest_poll_ms=0.02 longest_gap_ms=0.00 batch_landed_at_first_sight=false
HOLD STEPS cell=d2h_span_batch htod-pageable@-2.95+0.20 pinned-alloc@-2.74+0.55 htod-pageable@-2.19+0.33 pinned-alloc@-1.87+0.87 htod-pageable@-0.99+0.29 pinned-alloc@-0.70+0.68 delay@0.00+0.01 htod-pageable@0.02+0.17 pinned-alloc@0.18+0.51 htod-pageable@0.70+0.28 pinned-alloc@0.98+0.86 htod-pageable@1.83+0.24 pinned-alloc@2.07+0.67 submit@2.74+0.18 htod-pageable@2.93+3.02 pinned-alloc@5.95+0.58 htod-pageable@6.53+0.25 pinned-alloc@6.79+1.41 htod-pageable@8.20+0.20 pinned-alloc@8.40+1.89 submit-busy@10.30+0.00
test tier_transfer::tests::d2d_restore_lands_on_the_copy_stream_and_is_ready_only_after_the_installed_wait ... ok
test tier_transfer::tests::d2d_capture_lands_on_the_copy_stream_and_publishes_only_after_its_event ... ok
test tier_transfer::tests::h2d_fill_host_function_does_not_hold_the_owner_thread ... ok
D2H DEVICE RECEIPT cell flip=false items=3 gpu_ms=97.407
D2H DEVICE RECEIPT cell flip=true items=3 gpu_ms=120.637
test tier_transfer::tests::d2d_early_reader_fault_is_refused_by_the_receipt ... ok
test tier_transfer::tests::day48_a_take_back_waits_for_its_own_lease_only ... ok
test tier_transfer::tests::d2d_receipt_digest_matches_the_cpu_oracle ... ok
test tier_transfer::tests::d2h_device_receipt_lands_with_the_source_digest ... ok
test tier_transfer::tests::d2h_source_flip_is_witnessed_by_the_landed_bytes ... ok
test tier_transfer::tests::h2d_span_filled_batch_fills_on_the_copy_stream_before_its_copies ... ok
test tier_transfer::tests::h2d_span_batch_lands_with_its_ticket_on_the_copy_stream ... ok
test tier_transfer::tests::span_receipt_digests_are_the_program_per_span ... ok
test tier_transfer::tests::d2h_span_batch_lands_with_its_ticket_on_the_copy_stream ... ok
D2D-RECEIPT PRICE order=copy-first bytes=165675008 n_per_arm=5 copy_ms=[0.19936, 0.200192, 0.202688, 0.201888, 0.200672] copy_median=0.201 digest_ms=[0.129248, 0.124224, 0.124896, 0.123968, 0.125216] digest_median=0.125 pair_median=0.250 pair_over_copy=1.24
D2D-RECEIPT PRICE order=digest-first bytes=165675008 n_per_arm=5 copy_ms=[0.185408, 0.202816, 0.199936, 0.197696, 0.199552] copy_median=0.200 digest_ms=[0.125696, 0.126528, 0.12384, 0.125952, 0.124448] digest_median=0.126 pair_median=0.251 pair_over_copy=1.26
test tier_transfer::tests::d2d_receipt_digest_price_against_the_copy ... ok

test result: ok. 15 passed; 0 failed; 0 ignored; 0 measured; 601 filtered out; finished in 2.25s

