warm status=200 G=64 ttft=84.648681640625 e2e=616
a0 status=200 G=96 ttft=6309.453369140625 e2e=7853
a1 status=200 G=96 ttft=6427.1845703125 e2e=7867
a3 status=200 G=96 ttft=6426.274658203125 e2e=7867
a2 status=200 G=96 ttft=6426.555419921875 e2e=7867
b0 status=200 G=96 ttft=3317.546630859375 e2e=4067
c0 status=200 G=96 ttft=213.263427734375 e2e=1725
c1 status=200 G=96 ttft=212.8759765625 e2e=1725
c3 status=200 G=96 ttft=211.064697265625 e2e=1722
c2 status=200 G=96 ttft=296.896240234375 e2e=1736
burst-34 status=429 G=None ttft=None e2e=246
burst-20 status=429 G=None ttft=None e2e=266
burst-51 status=429 G=None ttft=None e2e=234
burst-50 status=429 G=None ttft=None e2e=240
burst-17 status=429 G=None ttft=None e2e=263
burst-22 status=429 G=None ttft=None e2e=263
burst-35 status=429 G=None ttft=None e2e=255
burst-29 status=429 G=None ttft=None e2e=249
burst-58 status=429 G=None ttft=None e2e=227
burst-26 status=429 G=None ttft=None e2e=268
burst-39 status=429 G=None ttft=None e2e=255
burst-44 status=429 G=None ttft=None e2e=255
burst-60 status=429 G=None ttft=None e2e=240
burst-23 status=429 G=None ttft=None e2e=276
burst-18 status=429 G=None ttft=None e2e=287
burst-32 status=429 G=None ttft=None e2e=257
burst-31 status=429 G=None ttft=None e2e=268
burst-36 status=429 G=None ttft=None e2e=264
burst-43 status=429 G=None ttft=None e2e=261
burst-40 status=429 G=None ttft=None e2e=255
burst-54 status=429 G=None ttft=None e2e=241
burst-33 status=429 G=None ttft=None e2e=261
burst-47 status=429 G=None ttft=None e2e=232
burst-37 status=429 G=None ttft=None e2e=248
burst-38 status=429 G=None ttft=None e2e=252
burst-52 status=429 G=None ttft=None e2e=257
burst-45 status=429 G=None ttft=None e2e=259
burst-57 status=429 G=None ttft=None e2e=257
burst-53 status=429 G=None ttft=None e2e=227
burst-62 status=429 G=None ttft=None e2e=243
burst-19 status=429 G=None ttft=None e2e=291
burst-49 status=429 G=None ttft=None e2e=259
burst-42 status=429 G=None ttft=None e2e=271
burst-56 status=429 G=None ttft=None e2e=257
burst-25 status=429 G=None ttft=None e2e=293
burst-48 status=429 G=None ttft=None e2e=269
burst-59 status=429 G=None ttft=None e2e=259
burst-55 status=429 G=None ttft=None e2e=255
burst-61 status=429 G=None ttft=None e2e=258
burst-21 status=429 G=None ttft=None e2e=303
burst-24 status=429 G=None ttft=None e2e=290
burst-28 status=429 G=None ttft=None e2e=291
burst-30 status=429 G=None ttft=None e2e=294
burst-63 status=429 G=None ttft=None e2e=259
burst-27 status=429 G=None ttft=None e2e=300
burst-41 status=429 G=None ttft=None e2e=285
burst-46 status=429 G=None ttft=None e2e=280
burst-2 status=200 G=64 ttft=144955.29565429688 e2e=155523
wave2-5 status=429 G=None ttft=None e2e=47
wave2-11 status=429 G=None ttft=None e2e=43
burst-11 status=200 G=64 ttft=150376.82348632812 e2e=155577
wave2-26 status=429 G=None ttft=None e2e=33
wave2-7 status=429 G=None ttft=None e2e=48
burst-12 status=200 G=64 ttft=150375.875 e2e=155582
burst-3 status=200 G=64 ttft=150386.69555664062 e2e=155597
wave2-30 status=429 G=None ttft=None e2e=30
wave2-12 status=429 G=None ttft=None e2e=59
burst-8 status=200 G=64 ttft=150380.41625976562 e2e=155586
wave2-18 status=429 G=None ttft=None e2e=51
wave2-6 status=429 G=None ttft=None e2e=61
wave2-14 status=429 G=None ttft=None e2e=60
wave2-1 status=429 G=None ttft=None e2e=58
wave2-21 status=429 G=None ttft=None e2e=49
burst-10 status=200 G=64 ttft=150378.42944335938 e2e=155593
wave2-13 status=429 G=None ttft=None e2e=60
burst-1 status=200 G=64 ttft=150389.25244140625 e2e=155610
wave2-15 status=429 G=None ttft=None e2e=63
wave2-10 status=429 G=None ttft=None e2e=61
wave2-16 status=429 G=None ttft=None e2e=63
wave2-17 status=429 G=None ttft=None e2e=42
wave2-27 status=429 G=None ttft=None e2e=56
wave2-19 status=429 G=None ttft=None e2e=46
wave2-29 status=429 G=None ttft=None e2e=51
burst-6 status=200 G=64 ttft=150382.53857421875 e2e=155602
wave2-25 status=429 G=None ttft=None e2e=57
wave2-20 status=429 G=None ttft=None e2e=59
wave2-4 status=429 G=None ttft=None e2e=50
wave2-23 status=429 G=None ttft=None e2e=51
burst-5 status=200 G=64 ttft=150384.39916992188 e2e=155618
burst-14 status=200 G=64 ttft=150373.669921875 e2e=155569
wave2-24 status=429 G=None ttft=None e2e=62
wave2-8 status=429 G=None ttft=None e2e=83
wave2-9 status=429 G=None ttft=None e2e=79
wave2-31 status=429 G=None ttft=None e2e=57
burst-13 status=200 G=64 ttft=150374.53564453125 e2e=155604
burst-4 status=200 G=64 ttft=150385.89331054688 e2e=155611
burst-15 status=200 G=64 ttft=151104.59008789062 e2e=155608
wave2-22 status=429 G=None ttft=None e2e=72
burst-7 status=200 G=64 ttft=150381.89208984375 e2e=155620
burst-9 status=200 G=64 ttft=150379.21240234375 e2e=155619
wave2-2 status=429 G=None ttft=None e2e=60
wave2-3 status=429 G=None ttft=None e2e=57
wave2-28 status=429 G=None ttft=None e2e=27
burst-0 status=200 G=64 ttft=150391.02392578125 e2e=155602
burst-16 status=200 G=64 ttft=151103.64208984375 e2e=155606
wave2-0 status=200 G=64 ttft=9329.493896484375 e2e=10246
probe status=200 G=16 ttft=149.2412109375 e2e=284
DAY46 CLIENT rows=107 ok=29
