=== step35-b2-geometry-gate tag=naked ts=20260810T053912Z model=/home/ubuntu/step37/models/step-3.7-flash/IQ4_XS/Step-3.7-flash-IQ4_XS-00001-of-00003.gguf draft=/home/ubuntu/step37/models/step-3.7-flash/Step3.7-flash-mtp-Q8_0.gguf ===
lock acquired 2026-08-10T05:39:12Z
0, 0 MiB
1, 0 MiB
--- c=1 reference (greedy) ---
{"reasoning": "Got it, let's tackle this. First, the first eight primes: let's list them out. 2, 3, 5, 7, 11, 13, 17, 19. Right, that's eight, comma separated. Now the explanation for why 1 isn't prime", "content": ""}
--- c=2 concurrent identical requests ---
{"reasoning": "Got it, let's tackle this. First, the first eight primes: let's list them out. 2, 3, 5, 7, 11, 13, 17, 19. Right, that's eight, comma separated. Now the explanation for why 1 isn't prime", "content": ""}
{"reasoning": "Got it, let's tackle this. First, the first eight primes: let's list them out. 2, 3, 5, 7, 11, 13, 17, 19. Right, that's eight, comma separated. Now the explanation for why 1 isn't prime", "content": ""}
--- c=4 concurrent identical requests ---
{"reasoning": "Got it, let's tackle this. First, the first eight primes: let's list them out. 2, 3, 5, 7, 11, 13, 17, 19. Right, that's eight, comma separated. Now the explanation for why 1 isn't prime", "content": ""}
{"reasoning": "Got it, let's tackle this. First, the first eight primes: let's list them out. 2, 3, 5, 7, 11, 13, 17, 19. Right, that's eight, comma separated. Now the explanation for why 1 isn't prime", "content": ""}
{"reasoning": "Got it, let's tackle this. First, the first eight primes: let's list them out. 2, 3, 5, 7, 11, 13, 17, 19. Right, that's eight, comma separated. Now the explanation for why 1 isn't prime", "content": ""}
{"reasoning": "Got it, let's tackle this. First, the first eight primes: let's list them out. 2, 3, 5, 7, 11, 13, 17, 19. Right, that's eight, comma separated. Now the explanation for why 1 isn't prime", "content": ""}
--- explicit B=1 -> B>1 transition (one early + two late) ---
{"reasoning": "Got it, let's tackle this. First, the first eight primes: let's list them out. 2, 3, 5, 7, 11, 13, 17, 19. Right, that's eight, comma separated. Now the explanation for why 1 isn't prime", "content": ""}
{"reasoning": "Got it, let's tackle this. First, the first eight primes: let's list them out. 2, 3, 5, 7, 11, 13, 17, 19. Right, that's eight, comma separated. Now the explanation for why 1 isn't prime", "content": ""}
transition tick trace: research/step35-batch-20260808/raw/b2geo35-transition-ticks-naked-20260810T053912Z.log
0, 0 MiB
1, 0 MiB
lock released 2026-08-10T05:40:00Z
c2[1] == ref
c2[2] == ref
c4[1] == ref
c4[2] == ref
c4[3] == ref
c4[4] == ref
transition early row emitted before late admission OK
transition transport OK
transition width evidence OK: ready=1 -> ready>=2
transition early == ref (96735d828e26e5f95cb35e30b6b4788021bb0a39b4d9d1ecfe68ceb8c6e51998)
transition late[1] == ref
transition late[2] == ref
chunk cap 8 >= 2 OK
batched-walk evidence OK: [step35-batch] first B>1 batched step35 walk: B=2 layers=[0,22)
server log: research/step35-batch-20260808/raw/b2geo35-server-naked-20260810T053912Z.log
VERDICT: PASS (static widths + live B=1->B>1 transition byte-identical, batched ticks proven)
