[server] build: memra-0.138.0-e9828a083dac (id: source-tree, git: 74abaf40a2c5)
[server] starting; models config = [("g", "/data/ai-ml/models/gemma4-12b-it-qat-29d0977/gemma-4-12b-it-qat-q4_0.gguf", None)]
[worker-affinity] off (MEMRA_WORKER_CPUSET / MEMRA_WORKER_AFFINITY unset or =0)
[gpu-watch] Xid source: journalctl -k -f (/dev/kmsg unreadable — kernel.dmesg_restrict)
[gpu-watch] on: every 60s, probe deadline 10s, fatal Xid [48, 64, 79, 94, 95, 119, 120]
[worker] Engine ready (device=0, MEMRA_FAST=true)
[spec-gate] policy placement=single-or-non-pp2 LOW=2 HIGH=4 source=placement-default spec-admission=on
[spec-k] automatic table: prompt<1024 -> K=3; cold-long -> K=3; prompt>= 1024 and cached>= 1024 -> K=2 (K=5 when the loaded MTP head is rank-trimmed)
[worker] loading model "g" <- /data/ai-ml/models/gemma4-12b-it-qat-29d0977/gemma-4-12b-it-qat-q4_0.gguf
[gemma4] suppress_tokens: 2 ids masked at sampling
[q8rp] split-plane decode mirrors built: 1 tensors
[q4f16] prefill program = INT8 MMQ (no f16 mirrors) (reason: capacity-keyed auto REFUSED (UNPINNED)); free 16215 MiB, mirror mass 20820 MiB, capacity threshold 29012 MiB (mass + 8192 headroom) — SELECTS PREFILL ARITHMETIC
[q4rp] split-plane IN-PLACE swap: 336 dense trunk tensors
[worker]   loaded "g": 48 layers, eos=1, stop=[1, 106]
[worker] g: template caps tools=true think=false think_switch=true chat_ok=true effort_levels=false qwen_effort=false gemma_think=true dsv4=false glm5=false ctx=262144 tok="gemma4" instruct=None chat_defaults=None/None
[worker] g: decode wave cap 8; scheduler tick cap 8
[worker] g: BATCHED DECODE (gemma4 dense arm, default-on; MEMRA_GEMMA4_BATCH=0 = eager kill switch): batched decode chunks; monolithic prefill, no graph promotion, no prime batching (eager-only for every non-decode entry point)
[prefix-cache] on: budget 1409MB (1409286144 B, derived: 2 x 704643072 B max entry for model "g" at MEMRA_CTX=4096, requested 1409286144 B; boot driver free 14587133952 B, post-reserve clamp 12976521216 B), policy byte-SLRU protected/probation 80%/20% (MEMRA_PREFIX_CACHE_PROTECTED_PCT), min prefix 64 tokens, immediate partial restore=off (rollback) (transformer-only; hybrid mid-entry + routed-MoE N/A)
[admission] "g": plain 172032 B/token, spec 172032 B/token; fixed residual learns from effective-free deltas
[admit-cal] boot calibration skipped: spec serving disabled (static floor; the plain transient class is chunk-bounded)
[admit-mem] door=OFF open_output_tokens=8192 defer_budget_ms=8000 (admission charges prompt+output, the reclaim flush demotes to the host tier before dropping, and a memory defer past the budget refuses 429 instead of queueing past the client's deadline)
[server] worker ready; serving models: ["g"]
[server] listening on http://127.0.0.1:18091
[meter] admit id=cmpl-67b0634da40605dd007f52ce190eb0c7 tenant=default lane=interactive model="g"
[admission] request cost: model="g" ctx=165 path=plain = 172032 B/token x ctx + 14MB prefill-workspace + 0MB fixed = 43MB
[admission] fixed residual high-water: model="g" 0MB (observed 19MB at ctx 109 path=plain)
[fa-pool] grow #0 dev=0 o_len 0 -> 8192 ml_len 0 -> 32 (retired kept, zero=false)
[fa-pool] grow #1 dev=0 o_len 8192 -> 40960 ml_len 32 -> 80 (retired kept, zero=false)
[fa-pool] grow #2 dev=0 o_len 40960 -> 81920 ml_len 80 -> 160 (retired kept, zero=false)
[fa-pool] grow #3 dev=0 o_len 81920 -> 163840 ml_len 160 -> 320 (retired kept, zero=false)
[meter] admit id=cmpl-d42bdee04ed6c4461dd0ee31d5429605 tenant=default lane=interactive model="g"
[admission] request cost: model="g" ctx=165 path=plain = 172032 B/token x ctx + 14MB prefill-workspace + 0MB fixed = 43MB
[worker] plain-affinity: declined (no checkpoint retained; 1 parked, 37 prompt tokens; model g)
[meter] admit id=cmpl-99b78526d582f919252a563678d2aa43 tenant=default lane=interactive model="g"
[worker] plain-affinity: declined (no checkpoint retained; 2 parked, 37 prompt tokens; model g)
[meter] admit id=cmpl-a7ac5bcf5510dc7db0cf4a4f25f7cf06 tenant=default lane=interactive model="g"
[worker] kv-reuse: 37 of 37 prompt tokens resumed (model g)
[server] SIGTERM: draining (0 in flight, deadline 30s)
[server] drain complete in 0.0s; exiting
[server] GPU worker shutdown complete
