warning: memra-engine@0.138.0: nvcc auto-detected CUDA 13.1 at /usr/local/cuda-13.1/bin/nvcc
warning: memra-engine@0.138.0: MEMRA_CUDA_ARCH auto-detected 120a (compute_cap 12.0); set MEMRA_CUDA_ARCH to override
    Finished `test` profile [unoptimized + debuginfo] target(s) in 0.05s
     Running unittests src/lib.rs (target/debug/deps/memra_engine-47ae06a2f9cbea34)

running 13 tests
owner-thread work while the copy stream's host function sleeps: 7.05 ms; the copy behind the host function still pending: true
HOLD READING cell=d2h_span_batch first_item_seen_ms=34.55 polls=1 longest_poll_ms=0.03 longest_gap_ms=0.00 batch_landed_at_first_sight=false
HOLD STEPS cell=d2h_span_batch htod-pageable@-29.15+0.17 pinned-alloc@-28.97+8.45 htod-pageable@-20.52+0.27 pinned-alloc@-20.25+9.20 htod-pageable@-11.05+0.32 pinned-alloc@-10.73+10.69 delay@0.00+0.02 htod-pageable@0.03+0.17 pinned-alloc@0.20+9.49 htod-pageable@9.70+0.31 pinned-alloc@10.01+7.03 htod-pageable@17.05+0.23 pinned-alloc@17.28+3.93 submit@21.22+0.06 htod-pageable@21.28+0.32 pinned-alloc@21.60+3.09 htod-pageable@24.69+0.26 pinned-alloc@24.95+4.69 htod-pageable@29.63+0.21 pinned-alloc@29.84+4.66 submit-busy@34.51+0.01
HOLD READING cell=h2d_span_batch first_item_seen_ms=16.09 polls=1 longest_poll_ms=0.02 longest_gap_ms=0.00 batch_landed_at_first_sight=false
HOLD STEPS cell=h2d_span_batch pinned-alloc@-80.61+6.50 pinned-write@-74.11+0.13 device-alloc@-73.97+0.04 pinned-alloc@-73.93+4.46 pinned-write@-69.47+0.21 device-alloc@-69.26+0.02 pinned-alloc@-69.23+9.32 pinned-write@-59.91+0.17 device-alloc@-59.73+0.03 pinned-alloc@-11.93+2.14 pinned-write@-9.79+0.12 device-alloc@-9.67+0.03 pinned-alloc@-9.64+3.37 device-alloc@-6.27+0.01 pinned-alloc@-6.25+2.73 pinned-write@-3.52+0.16 device-alloc@-3.36+0.02 delay@0.00+0.02 pinned-alloc@0.02+2.05 pinned-write@2.07+0.10 device-alloc@2.17+0.02 pinned-alloc@2.19+3.37 pinned-write@5.56+0.20 device-alloc@5.76+0.02 pinned-alloc@5.78+2.64 pinned-write@8.42+0.14 device-alloc@8.56+0.03 submit@8.59+0.04 pinned-alloc@8.63+1.84 pinned-write@10.47+0.10 device-alloc@10.57+0.03 pinned-alloc@10.60+2.81 pinned-write@13.41+0.22 device-alloc@13.63+0.02 pinned-alloc@13.66+2.25 pinned-write@15.91+0.14 device-alloc@16.05+0.01 submit-busy@16.07+0.01
test tier_transfer::tests::h2d_deferred_checksum_lands_with_the_supplied_digests ... ok
HOLD READING cell=h2d_span_filled_batch first_item_seen_ms=9.34 polls=1 longest_poll_ms=0.01 longest_gap_ms=0.00 batch_landed_at_first_sight=false
HOLD STEPS cell=h2d_span_filled_batch pinned-alloc@-83.33+10.68 device-alloc@-72.64+0.05 pinned-alloc@-72.59+12.08 device-alloc@-60.51+0.18 pinned-alloc@-60.32+10.97 device-alloc@-49.34+0.04 delay@0.00+0.02 pinned-alloc@0.03+2.58 device-alloc@2.61+0.04 pinned-alloc@2.69+3.47 device-alloc@6.16+0.02 pinned-alloc@6.18+2.75 device-alloc@8.93+0.12 submit@9.06+0.27
test tier_transfer::tests::pinned_kind_arm_is_honoured_by_the_driver ... ok
test tier_transfer::tests::h2d_fill_host_function_does_not_hold_the_owner_thread ... ok
test tier_transfer::tests::d2d_capture_lands_on_the_copy_stream_and_publishes_only_after_its_event ... ok
D2H DEVICE RECEIPT cell flip=false items=3 gpu_ms=77.553
D2H DEVICE RECEIPT cell flip=true items=3 gpu_ms=76.654
test tier_transfer::tests::d2d_restore_lands_on_the_copy_stream_and_is_ready_only_after_the_installed_wait ... ok
test tier_transfer::tests::h2d_span_batch_lands_with_its_ticket_on_the_copy_stream ... ok
test tier_transfer::tests::d2d_early_reader_fault_is_refused_by_the_receipt ... ok
test tier_transfer::tests::h2d_span_filled_batch_fills_on_the_copy_stream_before_its_copies ... ok
test tier_transfer::tests::d2h_span_batch_lands_with_its_ticket_on_the_copy_stream ... ok
test tier_transfer::tests::d2h_device_receipt_lands_with_the_source_digest ... ok
test tier_transfer::tests::d2h_source_flip_is_witnessed_by_the_landed_bytes ... ok
test tier_transfer::tests::d2d_receipt_digest_matches_the_cpu_oracle ... ok
D2D-RECEIPT PRICE order=copy-first bytes=165675008 n_per_arm=5 copy_ms=[0.200128, 0.198752, 0.200384, 0.199232, 0.201248] copy_median=0.200 digest_ms=[0.146112, 0.142304, 0.143424, 0.143936, 0.140736] digest_median=0.143 pair_median=0.287 pair_over_copy=1.43
D2D-RECEIPT PRICE order=digest-first bytes=165675008 n_per_arm=5 copy_ms=[0.179552, 0.201312, 0.203392, 0.20336, 0.200768] copy_median=0.201 digest_ms=[0.130304, 0.136992, 0.139264, 0.134816, 0.141696] digest_median=0.137 pair_median=0.274 pair_over_copy=1.36
test tier_transfer::tests::d2d_receipt_digest_price_against_the_copy ... ok

test result: ok. 13 passed; 0 failed; 0 ignored; 0 measured; 581 filtered out; finished in 3.39s

