=== rebase confirmation battery 2026-08-08T04:41:19Z tip=8963b0ee
--- R1: prime-split-gate (must stay GREEN on the rebased tree) ---
    ppsplit: T=4883 steps=8 chunks=4096,513 door=OPEN devices=0,1 force_unsplit=false
      chunk 4096 | logits diff 0/128896 | h_seed diff 0/4096 | hidden diff 0/20000768 | decode diff 0 over 8 steps | split_chunks ref=0 split=2 (need split >= 2, ref == 0) | EXACT+LIVE
      chunk 513 | logits diff 0/128896 | h_seed diff 0/4096 | hidden diff 0/20000768 | decode diff 0 over 8 steps | split_chunks ref=0 split=10 (need split >= 10, ref == 0) | EXACT+LIVE
    ppsplit verdict: SPLIT BIT-IDENTICAL + LIVE (T=4883, chunks=4096,513, 8 decode steps)
prime-split-gate: PASS (split prime bit-identical + live; raw log /tmp/prime-split-gate-fdRpOt.log)
R1=0
--- R1c: ppsplitc canary ---
    ppsplit: T=4883 steps=8 chunks=4096,513 door=OPEN devices=0,1 force_unsplit=true
      chunk 4096 | logits diff 0/128896 | h_seed diff 0/4096 | hidden diff 0/20000768 | decode diff 0 over 8 steps | split_chunks ref=0 split=0 (need split >= 2, ref == 0) | *** SPLIT-NOT-LIVE (bit-identity vacuous)
      chunk 513 | logits diff 0/128896 | h_seed diff 0/4096 | hidden diff 0/20000768 | decode diff 0 over 8 steps | split_chunks ref=0 split=0 (need split >= 10, ref == 0) | *** SPLIT-NOT-LIVE (bit-identity vacuous)
    ppsplit verdict: *** RED (split prime absent, not live, or not bit-identical)
prime-split-gate: PASS (canary broke the assertion as required — gate has teeth; log /tmp/prime-split-gate-dgK3Ri.log)
R1c=0
--- R2: tickinv35 naked over the split (merged engine seam) ---
tick-invariance-gate: label=step35-tick assert=invariant seam=MEMRA_PRIME_CALLLOCAL legacy-seam=off got=invariant canary=0 budgets=0,1024,513,512,256,64 splits=64,256,512 model=Step-3.7-flash-IQ4_XS-00001-of-00003.gguf
       1024 |     5 | EXACT |            -1 | 0.000e0 | - | identical
        513 |    10 | EXACT |            -1 | 0.000e0 | - | identical
        512 |    10 | EXACT |            -1 | 0.000e0 | - | identical
        256 |    20 | EXACT |            -1 | 0.000e0 | - | identical
         64 |    77 | EXACT |            -1 | 0.000e0 | - | identical
       sp64 |     2 | EXACT |            -1 | 0.000e0 | - | identical
      sp256 |     2 | EXACT |            -1 | 0.000e0 | - | identical
      sp512 |     2 | EXACT |            -1 | 0.000e0 | - | identical
    tickinv verdict: TICK-INVARIANT — prefill logits bit-identical at every per-tick prefill budget
tick-invariance-gate: PASS (raw log /tmp/tickinv-gate-0rgS1D.log)
R2=0
--- R2c: tickinv35c canary (the MERGED both-halves seam must bite over the split) ---
tick-invariance-gate: label=step35-tick assert=invariant seam=MEMRA_PRIME_CALLLOCAL legacy-seam=on got=variant canary=1 budgets=0,1024,513,512,256,64 splits=64,256,512 model=Step-3.7-flash-IQ4_XS-00001-of-00003.gguf
       1024 |     5 | DIFFER |          1024 | 1.310e0 | - | step 6
        513 |    10 | DIFFER |           513 | 1.115e0 | - | step 3
        512 |    10 | DIFFER |           512 | 1.164e0 | - | step 6
        256 |    20 | DIFFER |           512 | 1.164e0 | - | step 6
         64 |    77 | DIFFER |           512 | 1.164e0 | - | step 6
       sp64 |     2 | DIFFER |          4096 | 1.204e0 | - | step 6
      sp256 |     2 | DIFFER |          4096 | 1.533e0 | - | step 6
      sp512 |     2 | DIFFER |           512 | 1.164e0 | - | step 6
    tickinv verdict: *** TICK-DEPENDENT: prefill logits move with the per-tick prefill budget (MEMRA_PREFILL_TICK / _JUDGE / _HARVEST) ***
tick-invariance-gate: PASS (canary broke the assertion as required — gate has teeth; log /tmp/tickinv-gate-l38oxt.log)
R2c=0
--- R3: run-gen argmax PP-2 ---
[pp] cross-device transport: stage0=dev0 stage1=dev1 (cudaMemcpyPeerAsync per cross boundary; peer + default-pool access granted all pairs over [0, 1]; weight home: per-stage (sharded loader))
[moe] resident-experts decision (PP dev0): experts 45.72GB + trunk 3.92GB vs free 100.88GB (expert budget 94.96GB) -> RESIDENT
[moe] resident-experts decision (PP dev1): experts 55.35GB + trunk 3.92GB vs free 100.76GB (expert budget 94.84GB) -> RESIDENT
[fa] v4 decode family disabled: gqa 12 > fa_v4_smem capacity 8 (v3 lane serves)
loaded step35 (45 trunk layers; optional MTP skipped)
prompt text: "Write a short paragraph explaining how a CPU pipeline improves instruction throughput, and mention one hazard."
prompt tokens: [0, 21750, 260, 3107, 15363, 26131, 1192, 260, 25454, 28499, 28232, 12740, 62027, 14, 305, 6731, 834, 23616, 16]
prefill argmax=6776  decode argmax=6776  logit maxdiff=8.228e-1  MATCH
batched-prime argmax=6776  tokenwise argmax=6776  logit maxdiff=7.178e-1  MATCH
prefill 19 tok in 0.4926s = 38.6 tok/s (pp19)
generated 64 tokens in 3.394s = 18.86 tok/s (Stage-B int8 dp4a decode, gen-only; prime 0.154s) [stop: MaxNew]
tokens: [6776, 666, 7805, 11490, 2143, 35, 25454, 28499, 21994, 270, 16846, 294, 411, 12740, 1055, 3586, 13656, 343, 70698, 14, 64285, 14, 22218, 14, 6464, 14, 5085, 43360, 3555, 797, 6001, 834, 12740, 344, 295, 270, 22218, 6632, 14, 270, 2894, 588, 366, 91249, 14, 305, 270, 834, 1561, 396, 588, 366, 114400, 14, 832, 3586, 12846, 477, 295, 14349, 19649, 16, 1162, 48058]
MoE cache: 15356 slots | cumulative hits=26253 misses=5211 (hit-rate=83.4%) | Stage-1 baseline = 2678 MB/decode-token (every block, every layer, every token)
MoE cache STEADY-STATE (32 tokens after warmup): hit-rate=0.0% | 0.0 MB/decode-token (vs 2678 MB/token Stage-1 => infx less PCIe)
OUTPUT TEXT: "  \n\n**Answer:**  \nA CPU pipeline breaks the execution of an instruction into several stages (fetch, decode, execute, memory, write‑back). While one instruction is in the execute stage, the next can be decoded, and the one after that can be fetched, so several instructions are in flight simultaneously. This overlapping"
--- generated text ---
  

**Answer:**  
A CPU pipeline breaks the execution of an instruction into several stages (fetch, decode, execute, memory, write‑back). While one instruction is in the execute stage, the next can be decoded, and the one after that can be fetched, so several instructions are in flight simultaneously. This overlapping
R3=0
--- R4: ppprime pp4096 split vs unsplit N=3 (rebase perf sanity) ---
[pp] cross-device transport: stage0=dev0 stage1=dev1 (cudaMemcpyPeerAsync per cross boundary; peer + default-pool access granted all pairs over [0, 1]; weight home: per-stage (sharded loader))
[moe] resident-experts decision (PP dev0): experts 45.72GB + trunk 3.92GB vs free 100.88GB (expert budget 94.96GB) -> RESIDENT
[moe] resident-experts decision (PP dev1): experts 55.35GB + trunk 3.92GB vs free 100.76GB (expert budget 94.84GB) -> RESIDENT
[fa] v4 decode family disabled: gqa 12 > fa_v4_smem capacity 8 (v3 lane serves)
loaded step35 (45 layers)
ppprime rep 0: 4096 tok in 15.1175s = 270.9 tok/s
ppprime MEDIAN: 4096 tok in 15.1175s = 270.9 tok/s (budget=0 chunk=4096(default) calllocal=0)
[pp] cross-device transport: stage0=dev0 stage1=dev1 (cudaMemcpyPeerAsync per cross boundary; peer + default-pool access granted all pairs over [0, 1]; weight home: per-stage (sharded loader))
[moe] resident-experts decision (PP dev0): experts 45.72GB + trunk 3.92GB vs free 100.88GB (expert budget 94.96GB) -> RESIDENT
[moe] resident-experts decision (PP dev1): experts 55.35GB + trunk 3.92GB vs free 100.76GB (expert budget 94.84GB) -> RESIDENT
[fa] v4 decode family disabled: gqa 12 > fa_v4_smem capacity 8 (v3 lane serves)
loaded step35 (45 layers)
ppprime rep 0: 4096 tok in 28.8365s = 142.0 tok/s
ppprime MEDIAN: 4096 tok in 28.8365s = 142.0 tok/s (budget=0 chunk=4096(default) calllocal=0)
[pp] cross-device transport: stage0=dev0 stage1=dev1 (cudaMemcpyPeerAsync per cross boundary; peer + default-pool access granted all pairs over [0, 1]; weight home: per-stage (sharded loader))
[moe] resident-experts decision (PP dev0): experts 45.72GB + trunk 3.92GB vs free 100.88GB (expert budget 94.96GB) -> RESIDENT
[moe] resident-experts decision (PP dev1): experts 55.35GB + trunk 3.92GB vs free 100.76GB (expert budget 94.84GB) -> RESIDENT
[fa] v4 decode family disabled: gqa 12 > fa_v4_smem capacity 8 (v3 lane serves)
loaded step35 (45 layers)
ppprime rep 0: 4096 tok in 15.3054s = 267.6 tok/s
ppprime MEDIAN: 4096 tok in 15.3054s = 267.6 tok/s (budget=0 chunk=4096(default) calllocal=0)
[pp] cross-device transport: stage0=dev0 stage1=dev1 (cudaMemcpyPeerAsync per cross boundary; peer + default-pool access granted all pairs over [0, 1]; weight home: per-stage (sharded loader))
[moe] resident-experts decision (PP dev0): experts 45.72GB + trunk 3.92GB vs free 100.88GB (expert budget 94.96GB) -> RESIDENT
[moe] resident-experts decision (PP dev1): experts 55.35GB + trunk 3.92GB vs free 100.76GB (expert budget 94.84GB) -> RESIDENT
[fa] v4 decode family disabled: gqa 12 > fa_v4_smem capacity 8 (v3 lane serves)
loaded step35 (45 layers)
ppprime rep 0: 4096 tok in 28.7841s = 142.3 tok/s
ppprime MEDIAN: 4096 tok in 28.7841s = 142.3 tok/s (budget=0 chunk=4096(default) calllocal=0)
[pp] cross-device transport: stage0=dev0 stage1=dev1 (cudaMemcpyPeerAsync per cross boundary; peer + default-pool access granted all pairs over [0, 1]; weight home: per-stage (sharded loader))
[moe] resident-experts decision (PP dev0): experts 45.72GB + trunk 3.92GB vs free 100.88GB (expert budget 94.96GB) -> RESIDENT
[moe] resident-experts decision (PP dev1): experts 55.35GB + trunk 3.92GB vs free 100.76GB (expert budget 94.84GB) -> RESIDENT
[fa] v4 decode family disabled: gqa 12 > fa_v4_smem capacity 8 (v3 lane serves)
loaded step35 (45 layers)
ppprime rep 0: 4096 tok in 15.3214s = 267.3 tok/s
ppprime MEDIAN: 4096 tok in 15.3214s = 267.3 tok/s (budget=0 chunk=4096(default) calllocal=0)
[pp] cross-device transport: stage0=dev0 stage1=dev1 (cudaMemcpyPeerAsync per cross boundary; peer + default-pool access granted all pairs over [0, 1]; weight home: per-stage (sharded loader))
[moe] resident-experts decision (PP dev0): experts 45.72GB + trunk 3.92GB vs free 100.88GB (expert budget 94.96GB) -> RESIDENT
[moe] resident-experts decision (PP dev1): experts 55.35GB + trunk 3.92GB vs free 100.76GB (expert budget 94.84GB) -> RESIDENT
[fa] v4 decode family disabled: gqa 12 > fa_v4_smem capacity 8 (v3 lane serves)
loaded step35 (45 layers)
ppprime rep 0: 4096 tok in 28.8408s = 142.0 tok/s
ppprime MEDIAN: 4096 tok in 28.8408s = 142.0 tok/s (budget=0 chunk=4096(default) calllocal=0)
0, 0 MiB
1, 0 MiB
done
