[storage-bench] stages put_ns=0 commit_ns=0 lease_ns=195358361 read_ns=192178201 verify_ns=104800821 total_ns=493647672
{"version":1,"fixture":"opaque-affine-mod251-v1-restore-development-linux-io-not-spill-speed","backend_requested":"direct","backend_actual":"linux-o-direct-read-write","status":"byte-exact","valid_bytes":116654080,"padded_bytes":116654080,"io_bytes":238895104,"physical_bytes":null,"queue_ns":null,"io_ns":192178201,"h2d_ns":null,"d2h_ns":null,"p2p_ns":null,"total_ns":493647672,"inflight":1,"pinned_bytes":0,"pageable_bytes":null,"fallbacks":0,"payload_checksum":[40,174,30,240,28,143,6,157,211,186,238,147,51,21,183,148,254,140,27,196,221,184,103,0,126,2,128,128,50,128,146,71]}
{
  "schema_version": 1,
  "kind": "subprocess-capture",
  "command": [
    "/scratch/spill-f/bin/storage-bench",
    "restore",
    "/scratch/spill-f/b1/restore-116654080",
    "116654080",
    "direct"
  ],
  "exit_code": 0,
  "timed_out": false,
  "parse_error": null,
  "status": "executed-not-qualified",
  "gpu_power_limits": [
    {
      "device": "0",
      "power.limit": "600.00 W",
      "power.max_limit": "600.00 W"
    }
  ],
  "started_monotonic_ns": 387121430468428,
  "ended_monotonic_ns": 387122025102787,
  "started_utc": "2026-09-25T17:46:42.753547+00:00",
  "ended_utc": "2026-09-25T17:46:43.348178+00:00",
  "elapsed_seconds": 0.594634359,
  "timing_scope": "collector-with-snapshots-and-sampler",
  "storage": {
    "class": "nvme-local-direct",
    "nvme_proven": true,
    "nvme_name_hint": false,
    "label": "M1 proof: physical local NVMe (nvme-local-direct); not measured spill speed",
    "allow_unproven_storage": false,
    "root": "/scratch/spill-f/b1",
    "commands": [
      {
        "command": [
          "findmnt",
          "-J",
          "-T",
          "/scratch/spill-f/b1"
        ],
        "exit_code": 0,
        "timed_out": false,
        "raw_log": {
          "path": "storage-findmnt.log",
          "bytes": 260,
          "sha256": "a78a7aff744771d0a0b292844a2908e8dc3d38bf959fdcb3f7f4265e94dde138"
        }
      },
      {
        "command": [
          "lsblk",
          "-J",
          "-o",
          "NAME,TYPE,SIZE,ROTA,TRAN,MOUNTPOINTS"
        ],
        "exit_code": 0,
        "timed_out": false,
        "raw_log": {
          "path": "storage-lsblk.log",
          "bytes": 4174,
          "sha256": "2289aa6d5b1944536abc239309cb48358e3c170a8752677e2ccea800442bef64"
        }
      },
      {
        "command": [
          "findmnt",
          "-n",
          "-o",
          "SOURCE",
          "-T",
          "/scratch/spill-f/b1"
        ],
        "exit_code": 0,
        "timed_out": false,
        "raw_log": {
          "path": "storage-source.log",
          "bytes": 42,
          "sha256": "0c45cc2bb3ee8c12068aa3404b5f748ddb35dae115994d2cfdbece44721d0cb6"
        }
      },
      {
        "command": [
          "lsblk",
          "-s",
          "-r",
          "-n",
          "-o",
          "KNAME",
          "/dev/nvme0n1p3"
        ],
        "exit_code": 32,
        "timed_out": false,
        "raw_log": {
          "path": "storage-ancestry.log",
          "bytes": 42,
          "sha256": "b67470269669175458deed3ea5edc911c509b799a5fa2fcefff20fe54d29b718"
        }
      }
    ],
    "qualification": false,
    "m1_proof": {
      "receipt": {
        "path": "STORAGE-PROOF.json",
        "bytes": 3710,
        "sha256": "6e08ea9a5f468273f14b9192a1aa4afff2897af76ad1e051d8b78002e2c000f9"
      },
      "tool_sha256": "d59851b624339e16d2290b21b94567a593645266eb0e5dd83d4490decbb78864",
      "identity": {
        "device": 66307,
        "filesystem_id": 66307,
        "mount_id": 577
      },
      "proof_utc": "2026-09-25T16:41:09.179488+00:00"
    },
    "object_binding": {
      "root": "/scratch/spill-f/b1",
      "object": "/scratch/spill-f/b1/restore-116654080",
      "root_filesystem": {
        "device": 66307,
        "filesystem_id": 66307,
        "mount_id": 577
      },
      "object_filesystem": {
        "device": 66307,
        "filesystem_id": 66307,
        "mount_id": 577
      },
      "method": "stat-device+statfs-id+linux-mount-id"
    },
    "object_argument": "/scratch/spill-f/b1/restore-116654080"
  },
  "raw_log": {
    "path": "command.log",
    "bytes": 701,
    "sha256": "d14de4274850e69cc3553bdf7c772d7dfe44bed66495a36149972fb78c96533c"
  },
  "failure_quote": null,
  "result": null,
  "gpu_telemetry": {
    "status": "captured-unvalidated",
    "interval_ms": 250,
    "command": [
      "/usr/bin/nvidia-smi",
      "--query-gpu=timestamp,index,pstate,clocks.sm,clocks.mem,power.draw,power.limit,power.max_limit,temperature.gpu,memory.used,utilization.gpu,pcie.link.gen.current,pcie.link.width.current",
      "--format=csv",
      "-lms",
      "250"
    ],
    "tier_counters": "not collected",
    "exit_code": 0,
    "raw_csv": {
      "path": "command.gpu.csv",
      "bytes": 440,
      "sha256": "ba4f5306094d78c234cd9d4d5358c4ef9f359f138a1d5fa01cff0a089b90834f"
    },
    "stderr": {
      "path": "command.sampler.log",
      "bytes": 0,
      "sha256": "e3b0c44298fc1c149afbf4c8996fb92427ae41e4649b934ca495991b7852b855"
    }
  },
  "compute_apps": {
    "before": {
      "exit_code": 0,
      "timed_out": false,
      "raw_log": {
        "path": "command.before.log",
        "bytes": 41,
        "sha256": "cae79969ce448872401f5d9bcd1d52bbefa1a5450cf3a5658f62f068ab59294b"
      }
    },
    "after": {
      "exit_code": 0,
      "timed_out": false,
      "raw_log": {
        "path": "command.after.log",
        "bytes": 41,
        "sha256": "cae79969ce448872401f5d9bcd1d52bbefa1a5450cf3a5658f62f068ab59294b"
      }
    }
  },
  "qualification": false
}
