2026-09-23T21:51:38Z waiting for /tmp/memra-5090.lock (flock -w 3600)
2026-09-23T21:51:38Z lock acquired
== shape
order=AB n=5 model_key=q9 ctx=65536 lock=/tmp/memra-5090.lock warm=deferred park_compact=unset serve_spec=default client=day33-client.py args=--chars 5000 --skip-long --burst 0 admit_by_memory=unset open_output_tokens=unset timeout_ms_max=3600000 max_sessions=unset kv_host_mb=unset
== arm off
== boot door line (verbatim)
[admit-mem] door=OFF open_output_tokens=8192 defer_budget_ms=8000 (admission charges prompt+output, the reclaim flush demotes to the host tier before dropping, and a memory defer past the budget refuses 429 instead of queueing past the client's deadline)
DAY31 V-BOOT boot=red-off arm=off door_line=present -> PASS
== shadow budget line (verbatim)
[admit-predict] shadow armed: budget_bytes=12831671424 budget_src=derived(effective_free_bytes=16493823104 - prefix_cache_budget_bytes=2051538944 - admission_reserve_bytes=1610612736) exempt_tenants=0 enforce=false (logging only, nothing is rejected; enforcement is a separate flip)
== fatal lines
(none)
== sequential requests: tag | status | finish | P | G | cached | path | bpt | booked_ctx | alloc_bytes | used_bytes | cost_src | message_sha256[:16]
warmup | 200 | length | 90 | 32 | 0 | spec | 16704 | 186 | 2037888 | 2037888 | own | cbec9a51a14363b1
i-L0-r0 | 200 | stop | 1439 | 3921 | 0 | spec | 16704 | 65600 | 1094713344 | 89533440 | own | be76c8efe8b20a79
i-L0-r1 | 200 | stop | 1439 | 4363 | 0 | spec | 16704 | 65600 | 1094713344 | 96916608 | own | e8e007a00f20896e
i-L0-r2 | 200 | stop | 1442 | 4123 | 0 | spec | 16704 | 65600 | 1094713344 | 92957760 | own | 8fd172978d5caa1c
i-L0-r3 | 200 | stop | 1442 | 4761 | 0 | spec | 16704 | 65600 | 1094713344 | 103614912 | inherited | 8f084f7491dd0f3f
i-L0-r4 | 200 | stop | 1441 | 5048 | 0 | spec | 16704 | 65600 | 1094713344 | 108392256 | own | 81c4de7cf0a6b75e
ii-L0-r0 | 200 | length | 1673 | 96 | 0 | spec | 16704 | 1833 | 29549376 | 29549376 | own | 2e33a266a6139157
ii-L0-r1 | 200 | length | 1672 | 96 | 0 | spec | 16704 | 1832 | 29532672 | 29532672 | own | 6d9fb7383d0b20e4
ii-L0-r2 | 200 | length | 1671 | 96 | 0 | spec | 16704 | 1831 | 29515968 | 29515968 | own | 51db360e35d5efb1
ii-L0-r3 | 200 | length | 1671 | 96 | 0 | spec | 16704 | 1831 | 29515968 | 29515968 | inherited | 483de37d0f96bac6
ii-L0-r4 | 200 | length | 1668 | 96 | 0 | spec | 16704 | 1828 | 29465856 | 29465856 | own | 324b31f3ddaf48f5
iii-L0-r0 | 200 | stop | 1486 | 2173 | 1408 | spec | 16704 | 65600 | 1094713344 | 61119936 | own | 8ee8bd098e12efe7
iii-L0-r1 | 200 | stop | 1500 | 4715 | 1408 | spec | 16704 | 65600 | 1094713344 | 103815360 | own | deb805f1ec388d15
iii-L0-r2 | 200 | stop | 1519 | 4038 | 1408 | spec | 16704 | 65600 | 1094713344 | 92824128 | own | e6b8bef522873724
iii-L0-r3 | 200 | stop | 1498 | 2606 | 1408 | spec | 16704 | 65600 | 1094713344 | 68553216 | own | 7f674c1d4dc0bce0
iii-L0-r4 | 200 | stop | 1492 | 4473 | 1408 | spec | 16704 | 65600 | 1094713344 | 99639360 | own | 3666e62bb6a3c6bb
== burst
window_ms=0 B=0 status={} finish={} retry_after={}
active_sessions_max=None admission_booked_bytes_max=None samples=0 shadow_budget_bytes=12831671424 burst_cost_lines=0 burst_cost_total_mb_median=None arith_sessions=None
admit_mem_id_lines=0 by_verdict={} reclaim_lines=0
== open-class G (this boot): n=10 min=2173 p50=4363 max=5048 stop=10 length=0 other=0
