build tpr 758b05089 SERVER_EXIT=0 ENGINE_EXIT=0  server c1792871cc43204f
serve r1 Pp rc=0 CELL greedy-c1 c=1 ok=8/8 agg=65.41 tok/s decode_p50=68.42 tok/s ttft_p50=183 ms tpot_p50=14.62 ms errs=[] CELL sampled-c1 c=1 ok=8/8 agg=57.67 tok/s decode_p50=59.97 tok/s ttft_p50=184 ms tpot_p50=16.67 ms errs=[] CELL greedy-c1-ignore-eos c=1 ok=4/4 agg=65.37 tok/s decode_p50=68.38 tok/s ttft_p50=182 ms tpot_p50=14.62 ms errs=[]  armed=0 
serve r2 Tr rc=0 CELL greedy-c1 c=1 ok=8/8 agg=77.15 tok/s decode_p50=80.69 tok/s ttft_p50=158 ms tpot_p50=12.39 ms errs=[] CELL sampled-c1 c=1 ok=8/8 agg=76.63 tok/s decode_p50=80.17 tok/s ttft_p50=160 ms tpot_p50=12.47 ms errs=[] CELL greedy-c1-ignore-eos c=1 ok=4/4 agg=76.93 tok/s decode_p50=80.47 tok/s ttft_p50=160 ms tpot_p50=12.43 ms errs=[]  armed=0 
serve r3 Tr rc=0 CELL greedy-c1 c=1 ok=8/8 agg=77.15 tok/s decode_p50=80.69 tok/s ttft_p50=158 ms tpot_p50=12.39 ms errs=[] CELL sampled-c1 c=1 ok=8/8 agg=76.68 tok/s decode_p50=80.17 tok/s ttft_p50=159 ms tpot_p50=12.47 ms errs=[] CELL greedy-c1-ignore-eos c=1 ok=4/4 agg=76.67 tok/s decode_p50=80.39 tok/s ttft_p50=161 ms tpot_p50=12.44 ms errs=[]  armed=0 
serve r4 Pp rc=0 CELL greedy-c1 c=1 ok=8/8 agg=65.42 tok/s decode_p50=68.38 tok/s ttft_p50=183 ms tpot_p50=14.62 ms errs=[] CELL sampled-c1 c=1 ok=8/8 agg=57.64 tok/s decode_p50=59.96 tok/s ttft_p50=184 ms tpot_p50=16.68 ms errs=[] CELL greedy-c1-ignore-eos c=1 ok=4/4 agg=65.35 tok/s decode_p50=68.36 tok/s ttft_p50=182 ms tpot_p50=14.63 ms errs=[]  armed=0 
