build hm 183ef3ae2 SERVER_EXIT=0 ENGINE_EXIT=0 
test-build rc=0   Executable unittests src/lib.rs (/root/lane/target-hm/release/deps/memra_engine-c8ff6b35b7df7707)
component rc=0 test result: ok. 5 passed; 0 failed; 0 ignored; 0 measured; 643 filtered out; finished in 2.32s 
long-304 H rc=0 PASS: 304 PROGRAM_SHA256 fbce1a0492d69635 
rows tp_ep rc=0 PASS: replayed, then 8 B-row steps beside a peer while armed, then replayed again: bit-identical to solo steps PASS: B-row graph steps bit-identical to solo steps across join, leave and row moves (5 captures, 28 graph steps) PASS: sampled B-row graph draws equal the eager B-row draws (24 steps x 4 rows) 
dspark-tpep H cc6082ddea76827e 373e6557e6d118f1 373e6557e6d118f1  | GPU DSPARK GATE [PASS] GATE_DONE rc=0 utc=2026-09-27T06:22:17Z 
long t1 M rc=0 PROGRAM_SHA256 fbce1a0492d69635 replay_ms_per_token=10.956 replay_ms_per_token=10.873 replay_ms_per_token=10.868 
long t2 H rc=0 PROGRAM_SHA256 fbce1a0492d69635 replay_ms_per_token=11.029 replay_ms_per_token=10.962 replay_ms_per_token=10.967 
long t3 H rc=0 PROGRAM_SHA256 fbce1a0492d69635 replay_ms_per_token=11.025 replay_ms_per_token=10.961 replay_ms_per_token=10.936 
long t4 M rc=0 PROGRAM_SHA256 fbce1a0492d69635 replay_ms_per_token=10.963 replay_ms_per_token=10.882 replay_ms_per_token=10.883 
long t5 M rc=0 PROGRAM_SHA256 fbce1a0492d69635 replay_ms_per_token=11.001 replay_ms_per_token=10.920 replay_ms_per_token=10.865 
long t6 H rc=0 PROGRAM_SHA256 fbce1a0492d69635 replay_ms_per_token=11.004 replay_ms_per_token=10.948 replay_ms_per_token=10.942 
serve r1 M rc=0 CELL greedy-c1 c=1 ok=8/8 agg=88.51 tok/s decode_p50=93.08 tok/s ttft_p50=150 ms tpot_p50=10.74 ms errs=[] CELL sampled-c1 c=1 ok=8/8 agg=88.82 tok/s decode_p50=93.33 tok/s ttft_p50=150 ms tpot_p50=10.71 ms errs=[] CELL greedy-c2 c=2 ok=8/8 agg=119.36 tok/s decode_p50=62.92 tok/s ttft_p50=235 ms tpot_p50=15.89 ms errs=[] CELL greedy-c4 c=4 ok=8/8 agg=152.37 tok/s decode_p50=40.71 tok/s ttft_p50=423 ms tpot_p50=24.56 ms errs=[] CELL greedy-c2-2k c=2 ok=8/8 agg=23.73 tok/s decode_p50=48.31 tok/s ttft_p50=8169 ms tpot_p50=20.70 ms errs=[] 
serve r2 H rc=0 CELL greedy-c1 c=1 ok=8/8 agg=87.95 tok/s decode_p50=92.71 tok/s ttft_p50=149 ms tpot_p50=10.79 ms errs=[] CELL sampled-c1 c=1 ok=8/8 agg=88.16 tok/s decode_p50=92.70 tok/s ttft_p50=154 ms tpot_p50=10.79 ms errs=[] CELL greedy-c2 c=2 ok=8/8 agg=118.48 tok/s decode_p50=62.52 tok/s ttft_p50=239 ms tpot_p50=15.99 ms errs=[] CELL greedy-c4 c=4 ok=8/8 agg=149.51 tok/s decode_p50=39.96 tok/s ttft_p50=443 ms tpot_p50=25.02 ms errs=[] CELL greedy-c2-2k c=2 ok=8/8 agg=23.33 tok/s decode_p50=49.02 tok/s ttft_p50=8383 ms tpot_p50=20.40 ms errs=[] 
serve r3 H rc=0 CELL greedy-c1 c=1 ok=8/8 agg=87.86 tok/s decode_p50=92.55 tok/s ttft_p50=157 ms tpot_p50=10.80 ms errs=[] CELL sampled-c1 c=1 ok=8/8 agg=88.29 tok/s decode_p50=92.87 tok/s ttft_p50=153 ms tpot_p50=10.77 ms errs=[] CELL greedy-c2 c=2 ok=8/8 agg=118.45 tok/s decode_p50=62.47 tok/s ttft_p50=234 ms tpot_p50=16.01 ms errs=[] CELL greedy-c4 c=4 ok=8/8 agg=151.61 tok/s decode_p50=40.41 tok/s ttft_p50=424 ms tpot_p50=24.75 ms errs=[] CELL greedy-c2-2k c=2 ok=8/8 agg=23.69 tok/s decode_p50=48.56 tok/s ttft_p50=8152 ms tpot_p50=20.59 ms errs=[] 
serve r4 M rc=0 CELL greedy-c1 c=1 ok=8/8 agg=88.77 tok/s decode_p50=93.14 tok/s ttft_p50=147 ms tpot_p50=10.74 ms errs=[] CELL sampled-c1 c=1 ok=8/8 agg=88.98 tok/s decode_p50=93.43 tok/s ttft_p50=144 ms tpot_p50=10.70 ms errs=[] CELL greedy-c2 c=2 ok=8/8 agg=118.58 tok/s decode_p50=62.43 tok/s ttft_p50=236 ms tpot_p50=16.02 ms errs=[] CELL greedy-c4 c=4 ok=8/8 agg=149.13 tok/s decode_p50=40.13 tok/s ttft_p50=446 ms tpot_p50=24.92 ms errs=[] CELL greedy-c2-2k c=2 ok=8/8 agg=23.58 tok/s decode_p50=48.91 tok/s ttft_p50=8243 ms tpot_p50=20.45 ms errs=[] 
serve r5 M rc=0 CELL greedy-c1 c=1 ok=8/8 agg=88.32 tok/s decode_p50=92.69 tok/s ttft_p50=148 ms tpot_p50=10.79 ms errs=[] CELL sampled-c1 c=1 ok=8/8 agg=88.53 tok/s decode_p50=93.06 tok/s ttft_p50=152 ms tpot_p50=10.75 ms errs=[] CELL greedy-c2 c=2 ok=8/8 agg=119.52 tok/s decode_p50=63.06 tok/s ttft_p50=234 ms tpot_p50=15.86 ms errs=[] CELL greedy-c4 c=4 ok=8/8 agg=151.65 tok/s decode_p50=40.70 tok/s ttft_p50=456 ms tpot_p50=24.57 ms errs=[] CELL greedy-c2-2k c=2 ok=8/8 agg=23.06 tok/s decode_p50=49.22 tok/s ttft_p50=8494 ms tpot_p50=20.32 ms errs=[] 
serve r6 H rc=0 CELL greedy-c1 c=1 ok=8/8 agg=87.83 tok/s decode_p50=92.31 tok/s ttft_p50=155 ms tpot_p50=10.83 ms errs=[] CELL sampled-c1 c=1 ok=8/8 agg=87.88 tok/s decode_p50=92.28 tok/s ttft_p50=150 ms tpot_p50=10.84 ms errs=[] CELL greedy-c2 c=2 ok=8/8 agg=118.32 tok/s decode_p50=62.32 tok/s ttft_p50=244 ms tpot_p50=16.05 ms errs=[] CELL greedy-c4 c=4 ok=8/8 agg=152.02 tok/s decode_p50=40.22 tok/s ttft_p50=410 ms tpot_p50=24.86 ms errs=[] CELL greedy-c2-2k c=2 ok=8/8 agg=23.81 tok/s decode_p50=48.66 tok/s ttft_p50=8104 ms tpot_p50=20.55 ms errs=[] 
S2T_DONE 183ef3ae21bfc3b679cdcf4b05bdfd7a387fb8e9
