build M 3e435a6df SERVER_EXIT=0 ENGINE_EXIT=0 
build R bdd9e5ceb SERVER_EXIT=0 ENGINE_EXIT=0 
component rows rc=0 test multi_row_dense_fast_dots_are_the_m_row_dots_and_the_one_row_launch_bit_for_bit ... 180 dots cases bit-identical (dense-fast m-row = m-row dots = one-row launch) test multi_row_dense_fast_is_the_m_row_gemv_and_the_one_row_launch_bit_for_bit ... 270 cases bit-identical (dense-fast m-row = m-row 
long-304 R rc=0 PASS: 304 PROGRAM_SHA256 fbce1a0492d69635 
rows tp_ep rc=0 PASS: replayed, then 8 B-row steps beside a peer while armed, then replayed again: bit-identical to  PASS: B-row graph steps bit-identical to solo steps across join, leave and row moves (5 captures, 28 PASS: sampled B-row graph draws equal the eager B-row draws (24 steps x 4 rows) 
wide16 t1 R rc=0 PASS: every row bit-identical to its solo step across join,  PASS: replayed, then 8 B-row steps beside a peer while armed PASS: B-row graph steps bit-identical to solo steps across j PASS: sampled B-row graph draws equal the eager B-row draws  PASS: 16-row-workspace eager B-row steps (widths 16, 8, 3) b PASS: 16-row-workspace graph B-row steps (widths 16, 8, 3) b  | TIME rep=0 WIDE B=16 ms_per_step=40.718 tok_s=392.95 (first step captures) TIME rep=1 WIDE B=16 ms_per_step=40.615 tok_s=393.94 (first step captures) 
wide16 t2 M rc=0 PASS: every row bit-identical to its solo step across join,  PASS: replayed, then 8 B-row steps beside a peer while armed PASS: B-row graph steps bit-identical to solo steps across j PASS: sampled B-row graph draws equal the eager B-row draws  PASS: 16-row-workspace eager B-row steps (widths 16, 8, 3) b PASS: 16-row-workspace graph B-row steps (widths 16, 8, 3) b  | TIME rep=0 WIDE B=16 ms_per_step=37.574 tok_s=425.82 (first step captures) TIME rep=1 WIDE B=16 ms_per_step=37.434 tok_s=427.42 (first step captures) 
wide16 t3 R rc=0 PASS: every row bit-identical to its solo step across join,  PASS: replayed, then 8 B-row steps beside a peer while armed PASS: B-row graph steps bit-identical to solo steps across j PASS: sampled B-row graph draws equal the eager B-row draws  PASS: 16-row-workspace eager B-row steps (widths 16, 8, 3) b PASS: 16-row-workspace graph B-row steps (widths 16, 8, 3) b  | TIME rep=0 WIDE B=16 ms_per_step=40.710 tok_s=393.02 (first step captures) TIME rep=1 WIDE B=16 ms_per_step=40.635 tok_s=393.75 (first step captures) 
