build L ed71eaac3 SERVER_EXIT=0 ENGINE_EXIT=0 
wide16 t1 L rc=0 PASS: every row bit-identical to its solo step across join, leave and row moves PASS: replayed, then 8 B-row steps beside a peer while armed, then replayed again: bit-ide PASS: B-row graph steps bit-identical to solo steps across join, leave and row moves (5 ca PASS: sampled B-row graph draws equal the eager B-row draws (24 steps x 4 rows) PASS: 16-row-workspace eager B-row steps (widths 16, 8, 3) bit-identical to solo steps (24 PASS: 16-row-workspace graph B-row steps (widths 16, 8, 3) bit-identical to solo steps (24  | TIME rep=0 WIDE B=16 ms_per_step=48.775 tok_s=328.04 (first step captures) TIME rep=1 WIDE B=16 ms_per_step=48.528 tok_s=329.70 (first step captures) 
wide16 t2 M rc=0 PASS: every row bit-identical to its solo step across join, leave and row moves PASS: replayed, then 8 B-row steps beside a peer while armed, then replayed again: bit-ide PASS: B-row graph steps bit-identical to solo steps across join, leave and row moves (5 ca PASS: sampled B-row graph draws equal the eager B-row draws (24 steps x 4 rows) PASS: 16-row-workspace eager B-row steps (widths 16, 8, 3) bit-identical to solo steps (24 PASS: 16-row-workspace graph B-row steps (widths 16, 8, 3) bit-identical to solo steps (24  | TIME rep=0 WIDE B=16 ms_per_step=68.194 tok_s=234.62 (first step captures) TIME rep=1 WIDE B=16 ms_per_step=68.355 tok_s=234.07 (first step captures) 
wide16 t3 L rc=0 PASS: every row bit-identical to its solo step across join, leave and row moves PASS: replayed, then 8 B-row steps beside a peer while armed, then replayed again: bit-ide PASS: B-row graph steps bit-identical to solo steps across join, leave and row moves (5 ca PASS: sampled B-row graph draws equal the eager B-row draws (24 steps x 4 rows) PASS: 16-row-workspace eager B-row steps (widths 16, 8, 3) bit-identical to solo steps (24 PASS: 16-row-workspace graph B-row steps (widths 16, 8, 3) bit-identical to solo steps (24  | TIME rep=0 WIDE B=16 ms_per_step=48.846 tok_s=327.56 (first step captures) TIME rep=1 WIDE B=16 ms_per_step=48.589 tok_s=329.29 (first step captures) 
wide16 t4 M rc=0 PASS: every row bit-identical to its solo step across join, leave and row moves PASS: replayed, then 8 B-row steps beside a peer while armed, then replayed again: bit-ide PASS: B-row graph steps bit-identical to solo steps across join, leave and row moves (5 ca PASS: sampled B-row graph draws equal the eager B-row draws (24 steps x 4 rows) PASS: 16-row-workspace eager B-row steps (widths 16, 8, 3) bit-identical to solo steps (24 PASS: 16-row-workspace graph B-row steps (widths 16, 8, 3) bit-identical to solo steps (24  | TIME rep=0 WIDE B=16 ms_per_step=68.351 tok_s=234.08 (first step captures) TIME rep=1 WIDE B=16 ms_per_step=68.450 tok_s=233.75 (first step captures) 
rows tp_ep rc=0 PASS: replayed, then 8 B-row steps beside a peer while armed, then replayed again: bit-identical to  PASS: B-row graph steps bit-identical to solo steps across join, leave and row moves (5 captures, 28 PASS: sampled B-row graph draws equal the eager B-row draws (24 steps x 4 rows) 
rows wide8 rc=0 PASS: every row bit-identical to its solo step across join, leave and row moves PASS: replayed, then 8 B-row steps beside a peer while armed, then replayed again: bit-ide PASS: B-row graph steps bit-identical to solo steps across join, leave and row moves (5 ca PASS: sampled B-row graph draws equal the eager B-row draws (24 steps x 4 rows) PASS: 8-row-workspace eager B-row steps (widths 8, 4, 3) bit-identical to solo steps (24 s PASS: 8-row-workspace graph B-row steps (widths 8, 4, 3) bit-identical to solo steps (24 s  | TIME rep=0 WIDE B=8 ms_per_step=23.302 tok_s=343.32 (first step captures) TIME rep=1 WIDE B=8 ms_per_step=23.290 tok_s=343.49 (first step captures) 
long-304 L rc=0 PASS: 304 PROGRAM_SHA256 fbce1a0492d69635 
serve r1 M c24 rc=1 
serve r2 L c24 rc=0 CELL greedy-c4 c=4 ok=8/8 agg=206.06 tok/s decode_p50=55.88 tok/s ttft_p50=366 ms tpot_p50=17.90 ms errs=[] CELL greedy-c8 c=8 ok=16/16 agg=286.25 tok/s decode_p50=39.79 tok/s ttft_p50=699 ms tpot_p50=25.13 ms errs=[] CELL greedy-c16 c=16 ok=16/16 agg=266.04 tok/s decode_p50=18.77 tok/s ttft_p50=1804 ms tpot_p50=53.28 ms errs=[] CELL greedy-c24 c=24 ok=24/24 agg=267.56 tok/s decode_p50=19.17 tok/s ttft_p50=2442 ms tpot_p50=52.17 ms errs=[] CELL sampled-c8 c=8 ok=16/16 agg=271.12 tok/s decode_p50=37.23 tok/s ttft_p50=699 ms tpot_p50=26.86 ms errs=[] 
serve r3 L c24 rc=0 CELL greedy-c4 c=4 ok=8/8 agg=208.83 tok/s decode_p50=56.14 tok/s ttft_p50=337 ms tpot_p50=17.81 ms errs=[] CELL greedy-c8 c=8 ok=16/16 agg=287.67 tok/s decode_p50=39.94 tok/s ttft_p50=735 ms tpot_p50=25.04 ms errs=[] CELL greedy-c16 c=16 ok=16/16 agg=266.69 tok/s decode_p50=18.82 tok/s ttft_p50=1796 ms tpot_p50=53.15 ms errs=[] CELL greedy-c24 c=24 ok=24/24 agg=269.33 tok/s decode_p50=19.26 tok/s ttft_p50=2542 ms tpot_p50=51.92 ms errs=[] CELL sampled-c8 c=8 ok=16/16 agg=269.93 tok/s decode_p50=37.12 tok/s ttft_p50=685 ms tpot_p50=26.94 ms errs=[] 
serve r4 M c24 rc=0 CELL greedy-c4 c=4 ok=8/8 agg=160.37 tok/s decode_p50=42.15 tok/s ttft_p50=358 ms tpot_p50=23.73 ms errs=[] CELL greedy-c8 c=8 ok=16/16 agg=200.11 tok/s decode_p50=26.76 tok/s ttft_p50=694 ms tpot_p50=37.38 ms errs=[] CELL greedy-c16 c=16 ok=16/16 agg=201.44 tok/s decode_p50=13.78 tok/s ttft_p50=1819 ms tpot_p50=72.57 ms errs=[] CELL greedy-c24 c=24 ok=24/24 agg=199.30 tok/s decode_p50=13.92 tok/s ttft_p50=2574 ms tpot_p50=71.84 ms errs=[] CELL sampled-c8 c=8 ok=16/16 agg=194.21 tok/s decode_p50=25.75 tok/s ttft_p50=638 ms tpot_p50=38.83 ms errs=[] 
serve r5 L pdl rc=0 CELL greedy-c1 c=1 ok=8/8 agg=96.49 tok/s decode_p50=101.56 tok/s ttft_p50=141 ms tpot_p50=9.85 ms errs=[] CELL sampled-c1 c=1 ok=8/8 agg=96.62 tok/s decode_p50=101.89 tok/s ttft_p50=144 ms tpot_p50=9.81 ms errs=[] CELL greedy-c2 c=2 ok=8/8 agg=147.83 tok/s decode_p50=78.10 tok/s ttft_p50=189 ms tpot_p50=12.80 ms errs=[] CELL greedy-c4 c=4 ok=8/8 agg=208.46 tok/s decode_p50=57.44 tok/s ttft_p50=401 ms tpot_p50=17.41 ms errs=[] CELL greedy-c2-2k c=2 ok=8/8 agg=25.97 tok/s decode_p50=61.85 tok/s ttft_p50=7797 ms tpot_p50=16.17 ms errs=[] 
serve r6 M pdl rc=0 CELL greedy-c1 c=1 ok=8/8 agg=96.97 tok/s decode_p50=101.67 tok/s ttft_p50=132 ms tpot_p50=9.84 ms errs=[] CELL sampled-c1 c=1 ok=8/8 agg=97.37 tok/s decode_p50=102.18 tok/s ttft_p50=132 ms tpot_p50=9.79 ms errs=[] CELL greedy-c2 c=2 ok=8/8 agg=128.28 tok/s decode_p50=68.22 tok/s ttft_p50=251 ms tpot_p50=14.66 ms errs=[] CELL greedy-c4 c=4 ok=8/8 agg=161.74 tok/s decode_p50=43.26 tok/s ttft_p50=396 ms tpot_p50=23.11 ms errs=[] CELL greedy-c2-2k c=2 ok=8/8 agg=26.41 tok/s decode_p50=52.71 tok/s ttft_p50=7269 ms tpot_p50=18.97 ms errs=[] 
S2ZK_DONE ed71eaac3f8fed43522a7cf64355b64c07a558b8
