# command: grep -h '^DAY28 CLAUSE\|^DAY28 VERDICT\|^DAY28 REPORTED' research/spill-a-20260919/pro-single-day28/box/reading-day28.log research/spill-a-20260919/pro-single-day29/box/reading-day28.log
DAY28 CLAUSE 1a stall order=o1 N_boots_on=5 N_boots_off=5 on_cell_median=81.8 off_cell_median=85.2 rule on<=off+2.0 -> PASS
DAY28 CLAUSE 1b e2e order=o1 N_runs_on=50 N_runs_off=50 on=132.3 off=115.4 on_minus_off=+16.9 rule <=+20.0 -> PASS
DAY28 CLAUSE 1a stall order=o2 N_boots_on=5 N_boots_off=5 on_cell_median=81.9 off_cell_median=85.2 rule on<=off+2.0 -> PASS
DAY28 CLAUSE 1b e2e order=o2 N_runs_on=50 N_runs_off=50 on=132.2 off=115.4 on_minus_off=+16.9 rule <=+20.0 -> PASS
DAY28 CLAUSE 1c owner in-completion N=100 median=7.40 min=7.17 max=45.01 runs_with_demote_without_ledger=0 rule <=12.0 -> PASS
DAY28 REPORTED wall in-completion median=86.5 (N=100); demote_completion median=97.5; helper hashed_in_ms median=73.2 min=73.0 max=73.4; payloads=[98] mb=[157.9]; hash_polls median=6 max=6; settle modes={'tick-top poll': 100}; tenant top gaps: largest median=95.3 second median=19.0
DAY28 VERDICT clauses_failed=0 -> ALL PASS
DAY28 CLAUSE 1a stall order=o1 N_boots_on=5 N_boots_off=5 on_cell_median=81.7 off_cell_median=85.4 rule on<=off+2.0 -> PASS
DAY28 CLAUSE 1b e2e order=o1 N_runs_on=50 N_runs_off=50 on=132.3 off=115.5 on_minus_off=+16.8 rule <=+20.0 -> PASS
DAY28 CLAUSE 1a stall order=o2 N_boots_on=5 N_boots_off=5 on_cell_median=81.8 off_cell_median=85.1 rule on<=off+2.0 -> PASS
DAY28 CLAUSE 1b e2e order=o2 N_runs_on=50 N_runs_off=50 on=132.2 off=115.3 on_minus_off=+16.9 rule <=+20.0 -> PASS
DAY28 CLAUSE 1c owner in-completion N=100 median=7.39 min=7.20 max=45.18 runs_with_demote_without_ledger=0 rule <=12.0 -> PASS
DAY28 REPORTED wall in-completion median=86.5 (N=100); demote_completion median=97.5; helper hashed_in_ms median=73.1 min=72.9 max=73.5; payloads=[98] mb=[157.9]; hash_polls median=6 max=6; settle modes={'tick-top poll': 100}; tenant top gaps: largest median=95.3 second median=18.9
DAY28 VERDICT clauses_failed=0 -> ALL PASS
# command: grep -H 'DAY26 CLAUSE 2\|DAY26 CLAUSE 3\|DAY26 DECOMPOSITION\|DAY25 DOUBLE-PARK\|ADMISSIBLE' research/spill-a-20260919/pro-single-day28/box/reading-day25.log research/spill-a-20260919/pro-single-day28/box/reading-day26.log research/spill-a-20260919/pro-single-day29/box/reading-day25.log research/spill-a-20260919/pro-single-day29/box/reading-day26.log
research/spill-a-20260919/pro-single-day28/box/reading-day25.log:ADMISSIBLE all_receipts=True
research/spill-a-20260919/pro-single-day28/box/reading-day25.log:DAY25 DOUBLE-PARK arm=on order=o1 N_boots=5 boots=['b01-on', 'b03-on', 'b05-on', 'b07-on', 'b09-on'] stall_medians=[81.8, 81.8, 81.9, 81.8, 81.7] stall_cell_median=81.8 min=81.7 max=81.9 IQR=0.0 arm_p99s=[19.5, 19.4, 18.9, 18.9, 18.9] idle_p50s=[13.51, 13.47, 13.48, 13.46, 13.47] | request e2e N_runs=50 wall_median=132.3 p95=171.8 IQR=3.2
research/spill-a-20260919/pro-single-day28/box/reading-day25.log:DAY25 DOUBLE-PARK arm=on order=o2 N_boots=5 boots=['b12-on', 'b14-on', 'b16-on', 'b18-on', 'b20-on'] stall_medians=[81.9, 81.9, 81.9, 81.8, 81.8] stall_cell_median=81.9 min=81.8 max=81.9 IQR=0.0 arm_p99s=[19.3, 18.9, 18.9, 19.0, 18.7] idle_p50s=[13.46, 13.47, 13.48, 13.46, 13.47] | request e2e N_runs=50 wall_median=132.2 p95=171.0 IQR=0.7
research/spill-a-20260919/pro-single-day28/box/reading-day25.log:DAY25 DOUBLE-PARK arm=on pooled N_boots=10 stall_cell_median=81.8 IQR=0.1 | request e2e N_runs=100 wall_median=132.2 IQR=1.5
research/spill-a-20260919/pro-single-day28/box/reading-day25.log:DAY25 DOUBLE-PARK arm=off order=o1 N_boots=5 boots=['b02-off', 'b04-off', 'b06-off', 'b08-off', 'b10-off'] stall_medians=[85.3, 85.2, 85.1, 85.2, 85.2] stall_cell_median=85.2 min=85.1 max=85.3 IQR=0.0 arm_p99s=[16.6, 16.6, 16.6, 16.6, 16.6] idle_p50s=[13.38, 13.38, 13.38, 13.38, 13.38] | request e2e N_runs=50 wall_median=115.4 p95=153.7 IQR=0.7
research/spill-a-20260919/pro-single-day28/box/reading-day25.log:DAY25 DOUBLE-PARK arm=off order=o2 N_boots=5 boots=['b11-off', 'b13-off', 'b15-off', 'b17-off', 'b19-off'] stall_medians=[85.3, 85.2, 85.4, 84.9, 85.2] stall_cell_median=85.2 min=84.9 max=85.4 IQR=0.1 arm_p99s=[16.6, 16.6, 16.6, 16.6, 16.6] idle_p50s=[13.38, 13.38, 13.38, 13.37, 13.39] | request e2e N_runs=50 wall_median=115.4 p95=153.3 IQR=0.8
research/spill-a-20260919/pro-single-day28/box/reading-day25.log:DAY25 DOUBLE-PARK arm=off pooled N_boots=10 stall_cell_median=85.2 IQR=0.1 | request e2e N_runs=100 wall_median=115.4 IQR=0.8
research/spill-a-20260919/pro-single-day28/box/reading-day25.log:DAY25 DOUBLE-PARK stall order=o1 on_minus_off=-3.4 unc=0.1 -> isolated (on 81.8, off 85.2)
research/spill-a-20260919/pro-single-day28/box/reading-day25.log:DAY25 DOUBLE-PARK e2e order=o1 on_minus_off=+16.9 unc=3.3 -> isolated (on 132.3, off 115.4)
research/spill-a-20260919/pro-single-day28/box/reading-day25.log:DAY25 DOUBLE-PARK stall order=o2 on_minus_off=-3.4 unc=0.1 -> isolated (on 81.9, off 85.2)
research/spill-a-20260919/pro-single-day28/box/reading-day25.log:DAY25 DOUBLE-PARK e2e order=o2 on_minus_off=+16.9 unc=1.1 -> isolated (on 132.2, off 115.4)
research/spill-a-20260919/pro-single-day28/box/reading-day26.log:DAY26 DOUBLE-PARK ADMISSIBLE all_receipts=True
research/spill-a-20260919/pro-single-day28/box/reading-day26.log:DAY26 CLAUSE 2 e2e order=o1 on_median=132.3 off_median=115.4 on_minus_off=+16.9 unc=3.3 expected=+15.8 (day 25: +105.85 minus 90.1) |d-expected|=1.1 -> PASS
research/spill-a-20260919/pro-single-day28/box/reading-day26.log:DAY26 CLAUSE 3 stall order=o1 on_stall_medians=[81.8, 81.8, 81.9, 81.8, 81.7] on_cell_median=81.8 IQR=0.0 off_cell_median=85.2 on_minus_off=-3.4 unc=0.1 -> isolated | against day 25's 149.4 (IQR 0.1): -67.6 -> FINDING (moved, reported with the decomposition, not tuned)
research/spill-a-20260919/pro-single-day28/box/reading-day26.log:DAY26 CLAUSE 2 e2e order=o2 on_median=132.2 off_median=115.4 on_minus_off=+16.9 unc=1.1 expected=+15.8 (day 25: +105.85 minus 90.1) |d-expected|=1.1 -> FAIL
research/spill-a-20260919/pro-single-day28/box/reading-day26.log:DAY26 CLAUSE 3 stall order=o2 on_stall_medians=[81.9, 81.9, 81.9, 81.8, 81.8] on_cell_median=81.9 IQR=0.0 off_cell_median=85.2 on_minus_off=-3.4 unc=0.1 -> isolated | against day 25's 149.4 (IQR 0.1): -67.5 -> FINDING (moved, reported with the decomposition, not tuned)
research/spill-a-20260919/pro-single-day28/box/reading-day26.log:DAY26 DECOMPOSITION arm=on N_runs=100 parked_per_run=[1] restore_readmission=[] promote_completion median=19.6 promote_in median=26.1 demote_completion median=nan demote_in median=183.9 demote_in-completion median=nan idle_p50(tick)=13.47 | tenant top gaps: largest median=95.3 second median=19.0 sum median=114.3
research/spill-a-20260919/pro-single-day28/box/reading-day26.log:DAY26 DECOMPOSITION arm=off N_runs=100 parked_per_run=[0] promote_in median=10.6 demote_in median=6.2 | tenant top gaps: largest median=98.6 second median=16.6
research/spill-a-20260919/pro-single-day29/box/reading-day26.log:DAY26 DOUBLE-PARK ADMISSIBLE all_receipts=True
research/spill-a-20260919/pro-single-day29/box/reading-day26.log:DAY26 CLAUSE 2 e2e order=o1 on_median=132.3 off_median=115.5 on_minus_off=+16.8 unc=1.8 expected=+15.8 (day 25: +105.85 minus 90.1) |d-expected|=1.0 -> PASS
research/spill-a-20260919/pro-single-day29/box/reading-day26.log:DAY26 CLAUSE 3 stall order=o1 on_stall_medians=[81.9, 81.7, 81.7, 81.7, 81.7] on_cell_median=81.7 IQR=0.0 off_cell_median=85.4 on_minus_off=-3.6 unc=0.1 -> isolated | against day 25's 149.4 (IQR 0.1): -67.7 -> FINDING (moved, reported with the decomposition, not tuned)
research/spill-a-20260919/pro-single-day29/box/reading-day26.log:DAY26 CLAUSE 2 e2e order=o2 on_median=132.2 off_median=115.3 on_minus_off=+16.9 unc=2.7 expected=+15.8 (day 25: +105.85 minus 90.1) |d-expected|=1.1 -> PASS
research/spill-a-20260919/pro-single-day29/box/reading-day26.log:DAY26 CLAUSE 3 stall order=o2 on_stall_medians=[81.8, 82.0, 81.8, 81.9, 81.8] on_cell_median=81.8 IQR=0.1 off_cell_median=85.1 on_minus_off=-3.3 unc=0.1 -> isolated | against day 25's 149.4 (IQR 0.1): -67.6 -> FINDING (moved, reported with the decomposition, not tuned)
research/spill-a-20260919/pro-single-day29/box/reading-day26.log:DAY26 DECOMPOSITION arm=on N_runs=100 parked_per_run=[1] restore_readmission=[] promote_completion median=19.5 promote_in median=26.0 demote_completion median=nan demote_in median=183.9 demote_in-completion median=nan idle_p50(tick)=13.47 | tenant top gaps: largest median=95.3 second median=18.9 sum median=114.2
research/spill-a-20260919/pro-single-day29/box/reading-day26.log:DAY26 DECOMPOSITION arm=off N_runs=100 parked_per_run=[0] promote_in median=10.7 demote_in median=6.2 | tenant top gaps: largest median=98.6 second median=16.7
research/spill-a-20260919/pro-single-day29/box/reading-day25.log:ADMISSIBLE all_receipts=True
research/spill-a-20260919/pro-single-day29/box/reading-day25.log:DAY25 DOUBLE-PARK arm=on order=o1 N_boots=5 boots=['b01-on', 'b03-on', 'b05-on', 'b07-on', 'b09-on'] stall_medians=[81.9, 81.7, 81.7, 81.7, 81.7] stall_cell_median=81.7 min=81.7 max=81.9 IQR=0.0 arm_p99s=[19.5, 18.8, 19.0, 18.9, 18.9] idle_p50s=[13.53, 13.47, 13.47, 13.46, 13.47] | request e2e N_runs=50 wall_median=132.3 p95=172.0 IQR=1.6
research/spill-a-20260919/pro-single-day29/box/reading-day25.log:DAY25 DOUBLE-PARK arm=on order=o2 N_boots=5 boots=['b12-on', 'b14-on', 'b16-on', 'b18-on', 'b20-on'] stall_medians=[81.8, 82.0, 81.8, 81.9, 81.8] stall_cell_median=81.8 min=81.8 max=82.0 IQR=0.1 arm_p99s=[18.9, 18.9, 18.7, 18.8, 18.8] idle_p50s=[13.47, 13.48, 13.48, 13.48, 13.48] | request e2e N_runs=50 wall_median=132.2 p95=170.8 IQR=2.6
research/spill-a-20260919/pro-single-day29/box/reading-day25.log:DAY25 DOUBLE-PARK arm=on pooled N_boots=10 stall_cell_median=81.8 IQR=0.1 | request e2e N_runs=100 wall_median=132.2 IQR=2.1
research/spill-a-20260919/pro-single-day29/box/reading-day25.log:DAY25 DOUBLE-PARK arm=off order=o1 N_boots=5 boots=['b02-off', 'b04-off', 'b06-off', 'b08-off', 'b10-off'] stall_medians=[85.2, 85.4, 85.3, 85.4, 85.4] stall_cell_median=85.4 min=85.2 max=85.4 IQR=0.1 arm_p99s=[16.6, 16.7, 16.7, 16.6, 16.6] idle_p50s=[13.38, 13.38, 13.38, 13.38, 13.38] | request e2e N_runs=50 wall_median=115.5 p95=153.3 IQR=0.8
research/spill-a-20260919/pro-single-day29/box/reading-day25.log:DAY25 DOUBLE-PARK arm=off order=o2 N_boots=5 boots=['b11-off', 'b13-off', 'b15-off', 'b17-off', 'b19-off'] stall_medians=[85.1, 85.2, 85.1, 85.6, 85.1] stall_cell_median=85.1 min=85.1 max=85.6 IQR=0.1 arm_p99s=[16.6, 16.6, 16.6, 16.6, 16.6] idle_p50s=[13.38, 13.36, 13.38, 13.36, 13.38] | request e2e N_runs=50 wall_median=115.3 p95=153.3 IQR=0.9
research/spill-a-20260919/pro-single-day29/box/reading-day25.log:DAY25 DOUBLE-PARK arm=off pooled N_boots=10 stall_cell_median=85.2 IQR=0.2 | request e2e N_runs=100 wall_median=115.4 IQR=0.8
research/spill-a-20260919/pro-single-day29/box/reading-day25.log:DAY25 DOUBLE-PARK stall order=o1 on_minus_off=-3.6 unc=0.1 -> isolated (on 81.7, off 85.4)
research/spill-a-20260919/pro-single-day29/box/reading-day25.log:DAY25 DOUBLE-PARK e2e order=o1 on_minus_off=+16.8 unc=1.8 -> isolated (on 132.3, off 115.5)
research/spill-a-20260919/pro-single-day29/box/reading-day25.log:DAY25 DOUBLE-PARK stall order=o2 on_minus_off=-3.3 unc=0.1 -> isolated (on 81.8, off 85.1)
research/spill-a-20260919/pro-single-day29/box/reading-day25.log:DAY25 DOUBLE-PARK e2e order=o2 on_minus_off=+16.9 unc=2.7 -> isolated (on 132.2, off 115.3)
