build pdl 7f9743eba SERVER_EXIT=0 ENGINE_EXIT=0  server f3a699d7247d3e34
long-304 pdl=0 rc=0 [load] programmatic dependent launch on the decode chain: false [load] lane-8 peer byte-integrity probe PASS: 1 boundaries, 10 copies, ladder [16384, 65536, 524288, 1048576, 67108864] bytes, 351.5ms PROGRAM_SHA256 fbce1a0492d69635dd1df532f278a40629363369d8541b48c4b132cf5c5a0d0f (every step's token, logits bits hash and digests) PASS: 304 steps from position 400 to 704 bit-identical to eager (token and logits every step, cache and hidden digests every step), 304 of them replayed; tokens_sha256=112c2fc66fe1f76029c4ff1a8ce3446a 
long-304 pdl=1 rc=0 [load] programmatic dependent launch on the decode chain: true [load] lane-8 peer byte-integrity probe PASS: 1 boundaries, 10 copies, ladder [16384, 65536, 524288, 1048576, 67108864] bytes, 352.6ms PROGRAM_SHA256 fbce1a0492d69635dd1df532f278a40629363369d8541b48c4b132cf5c5a0d0f (every step's token, logits bits hash and digests) PASS: 304 steps from position 400 to 704 bit-identical to eager (token and logits every step, cache and hidden digests every step), 304 of them replayed; tokens_sha256=112c2fc66fe1f76029c4ff1a8ce3446a 
rows-tpep rc=0 [load] programmatic dependent launch on the decode chain: true [load] lane-8 peer byte-integrity probe PASS: 1 boundaries, 10 copies, ladder [16384, 65536, 524288, 1048576, 67108864] bytes, 348.2ms PASS: every row bit-identical to its solo step across join, leave and row moves PASS: replayed, then 8 B-row steps beside a peer while armed, then replayed again: bit-identical to solo steps PASS: B-row graph steps bit-identical to solo steps across join, leave and row moves (5 captures, 28 graph steps) PASS: sampled B-row graph draws equal the eager B-row draws (24 steps x 4 rows) 
split rc=0 [load] programmatic dependent launch on the decode chain: true [load] lane-8 peer byte-integrity probe PASS: 1 boundaries, 10 copies, ladder [16384, 65536, 524288, 1048576, 67108864] bytes, 351.6ms PASS: chunked prefill of 3000 tokens bit-identical, split against replicated PASS: 300 eager steps bit-identical, split against replicated PASS: 300 full-token replay steps on the split state bit-identical to replicated eager PASS: park, restore and 50 more steps bit-identical, split against replicated PASS: position-split C4 store bit-identical to the replicated program 
dspark-tpep 62b368f10f1becea d404da5fe101077f d404da5fe101077f  | verdict (c) batched==sequential: 14 cells, 77 logit rows, 3206 cache-class comparisons — ALL BIT-IDENTICAL verdict (d) accepted-position ring writes: 3 ring classes compared, 0 mismatching GPU DSPARK GATE [PASS] GATE_DONE rc=0 utc=2026-09-26T11:01:05Z 
serve r1 Pn rc=0 CELL greedy-c1 c=1 ok=8/8 agg=69.88 tok/s decode_p50=72.78 tok/s ttft_p50=171 ms tpot_p50=13.74 ms errs=[] CELL sampled-c1 c=1 ok=8/8 agg=70.85 tok/s decode_p50=73.91 tok/s ttft_p50=165 ms tpot_p50=13.53 ms errs=[] CELL greedy-c2 c=2 ok=8/8 agg=97.17 tok/s decode_p50=50.88 tok/s ttft_p50=252 ms tpot_p50=19.65 ms errs=[] CELL greedy-c4 c=4 ok=8/8 agg=127.52 tok/s decode_p50=33.76 tok/s ttft_p50=443 ms tpot_p50=29.62 ms errs=[] CELL greedy-c2-2k c=2 ok=8/8 agg=17.46 tok/s decode_p50=40.98 tok/s ttft_p50=11523 ms tpot_p50=24.40 ms errs=[] 
serve r2 Pf rc=0 CELL greedy-c1 c=1 ok=8/8 agg=67.40 tok/s decode_p50=70.16 tok/s ttft_p50=176 ms tpot_p50=14.25 ms errs=[] CELL sampled-c1 c=1 ok=8/8 agg=68.32 tok/s decode_p50=71.32 tok/s ttft_p50=171 ms tpot_p50=14.02 ms errs=[] CELL greedy-c2 c=2 ok=8/8 agg=92.84 tok/s decode_p50=48.62 tok/s ttft_p50=265 ms tpot_p50=20.57 ms errs=[] CELL greedy-c4 c=4 ok=8/8 agg=123.01 tok/s decode_p50=32.46 tok/s ttft_p50=471 ms tpot_p50=30.81 ms errs=[] CELL greedy-c2-2k c=2 ok=8/8 agg=16.87 tok/s decode_p50=41.53 tok/s ttft_p50=12090 ms tpot_p50=24.08 ms errs=[] 
