  off-r0-A4630-greedy: ttfd=7.485 wall=8.726 ptok=4614 pf_tok_s=616.4 dec_ms=40.03 first='</think>{"file_path": "/' err=None
  off-r0-C6470-greedy: ttfd=9.583 wall=10.812 ptok=6455 pf_tok_s=673.6 dec_ms=39.65 first=' The wiki has a Muon opt' err=None
  off-r0-A4630-sampled: ttfd=6.731 wall=7.968 ptok=4614 pf_tok_s=685.5 dec_ms=39.9 first=" Then I'll continue with" err=None
  off-r0-WARM-decode: ttfd=0.669 wall=4.861 ptok=415 pf_tok_s=620.3 dec_ms=33.01 first=" What's done, what's in " err=None
# boot off r0 census: 0 engaged, 0 dispatch-lines, 0 decline, 0 engine-errors
  on-r0-A4630-greedy: ttfd=2.807 wall=4.061 ptok=4614 pf_tok_s=1643.7 dec_ms=40.45 first='</think>{"file_path": "/' err=None
  on-r0-C6470-greedy: ttfd=2.984 wall=4.209 ptok=6455 pf_tok_s=2163.2 dec_ms=39.52 first=' The wiki has a Muon opt' err=None
  on-r0-A4630-sampled: ttfd=2.425 wall=3.66 ptok=4614 pf_tok_s=1902.7 dec_ms=39.84 first=' Did you complete everyt' err=None
  on-r0-WARM-decode: ttfd=0.455 wall=4.643 ptok=415 pf_tok_s=912.1 dec_ms=32.98 first='</think>**Work summary:*' err=None
# boot on r0 census: 1 engaged, 1 dispatch-lines, 0 decline, 0 engine-errors
  off-r1-A4630-greedy: ttfd=7.358 wall=8.596 ptok=4614 pf_tok_s=627.1 dec_ms=39.94 first='</think>{"file_path": "/' err=None
  off-r1-C6470-greedy: ttfd=9.524 wall=10.748 ptok=6455 pf_tok_s=677.8 dec_ms=39.48 first=' The wiki has a Muon opt' err=None
  off-r1-A4630-sampled: ttfd=6.762 wall=7.993 ptok=4614 pf_tok_s=682.3 dec_ms=39.71 first='</think>Two of the four ' err=None
  off-r1-WARM-decode: ttfd=0.668 wall=4.849 ptok=415 pf_tok_s=621.3 dec_ms=32.92 first=" What's done, what's in " err=None
# boot off r1 census: 0 engaged, 0 dispatch-lines, 0 decline, 0 engine-errors
  on-r1-A4630-greedy: ttfd=2.788 wall=4.024 ptok=4614 pf_tok_s=1654.9 dec_ms=39.87 first='</think>{"file_path": "/' err=None
  on-r1-C6470-greedy: ttfd=2.984 wall=4.208 ptok=6455 pf_tok_s=2163.2 dec_ms=39.48 first=' The wiki has a Muon opt' err=None
  on-r1-A4630-sampled: ttfd=2.192 wall=3.428 ptok=4614 pf_tok_s=2104.9 dec_ms=39.87 first=' NO new tool calls.\n\nAbo' err=None
  on-r1-WARM-decode: ttfd=0.455 wall=4.635 ptok=415 pf_tok_s=912.1 dec_ms=32.91 first='</think>**Work summary:*' err=None
# boot on r1 census: 1 engaged, 1 dispatch-lines, 0 decline, 0 engine-errors
  off-r2-A4630-greedy: ttfd=7.449 wall=8.868 ptok=4614 pf_tok_s=619.4 dec_ms=45.77 first='</think>{"file_path": "/' err=None
  off-r2-C6470-greedy: ttfd=9.571 wall=10.802 ptok=6455 pf_tok_s=674.4 dec_ms=39.71 first=' The wiki has a Muon opt' err=None
  off-r2-A4630-sampled: ttfd=6.709 wall=7.95 ptok=4614 pf_tok_s=687.7 dec_ms=40.03 first=' Then stop.\n\nI read both' err=None
  off-r2-WARM-decode: ttfd=0.67 wall=4.907 ptok=415 pf_tok_s=619.4 dec_ms=33.36 first=" What's done, what's in " err=None
# boot off r2 census: 0 engaged, 0 dispatch-lines, 0 decline, 0 engine-errors
  on-r2-A4630-greedy: ttfd=2.832 wall=4.081 ptok=4614 pf_tok_s=1629.2 dec_ms=40.29 first='</think>{"file_path": "/' err=None
  on-r2-C6470-greedy: ttfd=2.988 wall=4.215 ptok=6455 pf_tok_s=2160.3 dec_ms=39.58 first=' The wiki has a Muon opt' err=None
  on-r2-A4630-sampled: ttfd=2.197 wall=3.431 ptok=4614 pf_tok_s=2100.1 dec_ms=39.81 first=' What has been done so f' err=None
  on-r2-WARM-decode: ttfd=0.455 wall=4.639 ptok=415 pf_tok_s=912.1 dec_ms=32.94 first='</think>**Work summary:*' err=None
# boot on r2 census: 1 engaged, 1 dispatch-lines, 0 decline, 0 engine-errors
  off-r3-A4630-greedy: ttfd=7.418 wall=8.668 ptok=4614 pf_tok_s=622.0 dec_ms=40.32 first='</think>{"file_path": "/' err=None
  off-r3-C6470-greedy: ttfd=9.563 wall=10.8 ptok=6455 pf_tok_s=675.0 dec_ms=39.9 first=' The wiki has a Muon opt' err=None
  off-r3-A4630-sampled: ttfd=6.74 wall=7.988 ptok=4614 pf_tok_s=684.6 dec_ms=40.26 first=' Then list every file to' err=None
  off-r3-WARM-decode: ttfd=0.669 wall=4.941 ptok=415 pf_tok_s=620.3 dec_ms=33.64 first=" What's done, what's in " err=None
# boot off r3 census: 0 engaged, 0 dispatch-lines, 0 decline, 0 engine-errors
  on-r3-A4630-greedy: ttfd=2.999 wall=4.239 ptok=4614 pf_tok_s=1538.5 dec_ms=40.0 first='</think>{"file_path": "/' err=None
  on-r3-C6470-greedy: ttfd=2.991 wall=4.23 ptok=6455 pf_tok_s=2158.1 dec_ms=39.97 first=' The wiki has a Muon opt' err=None
  on-r3-A4630-sampled: ttfd=2.242 wall=3.48 ptok=4614 pf_tok_s=2058.0 dec_ms=39.94 first=' Only report completed w' err=None
  on-r3-WARM-decode: ttfd=0.458 wall=4.663 ptok=415 pf_tok_s=906.1 dec_ms=33.11 first='</think>**Work summary:*' err=None
# boot on r3 census: 1 engaged, 1 dispatch-lines, 0 decline, 0 engine-errors
  off-r4-A4630-greedy: ttfd=7.646 wall=8.885 ptok=4614 pf_tok_s=603.5 dec_ms=39.97 first='</think>{"file_path": "/' err=None
  off-r4-C6470-greedy: ttfd=9.571 wall=10.799 ptok=6455 pf_tok_s=674.4 dec_ms=39.61 first=' The wiki has a Muon opt' err=None
  off-r4-A4630-sampled: ttfd=6.691 wall=7.926 ptok=4614 pf_tok_s=689.6 dec_ms=39.84 first=' Edit MGW\n\nNo other sour' err=None
  off-r4-WARM-decode: ttfd=0.669 wall=4.871 ptok=415 pf_tok_s=620.3 dec_ms=33.09 first=" What's done, what's in " err=None
# boot off r4 census: 0 engaged, 0 dispatch-lines, 0 decline, 0 engine-errors
  on-r4-A4630-greedy: ttfd=2.913 wall=4.153 ptok=4614 pf_tok_s=1583.9 dec_ms=40.0 first='</think>{"file_path": "/' err=None
  on-r4-C6470-greedy: ttfd=2.986 wall=4.216 ptok=6455 pf_tok_s=2161.8 dec_ms=39.68 first=' The wiki has a Muon opt' err=None
  on-r4-A4630-sampled: ttfd=2.195 wall=3.435 ptok=4614 pf_tok_s=2102.1 dec_ms=40.0 first=' Then read the remaining' err=None
  on-r4-WARM-decode: ttfd=0.458 wall=4.683 ptok=415 pf_tok_s=906.1 dec_ms=33.27 first='</think>**Work summary:*' err=None
# boot on r4 census: 1 engaged, 1 dispatch-lines, 0 decline, 0 engine-errors
######################################################################
# A/B DONE rounds=5 violations=0 flips=0
