[server] build: memra-0.138.0-2cbe28d5e4f9 (id: source-tree, git: d1be338414f9)
[server] starting; models config = [("dsv4f", "/data/dsv4f/nvfp4", None)]
[gpu-watch] Xid source: journalctl -k -f (/dev/kmsg unreadable — kernel.dmesg_restrict)
[worker-affinity] off (MEMRA_WORKER_CPUSET / MEMRA_WORKER_AFFINITY unset or =0)
[gpu-watch] on: every 60s, probe deadline 10s, fatal after 3 consecutive misses (MEMRA_GPU_PROBE_MISSES), fatal Xid [48, 64, 79, 94, 95, 119, 120]
[worker] Engine ready (device=0, MEMRA_FAST=true)
[spec-gate] policy placement=single-or-non-pp2 LOW=2 HIGH=4 source=placement-default spec-admission=on
[spec-k] automatic table: prompt<1024 -> K=3; cold-long -> K=3; prompt>= 1024 and cached>= 1024 -> K=2 (K=5 when the loaded MTP head is rank-trimmed)
[worker] loading model "dsv4f" <- /data/dsv4f/nvfp4
[load] plain sampler: Host
[load] sampled candidate order: Radix
[load] placement: split_at=22 trunk_layers=43 dspark_tail_reserve=0.00 GiB
[load] expert arm: Native | decode path: Device { host_math: false } | dots arm: f32x (dots + sink/norm/indexer chains)
[load] topology: TpEpAllLayers | layers=43 per-rank-resident=all
[load] indexer score: Knee
[load] prefill head: All
[load] prefill DSpark prime: All
[load] sampled DSpark proposal: Greedy
[load] prefill MoE: reference
[load] dspark exit-head dots arm: f32x (rung-4c fork; drafts only, never the emitted stream)
[load] dspark selected-expert dispatch: per-expert reference
[load] dense arm: fp8 (iteration-5; fp8 = FP8-blk linears as-stored on the device decode/verify paths, bit-identical twins)
[load] lane-8 peer byte-integrity probe PASS: 1 boundaries, 10 copies, ladder [16384, 65536, 524288, 1048576, 67108864] bytes, 475.5ms
[load] lane-8 peer transport enabled (1 boundaries)
[load] layer 3 -> 2 rank copies done t=21s
[load] layer 7 -> 2 rank copies done t=42s
[load] layer 11 -> 2 rank copies done t=63s
[load] layer 15 -> 2 rank copies done t=84s
[load] layer 19 -> 2 rank copies done t=105s
[load] layer 23 -> 2 rank copies done t=126s
[load] layer 27 -> 2 rank copies done t=147s
[load] layer 31 -> 2 rank copies done t=168s
[load] layer 35 -> 2 rank copies done t=189s
[load] layer 39 -> 2 rank copies done t=210s
[load] layer 42 -> 2 rank copies done t=226s
[load] drafter: 3 DSpark block(s) (mtp.0.e_proj absent) — GPU drafter path off (set MEMRA_DSV4_DRAFTER=dspark); trunk-only
[TP/EP load] local expert banks resident by ID: rank0=0..128, rank1=128..256; peer dispatch disabled
[load] expert program: matrix (grouped ModelOpt split-plane executor via dsv4_grouped; tensor-core MMA class, the loaded default since 2026-09-11), EP pair (all-layer TP/EP local banks)
[attention-TP2] packed rank-local Q_b/wo_a/wo_b rows: heads=32 groups=4 wo_b_rows=2048 full_planes_freed=8.06 GiB numeric_class=dsv4_attention_head_split_row_gather_exact
[dsv4-doors] program=loaded door="replay cadence" env=MEMRA_DSV4_REPLAY_CADENCE merged=#374 declared_default=On resolved=NoServingCaller("full-token replay is armed per request by a gate binary only; no serving or eager request arms it, so the cadence choice has no caller") disposition=ReclassifyAsGateInput
[dsv4-doors] program=loaded door="dense exact-tail transport" env=MEMRA_DSV4_DENSE_EXACT_TAIL merged=#374 declared_default=On resolved=On(DecodeOnlyM1) disposition=Engaged
[dsv4-doors] program=loaded door="dense-fast" env=MEMRA_DSV4_DENSE_FAST merged=#404 declared_default=On resolved=On(DecodeOnlyM1) disposition=Engaged
[dsv4-doors] program=loaded door="HC dot split S16" env=MEMRA_DSV4_HC_DOT_SPLIT merged=#418 declared_default=On resolved=On(AllRoutedShapes) disposition=Engaged
[dsv4-serve] dsv4f: topology Some("tp_ep_attn") (tp_ep=true, attention_tp=true), measurement branch
[dsv4-serve] dsv4f: loaded on devices [0, 1], contract RefFp8Round, max_seq 1048576, drafter absent (plain only), parked-host-cache OFF (MEMRA_DSV4_KV_HOST_MB=0), chunked-prefill 512 tokens, active-C4-host-budget 0 bytes (0=OFF; separate from parked cache)
[dsv4-serve] dsv4f: 1 serving lane(s) (MEMRA_DSV4_SESSIONS)
[admit-mem] route=dsv4-thread model="dsv4f" calibrated fixed_plain=0:4529970120,1:4529970120 fixed_spec=0:4529970120,1:4529970120 ceiling=0:15981502624,1:16015057056 defer_budget_ms=8000
[route-contract] model="dsv4f" route=dsv4-thread capacity=serial implemented=[capacity,occupancy,progress,fault-ownership,shutdown-ownership,memory-cost,service-metrics] refused=[rewrite-qualification: the route consumes no MEMRA_REWRITE_BUNDLE and none of its programs is a plan rewrite (memra#449); prime-fairness: no worker Session exists for a dsv4 request; the prime is one synchronous chunked call on the serving thread (memra#535 P4)]
[prefix-cache] WARNING: derived budget is 0 B after the boot free-VRAM reserve clamp; prefix caching disabled
[admit-mem] door=OFF open_output_tokens=8192 defer_budget_ms=8000 (admission charges prompt+output, the reclaim flush demotes to the host tier before dropping, and a memory defer past the budget refuses 429 instead of queueing past the client's deadline)
[server] worker ready; serving models: ["dsv4f"]
[server] listening on http://127.0.0.1:43605
[meter] admit id=chatcmpl-e3ce2481b9f2c9165816e63ae96c9a73 tenant=default lane=interactive model="dsv4f"
[admit-mem] id=chatcmpl-e3ce2481b9f2c9165816e63ae96c9a73 model="dsv4f" route=dsv4-thread verdict=admit capacity=71 spec=false need=0:4599451080,1:4599451080 ceiling=0:15981502624,1:16015057056 host_need=0 short=- waited_ms=0 reclaimed=0 retry_after_s=-
[moe-sk-form] dev=0 qt=108 sms=188 occ128=1 occ32=7 occt=3 cross=2147483647 xcross=2147483647 bdb=0 in_f=4096 out_f=2048 n_active=128 max_m=228
[meter] admit id=chatcmpl-3679c3671a8826b1919274c7102b7d73 tenant=default lane=interactive model="dsv4f"
[admit-mem] id=chatcmpl-3679c3671a8826b1919274c7102b7d73 model="dsv4f" route=dsv4-thread verdict=admit capacity=295 spec=false need=0:4602543560,1:4602543560 ceiling=0:15981502624,1:16015057056 host_need=0 short=- waited_ms=0 reclaimed=0 retry_after_s=-
[meter] admit id=chatcmpl-407807b70446086cff758b5b8ae431d3 tenant=default lane=interactive model="dsv4f"
[admit-mem] id=chatcmpl-407807b70446086cff758b5b8ae431d3 model="dsv4f" route=dsv4-thread verdict=admit capacity=293 spec=false need=0:4602543560,1:4602543560 ceiling=0:15981502624,1:16015057056 host_need=0 short=- waited_ms=0 reclaimed=0 retry_after_s=-
[meter] admit id=chatcmpl-d8695afc51618f679b786eab406422bd tenant=default lane=interactive model="dsv4f"
[admit-mem] id=chatcmpl-d8695afc51618f679b786eab406422bd model="dsv4f" route=dsv4-thread verdict=admit capacity=295 spec=false need=0:4602543560,1:4602543560 ceiling=0:15981502624,1:16015057056 host_need=0 short=- waited_ms=0 reclaimed=0 retry_after_s=-
[meter] admit id=chatcmpl-4a025ae8ff80601cb041d5430ecafbf6 tenant=default lane=interactive model="dsv4f"
[admit-mem] id=chatcmpl-4a025ae8ff80601cb041d5430ecafbf6 model="dsv4f" route=dsv4-thread verdict=admit capacity=294 spec=false need=0:4602543560,1:4602543560 ceiling=0:15981502624,1:16015057056 host_need=0 short=- waited_ms=0 reclaimed=0 retry_after_s=-
[meter] admit id=chatcmpl-07853dfc8e8614c5e991ba99bbf67609 tenant=default lane=interactive model="dsv4f"
[admit-mem] id=chatcmpl-07853dfc8e8614c5e991ba99bbf67609 model="dsv4f" route=dsv4-thread verdict=admit capacity=290 spec=false need=0:4602489800,1:4602489800 ceiling=0:15981502624,1:16015057056 host_need=0 short=- waited_ms=0 reclaimed=0 retry_after_s=-
[meter] admit id=chatcmpl-e2ce340df2da2cb5f9ded9d309f317b5 tenant=default lane=interactive model="dsv4f"
[admit-mem] id=chatcmpl-e2ce340df2da2cb5f9ded9d309f317b5 model="dsv4f" route=dsv4-thread verdict=admit capacity=293 spec=false need=0:4602543560,1:4602543560 ceiling=0:15981502624,1:16015057056 host_need=0 short=- waited_ms=0 reclaimed=0 retry_after_s=-
[meter] admit id=chatcmpl-ca29efb3e7c7b0a1284df3ea26f851c3 tenant=default lane=interactive model="dsv4f"
[admit-mem] id=chatcmpl-ca29efb3e7c7b0a1284df3ea26f851c3 model="dsv4f" route=dsv4-thread verdict=admit capacity=296 spec=false need=0:4602597320,1:4602597320 ceiling=0:15981502624,1:16015057056 host_need=0 short=- waited_ms=0 reclaimed=0 retry_after_s=-
[meter] admit id=chatcmpl-284a3a1c785ac022af868ba197ec6061 tenant=default lane=interactive model="dsv4f"
[admit-mem] id=chatcmpl-284a3a1c785ac022af868ba197ec6061 model="dsv4f" route=dsv4-thread verdict=admit capacity=290 spec=false need=0:4602489800,1:4602489800 ceiling=0:15981502624,1:16015057056 host_need=0 short=- waited_ms=0 reclaimed=0 retry_after_s=-
[meter] admit id=chatcmpl-6f630d22c86c77de2e998b231cfec26a tenant=default lane=interactive model="dsv4f"
[admit-mem] id=chatcmpl-6f630d22c86c77de2e998b231cfec26a model="dsv4f" route=dsv4-thread verdict=admit capacity=295 spec=false need=0:4602543560,1:4602543560 ceiling=0:15981502624,1:16015057056 host_need=0 short=- waited_ms=0 reclaimed=0 retry_after_s=-
[meter] admit id=chatcmpl-7b1ddcf2bb65b8afb8e53654eaf544a0 tenant=default lane=interactive model="dsv4f"
[admit-mem] id=chatcmpl-7b1ddcf2bb65b8afb8e53654eaf544a0 model="dsv4f" route=dsv4-thread verdict=admit capacity=293 spec=false need=0:4602543560,1:4602543560 ceiling=0:15981502624,1:16015057056 host_need=0 short=- waited_ms=0 reclaimed=0 retry_after_s=-
[meter] admit id=chatcmpl-55ff50fb9f63e6e123989c3fdd16a6db tenant=default lane=interactive model="dsv4f"
[admit-mem] id=chatcmpl-55ff50fb9f63e6e123989c3fdd16a6db model="dsv4f" route=dsv4-thread verdict=admit capacity=295 spec=false need=0:4602543560,1:4602543560 ceiling=0:15981502624,1:16015057056 host_need=0 short=- waited_ms=0 reclaimed=0 retry_after_s=-
[meter] admit id=chatcmpl-740b212961c8a24a08dcbf8fdd07536a tenant=default lane=interactive model="dsv4f"
[admit-mem] id=chatcmpl-740b212961c8a24a08dcbf8fdd07536a model="dsv4f" route=dsv4-thread verdict=admit capacity=294 spec=false need=0:4602543560,1:4602543560 ceiling=0:15981502624,1:16015057056 host_need=0 short=- waited_ms=0 reclaimed=0 retry_after_s=-
[meter] admit id=chatcmpl-b6702ff794411c23c8b503ad19fda51d tenant=default lane=interactive model="dsv4f"
[admit-mem] id=chatcmpl-b6702ff794411c23c8b503ad19fda51d model="dsv4f" route=dsv4-thread verdict=admit capacity=290 spec=false need=0:4602489800,1:4602489800 ceiling=0:15981502624,1:16015057056 host_need=0 short=- waited_ms=0 reclaimed=0 retry_after_s=-
[meter] admit id=chatcmpl-16c3cf38f9d74d3514178d97744a5136 tenant=default lane=interactive model="dsv4f"
[admit-mem] id=chatcmpl-16c3cf38f9d74d3514178d97744a5136 model="dsv4f" route=dsv4-thread verdict=admit capacity=293 spec=false need=0:4602543560,1:4602543560 ceiling=0:15981502624,1:16015057056 host_need=0 short=- waited_ms=0 reclaimed=0 retry_after_s=-
[meter] admit id=chatcmpl-600e3d99611be58ab258a35585ef66a1 tenant=default lane=interactive model="dsv4f"
[admit-mem] id=chatcmpl-600e3d99611be58ab258a35585ef66a1 model="dsv4f" route=dsv4-thread verdict=admit capacity=296 spec=false need=0:4602597320,1:4602597320 ceiling=0:15981502624,1:16015057056 host_need=0 short=- waited_ms=0 reclaimed=0 retry_after_s=-
[meter] admit id=chatcmpl-5082e485438dcb4d1259ef6c52fddd7a tenant=default lane=interactive model="dsv4f"
[admit-mem] id=chatcmpl-5082e485438dcb4d1259ef6c52fddd7a model="dsv4f" route=dsv4-thread verdict=admit capacity=290 spec=false need=0:4602489800,1:4602489800 ceiling=0:15981502624,1:16015057056 host_need=0 short=- waited_ms=0 reclaimed=0 retry_after_s=-
[meter] admit id=chatcmpl-b99781b2a1ffd1692a5cd96e90a99e58 tenant=default lane=interactive model="dsv4f"
[admit-mem] id=chatcmpl-b99781b2a1ffd1692a5cd96e90a99e58 model="dsv4f" route=dsv4-thread verdict=admit capacity=295 spec=false need=0:4602543560,1:4602543560 ceiling=0:15981502624,1:16015057056 host_need=0 short=- waited_ms=0 reclaimed=0 retry_after_s=-
[meter] admit id=chatcmpl-093387325bdad9b55f42cb992ae2d9fc tenant=default lane=interactive model="dsv4f"
[admit-mem] id=chatcmpl-093387325bdad9b55f42cb992ae2d9fc model="dsv4f" route=dsv4-thread verdict=admit capacity=293 spec=false need=0:4602543560,1:4602543560 ceiling=0:15981502624,1:16015057056 host_need=0 short=- waited_ms=0 reclaimed=0 retry_after_s=-
[meter] admit id=chatcmpl-15103311bf810461e7a5c0af97455943 tenant=default lane=interactive model="dsv4f"
[admit-mem] id=chatcmpl-15103311bf810461e7a5c0af97455943 model="dsv4f" route=dsv4-thread verdict=admit capacity=295 spec=false need=0:4602543560,1:4602543560 ceiling=0:15981502624,1:16015057056 host_need=0 short=- waited_ms=0 reclaimed=0 retry_after_s=-
[meter] admit id=chatcmpl-40f0bdad388e9ae9b1d48760a00c35f7 tenant=default lane=interactive model="dsv4f"
[admit-mem] id=chatcmpl-40f0bdad388e9ae9b1d48760a00c35f7 model="dsv4f" route=dsv4-thread verdict=admit capacity=294 spec=false need=0:4602543560,1:4602543560 ceiling=0:15981502624,1:16015057056 host_need=0 short=- waited_ms=0 reclaimed=0 retry_after_s=-
[server] SIGTERM: draining (0 in flight, deadline 30s)
[server] drain complete in 0.0s; exiting
[server] GPU worker shutdown complete
