0e95bf16607f3b758e000041caf7794b8ecd4e584b7e8b6e0f76df70e102ee62  /root/spill-receipts/c-day15-review/bins/memra-server
== cell presubmit: MEMRA_KV_HOST_FAULT=contract-presubmit (one-shot) ==
  ok: presubmit: three completions served
  ok: presubmit: door ON with the transfer engine
  ok: presubmit: exactly one typed injected refusal, the producer fence
  ok: presubmit: the next demote completes with a D2H contract receipt after the refusal
  ok: presubmit: the next demote publishes
  ok: presubmit: the tier never latched off
  ok: presubmit: no entry was dropped as not whole (no quarantine)
  ok: presubmit: no ticket leaked (no Capacity refusal, no leaked wording)
  ok: presubmit: no host-tier refusal line beyond the injected one
== cell postpublish: MEMRA_KV_HOST_FAULT=contract-postpublish (one-shot) ==
  ok: postpublish: three completions served
  ok: postpublish: door ON with the transfer engine
  ok: postpublish: exactly one typed injected refusal, the receipt
  ok: postpublish: the next demote completes with a D2H contract receipt after the refusal
  ok: postpublish: the next demote publishes
  ok: postpublish: the tier never latched off
  ok: postpublish: no entry was dropped as not whole (no quarantine)
  ok: postpublish: no ticket leaked (no Capacity refusal, no leaked wording)
  ok: postpublish: no host-tier refusal line beyond the injected one
KV-HOST-CONTRACT-FAULT GATE: ALL GREEN
{
  "schema_version": 1,
  "kind": "subprocess-capture",
  "command": [
    "bash",
    "/root/spill-receipts/c-day15-review/faultgate-cell.sh",
    "3",
    "256"
  ],
  "exit_code": 0,
  "timed_out": false,
  "parse_error": null,
  "status": "executed-not-qualified",
  "gpu_power_limits": [
    {
      "device": "0",
      "power.limit": "600.00 W",
      "power.max_limit": "600.00 W"
    }
  ],
  "started_monotonic_ns": 72624975340730,
  "ended_monotonic_ns": 72660629266674,
  "started_utc": "2026-09-21T11:02:19.969198+00:00",
  "ended_utc": "2026-09-21T11:02:55.623126+00:00",
  "elapsed_seconds": 35.653925944,
  "timing_scope": "collector-with-snapshots-and-sampler",
  "storage": null,
  "raw_log": {
    "path": "command.log",
    "bytes": 1416,
    "sha256": "e80594de3018d016a908f7a03f5ccfd77a5c540ebd0550e35816310932af851c"
  },
  "failure_quote": null,
  "result": null,
  "gpu_telemetry": {
    "status": "captured-unvalidated",
    "interval_ms": 250,
    "command": [
      "/usr/bin/nvidia-smi",
      "--query-gpu=timestamp,index,pstate,clocks.sm,clocks.mem,power.draw,power.limit,power.max_limit,temperature.gpu,memory.used,utilization.gpu,pcie.link.gen.current,pcie.link.width.current",
      "--format=csv",
      "-lms",
      "250"
    ],
    "tier_counters": "not collected",
    "exit_code": 0,
    "raw_csv": {
      "path": "command.gpu.csv",
      "bytes": 15585,
      "sha256": "2f941f33767e82a44ebe30a5b07fc8c4cb6479fbed46c6519f66a25c698ba890"
    },
    "stderr": {
      "path": "command.sampler.log",
      "bytes": 0,
      "sha256": "e3b0c44298fc1c149afbf4c8996fb92427ae41e4649b934ca495991b7852b855"
    }
  },
  "compute_apps": {
    "before": {
      "exit_code": 0,
      "timed_out": false,
      "raw_log": {
        "path": "command.before.log",
        "bytes": 41,
        "sha256": "cae79969ce448872401f5d9bcd1d52bbefa1a5450cf3a5658f62f068ab59294b"
      }
    },
    "after": {
      "exit_code": 0,
      "timed_out": false,
      "raw_log": {
        "path": "command.after.log",
        "bytes": 41,
        "sha256": "cae79969ce448872401f5d9bcd1d52bbefa1a5450cf3a5658f62f068ab59294b"
      }
    }
  },
  "qualification": false,
  "lock_proof": {
    "path": "lock.json",
    "bytes": 180,
    "sha256": "ecfb2e89533c536cb8e9a07478e36938b8b03635b96a64333a8f2ef75f355c81"
  }
}
