build rg 88907ed28 SERVER_EXIT=0 ENGINE_EXIT=0  server b93aa8cbd96e8817
build main10 cf6b82db4 SERVER_EXIT=0 ENGINE_EXIT=0  server 52044cd837a7ef65
serve r1 Gd rc=0 CELL greedy-c1 c=1 ok=8/8 agg=77.10 tok/s decode_p50=80.57 tok/s ttft_p50=158 ms tpot_p50=12.41 ms errs=[] CELL greedy-c2 c=2 ok=8/8 agg=102.04 tok/s decode_p50=53.31 tok/s ttft_p50=238 ms tpot_p50=18.76 ms errs=[] CELL greedy-c4 c=4 ok=8/8 agg=101.99 tok/s decode_p50=53.44 tok/s ttft_p50=5219 ms tpot_p50=18.71 ms errs=[] CELL sampled-c2 c=2 ok=8/8 agg=101.68 tok/s decode_p50=53.23 tok/s ttft_p50=241 ms tpot_p50=18.79 ms errs=[] CELL greedy-c2-2k c=2 ok=8/8 agg=20.20 tok/s decode_p50=46.19 tok/s ttft_p50=9886 ms tpot_p50=21.65 ms errs=[]  notarmed=0 2 serving lane(s) [dsv4-serve] dsv4f: 2 serving lane(s) (default on the plain TP/EP program, sharing B-row steps; MEMRA_DSV4_SESSIONS=1 is the serial route) 
serve r2 Pp rc=0 CELL greedy-c1 c=1 ok=8/8 agg=65.48 tok/s decode_p50=68.48 tok/s ttft_p50=183 ms tpot_p50=14.60 ms errs=[] CELL greedy-c2 c=2 ok=8/8 agg=120.88 tok/s decode_p50=64.80 tok/s ttft_p50=297 ms tpot_p50=15.43 ms errs=[] CELL greedy-c4 c=4 ok=8/8 agg=120.60 tok/s decode_p50=64.82 tok/s ttft_p50=4473 ms tpot_p50=15.43 ms errs=[] CELL sampled-c2 c=2 ok=8/8 agg=107.13 tok/s decode_p50=57.02 tok/s ttft_p50=307 ms tpot_p50=17.54 ms errs=[] CELL greedy-c2-2k c=2 ok=8/8 agg=21.53 tok/s decode_p50=57.03 tok/s ttft_p50=9626 ms tpot_p50=17.53 ms errs=[]  notarmed=0 2 serving lane(s) 
serve r3 G4 rc=0 CELL greedy-c1 c=1 ok=8/8 agg=76.99 tok/s decode_p50=80.56 tok/s ttft_p50=162 ms tpot_p50=12.41 ms errs=[] CELL greedy-c2 c=2 ok=8/8 agg=102.04 tok/s decode_p50=53.31 tok/s ttft_p50=243 ms tpot_p50=18.76 ms errs=[] CELL greedy-c4 c=4 ok=8/8 agg=132.80 tok/s decode_p50=35.05 tok/s ttft_p50=424 ms tpot_p50=28.53 ms errs=[] CELL sampled-c2 c=2 ok=8/8 agg=101.58 tok/s decode_p50=53.20 tok/s ttft_p50=243 ms tpot_p50=18.80 ms errs=[] CELL greedy-c2-2k c=2 ok=8/8 agg=20.20 tok/s decode_p50=46.15 tok/s ttft_p50=9879 ms tpot_p50=21.67 ms errs=[]  notarmed=0 4 serving lane(s) 
serve r4 Mn rc=0 CELL greedy-c1 c=1 ok=8/8 agg=77.08 tok/s decode_p50=80.68 tok/s ttft_p50=160 ms tpot_p50=12.39 ms errs=[] CELL greedy-c2 c=2 ok=8/8 agg=76.86 tok/s decode_p50=80.48 tok/s ttft_p50=3490 ms tpot_p50=12.43 ms errs=[] CELL greedy-c4 c=4 ok=8/8 agg=76.71 tok/s decode_p50=80.46 tok/s ttft_p50=10145 ms tpot_p50=12.43 ms errs=[] CELL sampled-c2 c=2 ok=8/8 agg=76.42 tok/s decode_p50=80.01 tok/s ttft_p50=3507 ms tpot_p50=12.50 ms errs=[] CELL greedy-c2-2k c=2 ok=8/8 agg=18.97 tok/s decode_p50=75.62 tok/s ttft_p50=11818 ms tpot_p50=13.22 ms errs=[]  notarmed=0 1 serving lane(s) 
serve r5 Gd rc=0 CELL greedy-c1 c=1 ok=8/8 agg=77.12 tok/s decode_p50=80.61 tok/s ttft_p50=157 ms tpot_p50=12.41 ms errs=[] CELL greedy-c2 c=2 ok=8/8 agg=102.02 tok/s decode_p50=53.29 tok/s ttft_p50=241 ms tpot_p50=18.76 ms errs=[] CELL greedy-c4 c=4 ok=8/8 agg=102.42 tok/s decode_p50=53.66 tok/s ttft_p50=5203 ms tpot_p50=18.64 ms errs=[] CELL sampled-c2 c=2 ok=8/8 agg=101.85 tok/s decode_p50=53.36 tok/s ttft_p50=242 ms tpot_p50=18.74 ms errs=[] CELL greedy-c2-2k c=2 ok=8/8 agg=20.18 tok/s decode_p50=46.01 tok/s ttft_p50=9889 ms tpot_p50=21.73 ms errs=[]  notarmed=0 2 serving lane(s) [dsv4-serve] dsv4f: 2 serving lane(s) (default on the plain TP/EP program, sharing B-row steps; MEMRA_DSV4_SESSIONS=1 is the serial route) 
serve r6 Pp rc=0 CELL greedy-c1 c=1 ok=8/8 agg=65.47 tok/s decode_p50=68.49 tok/s ttft_p50=186 ms tpot_p50=14.60 ms errs=[] CELL greedy-c2 c=2 ok=8/8 agg=120.82 tok/s decode_p50=64.85 tok/s ttft_p50=306 ms tpot_p50=15.42 ms errs=[] CELL greedy-c4 c=4 ok=8/8 agg=120.58 tok/s decode_p50=64.77 tok/s ttft_p50=4464 ms tpot_p50=15.44 ms errs=[] CELL sampled-c2 c=2 ok=8/8 agg=107.29 tok/s decode_p50=57.08 tok/s ttft_p50=306 ms tpot_p50=17.52 ms errs=[] CELL greedy-c2-2k c=2 ok=8/8 agg=21.49 tok/s decode_p50=57.04 tok/s ttft_p50=9671 ms tpot_p50=17.53 ms errs=[]  notarmed=0 2 serving lane(s) 
serve r7 G4 rc=0 CELL greedy-c1 c=1 ok=8/8 agg=76.98 tok/s decode_p50=80.55 tok/s ttft_p50=162 ms tpot_p50=12.41 ms errs=[] CELL greedy-c2 c=2 ok=8/8 agg=102.03 tok/s decode_p50=53.33 tok/s ttft_p50=240 ms tpot_p50=18.75 ms errs=[] CELL greedy-c4 c=4 ok=8/8 agg=132.80 tok/s decode_p50=35.09 tok/s ttft_p50=419 ms tpot_p50=28.50 ms errs=[] CELL sampled-c2 c=2 ok=8/8 agg=101.42 tok/s decode_p50=53.14 tok/s ttft_p50=242 ms tpot_p50=18.82 ms errs=[] CELL greedy-c2-2k c=2 ok=8/8 agg=20.20 tok/s decode_p50=46.22 tok/s ttft_p50=9886 ms tpot_p50=21.63 ms errs=[]  notarmed=0 4 serving lane(s) 
serve r8 Mn rc=0 CELL greedy-c1 c=1 ok=8/8 agg=77.11 tok/s decode_p50=80.67 tok/s ttft_p50=158 ms tpot_p50=12.40 ms errs=[] CELL greedy-c2 c=2 ok=8/8 agg=76.86 tok/s decode_p50=80.49 tok/s ttft_p50=3490 ms tpot_p50=12.42 ms errs=[] CELL greedy-c4 c=4 ok=8/8 agg=76.74 tok/s decode_p50=80.46 tok/s ttft_p50=10140 ms tpot_p50=12.43 ms errs=[] CELL sampled-c2 c=2 ok=8/8 agg=76.43 tok/s decode_p50=80.02 tok/s ttft_p50=3507 ms tpot_p50=12.50 ms errs=[] CELL greedy-c2-2k c=2 ok=8/8 agg=18.97 tok/s decode_p50=75.67 tok/s ttft_p50=11814 ms tpot_p50=13.22 ms errs=[]  notarmed=0 1 serving lane(s) 
serve r9 Gd rc=0 CELL greedy-c1 c=1 ok=8/8 agg=77.03 tok/s decode_p50=80.60 tok/s ttft_p50=157 ms tpot_p50=12.41 ms errs=[] CELL greedy-c2 c=2 ok=8/8 agg=102.06 tok/s decode_p50=53.30 tok/s ttft_p50=238 ms tpot_p50=18.76 ms errs=[] CELL greedy-c4 c=4 ok=8/8 agg=102.18 tok/s decode_p50=53.57 tok/s ttft_p50=5208 ms tpot_p50=18.67 ms errs=[] CELL sampled-c2 c=2 ok=8/8 agg=101.37 tok/s decode_p50=53.10 tok/s ttft_p50=242 ms tpot_p50=18.83 ms errs=[] CELL greedy-c2-2k c=2 ok=8/8 agg=20.19 tok/s decode_p50=46.09 tok/s ttft_p50=9889 ms tpot_p50=21.70 ms errs=[]  notarmed=0 2 serving lane(s) [dsv4-serve] dsv4f: 2 serving lane(s) (default on the plain TP/EP program, sharing B-row steps; MEMRA_DSV4_SESSIONS=1 is the serial route) 
serve r10 Pp rc=124 CELL greedy-c1 c=1 ok=8/8 agg=65.46 tok/s decode_p50=68.49 tok/s ttft_p50=184 ms tpot_p50=14.60 ms errs=[]  notarmed=0 2 serving lane(s) 
serve r11 G4 rc=0 CELL greedy-c1 c=1 ok=8/8 agg=76.98 tok/s decode_p50=80.55 tok/s ttft_p50=162 ms tpot_p50=12.41 ms errs=[] CELL greedy-c2 c=2 ok=8/8 agg=101.98 tok/s decode_p50=53.28 tok/s ttft_p50=243 ms tpot_p50=18.77 ms errs=[] CELL greedy-c4 c=4 ok=8/8 agg=132.72 tok/s decode_p50=34.99 tok/s ttft_p50=417 ms tpot_p50=28.58 ms errs=[] CELL sampled-c2 c=2 ok=8/8 agg=101.47 tok/s decode_p50=53.15 tok/s ttft_p50=244 ms tpot_p50=18.81 ms errs=[] CELL greedy-c2-2k c=2 ok=8/8 agg=20.19 tok/s decode_p50=46.10 tok/s ttft_p50=9889 ms tpot_p50=21.69 ms errs=[]  notarmed=0 4 serving lane(s) 
serve r12 Mn rc=0 CELL greedy-c1 c=1 ok=8/8 agg=77.11 tok/s decode_p50=80.66 tok/s ttft_p50=158 ms tpot_p50=12.40 ms errs=[] CELL greedy-c2 c=2 ok=8/8 agg=76.85 tok/s decode_p50=80.46 tok/s ttft_p50=3490 ms tpot_p50=12.43 ms errs=[] CELL greedy-c4 c=4 ok=8/8 agg=76.76 tok/s decode_p50=80.44 tok/s ttft_p50=10139 ms tpot_p50=12.43 ms errs=[] CELL sampled-c2 c=2 ok=8/8 agg=76.41 tok/s decode_p50=80.03 tok/s ttft_p50=3509 ms tpot_p50=12.50 ms errs=[] CELL greedy-c2-2k c=2 ok=8/8 agg=18.97 tok/s decode_p50=75.67 tok/s ttft_p50=11820 ms tpot_p50=13.21 ms errs=[]  notarmed=0 1 serving lane(s) 
PAIR20_DONE
