BUILD_START 05:06:36Z
bash: line 1: cargo: command not found
BUILD_START 05:07:12Z
   Compiling cfg-if v1.0.4
   Compiling version_check v0.9.5
   Compiling typenum v1.20.1
   Compiling libc v0.2.186
   Compiling cpufeatures v0.2.17
   Compiling simd-adler32 v0.3.10
   Compiling crc32fast v1.5.0
   Compiling autocfg v1.5.1
   Compiling generic-array v0.14.7
   Compiling cudarc v0.19.8
   Compiling adler2 v2.0.1
   Compiling num-traits v0.2.19
   Compiling miniz_oxide v0.8.9
   Compiling libloading v0.9.0
   Compiling fdeflate v0.3.7
   Compiling block-buffer v0.10.4
   Compiling crypto-common v0.1.7
   Compiling digest v0.10.7
   Compiling memmap2 v0.9.11
   Compiling flate2 v1.1.9
   Compiling sha2 v0.10.9
   Compiling weezl v0.1.12
   Compiling quick-error v2.0.1
   Compiling color_quant v1.1.0
   Compiling memra-gguf v0.119.0 (/root/memra-tp2/crates/memra-gguf)
   Compiling zune-core v0.5.3
   Compiling pxfm v0.1.30
   Compiling bitflags v2.13.1
   Compiling byteorder-lite v0.1.0
   Compiling png v0.18.1
   Compiling image-webp v0.2.4
   Compiling zune-jpeg v0.5.15
   Compiling moxcms v0.8.1
   Compiling gif v0.14.2
   Compiling memra-engine v0.119.0 (/root/memra-tp2/crates/memra-engine)
   Compiling bytemuck v1.25.2
   Compiling memra-reference v0.119.0 (/root/memra-tp2/crates/memra-reference)
   Compiling image v0.25.10
   Compiling memra-runtime v0.119.0 (/root/memra-tp2/crates/memra-runtime)
   Compiling memra-kv v0.119.0 (/root/memra-tp2/crates/memra-kv)
   Compiling memra-tokenizer v0.119.0 (/root/memra-tp2/crates/memra-tokenizer)
   Compiling memra-sampling v0.119.0 (/root/memra-tp2/crates/memra-sampling)
   Compiling memra-validate v0.119.0 (/root/memra-tp2/crates/memra-validate)
   Compiling base64 v0.22.1
warning: memra-engine@0.119.0: nvcc from $CUDA_HOME: /usr/local/cuda/bin/nvcc
warning: memra-engine@0.119.0: MEMRA_CUDA_ARCH auto-detected 120a (compute_cap 12.0); set MEMRA_CUDA_ARCH to override
    Finished `release` profile [optimized] target(s) in 4m 45s
   Compiling proc-macro2 v1.0.106
   Compiling quote v1.0.46
   Compiling unicode-ident v1.0.24
   Compiling serde_core v1.0.228
   Compiling serde v1.0.228
   Compiling itoa v1.0.18
   Compiling pin-project-lite v0.2.17
   Compiling hashbrown v0.17.1
   Compiling once_cell v1.21.4
   Compiling futures-core v0.3.32
   Compiling equivalent v1.0.2
   Compiling crossbeam-utils v0.8.22
   Compiling smallvec v1.15.2
   Compiling zmij v1.0.21
   Compiling bytes v1.12.0
   Compiling errno v0.3.14
   Compiling serde_json v1.0.150
   Compiling zerocopy v0.8.55
   Compiling indexmap v2.14.0
   Compiling syn v2.0.118
   Compiling getrandom v0.3.4
   Compiling crossbeam-epoch v0.9.20
   Compiling http v1.4.2
   Compiling syn v3.0.3
   Compiling signal-hook-registry v1.4.8
   Compiling http-body v1.0.1
   Compiling socket2 v0.6.4
   Compiling mio v1.2.1
   Compiling ahash v0.8.12
   Compiling httparse v1.10.1
   Compiling crossbeam-deque v0.8.7
   Compiling memchr v2.8.2
   Compiling ref-cast v1.0.26
   Compiling anyhow v1.0.104
   Compiling parking_lot_core v0.9.12
   Compiling percent-encoding v2.3.2
   Compiling ref-cast-impl v1.0.26
   Compiling tracing-core v0.1.36
   Compiling scopeguard v1.2.0
   Compiling rayon-core v1.13.0
   Compiling slab v0.4.12
   Compiling log v0.4.33
   Compiling rustversion v1.0.22
   Compiling futures-task v0.3.32
   Compiling heck v0.5.0
   Compiling serde_derive v1.0.228
   Compiling tokio-macros v2.7.0
   Compiling tower-service v0.3.3
   Compiling strum_macros v0.28.0
   Compiling bytemuck_derive v1.11.0
   Compiling tokio v1.52.3
   Compiling futures-util v0.3.32
   Compiling tracing v0.1.44
   Compiling lock_api v0.4.14
   Compiling futures-channel v0.3.32
   Compiling atomic-waker v1.1.2
   Compiling sync_wrapper v1.0.2
   Compiling tower-layer v0.3.3
   Compiling borrow-or-share v0.2.4
   Compiling httpdate v1.0.3
   Compiling parking_lot v0.12.5
   Compiling toml_datetime v0.6.11
   Compiling hyper v1.10.1
   Compiling fluent-uri v0.3.2
   Compiling serde_spanned v0.6.9
   Compiling strum v0.28.0
   Compiling async-trait v0.1.89
   Compiling form_urlencoded v1.2.2
   Compiling http-body-util v0.1.3
   Compiling regex-syntax v0.8.11
   Compiling llguidance v1.7.6
   Compiling either v1.17.0
   Compiling ryu v1.0.23
   Compiling winnow v0.7.15
   Compiling mime v0.3.17
   Compiling toml_write v0.1.2
   Compiling axum-core v0.4.5
   Compiling serde_urlencoded v0.7.1
   Compiling rayon v1.12.0
   Compiling toml_edit v0.22.27
   Compiling derivre v0.3.12
warning: memra-engine@0.119.0: nvcc from $CUDA_HOME: /usr/local/cuda/bin/nvcc
warning: memra-engine@0.119.0: MEMRA_CUDA_ARCH auto-detected 120a (compute_cap 12.0); set MEMRA_CUDA_ARCH to override
   Compiling hyper-util v0.1.20
   Compiling referencing v0.29.1
   Compiling tower v0.5.3
   Compiling toktrie v1.7.6
   Compiling async-stream-impl v0.3.6
   Compiling serde_path_to_error v0.1.20
   Compiling matchit v0.7.3
   Compiling memra-server v0.119.0 (/root/memra-tp2/crates/memra-server)
   Compiling axum v0.7.9
   Compiling async-stream v0.3.6
   Compiling toml v0.8.23
   Compiling memra-lanes v0.119.0 (/root/memra-tp2/crates/memra-lanes)
    Finished `release` profile [optimized] target(s) in 31.15s
BUILD_END 05:12:29Z
4a680d0ca glm5-tp2-battery: perf-ci battery row at the window head (0 fail 0 warn, qwen9b 138.21)
340c18b04f25e1803aa3d5bb13ed27b8d38627a86a418d860bfaeebb576a18a7  target/release/glm5-tp2-box-probe
375fc816d4ddcdc70c12666c0604628600df5b8e36c7684fff864e17244c5b4b  target/release/memra-server
strings probes:
6
glm5-tp-ep] expert-parallel armed
glm5-tp-kda] head shard armed
glm5-tp-mla] head shard armed
glm5-tp-preflight] armed
MEMRA_GLM5_TP is set on a serving worker: the glm5 TP-2 seam is engine/gate-only
