{
  "schema_version": 1,
  "kind": "subprocess-capture",
  "command": [
    "bash",
    "research/spill-b-20260919/day31-order.sh",
    "3",
    "O1"
  ],
  "exit_code": -15,
  "timed_out": false,
  "parse_error": null,
  "status": "failed",
  "gpu_power_limits": [
    {
      "device": "0",
      "power.limit": "600.00 W",
      "power.max_limit": "600.00 W"
    }
  ],
  "started_monotonic_ns": 204179005174447,
  "ended_monotonic_ns": 205946618612732,
  "started_utc": "2026-09-22T23:34:53.999032+00:00",
  "ended_utc": "2026-09-23T00:04:21.612472+00:00",
  "elapsed_seconds": 1767.613438285,
  "timing_scope": "collector-with-snapshots-and-sampler",
  "storage": null,
  "raw_log": {
    "path": "command.log",
    "bytes": 0,
    "sha256": "e3b0c44298fc1c149afbf4c8996fb92427ae41e4649b934ca495991b7852b855"
  },
  "failure_quote": "died, cause unknown \u2014 repro needed",
  "result": null,
  "gpu_telemetry": {
    "status": "captured-unvalidated",
    "interval_ms": 250,
    "command": [
      "/usr/bin/nvidia-smi",
      "--query-gpu=timestamp,index,pstate,clocks.sm,clocks.mem,power.draw,power.limit,power.max_limit,temperature.gpu,memory.used,utilization.gpu,pcie.link.gen.current,pcie.link.width.current",
      "--format=csv",
      "-lms",
      "250"
    ],
    "tier_counters": "not collected",
    "exit_code": 0,
    "raw_csv": {
      "path": "command.gpu.csv",
      "bytes": 775448,
      "sha256": "165e14b732546e9dc5dc7240f2e679124952ae42e43a4c178e2d4f6de0f64846"
    },
    "stderr": {
      "path": "command.sampler.log",
      "bytes": 0,
      "sha256": "e3b0c44298fc1c149afbf4c8996fb92427ae41e4649b934ca495991b7852b855"
    }
  },
  "compute_apps": {
    "before": {
      "exit_code": 0,
      "timed_out": false,
      "raw_log": {
        "path": "command.before.log",
        "bytes": 41,
        "sha256": "cae79969ce448872401f5d9bcd1d52bbefa1a5450cf3a5658f62f068ab59294b"
      }
    },
    "failure": {
      "exit_code": 0,
      "timed_out": false,
      "raw_log": {
        "path": "command.failure.log",
        "bytes": 70,
        "sha256": "572908e9509e1f42791b0d219dba03698d01d4dd5325283a5be201a4da57b673"
      }
    },
    "after": {
      "exit_code": 0,
      "timed_out": false,
      "raw_log": {
        "path": "command.after.log",
        "bytes": 41,
        "sha256": "cae79969ce448872401f5d9bcd1d52bbefa1a5450cf3a5658f62f068ab59294b"
      }
    }
  },
  "qualification": false,
  "lock_proof": {
    "path": "lock.json",
    "bytes": 180,
    "sha256": "ecfb2e89533c536cb8e9a07478e36938b8b03635b96a64333a8f2ef75f355c81"
  }
}
