[server] build: memra-0.138.0-28b8ea970f35 (id: source-tree, git: 9057f34db1b9)
[server] starting; models config = [("dsv4f", "/data/dsv4f/nvfp4", None)]
[gpu-watch] Xid source: /dev/kmsg
[worker-affinity] off (MEMRA_WORKER_CPUSET / MEMRA_WORKER_AFFINITY unset or =0)
[gpu-watch] on: every 60s, probe deadline 10s, fatal after 3 consecutive misses (MEMRA_GPU_PROBE_MISSES), fatal Xid [48, 64, 79, 94, 95, 119, 120]
[worker] Engine ready (device=0, MEMRA_FAST=true)
[spec-gate] policy placement=single-or-non-pp2 LOW=2 HIGH=4 source=placement-default spec-admission=on
[spec-k] automatic table: prompt<1024 -> K=3; cold-long -> K=3; prompt>= 1024 and cached>= 1024 -> K=2 (K=5 when the loaded MTP head is rank-trimmed)
[worker] loading model "dsv4f" <- /data/dsv4f/nvfp4
[load] programmatic dependent launch on the decode chain: true
[load] sampled candidate order: Radix
[load] placement: split_at=22 trunk_layers=43 dspark_tail_reserve=0.00 GiB
[load] plain sampler: Device (the topology's default)
[load] expert arm: Native | decode path: Device { host_math: false } | dots arm: f32x (dots + sink/norm/indexer chains)
[load] topology: TpEpAllLayers | layers=43 per-rank-resident=all
[load] indexer score: Knee
[load] prefill head: All
[load] prefill DSpark prime: All
[load] sampled DSpark proposal: Greedy
[load] prefill MoE: reference
[load] dspark exit-head dots arm: f32x (rung-4c fork; drafts only, never the emitted stream)
[load] dspark selected-expert dispatch: per-expert reference
[load] dense arm: fp8 (iteration-5; fp8 = FP8-blk linears as-stored on the device decode/verify paths, bit-identical twins)
[load] lane-8 peer byte-integrity probe PASS: 1 boundaries, 10 copies, ladder [16384, 65536, 524288, 1048576, 67108864] bytes, 342.8ms
[load] lane-8 peer transport enabled (1 boundaries)
[load] layer 3 -> 2 rank copies done t=24s
[load] layer 7 -> 2 rank copies done t=47s
[load] layer 11 -> 2 rank copies done t=68s
[load] layer 15 -> 2 rank copies done t=89s
[load] layer 19 -> 2 rank copies done t=114s
[load] layer 23 -> 2 rank copies done t=136s
[load] layer 27 -> 2 rank copies done t=160s
[load] layer 31 -> 2 rank copies done t=190s
[load] layer 35 -> 2 rank copies done t=215s
[load] layer 39 -> 2 rank copies done t=254s
[load] layer 42 -> 2 rank copies done t=282s
[load] drafter: 3 DSpark block(s) (mtp.0.e_proj absent) — GPU drafter path off (set MEMRA_DSV4_DRAFTER=dspark); trunk-only
[TP/EP load] local expert banks resident by ID: rank0=0..128, rank1=128..256; peer dispatch disabled
[load] expert program: matrix (grouped ModelOpt split-plane executor via dsv4_grouped; tensor-core MMA class, the loaded default since 2026-09-11), EP pair (all-layer TP/EP local banks)
[attention-TP2] packed rank-local Q_b/wo_a/wo_b rows: heads=32 groups=4 wo_b_rows=2048 full_planes_freed=8.06 GiB numeric_class=dsv4_attention_head_split_row_gather_exact
[load] position-split staging: 131072 rows (256 MiB) per rank
[load] TP/EP vocab-parallel decode head: true
[dsv4-doors] program=loaded door="replay cadence" env=MEMRA_DSV4_REPLAY_CADENCE merged=#374 declared_default=On resolved=On(DecodeOnlyM1) disposition=PortAdmissionOrRedeclare
[dsv4-doors] program=loaded door="dense exact-tail transport" env=MEMRA_DSV4_DENSE_EXACT_TAIL merged=#374 declared_default=On resolved=On(DecodeOnlyM1) disposition=Engaged
[dsv4-doors] program=loaded door="dense-fast" env=MEMRA_DSV4_DENSE_FAST merged=#404 declared_default=On resolved=On(DecodeOnlyM1) disposition=Engaged
[dsv4-doors] program=loaded door="HC dot split S16" env=MEMRA_DSV4_HC_DOT_SPLIT merged=#418 declared_default=On resolved=On(AllRoutedShapes) disposition=Engaged
[dsv4-serve] dsv4f: placement TP/EP (expert-ID EP pair, attention TP2) (default), plain sampler Device
[dsv4-serve] dsv4f: loaded on devices [0, 1], contract RefFp8Round, max_seq 1048576, drafter absent (plain only), parked-host-cache OFF (MEMRA_DSV4_KV_HOST_MB=0), chunked-prefill 512 tokens, active-C4-host-budget 0 bytes (0=OFF; separate from parked cache)
[dsv4-serve] dsv4f: B-row steps up to 4 rows, 1 group(s) in flight (MEMRA_DSV4_ROWS)
[dsv4-serve] dsv4f: 4 serving lane(s) (default on the plain TP/EP program, sharing B-row steps; MEMRA_DSV4_SESSIONS=1 is the serial route)
[admit-mem] route=dsv4-thread model="dsv4f" calibrated fixed_plain=0:4706979932,1:4706979932 fixed_spec=0:4706979932,1:4706979932 ceiling=0:15662508692,1:15691404940 defer_budget_ms=8000
[route-contract] model="dsv4f" route=dsv4-thread capacity=4 sessions implemented=[capacity,occupancy,progress,fault-ownership,shutdown-ownership,memory-cost,service-metrics] refused=[rewrite-qualification: the route consumes no MEMRA_REWRITE_BUNDLE and none of its programs is a plan rewrite (memra#449); prime-fairness: no worker Session exists for a dsv4 request; the prime is one synchronous chunked call on the serving thread (memra#535 P4)]
[prefix-cache] WARNING: derived budget is 0 B after the boot free-VRAM reserve clamp; prefix caching disabled
[admit-mem] door=OFF open_output_tokens=8192 defer_budget_ms=8000 (admission charges prompt+output, the reclaim flush demotes to the host tier before dropping, and a memory defer past the budget refuses 429 instead of queueing past the client's deadline)
[server] worker ready; serving models: ["dsv4f"]
[server] listening on http://127.0.0.1:47681
[meter] admit id=chatcmpl-687c99b8b94d7feffd1ad685819d7a45 tenant=default lane=interactive model="dsv4f"
[admit-mem] id=chatcmpl-687c99b8b94d7feffd1ad685819d7a45 model="dsv4f" route=dsv4-thread verdict=admit capacity=512 spec=false need=0:4785355356,1:4785355356 ceiling=0:15662508692,1:15691404940 host_need=0 short=- waited_ms=0 reclaimed=0 retry_after_s=-
[moe-sk-form] dev=0 qt=108 sms=188 occ128=1 occ32=7 occt=3 cross=2147483647 xcross=2147483647 bdb=0 in_f=4096 out_f=2048 n_active=128 max_m=228
[meter] admit id=chatcmpl-31ed8d310c034f977bc8d8ef4f0d2152 tenant=default lane=interactive model="dsv4f"
[admit-mem] id=chatcmpl-31ed8d310c034f977bc8d8ef4f0d2152 model="dsv4f" route=dsv4-thread verdict=admit capacity=512 spec=false need=0:4785355356,1:4785355356 ceiling=0:15662508692,1:15691404940 host_need=0 short=- waited_ms=0 reclaimed=0 retry_after_s=-
[meter] admit id=chatcmpl-812495ed0075ef3f7c3c30016d158506 tenant=default lane=interactive model="dsv4f"
[admit-mem] id=chatcmpl-812495ed0075ef3f7c3c30016d158506 model="dsv4f" route=dsv4-thread verdict=admit capacity=512 spec=false need=0:4785355356,1:4785355356 ceiling=0:15662508692,1:15691404940 host_need=0 short=- waited_ms=0 reclaimed=0 retry_after_s=-
[meter] admit id=chatcmpl-7ed7c86690522cd2af998931efaacbf6 tenant=default lane=interactive model="dsv4f"
[admit-mem] id=chatcmpl-7ed7c86690522cd2af998931efaacbf6 model="dsv4f" route=dsv4-thread verdict=admit capacity=512 spec=false need=0:4785355356,1:4785355356 ceiling=0:15662508692,1:15691404940 host_need=0 short=- waited_ms=0 reclaimed=0 retry_after_s=-
[meter] admit id=chatcmpl-7c1936a232b10d3cefd106d5c4def1e5 tenant=default lane=interactive model="dsv4f"
[admit-mem] id=chatcmpl-7c1936a232b10d3cefd106d5c4def1e5 model="dsv4f" route=dsv4-thread verdict=admit capacity=512 spec=false need=0:4785355356,1:4785355356 ceiling=0:15662508692,1:15691404940 host_need=0 short=- waited_ms=0 reclaimed=0 retry_after_s=-
[meter] admit id=chatcmpl-ad6ae872dad987b0f2f8e1b67183f582 tenant=default lane=interactive model="dsv4f"
[admit-mem] id=chatcmpl-ad6ae872dad987b0f2f8e1b67183f582 model="dsv4f" route=dsv4-thread verdict=admit capacity=512 spec=false need=0:4785355356,1:4785355356 ceiling=0:15662508692,1:15691404940 host_need=0 short=- waited_ms=0 reclaimed=0 retry_after_s=-
[meter] admit id=chatcmpl-e1e423b1410ba7d53399a603e8dafc80 tenant=default lane=interactive model="dsv4f"
[admit-mem] id=chatcmpl-e1e423b1410ba7d53399a603e8dafc80 model="dsv4f" route=dsv4-thread verdict=admit capacity=512 spec=false need=0:4785355356,1:4785355356 ceiling=0:15662508692,1:15691404940 host_need=0 short=- waited_ms=0 reclaimed=0 retry_after_s=-
[meter] admit id=chatcmpl-aa9334c544bfbd19a540f23300cab761 tenant=default lane=interactive model="dsv4f"
[admit-mem] id=chatcmpl-aa9334c544bfbd19a540f23300cab761 model="dsv4f" route=dsv4-thread verdict=admit capacity=512 spec=false need=0:4785355356,1:4785355356 ceiling=0:15662508692,1:15691404940 host_need=0 short=- waited_ms=0 reclaimed=0 retry_after_s=-
[meter] admit id=chatcmpl-6b680fcdc259e7e564a3545eda905e35 tenant=default lane=interactive model="dsv4f"
[admit-mem] id=chatcmpl-6b680fcdc259e7e564a3545eda905e35 model="dsv4f" route=dsv4-thread verdict=admit capacity=512 spec=false need=0:4785355356,1:4785355356 ceiling=0:15662508692,1:15691404940 host_need=0 short=- waited_ms=0 reclaimed=0 retry_after_s=-
[meter] admit id=chatcmpl-e023e5630518153747231b90ff623f63 tenant=default lane=interactive model="dsv4f"
[admit-mem] id=chatcmpl-e023e5630518153747231b90ff623f63 model="dsv4f" route=dsv4-thread verdict=admit capacity=512 spec=false need=0:4785355356,1:4785355356 ceiling=0:15662508692,1:15691404940 host_need=0 short=- waited_ms=0 reclaimed=0 retry_after_s=-
[meter] admit id=chatcmpl-9be6e701dfe803438f12c54a24386527 tenant=default lane=interactive model="dsv4f"
[admit-mem] id=chatcmpl-9be6e701dfe803438f12c54a24386527 model="dsv4f" route=dsv4-thread verdict=admit capacity=512 spec=false need=0:4785355356,1:4785355356 ceiling=0:15662508692,1:15691404940 host_need=0 short=- waited_ms=0 reclaimed=0 retry_after_s=-
[meter] admit id=chatcmpl-8c9407c0392290c3f3d98906178b081a tenant=default lane=interactive model="dsv4f"
[admit-mem] id=chatcmpl-8c9407c0392290c3f3d98906178b081a model="dsv4f" route=dsv4-thread verdict=admit capacity=512 spec=false need=0:4785355356,1:4785355356 ceiling=0:15662508692,1:15691404940 host_need=0 short=- waited_ms=0 reclaimed=0 retry_after_s=-
[meter] admit id=chatcmpl-92cd0b3958744ac5e35e4690457abfa7 tenant=default lane=interactive model="dsv4f"
[admit-mem] id=chatcmpl-92cd0b3958744ac5e35e4690457abfa7 model="dsv4f" route=dsv4-thread verdict=admit capacity=512 spec=false need=0:4785355356,1:4785355356 ceiling=0:15662508692,1:15691404940 host_need=0 short=- waited_ms=0 reclaimed=0 retry_after_s=-
[meter] admit id=chatcmpl-8f5f98159486216f355dd5fac9cf1559 tenant=default lane=interactive model="dsv4f"
[admit-mem] id=chatcmpl-8f5f98159486216f355dd5fac9cf1559 model="dsv4f" route=dsv4-thread verdict=admit capacity=512 spec=false need=0:4785355356,1:4785355356 ceiling=0:15662508692,1:15691404940 host_need=0 short=- waited_ms=0 reclaimed=0 retry_after_s=-
[meter] admit id=chatcmpl-3f5eb557102b7edf4018c43ac0179df6 tenant=default lane=interactive model="dsv4f"
[admit-mem] id=chatcmpl-3f5eb557102b7edf4018c43ac0179df6 model="dsv4f" route=dsv4-thread verdict=admit capacity=512 spec=false need=0:4785355356,1:4785355356 ceiling=0:15662508692,1:15691404940 host_need=0 short=- waited_ms=0 reclaimed=0 retry_after_s=-
[meter] admit id=chatcmpl-7170fefeb4a66facfb34d2069b2c2922 tenant=default lane=interactive model="dsv4f"
[admit-mem] id=chatcmpl-7170fefeb4a66facfb34d2069b2c2922 model="dsv4f" route=dsv4-thread verdict=admit capacity=512 spec=false need=0:4785355356,1:4785355356 ceiling=0:15662508692,1:15691404940 host_need=0 short=- waited_ms=0 reclaimed=0 retry_after_s=-
[meter] admit id=chatcmpl-354d50e100a9996bdebdaa0b0fee8c2b tenant=default lane=interactive model="dsv4f"
[admit-mem] id=chatcmpl-354d50e100a9996bdebdaa0b0fee8c2b model="dsv4f" route=dsv4-thread verdict=admit capacity=512 spec=false need=0:4785355356,1:4785355356 ceiling=0:15662508692,1:15691404940 host_need=0 short=- waited_ms=0 reclaimed=0 retry_after_s=-
[meter] admit id=chatcmpl-f39f3e543b423bdf2482646ea766fb6e tenant=default lane=interactive model="dsv4f"
[meter] admit id=chatcmpl-220450006d077c0d51652cd62e046f10 tenant=default lane=interactive model="dsv4f"
[admit-mem] id=chatcmpl-f39f3e543b423bdf2482646ea766fb6e model="dsv4f" route=dsv4-thread verdict=admit capacity=512 spec=false need=0:4785355356,1:4785355356 ceiling=0:15662508692,1:15691404940 host_need=0 short=- waited_ms=0 reclaimed=0 retry_after_s=-
[admit-mem] id=chatcmpl-220450006d077c0d51652cd62e046f10 model="dsv4f" route=dsv4-thread verdict=admit capacity=512 spec=false need=0:4785355356,1:4785355356 ceiling=0:15662508692,1:15691404940 host_need=0 short=- waited_ms=0 reclaimed=0 retry_after_s=-
[meter] admit id=chatcmpl-7c813e71a818feff24a9084e7435cca0 tenant=default lane=interactive model="dsv4f"
[meter] admit id=chatcmpl-13203ee223f0d77b65adf5b3144b084e tenant=default lane=interactive model="dsv4f"
[admit-mem] id=chatcmpl-7c813e71a818feff24a9084e7435cca0 model="dsv4f" route=dsv4-thread verdict=admit capacity=512 spec=false need=0:4785355356,1:4785355356 ceiling=0:15662508692,1:15691404940 host_need=0 short=- waited_ms=0 reclaimed=0 retry_after_s=-
[admit-mem] id=chatcmpl-13203ee223f0d77b65adf5b3144b084e model="dsv4f" route=dsv4-thread verdict=admit capacity=512 spec=false need=0:4785355356,1:4785355356 ceiling=0:15662508692,1:15691404940 host_need=0 short=- waited_ms=0 reclaimed=0 retry_after_s=-
[meter] admit id=chatcmpl-12fdbfaa9dd81e8f9b46b035a78e2304 tenant=default lane=interactive model="dsv4f"
[meter] admit id=chatcmpl-6d601e8096e2b47c8e646387f0591632 tenant=default lane=interactive model="dsv4f"
[admit-mem] id=chatcmpl-12fdbfaa9dd81e8f9b46b035a78e2304 model="dsv4f" route=dsv4-thread verdict=admit capacity=512 spec=false need=0:4785355356,1:4785355356 ceiling=0:15662508692,1:15691404940 host_need=0 short=- waited_ms=0 reclaimed=0 retry_after_s=-
[admit-mem] id=chatcmpl-6d601e8096e2b47c8e646387f0591632 model="dsv4f" route=dsv4-thread verdict=admit capacity=512 spec=false need=0:4785355356,1:4785355356 ceiling=0:15662508692,1:15691404940 host_need=0 short=- waited_ms=0 reclaimed=0 retry_after_s=-
[meter] admit id=chatcmpl-67ccbd5aeb543a74b5809002e0d4ae39 tenant=default lane=interactive model="dsv4f"
[meter] admit id=chatcmpl-5901b0e482537bee5991a4f06faa199b tenant=default lane=interactive model="dsv4f"
[admit-mem] id=chatcmpl-67ccbd5aeb543a74b5809002e0d4ae39 model="dsv4f" route=dsv4-thread verdict=admit capacity=512 spec=false need=0:4785355356,1:4785355356 ceiling=0:15662508692,1:15691404940 host_need=0 short=- waited_ms=0 reclaimed=0 retry_after_s=-
[admit-mem] id=chatcmpl-5901b0e482537bee5991a4f06faa199b model="dsv4f" route=dsv4-thread verdict=admit capacity=512 spec=false need=0:4785355356,1:4785355356 ceiling=0:15662508692,1:15691404940 host_need=0 short=- waited_ms=0 reclaimed=0 retry_after_s=-
[meter] admit id=chatcmpl-97bc4ddd872a8c2ad98e3780b69fc697 tenant=default lane=interactive model="dsv4f"
[meter] admit id=chatcmpl-6a6bf38f5388da85e0b4f0be00e957a1 tenant=default lane=interactive model="dsv4f"
[meter] admit id=chatcmpl-10795030592de549d49c77e753e090ee tenant=default lane=interactive model="dsv4f"
[meter] admit id=chatcmpl-39c27a640bb56e84a6f55aa4f2bba6f6 tenant=default lane=interactive model="dsv4f"
[admit-mem] id=chatcmpl-97bc4ddd872a8c2ad98e3780b69fc697 model="dsv4f" route=dsv4-thread verdict=admit capacity=512 spec=false need=0:4785355356,1:4785355356 ceiling=0:15662508692,1:15691404940 host_need=0 short=- waited_ms=0 reclaimed=0 retry_after_s=-
[admit-mem] id=chatcmpl-6a6bf38f5388da85e0b4f0be00e957a1 model="dsv4f" route=dsv4-thread verdict=admit capacity=512 spec=false need=0:4785355356,1:4785355356 ceiling=0:15662508692,1:15691404940 host_need=0 short=- waited_ms=0 reclaimed=0 retry_after_s=-
[admit-mem] id=chatcmpl-10795030592de549d49c77e753e090ee model="dsv4f" route=dsv4-thread verdict=admit capacity=512 spec=false need=0:4785355356,1:4785355356 ceiling=0:15662508692,1:15691404940 host_need=0 short=- waited_ms=0 reclaimed=0 retry_after_s=-
[admit-mem] id=chatcmpl-39c27a640bb56e84a6f55aa4f2bba6f6 model="dsv4f" route=dsv4-thread verdict=admit capacity=512 spec=false need=0:4785355356,1:4785355356 ceiling=0:15662508692,1:15691404940 host_need=0 short=- waited_ms=0 reclaimed=0 retry_after_s=-
[meter] admit id=chatcmpl-cbdd0cb063ff67691a096a9ae63e3247 tenant=default lane=interactive model="dsv4f"
[meter] admit id=chatcmpl-df76daf02257add5c7f672e853b9f615 tenant=default lane=interactive model="dsv4f"
[meter] admit id=chatcmpl-3a7590d6d43e5c036dcd997a7c7e2bc5 tenant=default lane=interactive model="dsv4f"
[admit-mem] id=chatcmpl-cbdd0cb063ff67691a096a9ae63e3247 model="dsv4f" route=dsv4-thread verdict=admit capacity=512 spec=false need=0:4785355356,1:4785355356 ceiling=0:15662508692,1:15691404940 host_need=0 short=- waited_ms=0 reclaimed=0 retry_after_s=-
[admit-mem] id=chatcmpl-df76daf02257add5c7f672e853b9f615 model="dsv4f" route=dsv4-thread verdict=admit capacity=512 spec=false need=0:4785355356,1:4785355356 ceiling=0:15662508692,1:15691404940 host_need=0 short=- waited_ms=0 reclaimed=0 retry_after_s=-
[admit-mem] id=chatcmpl-3a7590d6d43e5c036dcd997a7c7e2bc5 model="dsv4f" route=dsv4-thread verdict=admit capacity=512 spec=false need=0:4785355356,1:4785355356 ceiling=0:15662508692,1:15691404940 host_need=0 short=- waited_ms=0 reclaimed=0 retry_after_s=-
[meter] admit id=chatcmpl-3ea21a39651e7b667a1dc7527768427e tenant=default lane=interactive model="dsv4f"
[admit-mem] id=chatcmpl-3ea21a39651e7b667a1dc7527768427e model="dsv4f" route=dsv4-thread verdict=admit capacity=512 spec=false need=0:4785355356,1:4785355356 ceiling=0:15662508692,1:15691404940 host_need=0 short=- waited_ms=0 reclaimed=0 retry_after_s=-
[meter] admit id=chatcmpl-4d65f55cfce885402220d93f93caed0e tenant=default lane=interactive model="dsv4f"
[meter] admit id=chatcmpl-56ee18cc5e74bb16e7a19a355f0d9503 tenant=default lane=interactive model="dsv4f"
[admit-mem] id=chatcmpl-4d65f55cfce885402220d93f93caed0e model="dsv4f" route=dsv4-thread verdict=admit capacity=2339 spec=false need=0:4800637532,1:4800637532 ceiling=0:15662508692,1:15691404940 host_need=0 short=- waited_ms=0 reclaimed=0 retry_after_s=-
[admit-mem] id=chatcmpl-56ee18cc5e74bb16e7a19a355f0d9503 model="dsv4f" route=dsv4-thread verdict=admit capacity=2326 spec=false need=0:4800562268,1:4800562268 ceiling=0:15662508692,1:15691404940 host_need=0 short=- waited_ms=0 reclaimed=0 retry_after_s=-
[meter] admit id=chatcmpl-ba419c9b9b5e916baffd1a272bec2a9c tenant=default lane=interactive model="dsv4f"
[meter] admit id=chatcmpl-9be1f02f327de17553f3e139578da871 tenant=default lane=interactive model="dsv4f"
[admit-mem] id=chatcmpl-ba419c9b9b5e916baffd1a272bec2a9c model="dsv4f" route=dsv4-thread verdict=admit capacity=2361 spec=false need=0:4800831068,1:4800831068 ceiling=0:15662508692,1:15691404940 host_need=0 short=- waited_ms=0 reclaimed=0 retry_after_s=-
[admit-mem] id=chatcmpl-9be1f02f327de17553f3e139578da871 model="dsv4f" route=dsv4-thread verdict=admit capacity=2351 spec=false need=0:4800755804,1:4800755804 ceiling=0:15662508692,1:15691404940 host_need=0 short=- waited_ms=0 reclaimed=0 retry_after_s=-
[meter] admit id=chatcmpl-509f0b229c8dd5e21643f4c42e5025d1 tenant=default lane=interactive model="dsv4f"
[meter] admit id=chatcmpl-39b7860767ce187bc769b2feb188508a tenant=default lane=interactive model="dsv4f"
[admit-mem] id=chatcmpl-509f0b229c8dd5e21643f4c42e5025d1 model="dsv4f" route=dsv4-thread verdict=admit capacity=2322 spec=false need=0:4800508508,1:4800508508 ceiling=0:15662508692,1:15691404940 host_need=0 short=- waited_ms=0 reclaimed=0 retry_after_s=-
[admit-mem] id=chatcmpl-39b7860767ce187bc769b2feb188508a model="dsv4f" route=dsv4-thread verdict=admit capacity=2352 spec=false need=0:4800766556,1:4800766556 ceiling=0:15662508692,1:15691404940 host_need=0 short=- waited_ms=0 reclaimed=0 retry_after_s=-
[meter] admit id=chatcmpl-1e98eeffd0ea7f25d9887d5d0686739c tenant=default lane=interactive model="dsv4f"
[meter] admit id=chatcmpl-7630139a479f78297d42cd0258101096 tenant=default lane=interactive model="dsv4f"
[admit-mem] id=chatcmpl-1e98eeffd0ea7f25d9887d5d0686739c model="dsv4f" route=dsv4-thread verdict=admit capacity=2328 spec=false need=0:4800573020,1:4800573020 ceiling=0:15662508692,1:15691404940 host_need=0 short=- waited_ms=0 reclaimed=0 retry_after_s=-
[admit-mem] id=chatcmpl-7630139a479f78297d42cd0258101096 model="dsv4f" route=dsv4-thread verdict=admit capacity=2314 spec=false need=0:4800443996,1:4800443996 ceiling=0:15662508692,1:15691404940 host_need=0 short=- waited_ms=0 reclaimed=0 retry_after_s=-
[server] SIGTERM: draining (0 in flight, deadline 30s)
[server] drain complete in 0.0s; exiting
[server] GPU worker shutdown complete
