build rc=0 a61d564b919cbfc1
variants rows=1 PACKED_EQUAL 1 VARIANT std_4_256_2 rows=1 gu_us=28.51 gu_TBps=0.993 VARIANT std_4_256_2 rows=1 gu_us=28.59 gu_TBps=0.990 VARIANT mode0_mirror1 rows=1 gu_us=27.85 gu_TBps=1.016 VARIANT mode0_mirror0 rows=1 gu_us=22.93 gu_TBps=1.235 VARIANT mode1_mirror0 rows=1 gu_us=20.68 gu_TBps=1.369 VARIANT mode2_mirror0 rows=1 gu_us=18.69 gu_TBps=1.515 VARIANT mode1_mirror1 rows=1 gu_us=25.04 gu_TBps=1.131 VARIANT mode0_mirror1 rows=1 gu_us=27.75 gu_TBps=1.020 VARIANT down_4_256_2 rows=1 down_us=17.46 down_TBps=0.811 VARIANT down_8_256_2 rows=1 down_us=16.76 down_TBps=0.845 VARIANT down_16_256_2 rows=1 down_us=15.21 down_TBps=0.931 VARIANT down_8_256_3 rows=1 down_us=17.06 down_TBps=0.830 VARIANT down_4_256_3 rows=1 down_us=18.44 down_TBps=0.768 VARIANT down_4_256_2 rows=1 down_us=17.47 down_TBps=0.810 
variants rows=4 PACKED_EQUAL 1 VARIANT std_4_256_2 rows=4 gu_us=96.92 gu_TBps=1.168 VARIANT std_4_256_2 rows=4 gu_us=96.98 gu_TBps=1.168 VARIANT mode0_mirror1 rows=4 gu_us=92.16 gu_TBps=1.229 VARIANT mode0_mirror0 rows=4 gu_us=84.92 gu_TBps=1.333 VARIANT mode1_mirror0 rows=4 gu_us=77.20 gu_TBps=1.467 VARIANT mode2_mirror0 rows=4 gu_us=43.02 gu_TBps=2.632 VARIANT mode1_mirror1 rows=4 gu_us=81.39 gu_TBps=1.391 VARIANT mode0_mirror1 rows=4 gu_us=92.26 gu_TBps=1.227 VARIANT down_4_256_2 rows=4 down_us=57.02 down_TBps=0.993 VARIANT down_8_256_2 rows=4 down_us=49.76 down_TBps=1.138 VARIANT down_16_256_2 rows=4 down_us=48.98 down_TBps=1.156 VARIANT down_8_256_3 rows=4 down_us=52.00 down_TBps=1.089 VARIANT down_4_256_3 rows=4 down_us=53.45 down_TBps=1.059 VARIANT down_4_256_2 rows=4 down_us=57.01 down_TBps=0.993 
S2ZB_DONE 34f5b25d7ce04d531f23edcccf4d044b8e047220
