build M3 c566d2096 SERVER_EXIT=0 ENGINE_EXIT=0 
build S3 17b81a7c4 SERVER_EXIT=0 ENGINE_EXIT=0 
cgate-build rc=0
component rc=0 test result: ok. 5 passed; 0 failed; 0 ignored; 0 measured; 650 filtered out; finished in 2.37s 
cgate rc=0 8 gated PASS dense_fast_components 
long-304 S3 rc=0 PASS: 304 PROGRAM_SHA256 fbce1a0492d69635 
rows tp_ep rc=0 PASS: replayed, then 8 B-row steps beside a peer while armed, then replayed again: bit-identical to solo steps PASS: B-row graph steps bit-identical to solo steps across join, leave and row moves (5 captures, 28 graph steps) PASS: sampled B-row graph draws equal the eager B-row draws (24 steps x 4 rows) 
kv-split rc=0 PASS: 100 full-token replay steps on the split state bit-identical to replicated eager PASS: park, restore and 50 more steps bit-identical, split against replicated PASS: position-split C4 store bit-identical to the replicated program 
dspark-tpep S3 cc6082ddea76827e 373e6557e6d118f1 373e6557e6d118f1  | GPU DSPARK GATE [PASS] GATE_DONE rc=0 utc=2026-09-27T10:39:59Z 
long t1 M3 rc=0 PROGRAM_SHA256 fbce1a0492d69635 replay_ms_per_token=10.766 replay_ms_per_token=10.706 replay_ms_per_token=10.686 
long t2 S3 rc=0 PROGRAM_SHA256 fbce1a0492d69635 replay_ms_per_token=10.270 replay_ms_per_token=10.195 replay_ms_per_token=10.170 
long t3 S3 rc=0 PROGRAM_SHA256 fbce1a0492d69635 replay_ms_per_token=10.254 replay_ms_per_token=10.183 replay_ms_per_token=10.179 
long t4 M3 rc=0 PROGRAM_SHA256 fbce1a0492d69635 replay_ms_per_token=10.756 replay_ms_per_token=10.662 replay_ms_per_token=10.650 
serve r1 M3 rc=0 CELL greedy-c1 c=1 ok=8/8 agg=91.18 tok/s decode_p50=95.33 tok/s ttft_p50=134 ms tpot_p50=10.49 ms errs=[] CELL sampled-c1 c=1 ok=8/8 agg=91.41 tok/s decode_p50=95.57 tok/s ttft_p50=131 ms tpot_p50=10.46 ms errs=[] CELL greedy-c2 c=2 ok=8/8 agg=122.53 tok/s decode_p50=64.42 tok/s ttft_p50=215 ms tpot_p50=15.52 ms errs=[] CELL greedy-c4 c=4 ok=8/8 agg=153.85 tok/s decode_p50=40.88 tok/s ttft_p50=417 ms tpot_p50=24.46 ms errs=[] CELL greedy-c2-2k c=2 ok=8/8 agg=24.63 tok/s decode_p50=49.59 tok/s ttft_p50=7856 ms tpot_p50=20.16 ms errs=[] 
serve r2 S3 rc=0 CELL greedy-c1 c=1 ok=8/8 agg=94.66 tok/s decode_p50=99.09 tok/s ttft_p50=136 ms tpot_p50=10.09 ms errs=[] CELL sampled-c1 c=1 ok=8/8 agg=94.73 tok/s decode_p50=99.51 tok/s ttft_p50=131 ms tpot_p50=10.05 ms errs=[] CELL greedy-c2 c=2 ok=8/8 agg=124.71 tok/s decode_p50=65.84 tok/s ttft_p50=221 ms tpot_p50=15.19 ms errs=[] CELL greedy-c4 c=4 ok=8/8 agg=157.81 tok/s decode_p50=42.25 tok/s ttft_p50=402 ms tpot_p50=23.67 ms errs=[] CELL greedy-c2-2k c=2 ok=8/8 agg=25.63 tok/s decode_p50=51.25 tok/s ttft_p50=7486 ms tpot_p50=19.51 ms errs=[] 
serve r3 S3 rc=0 CELL greedy-c1 c=1 ok=8/8 agg=94.14 tok/s decode_p50=98.92 tok/s ttft_p50=142 ms tpot_p50=10.11 ms errs=[] CELL sampled-c1 c=1 ok=8/8 agg=93.97 tok/s decode_p50=98.83 tok/s ttft_p50=142 ms tpot_p50=10.12 ms errs=[] CELL greedy-c2 c=2 ok=8/8 agg=125.35 tok/s decode_p50=65.99 tok/s ttft_p50=215 ms tpot_p50=15.15 ms errs=[] CELL greedy-c4 c=4 ok=8/8 agg=158.67 tok/s decode_p50=42.40 tok/s ttft_p50=397 ms tpot_p50=23.58 ms errs=[] CELL greedy-c2-2k c=2 ok=8/8 agg=25.48 tok/s decode_p50=50.77 tok/s ttft_p50=7538 ms tpot_p50=19.70 ms errs=[] 
serve r4 M3 rc=0 CELL greedy-c1 c=1 ok=8/8 agg=90.92 tok/s decode_p50=95.10 tok/s ttft_p50=137 ms tpot_p50=10.52 ms errs=[] CELL sampled-c1 c=1 ok=8/8 agg=91.31 tok/s decode_p50=95.51 tok/s ttft_p50=131 ms tpot_p50=10.47 ms errs=[] CELL greedy-c2 c=2 ok=8/8 agg=122.22 tok/s decode_p50=64.12 tok/s ttft_p50=211 ms tpot_p50=15.60 ms errs=[] CELL greedy-c4 c=4 ok=8/8 agg=155.82 tok/s decode_p50=41.41 tok/s ttft_p50=400 ms tpot_p50=24.15 ms errs=[] CELL greedy-c2-2k c=2 ok=8/8 agg=26.04 tok/s decode_p50=50.05 tok/s ttft_p50=7262 ms tpot_p50=19.98 ms errs=[] 
S2Y_DONE 17b81a7c45cd0216825c0a9b11b8524f2f81d54c
