f67f763a61fd9673896c7000874993ac8d59be47b13cb0d008bd87b8aaa2ba81  /root/spill-receipts/a-day18/bins/memra-server
2026-09-22T02:12:29Z identity-default-off rc=0
2026-09-22T02:12:57Z identity-default-on rc=0
2026-09-22T02:13:18Z identity-plain-off rc=0
2026-09-22T02:13:46Z identity-plain-on rc=0
2026-09-22T02:14:19Z failure-off rc=0
2026-09-22T02:15:10Z failure-on rc=0
2026-09-22T02:16:53Z contract-fault rc=0
2026-09-22T02:18:05Z twin-off rc=0
2026-09-22T02:19:18Z twin-on rc=0
gates-done
{
  "schema_version": 1,
  "kind": "subprocess-capture",
  "command": [
    "bash",
    "research/spill-a-20260919/pro-single-day18/gates.sh",
    "3"
  ],
  "exit_code": 0,
  "timed_out": false,
  "parse_error": null,
  "status": "executed-not-qualified",
  "gpu_power_limits": [
    {
      "device": "0",
      "power.limit": "600.00 W",
      "power.max_limit": "600.00 W"
    }
  ],
  "started_monotonic_ns": 127212235104165,
  "ended_monotonic_ns": 127643261507244,
  "started_utc": "2026-09-22T02:12:07.228961+00:00",
  "ended_utc": "2026-09-22T02:19:18.255367+00:00",
  "elapsed_seconds": 431.026403079,
  "timing_scope": "collector-with-snapshots-and-sampler",
  "storage": null,
  "raw_log": {
    "path": "command.log",
    "bytes": 491,
    "sha256": "7488dd773d640a7c52bb680cb2b13bce17adbf83cc40eb4f19c6140f45d8b8de"
  },
  "failure_quote": null,
  "result": null,
  "gpu_telemetry": {
    "status": "captured-unvalidated",
    "interval_ms": 250,
    "command": [
      "/usr/bin/nvidia-smi",
      "--query-gpu=timestamp,index,pstate,clocks.sm,clocks.mem,power.draw,power.limit,power.max_limit,temperature.gpu,memory.used,utilization.gpu,pcie.link.gen.current,pcie.link.width.current",
      "--format=csv",
      "-lms",
      "250"
    ],
    "tier_counters": "not collected",
    "exit_code": 0,
    "raw_csv": {
      "path": "command.gpu.csv",
      "bytes": 187067,
      "sha256": "df0350af6910f4484671d67cae0adaaaf0d2f276fa2f3493277e454347c0b7d3"
    },
    "stderr": {
      "path": "command.sampler.log",
      "bytes": 0,
      "sha256": "e3b0c44298fc1c149afbf4c8996fb92427ae41e4649b934ca495991b7852b855"
    }
  },
  "compute_apps": {
    "before": {
      "exit_code": 0,
      "timed_out": false,
      "raw_log": {
        "path": "command.before.log",
        "bytes": 41,
        "sha256": "cae79969ce448872401f5d9bcd1d52bbefa1a5450cf3a5658f62f068ab59294b"
      }
    },
    "after": {
      "exit_code": 0,
      "timed_out": false,
      "raw_log": {
        "path": "command.after.log",
        "bytes": 41,
        "sha256": "cae79969ce448872401f5d9bcd1d52bbefa1a5450cf3a5658f62f068ab59294b"
      }
    }
  },
  "qualification": false,
  "lock_proof": {
    "path": "lock.json",
    "bytes": 180,
    "sha256": "ecfb2e89533c536cb8e9a07478e36938b8b03635b96a64333a8f2ef75f355c81"
  }
}
