
running 11 tests
owner-thread work while the copy stream's host function sleeps: 2.23 ms; the copy behind the host function still pending: true
test tier_transfer::tests::pinned_kind_arm_is_honoured_by_the_driver ... ok
test tier_transfer::tests::h2d_fill_host_function_does_not_hold_the_owner_thread ... ok
HOLD STEPS cell=h2d_span_filled_batch pinned-alloc@-40.34+4.31 device-alloc@-36.03+0.25 pinned-alloc@-35.77+1.46 device-alloc@-34.31+0.02 pinned-alloc@-34.29+1.15 device-alloc@-33.14+0.07 delay@0.00+149.06 pinned-alloc@149.07+308.43 device-alloc@457.50+0.05 pinned-alloc@457.55+205.53 device-alloc@663.09+7.15 pinned-alloc@670.24+1.18 device-alloc@671.42+0.01 submit@671.43+1.62

thread 'tier_transfer::tests::h2d_span_filled_batch_fills_on_the_copy_stream_before_its_copies' (443787) panicked at crates/memra-engine/src/tier_transfer.rs:4573:9:
the owner thread does not wait for the fill at the attach (524.00 ms; HOLD STEPS cell=h2d_span_filled_batch pinned-alloc@-40.34+4.31 device-alloc@-36.03+0.25 pinned-alloc@-35.77+1.46 device-alloc@-34.31+0.02 pinned-alloc@-34.29+1.15 device-alloc@-33.14+0.07 delay@0.00+149.06 pinned-alloc@149.07+308.43 device-alloc@457.50+0.05 pinned-alloc@457.55+205.53 device-alloc@663.09+7.15 pinned-alloc@670.24+1.18 device-alloc@671.42+0.01 submit@671.43+1.62)
note: run with `RUST_BACKTRACE=1` environment variable to display a backtrace
HOLD READING cell=d2h_span_batch first_item_seen_ms=677.92 polls=1 longest_poll_ms=0.01 longest_gap_ms=0.00 batch_landed_at_first_sight=true
HOLD STEPS cell=d2h_span_batch htod-pageable@-39.20+0.57 pinned-alloc@-38.63+1.75 htod-pageable@-36.88+0.83 pinned-alloc@-36.05+1.75 htod-pageable@-34.29+0.30 pinned-alloc@-33.99+1.15 delay@0.00+141.01 htod-pageable@141.02+306.09 pinned-alloc@447.12+1.03 htod-pageable@448.15+2.34 pinned-alloc@450.50+202.99 htod-pageable@653.49+3.05 pinned-alloc@656.54+3.58 submit@660.12+8.93 htod-pageable@669.06+3.19 pinned-alloc@672.25+0.89 htod-pageable@673.14+0.36 pinned-alloc@673.50+2.88 htod-pageable@676.39+0.33 pinned-alloc@676.72+1.19 submit-busy@677.91+0.00

thread 'tier_transfer::tests::d2h_span_batch_lands_with_its_ticket_on_the_copy_stream' (443782) panicked at crates/memra-engine/src/tier_transfer.rs:4139:9:
a batch with a running span has not landed (HOLD READING cell=d2h_span_batch first_item_seen_ms=677.92 polls=1 longest_poll_ms=0.01 longest_gap_ms=0.00 batch_landed_at_first_sight=true) (HOLD STEPS cell=d2h_span_batch htod-pageable@-39.20+0.57 pinned-alloc@-38.63+1.75 htod-pageable@-36.88+0.83 pinned-alloc@-36.05+1.75 htod-pageable@-34.29+0.30 pinned-alloc@-33.99+1.15 delay@0.00+141.01 htod-pageable@141.02+306.09 pinned-alloc@447.12+1.03 htod-pageable@448.15+2.34 pinned-alloc@450.50+202.99 htod-pageable@653.49+3.05 pinned-alloc@656.54+3.58 submit@660.12+8.93 htod-pageable@669.06+3.19 pinned-alloc@672.25+0.89 htod-pageable@673.14+0.36 pinned-alloc@673.50+2.88 htod-pageable@676.39+0.33 pinned-alloc@676.72+1.19 submit-busy@677.91+0.00)
test tier_transfer::tests::d2d_early_reader_fault_is_refused_by_the_receipt ... ok
test tier_transfer::tests::h2d_span_filled_batch_fills_on_the_copy_stream_before_its_copies ... FAILED
test tier_transfer::tests::h2d_deferred_checksum_lands_with_the_supplied_digests ... ok
test tier_transfer::tests::d2h_span_batch_lands_with_its_ticket_on_the_copy_stream ... FAILED
test tier_transfer::tests::d2d_capture_lands_on_the_copy_stream_and_publishes_only_after_its_event ... ok
HOLD READING cell=h2d_span_batch first_item_seen_ms=317.52 polls=1 longest_poll_ms=0.02 longest_gap_ms=0.00 batch_landed_at_first_sight=true
HOLD STEPS cell=h2d_span_batch pinned-alloc@-722.62+1.14 pinned-write@-721.47+0.24 device-alloc@-721.23+0.35 pinned-alloc@-720.88+2.25 pinned-write@-718.63+0.37 device-alloc@-718.25+6.87 pinned-alloc@-711.38+1.22 pinned-write@-710.16+0.36 device-alloc@-709.80+0.47 pinned-alloc@-19.30+4.59 pinned-write@-14.72+0.30 device-alloc@-14.41+0.21 pinned-alloc@-14.21+2.22 device-alloc@-11.99+4.68 pinned-alloc@-7.31+1.49 pinned-write@-5.82+0.36 device-alloc@-5.46+0.03 delay@0.00+0.01 pinned-alloc@0.01+1.09 pinned-write@1.10+0.32 device-alloc@1.42+1.33 pinned-alloc@2.75+1.37 pinned-write@4.13+0.50 device-alloc@4.63+1.33 pinned-alloc@5.95+2.34 pinned-write@8.29+0.37 device-alloc@8.67+292.14 submit@300.83+7.94 pinned-alloc@308.77+4.68 pinned-write@313.45+0.26 device-alloc@313.71+0.42 pinned-alloc@314.13+1.45 pinned-write@315.58+0.39 device-alloc@315.98+0.02 pinned-alloc@316.01+1.17 pinned-write@317.18+0.30 device-alloc@317.47+0.02 submit-busy@317.49+0.01

thread 'tier_transfer::tests::h2d_span_batch_lands_with_its_ticket_on_the_copy_stream' (443786) panicked at crates/memra-engine/src/tier_transfer.rs:4404:9:
a batch with a running span has not landed (HOLD READING cell=h2d_span_batch first_item_seen_ms=317.52 polls=1 longest_poll_ms=0.02 longest_gap_ms=0.00 batch_landed_at_first_sight=true) (HOLD STEPS cell=h2d_span_batch pinned-alloc@-722.62+1.14 pinned-write@-721.47+0.24 device-alloc@-721.23+0.35 pinned-alloc@-720.88+2.25 pinned-write@-718.63+0.37 device-alloc@-718.25+6.87 pinned-alloc@-711.38+1.22 pinned-write@-710.16+0.36 device-alloc@-709.80+0.47 pinned-alloc@-19.30+4.59 pinned-write@-14.72+0.30 device-alloc@-14.41+0.21 pinned-alloc@-14.21+2.22 device-alloc@-11.99+4.68 pinned-alloc@-7.31+1.49 pinned-write@-5.82+0.36 device-alloc@-5.46+0.03 delay@0.00+0.01 pinned-alloc@0.01+1.09 pinned-write@1.10+0.32 device-alloc@1.42+1.33 pinned-alloc@2.75+1.37 pinned-write@4.13+0.50 device-alloc@4.63+1.33 pinned-alloc@5.95+2.34 pinned-write@8.29+0.37 device-alloc@8.67+292.14 submit@300.83+7.94 pinned-alloc@308.77+4.68 pinned-write@313.45+0.26 device-alloc@313.71+0.42 pinned-alloc@314.13+1.45 pinned-write@315.58+0.39 device-alloc@315.98+0.02 pinned-alloc@316.01+1.17 pinned-write@317.18+0.30 device-alloc@317.47+0.02 submit-busy@317.49+0.01)
test tier_transfer::tests::h2d_span_batch_lands_with_its_ticket_on_the_copy_stream ... FAILED
D2D-RECEIPT PRICE order=copy-first bytes=165675008 n_per_arm=5 copy_ms=[0.395392, 0.40192, 0.398784, 0.400064, 0.400096] copy_median=0.400 digest_ms=[0.220224, 0.219552, 0.220448, 0.221056, 0.223296] digest_median=0.220 pair_median=0.441 pair_over_copy=1.10
D2D-RECEIPT PRICE order=digest-first bytes=165675008 n_per_arm=5 copy_ms=[0.37088, 0.398592, 0.399328, 0.399232, 0.399136] copy_median=0.399 digest_ms=[0.228576, 0.222368, 0.220928, 0.220608, 0.222464] digest_median=0.222 pair_median=0.445 pair_over_copy=1.11
test tier_transfer::tests::d2d_receipt_digest_matches_the_cpu_oracle ... ok
test tier_transfer::tests::d2d_restore_lands_on_the_copy_stream_and_is_ready_only_after_the_installed_wait ... ok
test tier_transfer::tests::d2d_receipt_digest_price_against_the_copy ... ok

failures:

failures:
    tier_transfer::tests::d2h_span_batch_lands_with_its_ticket_on_the_copy_stream
    tier_transfer::tests::h2d_span_batch_lands_with_its_ticket_on_the_copy_stream
    tier_transfer::tests::h2d_span_filled_batch_fills_on_the_copy_stream_before_its_copies

test result: FAILED. 8 passed; 3 failed; 0 ignored; 0 measured; 575 filtered out; finished in 1.39s

