build O b54b6d783 SERVER_EXIT=0 ENGINE_EXIT=0 
long-304 O rc=0 PASS: 304 PROGRAM_SHA256 fbce1a0492d69635 
rows tp_ep rc=0 PASS: replayed, then 8 B-row steps beside a peer while armed, then replayed again: bit-identical to  PASS: B-row graph steps bit-identical to solo steps across join, leave and row moves (5 captures, 28 PASS: sampled B-row graph draws equal the eager B-row draws (24 steps x 4 rows) 
rows wide16 rc=0 PASS: every row bit-identical to its solo step across join, leave and row moves PASS: replayed, then 8 B-row steps beside a peer while armed, then replayed again: bit-ide PASS: B-row graph steps bit-identical to solo steps across join, leave and row moves (5 ca PASS: sampled B-row graph draws equal the eager B-row draws (24 steps x 4 rows) PASS: 16-row-workspace eager B-row steps (widths 16, 8, 3) bit-identical to solo steps (24 PASS: 16-row-workspace graph B-row steps (widths 16, 8, 3) bit-identical to solo steps (24  | TIME rep=0 WIDE B=16 ms_per_step=48.241 tok_s=331.67 (first step captures) TIME rep=1 WIDE B=16 ms_per_step=48.102 tok_s=332.63 (first step captures) 
kv-split rc=0 PASS: 100 full-token replay steps on the split state bit-identical to replicated eager PASS: park, restore and 50 more steps bit-identical, split against replicated PASS: position-split C4 store bit-identical to the replicated program 
long t1 B rc=0 PROGRAM_SHA256 fbce1a0492d69635 replay_ms_per_token=9.980 replay_ms_per_token=9.907 replay_ms_per_token=9.885 
long t2 O rc=0 PROGRAM_SHA256 fbce1a0492d69635 replay_ms_per_token=10.019 replay_ms_per_token=9.939 replay_ms_per_token=9.848 
long t3 O rc=0 PROGRAM_SHA256 fbce1a0492d69635 replay_ms_per_token=9.984 replay_ms_per_token=9.897 replay_ms_per_token=9.899 
long t4 B rc=0 PROGRAM_SHA256 fbce1a0492d69635 replay_ms_per_token=9.999 replay_ms_per_token=9.927 replay_ms_per_token=9.890 
long t5 B rc=0 PROGRAM_SHA256 fbce1a0492d69635 replay_ms_per_token=10.027 replay_ms_per_token=10.012 replay_ms_per_token=9.910 
long t6 O rc=0 PROGRAM_SHA256 fbce1a0492d69635 replay_ms_per_token=10.012 replay_ms_per_token=9.944 replay_ms_per_token=9.900 
serve r1 B c24 rc=0 CELL greedy-c4 c=4 ok=8/8 agg=208.15 tok/s decode_p50=55.68 tok/s ttft_p50=361 ms tpot_p50=17.96 ms errs=[] CELL greedy-c8 c=8 ok=16/16 agg=288.24 tok/s decode_p50=39.99 tok/s ttft_p50=698 ms tpot_p50=25.00 ms errs=[] CELL greedy-c16 c=16 ok=16/16 agg=269.51 tok/s decode_p50=19.06 tok/s ttft_p50=1769 ms tpot_p50=52.48 ms errs=[] CELL greedy-c24 c=24 ok=24/24 agg=269.85 tok/s decode_p50=19.23 tok/s ttft_p50=2540 ms tpot_p50=52.01 ms errs=[] CELL sampled-c8 c=8 ok=16/16 agg=272.30 tok/s decode_p50=37.66 tok/s ttft_p50=728 ms tpot_p50=26.56 ms errs=[] 
serve r2 O c24 rc=0 CELL greedy-c4 c=4 ok=8/8 agg=209.25 tok/s decode_p50=56.59 tok/s ttft_p50=333 ms tpot_p50=17.67 ms errs=[] CELL greedy-c8 c=8 ok=16/16 agg=292.25 tok/s decode_p50=40.64 tok/s ttft_p50=703 ms tpot_p50=24.61 ms errs=[] CELL greedy-c16 c=16 ok=16/16 agg=266.38 tok/s decode_p50=18.77 tok/s ttft_p50=1770 ms tpot_p50=53.27 ms errs=[] CELL greedy-c24 c=24 ok=24/24 agg=276.77 tok/s decode_p50=19.18 tok/s ttft_p50=2509 ms tpot_p50=52.13 ms errs=[] CELL sampled-c8 c=8 ok=16/16 agg=275.25 tok/s decode_p50=37.94 tok/s ttft_p50=682 ms tpot_p50=26.36 ms errs=[] 
serve r3 O c24 rc=0 CELL greedy-c4 c=4 ok=8/8 agg=209.77 tok/s decode_p50=57.51 tok/s ttft_p50=397 ms tpot_p50=17.39 ms errs=[] CELL greedy-c8 c=8 ok=16/16 agg=292.70 tok/s decode_p50=40.43 tok/s ttft_p50=683 ms tpot_p50=24.73 ms errs=[] CELL greedy-c16 c=16 ok=16/16 agg=267.93 tok/s decode_p50=18.98 tok/s ttft_p50=1817 ms tpot_p50=52.70 ms errs=[] CELL greedy-c24 c=24 ok=24/24 agg=274.16 tok/s decode_p50=19.65 tok/s ttft_p50=2571 ms tpot_p50=50.89 ms errs=[] CELL sampled-c8 c=8 ok=16/16 agg=272.31 tok/s decode_p50=37.55 tok/s ttft_p50=671 ms tpot_p50=26.63 ms errs=[] 
serve r4 B c24 rc=0 CELL greedy-c4 c=4 ok=8/8 agg=209.08 tok/s decode_p50=55.72 tok/s ttft_p50=297 ms tpot_p50=17.95 ms errs=[] CELL greedy-c8 c=8 ok=16/16 agg=290.30 tok/s decode_p50=40.39 tok/s ttft_p50=696 ms tpot_p50=24.76 ms errs=[] CELL greedy-c16 c=16 ok=16/16 agg=262.92 tok/s decode_p50=18.55 tok/s ttft_p50=1808 ms tpot_p50=53.90 ms errs=[] CELL greedy-c24 c=24 ok=24/24 agg=267.92 tok/s decode_p50=19.15 tok/s ttft_p50=2637 ms tpot_p50=52.21 ms errs=[] CELL sampled-c8 c=8 ok=16/16 agg=271.54 tok/s decode_p50=37.15 tok/s ttft_p50=662 ms tpot_p50=26.91 ms errs=[] 
