2026-09-24T22:00:26Z waiting for /tmp/memra-gpu.lock (flock -w 3600)
2026-09-24T22:00:26Z lock acquired
research/spill-b-20260919/run-day26-cell.sh: line 45: ss: command not found
== shape
order=AB n=5 model_key=q38 ctx=unset lock=/tmp/memra-gpu.lock warm=deferred park_compact=unset serve_spec=default client=day33-client.py args=--chars 5000 --skip-long --burst 64 admit_by_memory=1 open_output_tokens=32768 timeout_ms_max=3600000 max_sessions=unset kv_host_mb=unset
== arm on32768
== boot door line (verbatim)
[admit-mem] door=ON open_output_tokens=32768 defer_budget_ms=8000 (admission charges prompt+output, the reclaim flush demotes to the host tier before dropping, and a memory defer past the budget refuses 429 instead of queueing past the client's deadline)
DAY31 V-BOOT boot=red-R64 arm=on32768 door_line=present -> PASS
== shadow budget line (verbatim)
[admit-predict] shadow armed: budget_bytes=65879781072 budget_src=derived(effective_free_bytes=84066136768 - prefix_cache_budget_bytes=15883042816 - admission_reserve_bytes=2303312880) exempt_tenants=0 enforce=false (logging only, nothing is rejected; enforcement is a separate flip)
== fatal lines
(none)
== sequential requests: tag | status | finish | P | G | cached | path | bpt | booked_ctx | alloc_bytes | used_bytes | cost_src | message_sha256[:16]
warmup | 200 | length | 132 | 32 | 0 | spec | 31552 | 228 | 5174528 | 5174528 | own | e3ff570e174dc5a6
i-L0-r0 | 200 | stop | 1481 | 591 | 0 | spec | 31552 | 34313 | 1080624448 | 65375744 | own | 5a728d372bae95f3
i-L0-r1 | 200 | stop | 1481 | 369 | 0 | spec | 31552 | 34313 | 1080624448 | 58371200 | own | 6dfb04ab0e235e6d
i-L0-r2 | 200 | stop | 1484 | 589 | 0 | spec | 31552 | 34316 | 1080719104 | 65407296 | own | f1868577f159e1ca
i-L0-r3 | 200 | stop | 1484 | 457 | 0 | spec | 31552 | 34316 | 1080719104 | 61242432 | own | 7673747b6735d3d1
i-L0-r4 | 200 | stop | 1483 | 545 | 0 | spec | 31552 | 34315 | 1080687552 | 63987456 | own | e1298a24fe803a16
ii-L0-r0 | 200 | length | 1715 | 96 | 0 | spec | 31552 | 1875 | 57140672 | 57140672 | own | dfbfea7917371386
ii-L0-r1 | 200 | length | 1714 | 96 | 0 | spec | 31552 | 1874 | 57109120 | 57109120 | own | 1b676d02e263d84a
ii-L0-r2 | 200 | length | 1713 | 96 | 0 | spec | 31552 | 1873 | 57077568 | 57077568 | own | 91e055491e5a49e3
ii-L0-r3 | 200 | length | 1713 | 96 | 0 | spec | 31552 | 1873 | 57077568 | 57077568 | inherited | 12d5f5a76850e4b2
ii-L0-r4 | 200 | length | 1710 | 96 | 0 | spec | 31552 | 1870 | 56982912 | 56982912 | own | 4b9495b25db8661a
iii-L0-r0 | 200 | stop | 1572 | 384 | 1440 | spec | 31552 | 34404 | 1083495680 | 61715712 | own | e6cae58d25ec5212
iii-L0-r1 | 200 | stop | 1565 | 239 | 1440 | spec | 31552 | 34397 | 1083274816 | 56919808 | own | 0f597aa12cc2f470
iii-L0-r2 | 200 | stop | 1595 | 227 | 1440 | spec | 31552 | 34427 | 1084221376 | 57487744 | own | 4f0cd8b7196f698e
iii-L0-r3 | 200 | stop | 1563 | 484 | 1440 | spec | 31552 | 34395 | 1083211712 | 64586944 | own | 3762af9db4e1a58e
iii-L0-r4 | 200 | stop | 1580 | 561 | 1440 | spec | 31552 | 34412 | 1083748096 | 67552832 | own | b0f54b1abf597164
== burst
window_ms=84424 B=64 status={429: 20, 200: 44} finish={'stop': 44} retry_after={'4': 20}
active_sessions_max=44.0 admission_booked_bytes_max=90010501152.0 samples=338 shadow_budget_bytes=65879781072 burst_cost_lines=81 burst_cost_total_mb_median=2045 arith_sessions=32
admit_mem_id_lines=92 by_verdict={'admit': 44, 'defer': 28, 'refuse': 20} reclaim_lines=0
[admit-mem] id=chatcmpl-dfe57af6a0b09316f8b0cdb92fb2e5cd model="q38" verdict=admit prompt=1374 output_bound=- charged_ctx=34206 est_bytes=4349260552 est_context=1015781376 est_fixed=3333479176 device_free=77731225656 pending_prime=0 pending_seed=0 host_free=0 demotable=3090759680 short_by=0 inflight=0 cap=64 waited_ms=0 retry_after_s=-
[admit-mem] id=chatcmpl-793c2d4d89dfedf6355a5f06b5f7cd96 model="q38" verdict=admit prompt=1371 output_bound=- charged_ctx=34203 est_bytes=4347733768 est_context=1015692288 est_fixed=3332041480 device_free=75977761636 pending_prime=14376960 pending_seed=0 host_free=0 demotable=3287564288 short_by=0 inflight=1 cap=64 waited_ms=0 retry_after_s=-
[admit-mem] id=chatcmpl-2401d6e7a6027cfc7d02995681199af0 model="q38" verdict=admit prompt=1374 output_bound=- charged_ctx=34206 est_bytes=4349260552 est_context=1015781376 est_fixed=3333479176 device_free=73736140880 pending_prime=671404032 pending_seed=199299072 host_free=0 demotable=3287564288 short_by=0 inflight=2 cap=64 waited_ms=0 retry_after_s=-
[admit-mem] id=chatcmpl-3e01b7be5cfad0ff16738cd9ef7673f7 model="q38" verdict=admit prompt=1373 output_bound=- charged_ctx=34205 est_bytes=4348751624 est_context=1015751680 est_fixed=3332999944 device_free=71492987772 pending_prime=1329868800 pending_seed=398598144 host_free=0 demotable=3287564288 short_by=0 inflight=3 cap=64 waited_ms=0 retry_after_s=-
[admit-mem] id=chatcmpl-325bda93571511e6e63b7a25aaf880e3 model="q38" verdict=admit prompt=1377 output_bound=- charged_ctx=34209 est_bytes=4350787336 est_context=1015870464 est_fixed=3334916872 device_free=69250345448 pending_prime=1987854336 pending_seed=597897216 host_free=0 demotable=3287564288 short_by=0 inflight=4 cap=64 waited_ms=0 retry_after_s=-
[admit-mem] id=chatcmpl-d612cc3b9483206997d9407cbcfd253d model="q38" verdict=admit prompt=1372 output_bound=- charged_ctx=34204 est_bytes=4348242696 est_context=1015721984 est_fixed=3332520712 device_free=67005659988 pending_prime=2647756800 pending_seed=797196288 host_free=0 demotable=3287564288 short_by=0 inflight=5 cap=64 waited_ms=0 retry_after_s=-
... 86 more [admit-mem] id= lines in server.log
== open-class G (this boot): n=10 min=227 p50=484 max=591 stop=10 length=0 other=0
